Archive member included to satisfy reference by file (symbol)

uspi/libuspi.a(uspilibrary.o)
                              src/main.o (USPiInitialize)
uspi/libuspi.a(dwhcidevice.o)
                              uspi/libuspi.a(uspilibrary.o) (DWHCIDevice)
uspi/libuspi.a(dwhciregister.o)
                              uspi/libuspi.a(dwhcidevice.o) (DWHCIRegister)
uspi/libuspi.a(dwhcixferstagedata.o)
                              uspi/libuspi.a(dwhcidevice.o) (DWHCITransferStageData)
uspi/libuspi.a(usbdevice.o)   uspi/libuspi.a(dwhcixferstagedata.o) (USBDeviceGetAddress)
uspi/libuspi.a(usbendpoint.o)
                              uspi/libuspi.a(usbdevice.o) (USBEndpoint)
uspi/libuspi.a(usbrequest.o)  uspi/libuspi.a(dwhcidevice.o) (USBRequest)
uspi/libuspi.a(devicenameservice.o)
                              uspi/libuspi.a(uspilibrary.o) (DeviceNameService)
uspi/libuspi.a(macaddress.o)  uspi/libuspi.a(uspilibrary.o) (MACAddressCopyTo)
uspi/libuspi.a(smsc951x.o)    uspi/libuspi.a(uspilibrary.o) (SMSC951xDeviceGetMACAddress)
uspi/libuspi.a(lan7800.o)     uspi/libuspi.a(uspilibrary.o) (LAN7800DeviceGetMACAddress)
uspi/libuspi.a(string.o)      uspi/libuspi.a(uspilibrary.o) (String)
uspi/libuspi.a(util.o)        uspi/libuspi.a(macaddress.o) (uspi_memset)
uspi/libuspi.a(usbmassdevice.o)
                              uspi/libuspi.a(uspilibrary.o) (USBBulkOnlyMassStorageDeviceSeek)
uspi/libuspi.a(dwhciframeschednper.o)
                              uspi/libuspi.a(dwhcixferstagedata.o) (DWHCIFrameSchedulerNonPeriodic)
uspi/libuspi.a(dwhciframeschedper.o)
                              uspi/libuspi.a(dwhcixferstagedata.o) (DWHCIFrameSchedulerPeriodic)
uspi/libuspi.a(usbkeyboard.o)
                              uspi/libuspi.a(uspilibrary.o) (USBKeyboardDeviceRegisterKeyPressedHandler)
uspi/libuspi.a(dwhcirootport.o)
                              uspi/libuspi.a(dwhcidevice.o) (DWHCIRootPort)
uspi/libuspi.a(usbmouse.o)    uspi/libuspi.a(uspilibrary.o) (USBMouseDeviceRegisterStatusHandler)
uspi/libuspi.a(dwhciframeschednsplit.o)
                              uspi/libuspi.a(dwhcixferstagedata.o) (DWHCIFrameSchedulerNoSplit)
uspi/libuspi.a(usbgamepad.o)  uspi/libuspi.a(uspilibrary.o) (USBGamePadDeviceRegisterStatusHandler)
uspi/libuspi.a(synchronize.o)
                              uspi/libuspi.a(dwhcidevice.o) (uspi_EnterCritical)
uspi/libuspi.a(usbstring.o)   uspi/libuspi.a(usbdevice.o) (USBString)
uspi/libuspi.a(usbmidi.o)     uspi/libuspi.a(uspilibrary.o) (USBMIDIDeviceRegisterPacketHandler)
uspi/libuspi.a(usbconfigparser.o)
                              uspi/libuspi.a(usbdevice.o) (USBConfigurationParser)
uspi/libuspi.a(usbdevicefactory.o)
                              uspi/libuspi.a(dwhcirootport.o) (USBDeviceFactoryGetDevice)
uspi/libuspi.a(usbstandardhub.o)
                              uspi/libuspi.a(usbdevicefactory.o) (USBStandardHub)
uspi/libuspi.a(keymap.o)      uspi/libuspi.a(usbkeyboard.o) (KeyMap)
i:/development/arm/gnu tools arm embedded/5.4 2016q2/bin/../lib/gcc/arm-none-eabi/5.4.1/fpu\libgcc.a(_aeabi_uldivmod.o)
                              src/ff.o (__aeabi_uldivmod)
i:/development/arm/gnu tools arm embedded/5.4 2016q2/bin/../lib/gcc/arm-none-eabi/5.4.1/fpu\libgcc.a(_udivmoddi4.o)
                              i:/development/arm/gnu tools arm embedded/5.4 2016q2/bin/../lib/gcc/arm-none-eabi/5.4.1/fpu\libgcc.a(_aeabi_uldivmod.o) (__udivmoddi4)
i:/development/arm/gnu tools arm embedded/5.4 2016q2/bin/../lib/gcc/arm-none-eabi/5.4.1/fpu\libgcc.a(_dvmd_tls.o)
                              i:/development/arm/gnu tools arm embedded/5.4 2016q2/bin/../lib/gcc/arm-none-eabi/5.4.1/fpu\libgcc.a(_aeabi_uldivmod.o) (__aeabi_ldiv0)
i:/development/arm/gnu tools arm embedded/5.4 2016q2/bin/../lib/gcc/arm-none-eabi/5.4.1/fpu\libgcc.a(_clzdi2.o)
                              i:/development/arm/gnu tools arm embedded/5.4 2016q2/bin/../lib/gcc/arm-none-eabi/5.4.1/fpu\libgcc.a(_udivmoddi4.o) (__clzdi2)
i:/development/arm/gnu tools arm embedded/5.4 2016q2/bin/../lib/gcc/arm-none-eabi/5.4.1/fpu\libgcc.a(_clzsi2.o)
                              i:/development/arm/gnu tools arm embedded/5.4 2016q2/bin/../lib/gcc/arm-none-eabi/5.4.1/fpu\libgcc.a(_clzdi2.o) (__clzsi2)
i:/development/arm/gnu tools arm embedded/5.4 2016q2/bin/../lib/gcc/arm-none-eabi/5.4.1/../../../../arm-none-eabi/lib/fpu\libc.a(lib_a-abs.o)
                              src/vga.o (abs)
i:/development/arm/gnu tools arm embedded/5.4 2016q2/bin/../lib/gcc/arm-none-eabi/5.4.1/../../../../arm-none-eabi/lib/fpu\libc.a(lib_a-aeabi_atexit.o)
                              src/main.o (__aeabi_atexit)
i:/development/arm/gnu tools arm embedded/5.4 2016q2/bin/../lib/gcc/arm-none-eabi/5.4.1/../../../../arm-none-eabi/lib/fpu\libc.a(lib_a-cxa_atexit.o)
                              i:/development/arm/gnu tools arm embedded/5.4 2016q2/bin/../lib/gcc/arm-none-eabi/5.4.1/../../../../arm-none-eabi/lib/fpu\libc.a(lib_a-aeabi_atexit.o) (__cxa_atexit)
[...]
Memory Configuration

Name             Origin             Length             Attributes
*default*        0x00000000         0xffffffff

Linker script and memory map

LOAD i:/development/arm/gnu tools arm embedded/5.4 2016q2/bin/../lib/gcc/arm-none-eabi/5.4.1/../../../../arm-none-eabi/lib/fpu\libm.a
LOAD i:/development/arm/gnu tools arm embedded/5.4 2016q2/bin/../lib/gcc/arm-none-eabi/5.4.1/../../../../arm-none-eabi/lib/fpu\libm.a
LOAD src/armc-start.o
LOAD src/armc-cstartup.o
LOAD src/armc-cstubs.o
LOAD src/armc-cppstubs.o
LOAD src/exception.o
LOAD src/main.o
LOAD src/rpi-aux.o
LOAD src/rpi-i2c.o
LOAD src/rpi-mailbox-interface.o
LOAD src/rpi-mailbox.o
LOAD src/rpi-gpio.o
LOAD src/rpi-interrupts.o
LOAD src/cache.o
LOAD src/ff.o
LOAD src/interrupt.o
LOAD src/Keyboard.o
LOAD src/emmc.o
LOAD src/diskio.o
LOAD src/vga.o
LOAD src/terminal.o
LOAD src/timer.o
LOAD src/font_data.o
LOAD src/basic.o
LOAD src/linkedlist.o
LOAD uspi/libuspi.a
START GROUP
LOAD i:/development/arm/gnu tools arm embedded/5.4 2016q2/bin/../lib/gcc/arm-none-eabi/5.4.1/fpu\libgcc.a
LOAD i:/development/arm/gnu tools arm embedded/5.4 2016q2/bin/../lib/gcc/arm-none-eabi/5.4.1/../../../../arm-none-eabi/lib/fpu\libc.a
END GROUP
                [!provide]                PROVIDE (__executable_start, 0x1f00000)
                0x01f00000                . = 0x1f00000

.interp
 *(.interp)

.note.gnu.build-id
 *(.note.gnu.build-id)

.hash
 *(.hash)

.gnu.hash
 *(.gnu.hash)

.dynsym
 *(.dynsym)

.dynstr
 *(.dynstr)

.gnu.version
 *(.gnu.version)

.gnu.version_d
 *(.gnu.version_d)

.gnu.version_r
 *(.gnu.version_r)

.rel.init
 *(.rel.init)

.rela.init
 *(.rela.init)

.rel.text
 *(.rel.text .rel.text.* .rel.gnu.linkonce.t.*)

.rela.text
 *(.rela.text .rela.text.* .rela.gnu.linkonce.t.*)

.rel.fini
 *(.rel.fini)

.rela.fini
 *(.rela.fini)

.rel.rodata
 *(.rel.rodata .rel.rodata.* .rel.gnu.linkonce.r.*)

.rela.rodata
 *(.rela.rodata .rela.rodata.* .rela.gnu.linkonce.r.*)

.rel.data.rel.ro
 *(.rel.data.rel.ro* .rel.gnu.linkonce.d.rel.ro.*)

.rela.data.rel.ro
 *(.rela.data.rel.ro* .rela.gnu.linkonce.d.rel.ro.*)

.rel.data
 *(.rel.data .rel.data.* .rel.gnu.linkonce.d.*)

.rela.data
 *(.rela.data .rela.data.* .rela.gnu.linkonce.d.*)

.rel.tdata
 *(.rel.tdata .rel.tdata.* .rel.gnu.linkonce.td.*)

.rela.tdata
 *(.rela.tdata .rela.tdata.* .rela.gnu.linkonce.td.*)

.rel.tbss
 *(.rel.tbss .rel.tbss.* .rel.gnu.linkonce.tb.*)

.rela.tbss
 *(.rela.tbss .rela.tbss.* .rela.gnu.linkonce.tb.*)

.rel.ctors
 *(.rel.ctors)

.rela.ctors
 *(.rela.ctors)

.rel.dtors
 *(.rel.dtors)

.rela.dtors
 *(.rela.dtors)

.rel.got
 *(.rel.got)

.rela.got
 *(.rela.got)

.rel.bss
 *(.rel.bss .rel.bss.* .rel.gnu.linkonce.b.*)

.rela.bss
 *(.rela.bss .rela.bss.* .rela.gnu.linkonce.b.*)

.rel.iplt       0x01f00000        0x0
                [!provide]                PROVIDE (__rel_iplt_start, .)
 *(.rel.iplt)
 .rel.iplt      0x01f00000        0x0 src/armc-start.o
                [!provide]                PROVIDE (__rel_iplt_end, .)

.rela.iplt      0x01f00000        0x0
                [!provide]                PROVIDE (__rela_iplt_start, .)
 *(.rela.iplt)
                [!provide]                PROVIDE (__rela_iplt_end, .)

.rel.plt
 *(.rel.plt)

.rela.plt
 *(.rela.plt)

.init
 *(.init)

.plt
 *(.plt)

.iplt           0x01f00000        0x0
 *(.iplt)
 .iplt          0x01f00000        0x0 src/armc-start.o

.text           0x01f00000    0x341f0
 *(.text.startup .text.startup.*)
 .text.startup  0x01f00000       0x40 src/armc-start.o
                0x01f00000                _start
 .text.startup  0x01f00040       0x30 src/main.o
 *(.text.unlikely .text.*_unlikely)
 .text.unlikely
                0x01f00070      0x14c src/ff.o
 *(.text.exit .text.exit.*)
 *(.text.hot .text.hot.*)
 *(.text .stub .text.* .gnu.linkonce.t.*)
 .text          0x01f001bc        0x0 src/armc-start.o
 .text._reset_  0x01f001bc       0xc0 src/armc-start.o
 .text._get_stack_pointer
                0x01f0027c        0x8 src/armc-start.o
                0x01f0027c                _get_stack_pointer
 .text._get_cpsr
                0x01f00284        0x8 src/armc-start.o
                0x01f00284                _get_cpsr
 .text._enable_interrupts
                0x01f0028c       0x10 src/armc-start.o
                0x01f0028c                _enable_interrupts
 .text._disable_interrupts
                0x01f0029c       0x10 src/armc-start.o
                0x01f0029c                _disable_interrupts
 .text._undefined_instruction_handler_
                0x01f002ac       0x14 src/armc-start.o
 .text._prefetch_abort_handler_
                0x01f002c0       0x14 src/armc-start.o
 .text._data_abort_handler_
                0x01f002d4       0x14 src/armc-start.o
 .text._swi_handler_
                0x01f002e8       0x14 src/armc-start.o
 .text._enable_unaligned_access
                0x01f002fc       0x14 src/armc-start.o
                0x01f002fc                _enable_unaligned_access
 .text._enable_l1_cache
                0x01f00310       0x18 src/armc-start.o
                0x01f00310                _enable_l1_cache
 .text._invalidate_icache
                0x01f00328        0xc src/armc-start.o
                0x01f00328                _invalidate_icache
 .text._invalidate_dcache
                0x01f00334        0xc src/armc-start.o
                0x01f00334                _invalidate_dcache
 .text._clean_invalidate_dcache
                0x01f00340        0xc src/armc-start.o
                0x01f00340                _clean_invalidate_dcache
 .text._invalidate_dcache_mva
                0x01f0034c        0x8 src/armc-start.o
                0x01f0034c                _invalidate_dcache_mva
 .text._clean_invalidate_dcache_mva
                0x01f00354        0x8 src/armc-start.o
                0x01f00354                _clean_invalidate_dcache_mva
 .text._invalidate_dtlb
                0x01f0035c        0xc src/armc-start.o
                0x01f0035c                _invalidate_dtlb
 .text._invalidate_dtlb_mva
                0x01f00368        0x8 src/armc-start.o
                0x01f00368                _invalidate_dtlb_mva
 .text._data_memory_barrier
                0x01f00370       0xb0 src/armc-start.o
                0x01f00370                _data_memory_barrier
                0x01f00378                _init_core
                0x01f00408                _spin_core
                0x01f00410                _get_core
 .text._toggle_test_pin
                0x01f00420       0x28 src/armc-start.o
                0x01f00420                _toggle_test_pin
 .text          0x01f00448        0x0 src/armc-cstartup.o
 .text._init    0x01f00448        0x4 src/armc-cstartup.o
                0x01f00448                _init
 .text._cstartup
                0x01f0044c      0x174 src/armc-cstartup.o
                0x01f0044c                _cstartup
 .text          0x01f005c0        0x0 src/armc-cstubs.o
 .text._exit    0x01f005c0        0x4 src/armc-cstubs.o
                0x01f005c0                _exit
 .text._fini    0x01f005c4        0x4 src/armc-cstubs.o
                0x01f005c4                _fini
 .text._close   0x01f005c8        0x8 src/armc-cstubs.o
                0x01f005c8                _close
 .text.execve   0x01f005d0       0x18 src/armc-cstubs.o
                0x01f005d0                execve
 .text.fork     0x01f005e8       0x18 src/armc-cstubs.o
                0x01f005e8                fork
 .text._fstat   0x01f00600       0x10 src/armc-cstubs.o
                0x01f00600                _fstat
 .text.getpid   0x01f00610        0x8 src/armc-cstubs.o
                0x01f00610                getpid
 .text._getpid  0x01f00618        0x8 src/armc-cstubs.o
                0x01f00618                _getpid
 .text._isatty  0x01f00620        0x8 src/armc-cstubs.o
                0x01f00620                _isatty
 .text.kill     0x01f00628       0x18 src/armc-cstubs.o
                0x01f00628                kill
 .text._kill    0x01f00640       0x18 src/armc-cstubs.o
                0x01f00640                _kill
 .text.link     0x01f00658       0x18 src/armc-cstubs.o
                0x01f00658                link
 .text._lseek   0x01f00670        0x8 src/armc-cstubs.o
                0x01f00670                _lseek
 .text.open     0x01f00678        0x8 src/armc-cstubs.o
                0x01f00678                open
 .text._read    0x01f00680        0x8 src/armc-cstubs.o
                0x01f00680                _read
 .text._sbrk    0x01f00688       0x2c src/armc-cstubs.o
                0x01f00688                _sbrk
 .text.stat     0x01f006b4       0x10 src/armc-cstubs.o
                0x01f006b4                stat
 .text.times    0x01f006c4        0x8 src/armc-cstubs.o
                0x01f006c4                times
 .text.unlink   0x01f006cc       0x18 src/armc-cstubs.o
                0x01f006cc                unlink
 .text.wait     0x01f006e4       0x18 src/armc-cstubs.o
                0x01f006e4                wait
 .text.outbyte  0x01f006fc        0x4 src/armc-cstubs.o
                0x01f006fc                outbyte
 .text._write   0x01f00700       0x2c src/armc-cstubs.o
                0x01f00700                _write
 .text          0x01f0072c       0x10 src/armc-cppstubs.o
                0x01f0072c                operator new(unsigned int)
                0x01f00730                operator delete(void*)
                0x01f00734                std::__throw_bad_alloc()
                0x01f00738                std::__throw_length_error(char const*)
 .text          0x01f0073c        0x0 src/exception.o
 .text.reboot_now
                0x01f0073c       0x24 src/exception.o
                0x01f0073c                reboot_now
 .text.dump_digit
                0x01f00760       0x14 src/exception.o
                0x01f00760                dump_digit
 .text.dump_hex
                0x01f00774       0x30 src/exception.o
                0x01f00774                dump_hex
 .text.dump_binary
                0x01f007a4       0x28 src/exception.o
                0x01f007a4                dump_binary
 .text.dump_string
                0x01f007cc       0x28 src/exception.o
                0x01f007cc                dump_string
 .text.dump_info
                0x01f007f4      0x464 src/exception.o
                0x01f007f4                dump_info
 .text.undefined_instruction_handler
                0x01f00c58       0x10 src/exception.o
                0x01f00c58                undefined_instruction_handler
 .text.prefetch_abort_handler
                0x01f00c68       0x10 src/exception.o
                0x01f00c68                prefetch_abort_handler
 .text.data_abort_handler
                0x01f00c78       0x10 src/exception.o
                0x01f00c78                data_abort_handler
 .text.swi_handler
                0x01f00c88       0x10 src/exception.o
                0x01f00c88                swi_handler
 .text          0x01f00c98      0x30c src/main.o
                0x01f00c98                LogWrite
                0x01f00cc8                GetMACAddress
                0x01f00d38                SetPowerStateOn
                0x01f00d8c                usDelay
                0x01f00dc0                MsDelay
                0x01f00dfc                StartKernelTimer
                0x01f00e00                CancelKernelTimer
                0x01f00e04                ConnectInterrupt
                0x01f00e08                get_fattime
                0x01f00e10                InitializeHardware()
                0x01f00e84                core0
                0x01f00ea4                kernel_main
                0x01f00f90                core1
                0x01f00f94                run_core
 .text          0x01f00fa4        0x0 src/rpi-aux.o
 .text.RPI_GetAux
                0x01f00fa4        0xc src/rpi-aux.o
                0x01f00fa4                RPI_GetAux
 .text.RPI_AuxMiniUartInit
                0x01f00fb0      0x17c src/rpi-aux.o
                0x01f00fb0                RPI_AuxMiniUartInit
 .text.RPI_AuxMiniUartWrite
                0x01f0112c       0x24 src/rpi-aux.o
                0x01f0112c                RPI_AuxMiniUartWrite
 .text.RPI_EnableUart
                0x01f01150       0x24 src/rpi-aux.o
                0x01f01150                RPI_EnableUart
 .text          0x01f01174        0x0 src/rpi-i2c.o
 .text.RPI_I2CSetClock
                0x01f01174       0x88 src/rpi-i2c.o
                0x01f01174                RPI_I2CSetClock
 .text.RPI_I2CInit
                0x01f011fc       0xd4 src/rpi-i2c.o
                0x01f011fc                RPI_I2CInit
 .text.RPI_I2CRead
                0x01f012d0      0x144 src/rpi-i2c.o
                0x01f012d0                RPI_I2CRead
 .text.RPI_I2CWrite
                0x01f01414      0x150 src/rpi-i2c.o
                0x01f01414                RPI_I2CWrite
 .text.RPI_I2CScan
                0x01f01564       0xb4 src/rpi-i2c.o
                0x01f01564                RPI_I2CScan
 .text          0x01f01618        0x0 src/rpi-mailbox-interface.o
 .text.RPI_PropertyInit
                0x01f01618       0x30 src/rpi-mailbox-interface.o
                0x01f01618                RPI_PropertyInit
 .text.RPI_PropertyAddTag
                0x01f01648      0x678 src/rpi-mailbox-interface.o
                0x01f01648                RPI_PropertyAddTag
 .text.RPI_PropertyProcess
                0x01f01cc0       0x44 src/rpi-mailbox-interface.o
                0x01f01cc0                RPI_PropertyProcess
 .text.RPI_PropertyProcessNoCheck
                0x01f01d04       0x34 src/rpi-mailbox-interface.o
                0x01f01d04                RPI_PropertyProcessNoCheck
 .text.RPI_PropertyGet
                0x01f01d38       0x94 src/rpi-mailbox-interface.o
                0x01f01d38                RPI_PropertyGet
 .text          0x01f01dcc        0x0 src/rpi-mailbox.o
 .text.RPI_Mailbox0Write
                0x01f01dcc       0x2c src/rpi-mailbox.o
                0x01f01dcc                RPI_Mailbox0Write
 .text.RPI_Mailbox0Read
                0x01f01df8       0x40 src/rpi-mailbox.o
                0x01f01df8                RPI_Mailbox0Read
 .text.RPI_Mailbox0Flush
                0x01f01e38       0x34 src/rpi-mailbox.o
                0x01f01e38                RPI_Mailbox0Flush
 .text          0x01f01e6c        0x0 src/rpi-gpio.o
 .text.RPI_SetGpioPinFunction
                0x01f01e6c       0x70 src/rpi-gpio.o
                0x01f01e6c                RPI_SetGpioPinFunction
 .text.RPI_SetGpioOutput
                0x01f01edc       0x74 src/rpi-gpio.o
                0x01f01edc                RPI_SetGpioOutput
 .text.RPI_SetGpioInput
                0x01f01f50       0x6c src/rpi-gpio.o
                0x01f01f50                RPI_SetGpioInput
 .text.RPI_GetGpioValue
                0x01f01fbc       0x70 src/rpi-gpio.o
                0x01f01fbc                RPI_GetGpioValue
 .text.RPI_ToggleGpio
                0x01f0202c       0xb8 src/rpi-gpio.o
                0x01f0202c                RPI_ToggleGpio
 .text.RPI_SetGpioHi
                0x01f020e4       0x4c src/rpi-gpio.o
                0x01f020e4                RPI_SetGpioHi
 .text.RPI_SetGpioLo
                0x01f02130       0x4c src/rpi-gpio.o
                0x01f02130                RPI_SetGpioLo
 .text.RPI_SetGpioValue
                0x01f0217c       0xb0 src/rpi-gpio.o
                0x01f0217c                RPI_SetGpioValue
 .text.EnableGpioDetect
                0x01f0222c      0x1d8 src/rpi-gpio.o
                0x01f0222c                EnableGpioDetect
 .text.DisableGpioDetect
                0x01f02404      0x1dc src/rpi-gpio.o
                0x01f02404                DisableGpioDetect
 .text.ClearGpioEvent
                0x01f025e0       0x30 src/rpi-gpio.o
                0x01f025e0                ClearGpioEvent
 .text.SetACTLed
                0x01f02610       0x78 src/rpi-gpio.o
                0x01f02610                SetACTLed
 .text.RPI_TouchInit
                0x01f02688       0x44 src/rpi-gpio.o
                0x01f02688                RPI_TouchInit
 .text.RPI_UpdateTouch
                0x01f026cc       0x18 src/rpi-gpio.o
                0x01f026cc                RPI_UpdateTouch
 .text.RPI_GpioVirtGetAddress
                0x01f026e4       0x10 src/rpi-gpio.o
                0x01f026e4                RPI_GpioVirtGetAddress
 .text.RPI_GpioVirtInit
                0x01f026f4       0x44 src/rpi-gpio.o
                0x01f026f4                RPI_GpioVirtInit
 .text.RPI_GpioVirtSetLed
                0x01f02738       0x78 src/rpi-gpio.o
                0x01f02738                RPI_GpioVirtSetLed
 .text          0x01f027b0        0x0 src/rpi-interrupts.o
 .text.RPI_GetIrqController
                0x01f027b0        0xc src/rpi-interrupts.o
                0x01f027b0                RPI_GetIrqController
 .text          0x01f027bc        0x0 src/cache.o
 .text.InvalidateDataCache
                0x01f027bc       0xc8 src/cache.o
                0x01f027bc                InvalidateDataCache
 .text.CleanDataCache
                0x01f02884       0xc8 src/cache.o
                0x01f02884                CleanDataCache
 .text.map_4k_page
                0x01f0294c       0x2c src/cache.o
                0x01f0294c                map_4k_page
 .text.enable_MMU_and_IDCaches
                0x01f02978      0x1fc src/cache.o
                0x01f02978                enable_MMU_and_IDCaches
 .text          0x01f02b74     0xf434 src/ff.o
                0x01f0a808                f_mount
                0x01f0a8d4                f_open
                0x01f0b148                f_read
                0x01f0bb24                f_write
                0x01f0c514                f_sync
                0x01f0c968                f_close
                0x01f0cdfc                f_chdir
                0x01f0cf24                f_getcwd
                0x01f0d2ec                f_lseek
                0x01f0d6b4                f_opendir
                0x01f0d880                f_closedir
                0x01f0d8d8                f_readdir
                0x01f0da54                f_findnext
                0x01f0dbdc                f_findfirst
                0x01f0dda4                f_stat
                0x01f0de1c                f_getfree
                0x01f0e1b4                f_truncate
                0x01f0e334                f_unlink
                0x01f0e540                f_mkdir
                0x01f0f204                f_rename
                0x01f0f624                f_chmod
                0x01f0f6f0                f_utime
                0x01f0f7e0                f_gets
                0x01f0f9dc                f_putc
                0x01f10390                f_puts
                0x01f10e68                f_printf
                0x01f11fa0                ff_convert
                0x01f11fa4                ff_wtoupper
 .text          0x01f11fa8        0x0 src/interrupt.o
 .text.InterruptSystemInitialize
                0x01f11fa8       0x4c src/interrupt.o
                0x01f11fa8                InterruptSystemInitialize
 .text.InterruptSystemConnectIRQ
                0x01f11ff4       0x5c src/interrupt.o
                0x01f11ff4                InterruptSystemConnectIRQ
 .text.InterruptSystemDisconnectIRQ
                0x01f12050       0x60 src/interrupt.o
                0x01f12050                InterruptSystemDisconnectIRQ
 .text.InterruptSystemEnableIRQ
                0x01f120b0       0x44 src/interrupt.o
                0x01f120b0                InterruptSystemEnableIRQ
 .text.InterruptSystemDisableIRQ
                0x01f120f4       0x44 src/interrupt.o
                0x01f120f4                InterruptSystemDisableIRQ
 .text.InterruptHandler
                0x01f12138      0x160 src/interrupt.o
                0x01f12138                InterruptHandler
 .text          0x01f12298      0x838 src/Keyboard.o
                0x01f12298                Keyboard::USBKeyboardDeviceTimerHandler(unsigned int, void*, void*)
                0x01f12420                Keyboard::KeyPressedHandlerRaw(TUSBKeyboardDevice*, unsigned char, unsigned char const*)
                0x01f127b8                Keyboard::Keyboard()
                0x01f127b8                Keyboard::Keyboard()
                0x01f12840                Keyboard::GetChar()
 .text._ZN9SingletonI8KeyboardED2Ev
                0x01f12ad0        0x4 src/Keyboard.o
                0x01f12ad0                Singleton<Keyboard>::~Singleton()
                0x01f12ad0                Singleton<Keyboard>::~Singleton()
 .text._ZN8KeyboardD2Ev
                0x01f12ad4        0x4 src/Keyboard.o
                0x01f12ad4                Keyboard::~Keyboard()
                0x01f12ad4                Keyboard::~Keyboard()
 .text._ZN8KeyboardD0Ev
                0x01f12ad8       0x14 src/Keyboard.o
                0x01f12ad8                Keyboard::~Keyboard()
 .text._ZN9SingletonI8KeyboardED0Ev
                0x01f12aec       0x14 src/Keyboard.o
                0x01f12aec                Singleton<Keyboard>::~Singleton()
 .text          0x01f12b00     0x1aec src/emmc.o
                0x01f12b00                CEMMCDevice::CEMMCDevice()
                0x01f12b00                CEMMCDevice::CEMMCDevice()
                0x01f12b14                CEMMCDevice::~CEMMCDevice()
                0x01f12b14                CEMMCDevice::~CEMMCDevice()
                0x01f12b18                CEMMCDevice::Seek(unsigned long long)
                0x01f12b28                CEMMCDevice::PowerOn()
                0x01f12b70                CEMMCDevice::PowerOff()
                0x01f12b88                CEMMCDevice::GetClockDivider(unsigned int, unsigned int)
                0x01f12c2c                CEMMCDevice::SwitchClockRate(unsigned int, unsigned int)
                0x01f12dc4                CEMMCDevice::ResetCmd()
                0x01f12e3c                CEMMCDevice::ResetDat()
                0x01f12eb4                CEMMCDevice::IssueCommandInt(unsigned int, unsigned int, int)
                0x01f131ac                CEMMCDevice::HandleCardInterrupt()
                0x01f131d0                CEMMCDevice::HandleInterrupts()
                0x01f13420                CEMMCDevice::IssueCommand(unsigned int, unsigned int, int)
                0x01f134fc                CEMMCDevice::CardReset()
                0x01f13e08                CEMMCDevice::Initialize()
                0x01f13e70                CEMMCDevice::EnsureDataMode()
                0x01f1408c                CEMMCDevice::Read(void*, unsigned int)
                0x01f141ac                CEMMCDevice::Write(void const*, unsigned int)
                0x01f142cc                CEMMCDevice::DoDataCommand(int, unsigned char*, unsigned int, unsigned int)
                0x01f143a8                CEMMCDevice::DoRead(unsigned char*, unsigned int, unsigned int)
                0x01f14484                CEMMCDevice::DoWrite(unsigned char*, unsigned int, unsigned int)
                0x01f14560                CEMMCDevice::TimeoutWait(unsigned int, unsigned int, int, unsigned int)
 .text          0x01f145ec      0x158 src/diskio.o
                0x01f145ec                disk_setEMM
                0x01f145fc                sd_card_init(block_device**)
                0x01f14604                sd_read(unsigned char*, unsigned int, unsigned long)
                0x01f14620                sd_write(unsigned char*, unsigned int, unsigned long)
                0x01f1463c                disk_status
                0x01f14644                disk_initialize
                0x01f1464c                disk_read
                0x01f146c4                disk_write
                0x01f1473c                disk_ioctl
 .text          0x01f14744        0x0 src/vga.o
 .text.vga_plotpixel32
                0x01f14744       0x20 src/vga.o
                0x01f14744                vga_plotpixel32
 .text.vga_plotpixel24
                0x01f14764       0x44 src/vga.o
                0x01f14764                vga_plotpixel24
 .text.vga_plotpixel16
                0x01f147a8       0x3c src/vga.o
                0x01f147a8                vga_plotpixel16
 .text.vga_plotpixel8
                0x01f147e4       0x20 src/vga.o
                0x01f147e4                vga_plotpixel8
 .text.vga_init
                0x01f14804      0x1d8 src/vga.o
                0x01f14804                vga_init
 .text.vga_release
                0x01f149dc       0x30 src/vga.o
                0x01f149dc                vga_release
 .text.vga_setforecolor
                0x01f14a0c       0x10 src/vga.o
                0x01f14a0c                vga_setforecolor
 .text.vga_setbackcolor
                0x01f14a1c       0x10 src/vga.o
                0x01f14a1c                vga_setbackcolor
 .text.vga_cursor_on
                0x01f14a2c        0x4 src/vga.o
                0x01f14a2c                vga_cursor_on
 .text.vga_cursor_off
                0x01f14a30        0x4 src/vga.o
                0x01f14a30                vga_cursor_off
 .text.vga_plotpixel
                0x01f14a34       0x68 src/vga.o
                0x01f14a34                vga_plotpixel
 .text.vga_clear
                0x01f14a9c       0xb8 src/vga.o
                0x01f14a9c                vga_clear
 .text.vga_swapcolors
                0x01f14b54       0x24 src/vga.o
                0x01f14b54                vga_swapcolors
 .text.vga_cleararea
                0x01f14b78       0xc4 src/vga.o
                0x01f14b78                vga_cleararea
 .text.vga_scroll
                0x01f14c3c      0x148 src/vga.o
                0x01f14c3c                vga_scroll
 .text.vga_drawchar
                0x01f14d84      0x398 src/vga.o
                0x01f14d84                vga_drawchar
 .text.vga_drawtext
                0x01f1511c      0x47c src/vga.o
                0x01f1511c                vga_drawtext
 .text.vga_drawcursor
                0x01f15598       0xb8 src/vga.o
                0x01f15598                vga_drawcursor
 .text.vga_erasecursor
                0x01f15650       0xc8 src/vga.o
                0x01f15650                vga_erasecursor
 .text.vga_drawline
                0x01f15718       0xdc src/vga.o
                0x01f15718                vga_drawline
 .text.vga_drawlinev
                0x01f157f4       0x5c src/vga.o
                0x01f157f4                vga_drawlinev
 .text.vga_drawrect
                0x01f15850      0x2e0 src/vga.o
                0x01f15850                vga_drawrect
 .text.vga_drawcircle
                0x01f15b30      0x390 src/vga.o
                0x01f15b30                vga_drawcircle
 .text.vga_cliprect
                0x01f15ec0        0x4 src/vga.o
                0x01f15ec0                vga_cliprect
 .text          0x01f15ec4     0x1204 src/terminal.o
                0x01f15ec4                term_cursorblink_handler
                0x01f15f94                term_init
                0x01f16084                term_clear
                0x01f160a4                term_putchar
                0x01f1647c                term_puts
                0x01f16898                term_printf
                0x01f16e10                term_getchar
                0x01f16e44                term_getcharat
                0x01f16e70                term_putcharat
                0x01f16eb0                term_rc2xy
                0x01f16ec4                term_scroll
                0x01f16f58                term_showcursor
                0x01f16fc8                term_hidecursor
                0x01f17010                term_toggle_cursor
 .text          0x01f170c8        0x0 src/timer.o
 .text.TimerInterruptHandler
                0x01f170c8       0xd0 src/timer.o
 .text.TimerSystemInitialize
                0x01f17198       0x68 src/timer.o
                0x01f17198                TimerSystemInitialize
 .text.TimerStartKernelTimer
                0x01f17200       0x6c src/timer.o
                0x01f17200                TimerStartKernelTimer
 .text.TimerCancelKernelTimer
                0x01f1726c       0x18 src/timer.o
                0x01f1726c                TimerCancelKernelTimer
 .text          0x01f17284        0x0 src/font_data.o
 .text          0x01f17284     0x3d58 src/basic.o
                0x01f17284                exec_cmd_end
                0x01f17290                exec_cmd_then
                0x01f17294                exec_cmd_rem
                0x01f17298                exec_init
                0x01f1744c                exec_cmd_dir
                0x01f174f0                exec_cmd_list
                0x01f17578                exec_cmd_load
                0x01f1799c                exec_cmd_new
                0x01f17a00                exec_cmd_save
                0x01f17d30                var_clear_all
                0x01f17d80                var_add_update_int
                0x01f17eac                var_add_update_float
                0x01f17fe4                exec_expr
                0x01f187ec                exec_cmd_dim
                0x01f188f8                exec_cmd_goto
                0x01f18934                exec_cmd_if
                0x01f189fc                exec_cmd_print
                0x01f18bf0                exec_cmd_gosub
                0x01f18ca0                exec_cmd_input
                0x01f194b4                exec_cmd_let
                0x01f19840                exec_line
                0x01f19bc4                get_symbol
                0x01f19c78                get_int
                0x01f19ce0                get_float
                0x01f19d8c                ignore_space
                0x01f19dcc                to_uppercase
                0x01f19e38                isemptyline
                0x01f19eb0                compare
                0x01f19f4c                clear
                0x01f1a0c4                length
                0x01f1a0ec                join
                0x01f1a10c                get_input
                0x01f1a160                next_statement
                0x01f1a1bc                tokenize
                0x01f1a6ec                exec_program
                0x01f1a850                basic_main
                0x01f1af2c                exec_cmd_return
 .text          0x01f1afdc      0x268 src/linkedlist.o
                0x01f1afdc                ll_gethead
                0x01f1afec                ll_insertFirst
                0x01f1b020                ll_deleteFirst
                0x01f1b04c                ll_isEmpty
                0x01f1b064                ll_length
                0x01f1b098                ll_find
                0x01f1b0d0                ll_delete
                0x01f1b158                ll_sort
                0x01f1b210                ll_reverse
 .text          0x01f1b244        0x0 uspi/libuspi.a(uspilibrary.o)
 .text.USPiInitialize
                0x01f1b244      0x214 uspi/libuspi.a(uspilibrary.o)
                0x01f1b244                USPiInitialize
 .text.USPiKeyboardAvailable
                0x01f1b458       0x1c uspi/libuspi.a(uspilibrary.o)
                0x01f1b458                USPiKeyboardAvailable
 .text.USPiKeyboardRegisterKeyPressedHandler
                0x01f1b474       0x18 uspi/libuspi.a(uspilibrary.o)
                0x01f1b474                USPiKeyboardRegisterKeyPressedHandler
 .text.USPiKeyboardRegisterShutdownHandler
                0x01f1b48c       0x18 uspi/libuspi.a(uspilibrary.o)
                0x01f1b48c                USPiKeyboardRegisterShutdownHandler
 .text.USPiKeyboardRegisterKeyStatusHandlerRaw
                0x01f1b4a4       0x18 uspi/libuspi.a(uspilibrary.o)
                0x01f1b4a4                USPiKeyboardRegisterKeyStatusHandlerRaw
 .text.USPiMouseAvailable
                0x01f1b4bc       0x1c uspi/libuspi.a(uspilibrary.o)
                0x01f1b4bc                USPiMouseAvailable
 .text.USPiMouseRegisterStatusHandler
                0x01f1b4d8       0x18 uspi/libuspi.a(uspilibrary.o)
                0x01f1b4d8                USPiMouseRegisterStatusHandler
 .text.USPiMassStorageDeviceAvailable
                0x01f1b4f0       0x5c uspi/libuspi.a(uspilibrary.o)
                0x01f1b4f0                USPiMassStorageDeviceAvailable
 .text.USPiMassStorageDeviceRead
                0x01f1b54c       0x74 uspi/libuspi.a(uspilibrary.o)
                0x01f1b54c                USPiMassStorageDeviceRead
 .text.USPiMassStorageDeviceWrite
                0x01f1b5c0       0x74 uspi/libuspi.a(uspilibrary.o)
                0x01f1b5c0                USPiMassStorageDeviceWrite
 .text.USPiMassStorageDeviceGetCapacity
                0x01f1b634       0x30 uspi/libuspi.a(uspilibrary.o)
                0x01f1b634                USPiMassStorageDeviceGetCapacity
 .text.USPiEthernetAvailable
                0x01f1b664       0x30 uspi/libuspi.a(uspilibrary.o)
                0x01f1b664                USPiEthernetAvailable
 .text.USPiGetMACAddress
                0x01f1b694       0x44 uspi/libuspi.a(uspilibrary.o)
                0x01f1b694                USPiGetMACAddress
 .text.USPiSendFrame
                0x01f1b6d8       0x4c uspi/libuspi.a(uspilibrary.o)
                0x01f1b6d8                USPiSendFrame
 .text.USPiReceiveFrame
                0x01f1b724       0x4c uspi/libuspi.a(uspilibrary.o)
                0x01f1b724                USPiReceiveFrame
 .text.USPiGamePadAvailable
                0x01f1b770       0x5c uspi/libuspi.a(uspilibrary.o)
                0x01f1b770                USPiGamePadAvailable
 .text.USPiGamePadRegisterStatusHandler
                0x01f1b7cc       0x40 uspi/libuspi.a(uspilibrary.o)
                0x01f1b7cc                USPiGamePadRegisterStatusHandler
 .text.USPiGamePadGetStatus
                0x01f1b80c       0x44 uspi/libuspi.a(uspilibrary.o)
                0x01f1b80c                USPiGamePadGetStatus
 .text.USPiMIDIAvailable
                0x01f1b850       0x1c uspi/libuspi.a(uspilibrary.o)
                0x01f1b850                USPiMIDIAvailable
 .text.USPiMIDIRegisterPacketHandler
                0x01f1b86c       0x18 uspi/libuspi.a(uspilibrary.o)
                0x01f1b86c                USPiMIDIRegisterPacketHandler
 .text.USPiDeviceGetInformation
                0x01f1b884      0x15c uspi/libuspi.a(uspilibrary.o)
                0x01f1b884                USPiDeviceGetInformation
 .text          0x01f1b9e0        0x0 uspi/libuspi.a(dwhcidevice.o)
 .text.DWHCIDeviceCompletionRoutine
                0x01f1b9e0        0xc uspi/libuspi.a(dwhcidevice.o)
                0x01f1b9e0                DWHCIDeviceCompletionRoutine
 .text.DWHCIDevice
                0x01f1b9ec       0x68 uspi/libuspi.a(dwhcidevice.o)
                0x01f1b9ec                DWHCIDevice
 .text._DWHCIDevice
                0x01f1ba54        0x8 uspi/libuspi.a(dwhcidevice.o)
                0x01f1ba54                _DWHCIDevice
 .text.DWHCIDeviceInitHost
                0x01f1ba5c      0x314 uspi/libuspi.a(dwhcidevice.o)
                0x01f1ba5c                DWHCIDeviceInitHost
 .text.DWHCIDeviceEnableRootPort
                0x01f1bd70       0xcc uspi/libuspi.a(dwhcidevice.o)
                0x01f1bd70                DWHCIDeviceEnableRootPort
 .text.DWHCIDeviceReset
                0x01f1be3c       0xb8 uspi/libuspi.a(dwhcidevice.o)
                0x01f1be3c                DWHCIDeviceReset
 .text.DWHCIDeviceInitCore
                0x01f1bef4      0x1f4 uspi/libuspi.a(dwhcidevice.o)
                0x01f1bef4                DWHCIDeviceInitCore
 .text.DWHCIDeviceInitialize
                0x01f1c0e8      0x1f4 uspi/libuspi.a(dwhcidevice.o)
                0x01f1c0e8                DWHCIDeviceInitialize
 .text.DWHCIDeviceEnableGlobalInterrupts
                0x01f1c2dc       0x44 uspi/libuspi.a(dwhcidevice.o)
                0x01f1c2dc                DWHCIDeviceEnableGlobalInterrupts
 .text.DWHCIDeviceEnableCommonInterrupts
                0x01f1c320       0x38 uspi/libuspi.a(dwhcidevice.o)
                0x01f1c320                DWHCIDeviceEnableCommonInterrupts
 .text.DWHCIDeviceEnableHostInterrupts
                0x01f1c358       0x78 uspi/libuspi.a(dwhcidevice.o)
                0x01f1c358                DWHCIDeviceEnableHostInterrupts
 .text.DWHCIDeviceEnableChannelInterrupt
                0x01f1c3d0       0x54 uspi/libuspi.a(dwhcidevice.o)
                0x01f1c3d0                DWHCIDeviceEnableChannelInterrupt
 .text.DWHCIDeviceDisableChannelInterrupt
                0x01f1c424       0x54 uspi/libuspi.a(dwhcidevice.o)
                0x01f1c424                DWHCIDeviceDisableChannelInterrupt
 .text.DWHCIDeviceFlushTxFIFO
                0x01f1c478       0x94 uspi/libuspi.a(dwhcidevice.o)
                0x01f1c478                DWHCIDeviceFlushTxFIFO
 .text.DWHCIDeviceFlushRxFIFO
                0x01f1c50c       0x78 uspi/libuspi.a(dwhcidevice.o)
                0x01f1c50c                DWHCIDeviceFlushRxFIFO
 .text.DWHCIDeviceStartChannel
                0x01f1c584      0x37c uspi/libuspi.a(dwhcidevice.o)
                0x01f1c584                DWHCIDeviceStartChannel
 .text.DWHCIDeviceStartTransaction
                0x01f1c900       0xd0 uspi/libuspi.a(dwhcidevice.o)
                0x01f1c900                DWHCIDeviceStartTransaction
 .text.DWHCIDeviceTimerHandler
                0x01f1c9d0       0x68 uspi/libuspi.a(dwhcidevice.o)
                0x01f1c9d0                DWHCIDeviceTimerHandler
 .text.DWHCIDeviceTransferStageAsync
                0x01f1ca38      0x1ec uspi/libuspi.a(dwhcidevice.o)
                0x01f1ca38                DWHCIDeviceTransferStageAsync
 .text.DWHCIDeviceSubmitAsyncRequest
                0x01f1cc24       0x44 uspi/libuspi.a(dwhcidevice.o)
                0x01f1cc24                DWHCIDeviceSubmitAsyncRequest
 .text.DWHCIDeviceTransferStage
                0x01f1cc68       0x70 uspi/libuspi.a(dwhcidevice.o)
                0x01f1cc68                DWHCIDeviceTransferStage
 .text.DWHCIDeviceSubmitBlockingRequest
                0x01f1ccd8      0x360 uspi/libuspi.a(dwhcidevice.o)
                0x01f1ccd8                DWHCIDeviceSubmitBlockingRequest
 .text.DWHCIDeviceControlMessage
                0x01f1d038       0xa0 uspi/libuspi.a(dwhcidevice.o)
                0x01f1d038                DWHCIDeviceControlMessage
 .text.DWHCIDeviceTransfer
                0x01f1d0d8       0x58 uspi/libuspi.a(dwhcidevice.o)
                0x01f1d0d8                DWHCIDeviceTransfer
 .text.DWHCIDeviceGetDescriptor
                0x01f1d130       0xac uspi/libuspi.a(dwhcidevice.o)
                0x01f1d130                DWHCIDeviceGetDescriptor
 .text.DWHCIDeviceSetAddress
                0x01f1d1dc       0xc4 uspi/libuspi.a(dwhcidevice.o)
                0x01f1d1dc                DWHCIDeviceSetAddress
 .text.DWHCIDeviceSetConfiguration
                0x01f1d2a0       0xc4 uspi/libuspi.a(dwhcidevice.o)
                0x01f1d2a0                DWHCIDeviceSetConfiguration
 .text.DWHCIDeviceChannelInterruptHandler
                0x01f1d364      0x4d8 uspi/libuspi.a(dwhcidevice.o)
                0x01f1d364                DWHCIDeviceChannelInterruptHandler
 .text.DWHCIDeviceInterruptHandler
                0x01f1d83c       0xf8 uspi/libuspi.a(dwhcidevice.o)
                0x01f1d83c                DWHCIDeviceInterruptHandler
 .text.DWHCIDeviceAllocateChannel
                0x01f1d934       0x74 uspi/libuspi.a(dwhcidevice.o)
                0x01f1d934                DWHCIDeviceAllocateChannel
 .text.DWHCIDeviceFreeChannel
                0x01f1d9a8       0x28 uspi/libuspi.a(dwhcidevice.o)
                0x01f1d9a8                DWHCIDeviceFreeChannel
 .text.DWHCIDeviceWaitForBit
                0x01f1d9d0       0x5c uspi/libuspi.a(dwhcidevice.o)
                0x01f1d9d0                DWHCIDeviceWaitForBit
 .text.DWHCIDeviceGetPortSpeed
                0x01f1da2c       0x4c uspi/libuspi.a(dwhcidevice.o)
                0x01f1da2c                DWHCIDeviceGetPortSpeed
 .text.DWHCIDeviceOvercurrentDetected
                0x01f1da78       0x4c uspi/libuspi.a(dwhcidevice.o)
                0x01f1da78                DWHCIDeviceOvercurrentDetected
 .text.DWHCIDeviceDisableRootPort
                0x01f1dac4       0x44 uspi/libuspi.a(dwhcidevice.o)
                0x01f1dac4                DWHCIDeviceDisableRootPort
 .text          0x01f1db08        0x0 uspi/libuspi.a(dwhciregister.o)
 .text.DWHCIRegister
                0x01f1db08       0x10 uspi/libuspi.a(dwhciregister.o)
                0x01f1db08                DWHCIRegister
 .text.DWHCIRegister2
                0x01f1db18       0x10 uspi/libuspi.a(dwhciregister.o)
                0x01f1db18                DWHCIRegister2
 .text._DWHCIRegister
                0x01f1db28        0xc uspi/libuspi.a(dwhciregister.o)
                0x01f1db28                _DWHCIRegister
 .text.DWHCIRegisterRead
                0x01f1db34       0x1c uspi/libuspi.a(dwhciregister.o)
                0x01f1db34                DWHCIRegisterRead
 .text.DWHCIRegisterWrite
                0x01f1db50       0x10 uspi/libuspi.a(dwhciregister.o)
                0x01f1db50                DWHCIRegisterWrite
 .text.DWHCIRegisterGet
                0x01f1db60        0x8 uspi/libuspi.a(dwhciregister.o)
                0x01f1db60                DWHCIRegisterGet
 .text.DWHCIRegisterSet
                0x01f1db68       0x10 uspi/libuspi.a(dwhciregister.o)
                0x01f1db68                DWHCIRegisterSet
 .text.DWHCIRegisterIsSet
                0x01f1db78       0x14 uspi/libuspi.a(dwhciregister.o)
                0x01f1db78                DWHCIRegisterIsSet
 .text.DWHCIRegisterAnd
                0x01f1db8c       0x10 uspi/libuspi.a(dwhciregister.o)
                0x01f1db8c                DWHCIRegisterAnd
 .text.DWHCIRegisterOr
                0x01f1db9c       0x10 uspi/libuspi.a(dwhciregister.o)
                0x01f1db9c                DWHCIRegisterOr
 .text.DWHCIRegisterClearBit
                0x01f1dbac       0x14 uspi/libuspi.a(dwhciregister.o)
                0x01f1dbac                DWHCIRegisterClearBit
 .text.DWHCIRegisterSetBit
                0x01f1dbc0       0x14 uspi/libuspi.a(dwhciregister.o)
                0x01f1dbc0                DWHCIRegisterSetBit
 .text.DWHCIRegisterClearAll
                0x01f1dbd4       0x14 uspi/libuspi.a(dwhciregister.o)
                0x01f1dbd4                DWHCIRegisterClearAll
 .text.DWHCIRegisterSetAll
                0x01f1dbe8       0x14 uspi/libuspi.a(dwhciregister.o)
                0x01f1dbe8                DWHCIRegisterSetAll
 .text          0x01f1dbfc        0x0 uspi/libuspi.a(dwhcixferstagedata.o)
 .text.DWHCITransferStageData
                0x01f1dbfc      0x1d0 uspi/libuspi.a(dwhcixferstagedata.o)
                0x01f1dbfc                DWHCITransferStageData
 .text._DWHCITransferStageData
                0x01f1ddcc       0x5c uspi/libuspi.a(dwhcixferstagedata.o)
                0x01f1ddcc                _DWHCITransferStageData
 .text.DWHCITransferStageDataTransactionComplete
                0x01f1de28       0xf0 uspi/libuspi.a(dwhcixferstagedata.o)
                0x01f1de28                DWHCITransferStageDataTransactionComplete
 .text.DWHCITransferStageDataSetSplitComplete
                0x01f1df18        0x8 uspi/libuspi.a(dwhcixferstagedata.o)
                0x01f1df18                DWHCITransferStageDataSetSplitComplete
 .text.DWHCITransferStageDataSetState
                0x01f1df20        0x8 uspi/libuspi.a(dwhcixferstagedata.o)
                0x01f1df20                DWHCITransferStageDataSetState
 .text.DWHCITransferStageDataGetState
                0x01f1df28        0x8 uspi/libuspi.a(dwhcixferstagedata.o)
                0x01f1df28                DWHCITransferStageDataGetState
 .text.DWHCITransferStageDataSetSubState
                0x01f1df30        0x8 uspi/libuspi.a(dwhcixferstagedata.o)
                0x01f1df30                DWHCITransferStageDataSetSubState
 .text.DWHCITransferStageDataGetSubState
                0x01f1df38        0x8 uspi/libuspi.a(dwhcixferstagedata.o)
                0x01f1df38                DWHCITransferStageDataGetSubState
 .text.DWHCITransferStageDataBeginSplitCycle
                0x01f1df40        0x8 uspi/libuspi.a(dwhcixferstagedata.o)
                0x01f1df40                DWHCITransferStageDataBeginSplitCycle
 .text.DWHCITransferStageDataGetChannelNumber
                0x01f1df48        0x8 uspi/libuspi.a(dwhcixferstagedata.o)
                0x01f1df48                DWHCITransferStageDataGetChannelNumber
 .text.DWHCITransferStageDataIsPeriodic
                0x01f1df50       0x24 uspi/libuspi.a(dwhcixferstagedata.o)
                0x01f1df50                DWHCITransferStageDataIsPeriodic
 .text.DWHCITransferStageDataGetDeviceAddress
                0x01f1df74        0x8 uspi/libuspi.a(dwhcixferstagedata.o)
                0x01f1df74                DWHCITransferStageDataGetDeviceAddress
 .text.DWHCITransferStageDataGetEndpointType
                0x01f1df7c       0x2c uspi/libuspi.a(dwhcixferstagedata.o)
                0x01f1df7c                DWHCITransferStageDataGetEndpointType
 .text.DWHCITransferStageDataGetEndpointNumber
                0x01f1dfa8        0x8 uspi/libuspi.a(dwhcixferstagedata.o)
                0x01f1dfa8                DWHCITransferStageDataGetEndpointNumber
 .text.DWHCITransferStageDataGetMaxPacketSize
                0x01f1dfb0        0x8 uspi/libuspi.a(dwhcixferstagedata.o)
                0x01f1dfb0                DWHCITransferStageDataGetMaxPacketSize
 .text.DWHCITransferStageDataGetSpeed
                0x01f1dfb8        0x8 uspi/libuspi.a(dwhcixferstagedata.o)
                0x01f1dfb8                DWHCITransferStageDataGetSpeed
 .text.DWHCITransferStageDataGetPID
                0x01f1dfc0       0x30 uspi/libuspi.a(dwhcixferstagedata.o)
                0x01f1dfc0                DWHCITransferStageDataGetPID
 .text.DWHCITransferStageDataIsDirectionIn
                0x01f1dff0        0x8 uspi/libuspi.a(dwhcixferstagedata.o)
                0x01f1dff0                DWHCITransferStageDataIsDirectionIn
 .text.DWHCITransferStageDataIsStatusStage
                0x01f1dff8        0x8 uspi/libuspi.a(dwhcixferstagedata.o)
                0x01f1dff8                DWHCITransferStageDataIsStatusStage
 .text.DWHCITransferStageDataGetDMAAddress
                0x01f1e000        0x8 uspi/libuspi.a(dwhcixferstagedata.o)
                0x01f1e000                DWHCITransferStageDataGetDMAAddress
 .text.DWHCITransferStageDataGetBytesToTransfer
                0x01f1e008        0x8 uspi/libuspi.a(dwhcixferstagedata.o)
                0x01f1e008                DWHCITransferStageDataGetBytesToTransfer
 .text.DWHCITransferStageDataGetPacketsToTransfer
                0x01f1e010        0x8 uspi/libuspi.a(dwhcixferstagedata.o)
                0x01f1e010                DWHCITransferStageDataGetPacketsToTransfer
 .text.DWHCITransferStageDataIsSplit
                0x01f1e018        0x8 uspi/libuspi.a(dwhcixferstagedata.o)
                0x01f1e018                DWHCITransferStageDataIsSplit
 .text.DWHCITransferStageDataIsSplitComplete
                0x01f1e020        0x8 uspi/libuspi.a(dwhcixferstagedata.o)
                0x01f1e020                DWHCITransferStageDataIsSplitComplete
 .text.DWHCITransferStageDataGetHubAddress
                0x01f1e028        0x8 uspi/libuspi.a(dwhcixferstagedata.o)
                0x01f1e028                DWHCITransferStageDataGetHubAddress
 .text.DWHCITransferStageDataGetHubPortAddress
                0x01f1e030        0x8 uspi/libuspi.a(dwhcixferstagedata.o)
                0x01f1e030                DWHCITransferStageDataGetHubPortAddress
 .text.DWHCITransferStageDataGetSplitPosition
                0x01f1e038        0x8 uspi/libuspi.a(dwhcixferstagedata.o)
                0x01f1e038                DWHCITransferStageDataGetSplitPosition
 .text.DWHCITransferStageDataGetStatusMask
                0x01f1e040       0x38 uspi/libuspi.a(dwhcixferstagedata.o)
                0x01f1e040                DWHCITransferStageDataGetStatusMask
 .text.DWHCITransferStageDataGetTransactionStatus
                0x01f1e078        0x8 uspi/libuspi.a(dwhcixferstagedata.o)
                0x01f1e078                DWHCITransferStageDataGetTransactionStatus
 .text.DWHCITransferStageDataIsStageComplete
                0x01f1e080       0x10 uspi/libuspi.a(dwhcixferstagedata.o)
                0x01f1e080                DWHCITransferStageDataIsStageComplete
 .text.DWHCITransferStageDataGetResultLen
                0x01f1e090       0x14 uspi/libuspi.a(dwhcixferstagedata.o)
                0x01f1e090                DWHCITransferStageDataGetResultLen
 .text.DWHCITransferStageDataGetURB
                0x01f1e0a4        0x8 uspi/libuspi.a(dwhcixferstagedata.o)
                0x01f1e0a4                DWHCITransferStageDataGetURB
 .text.DWHCITransferStageDataGetFrameScheduler
                0x01f1e0ac        0x8 uspi/libuspi.a(dwhcixferstagedata.o)
                0x01f1e0ac                DWHCITransferStageDataGetFrameScheduler
 .text          0x01f1e0b4        0x0 uspi/libuspi.a(usbdevice.o)
 .text.USBDeviceConfigure
                0x01f1e0b4       0x64 uspi/libuspi.a(usbdevice.o)
                0x01f1e0b4                USBDeviceConfigure
 .text.USBDevice
                0x01f1e118       0x70 uspi/libuspi.a(usbdevice.o)
                0x01f1e118                USBDevice
 .text.USBDeviceCopy
                0x01f1e188       0xf4 uspi/libuspi.a(usbdevice.o)
                0x01f1e188                USBDeviceCopy
 .text._USBDevice
                0x01f1e27c       0x98 uspi/libuspi.a(usbdevice.o)
                0x01f1e27c                _USBDevice
 .text.USBDeviceInitialize
                0x01f1e314      0x304 uspi/libuspi.a(usbdevice.o)
                0x01f1e314                USBDeviceInitialize
 .text.USBDeviceGetName
                0x01f1e618       0xf4 uspi/libuspi.a(usbdevice.o)
                0x01f1e618                USBDeviceGetName
 .text.USBDeviceGetAddress
                0x01f1e70c        0x8 uspi/libuspi.a(usbdevice.o)
                0x01f1e70c                USBDeviceGetAddress
 .text.USBDeviceGetSpeed
                0x01f1e714        0x8 uspi/libuspi.a(usbdevice.o)
                0x01f1e714                USBDeviceGetSpeed
 .text.USBDeviceGetHubAddress
                0x01f1e71c        0x8 uspi/libuspi.a(usbdevice.o)
                0x01f1e71c                USBDeviceGetHubAddress
 .text.USBDeviceGetHubPortNumber
                0x01f1e724        0x8 uspi/libuspi.a(usbdevice.o)
                0x01f1e724                USBDeviceGetHubPortNumber
 .text.USBDeviceGetEndpoint0
                0x01f1e72c        0x8 uspi/libuspi.a(usbdevice.o)
                0x01f1e72c                USBDeviceGetEndpoint0
 .text.USBDeviceGetHost
                0x01f1e734        0x8 uspi/libuspi.a(usbdevice.o)
                0x01f1e734                USBDeviceGetHost
 .text.USBDeviceGetDeviceDescriptor
                0x01f1e73c        0x8 uspi/libuspi.a(usbdevice.o)
                0x01f1e73c                USBDeviceGetDeviceDescriptor
 .text.USBDeviceGetConfigurationDescriptor
                0x01f1e744        0x8 uspi/libuspi.a(usbdevice.o)
                0x01f1e744                USBDeviceGetConfigurationDescriptor
 .text.USBDeviceGetDescriptor
                0x01f1e74c        0x8 uspi/libuspi.a(usbdevice.o)
                0x01f1e74c                USBDeviceGetDescriptor
 .text.USBDeviceConfigurationError
                0x01f1e754        0x8 uspi/libuspi.a(usbdevice.o)
                0x01f1e754                USBDeviceConfigurationError
 .text.USBDeviceSetAddress
                0x01f1e75c        0x8 uspi/libuspi.a(usbdevice.o)
                0x01f1e75c                USBDeviceSetAddress
 .text          0x01f1e764        0x0 uspi/libuspi.a(usbendpoint.o)
 .text.USBEndpoint
                0x01f1e764       0x2c uspi/libuspi.a(usbendpoint.o)
                0x01f1e764                USBEndpoint
 .text.USBEndpoint2
                0x01f1e790       0xf8 uspi/libuspi.a(usbendpoint.o)
                0x01f1e790                USBEndpoint2
 .text.USBEndpointCopy
                0x01f1e888       0x3c uspi/libuspi.a(usbendpoint.o)
                0x01f1e888                USBEndpointCopy
 .text._USBEndpoint
                0x01f1e8c4        0xc uspi/libuspi.a(usbendpoint.o)
                0x01f1e8c4                _USBEndpoint
 .text.USBEndpointGetDevice
                0x01f1e8d0        0x8 uspi/libuspi.a(usbendpoint.o)
                0x01f1e8d0                USBEndpointGetDevice
 .text.USBEndpointGetNumber
                0x01f1e8d8        0x8 uspi/libuspi.a(usbendpoint.o)
                0x01f1e8d8                USBEndpointGetNumber
 .text.USBEndpointGetType
                0x01f1e8e0        0x8 uspi/libuspi.a(usbendpoint.o)
                0x01f1e8e0                USBEndpointGetType
 .text.USBEndpointIsDirectionIn
                0x01f1e8e8        0x8 uspi/libuspi.a(usbendpoint.o)
                0x01f1e8e8                USBEndpointIsDirectionIn
 .text.USBEndpointSetMaxPacketSize
                0x01f1e8f0        0x8 uspi/libuspi.a(usbendpoint.o)
                0x01f1e8f0                USBEndpointSetMaxPacketSize
 .text.USBEndpointGetMaxPacketSize
                0x01f1e8f8        0x8 uspi/libuspi.a(usbendpoint.o)
                0x01f1e8f8                USBEndpointGetMaxPacketSize
 .text.USBEndpointGetInterval
                0x01f1e900        0x8 uspi/libuspi.a(usbendpoint.o)
                0x01f1e900                USBEndpointGetInterval
 .text.USBEndpointGetNextPID
                0x01f1e908       0x10 uspi/libuspi.a(usbendpoint.o)
                0x01f1e908                USBEndpointGetNextPID
 .text.USBEndpointSkipPID
                0x01f1e918       0x54 uspi/libuspi.a(usbendpoint.o)
                0x01f1e918                USBEndpointSkipPID
 .text.USBEndpointResetPID
                0x01f1e96c        0xc uspi/libuspi.a(usbendpoint.o)
                0x01f1e96c                USBEndpointResetPID
 .text          0x01f1e978        0x0 uspi/libuspi.a(usbrequest.o)
 .text.USBRequest
                0x01f1e978       0x34 uspi/libuspi.a(usbrequest.o)
                0x01f1e978                USBRequest
 .text._USBRequest
                0x01f1e9ac       0x18 uspi/libuspi.a(usbrequest.o)
                0x01f1e9ac                _USBRequest
 .text.USBRequestGetEndpoint
                0x01f1e9c4        0x8 uspi/libuspi.a(usbrequest.o)
                0x01f1e9c4                USBRequestGetEndpoint
 .text.USBRequestSetStatus
                0x01f1e9cc        0x8 uspi/libuspi.a(usbrequest.o)
                0x01f1e9cc                USBRequestSetStatus
 .text.USBRequestSetResultLen
                0x01f1e9d4        0x8 uspi/libuspi.a(usbrequest.o)
                0x01f1e9d4                USBRequestSetResultLen
 .text.USBRequestGetStatus
                0x01f1e9dc        0x8 uspi/libuspi.a(usbrequest.o)
                0x01f1e9dc                USBRequestGetStatus
 .text.USBRequestGetResultLength
                0x01f1e9e4        0x8 uspi/libuspi.a(usbrequest.o)
                0x01f1e9e4                USBRequestGetResultLength
 .text.USBRequestGetSetupData
                0x01f1e9ec        0x8 uspi/libuspi.a(usbrequest.o)
                0x01f1e9ec                USBRequestGetSetupData
 .text.USBRequestGetBuffer
                0x01f1e9f4        0x8 uspi/libuspi.a(usbrequest.o)
                0x01f1e9f4                USBRequestGetBuffer
 .text.USBRequestGetBufLen
                0x01f1e9fc        0x8 uspi/libuspi.a(usbrequest.o)
                0x01f1e9fc                USBRequestGetBufLen
 .text.USBRequestSetCompletionRoutine
                0x01f1ea04       0x10 uspi/libuspi.a(usbrequest.o)
                0x01f1ea04                USBRequestSetCompletionRoutine
 .text.USBRequestCallCompletionRoutine
                0x01f1ea14       0x1c uspi/libuspi.a(usbrequest.o)
                0x01f1ea14                USBRequestCallCompletionRoutine
 .text          0x01f1ea30        0x0 uspi/libuspi.a(devicenameservice.o)
 .text.DeviceNameService
                0x01f1ea30       0x18 uspi/libuspi.a(devicenameservice.o)
                0x01f1ea30                DeviceNameService
 .text._DeviceNameService
                0x01f1ea48       0x58 uspi/libuspi.a(devicenameservice.o)
                0x01f1ea48                _DeviceNameService
 .text.DeviceNameServiceAddDevice
                0x01f1eaa0       0x54 uspi/libuspi.a(devicenameservice.o)
                0x01f1eaa0                DeviceNameServiceAddDevice
 .text.DeviceNameServiceGetDevice
                0x01f1eaf4       0x54 uspi/libuspi.a(devicenameservice.o)
                0x01f1eaf4                DeviceNameServiceGetDevice
 .text.DeviceNameServiceGet
                0x01f1eb48       0x10 uspi/libuspi.a(devicenameservice.o)
                0x01f1eb48                DeviceNameServiceGet
 .text          0x01f1eb58        0x0 uspi/libuspi.a(macaddress.o)
 .text.MACAddress
                0x01f1eb58        0xc uspi/libuspi.a(macaddress.o)
                0x01f1eb58                MACAddress
 .text.MACAddress2
                0x01f1eb64       0x20 uspi/libuspi.a(macaddress.o)
                0x01f1eb64                MACAddress2
 .text._MACAddress
                0x01f1eb84        0xc uspi/libuspi.a(macaddress.o)
                0x01f1eb84                _MACAddress
 .text.MACAddressIsEqual
                0x01f1eb90       0x20 uspi/libuspi.a(macaddress.o)
                0x01f1eb90                MACAddressIsEqual
 .text.MACAddressSet
                0x01f1ebb0       0x20 uspi/libuspi.a(macaddress.o)
                0x01f1ebb0                MACAddressSet
 .text.MACAddressSetBroadcast
                0x01f1ebd0       0x24 uspi/libuspi.a(macaddress.o)
                0x01f1ebd0                MACAddressSetBroadcast
 .text.MACAddressGet
                0x01f1ebf4        0x8 uspi/libuspi.a(macaddress.o)
                0x01f1ebf4                MACAddressGet
 .text.MACAddressCopyTo
                0x01f1ebfc       0x14 uspi/libuspi.a(macaddress.o)
                0x01f1ebfc                MACAddressCopyTo
 .text.MACAddressIsBroadcast
                0x01f1ec10       0x58 uspi/libuspi.a(macaddress.o)
                0x01f1ec10                MACAddressIsBroadcast
 .text.MACAddressGetSize
                0x01f1ec68        0x8 uspi/libuspi.a(macaddress.o)
                0x01f1ec68                MACAddressGetSize
 .text.MACAddressFormat
                0x01f1ec70       0x48 uspi/libuspi.a(macaddress.o)
                0x01f1ec70                MACAddressFormat
 .text          0x01f1ecb8        0x0 uspi/libuspi.a(smsc951x.o)
 .text.SMSC951xDevice
                0x01f1ecb8       0x38 uspi/libuspi.a(smsc951x.o)
                0x01f1ecb8                SMSC951xDevice
 .text._SMSC951xDevice
                0x01f1ecf0       0x6c uspi/libuspi.a(smsc951x.o)
                0x01f1ecf0                _SMSC951xDevice
 .text.SMSC951xDeviceGetMACAddress
                0x01f1ed5c        0x8 uspi/libuspi.a(smsc951x.o)
                0x01f1ed5c                SMSC951xDeviceGetMACAddress
 .text.SMSC951xDeviceSendFrame
                0x01f1ed64       0x5c uspi/libuspi.a(smsc951x.o)
                0x01f1ed64                SMSC951xDeviceSendFrame
 .text.SMSC951xDeviceReceiveFrame
                0x01f1edc0       0xe8 uspi/libuspi.a(smsc951x.o)
                0x01f1edc0                SMSC951xDeviceReceiveFrame
 .text.SMSC951xDeviceWriteReg
                0x01f1eea8       0x68 uspi/libuspi.a(smsc951x.o)
                0x01f1eea8                SMSC951xDeviceWriteReg
 .text.SMSC951xDeviceConfigure
                0x01f1ef10      0x378 uspi/libuspi.a(smsc951x.o)
                0x01f1ef10                SMSC951xDeviceConfigure
 .text.SMSC951xDeviceReadReg
                0x01f1f288       0x68 uspi/libuspi.a(smsc951x.o)
                0x01f1f288                SMSC951xDeviceReadReg
 .text          0x01f1f2f0        0x0 uspi/libuspi.a(lan7800.o)
 .text.LAN7800Device
                0x01f1f2f0       0x38 uspi/libuspi.a(lan7800.o)
                0x01f1f2f0                LAN7800Device
 .text._LAN7800Device
                0x01f1f328       0x6c uspi/libuspi.a(lan7800.o)
                0x01f1f328                _LAN7800Device
 .text.LAN7800DeviceGetMACAddress
                0x01f1f394        0x8 uspi/libuspi.a(lan7800.o)
                0x01f1f394                LAN7800DeviceGetMACAddress
 .text.LAN7800DeviceSendFrame
                0x01f1f39c       0x60 uspi/libuspi.a(lan7800.o)
                0x01f1f39c                LAN7800DeviceSendFrame
 .text.LAN7800DeviceReceiveFrame
                0x01f1f3fc       0xdc uspi/libuspi.a(lan7800.o)
                0x01f1f3fc                LAN7800DeviceReceiveFrame
 .text.LAN7800DeviceIsLinkUp
                0x01f1f4d8      0x210 uspi/libuspi.a(lan7800.o)
                0x01f1f4d8                LAN7800DeviceIsLinkUp
 .text.LAN7800DeviceInitMACAddress
                0x01f1f6e8      0x1ec uspi/libuspi.a(lan7800.o)
                0x01f1f6e8                LAN7800DeviceInitMACAddress
 .text.LAN7800DeviceInitPHY
                0x01f1f8d4      0x3d8 uspi/libuspi.a(lan7800.o)
                0x01f1f8d4                LAN7800DeviceInitPHY
 .text.LAN7800DevicePHYWrite
                0x01f1fcac      0x218 uspi/libuspi.a(lan7800.o)
                0x01f1fcac                LAN7800DevicePHYWrite
 .text.LAN7800DevicePHYRead
                0x01f1fec4      0x218 uspi/libuspi.a(lan7800.o)
                0x01f1fec4                LAN7800DevicePHYRead
 .text.LAN7800DeviceWaitReg
                0x01f200dc       0xc0 uspi/libuspi.a(lan7800.o)
                0x01f200dc                LAN7800DeviceWaitReg
 .text.LAN7800DeviceReadWriteReg
                0x01f2019c      0x100 uspi/libuspi.a(lan7800.o)
                0x01f2019c                LAN7800DeviceReadWriteReg
 .text.LAN7800DeviceWriteReg
                0x01f2029c       0x94 uspi/libuspi.a(lan7800.o)
                0x01f2029c                LAN7800DeviceWriteReg
 .text.LAN7800DeviceConfigure
                0x01f20330      0x4f0 uspi/libuspi.a(lan7800.o)
                0x01f20330                LAN7800DeviceConfigure
 .text.LAN7800DeviceReadReg
                0x01f20820       0x88 uspi/libuspi.a(lan7800.o)
                0x01f20820                LAN7800DeviceReadReg
 .text          0x01f208a8        0x0 uspi/libuspi.a(string.o)
 .text.String   0x01f208a8       0x10 uspi/libuspi.a(string.o)
                0x01f208a8                String
 .text.String2  0x01f208b8       0x34 uspi/libuspi.a(string.o)
                0x01f208b8                String2
 .text._String  0x01f208ec       0x28 uspi/libuspi.a(string.o)
                0x01f208ec                _String
 .text.StringGet
                0x01f20914       0x18 uspi/libuspi.a(string.o)
                0x01f20914                StringGet
 .text.StringSet
                0x01f2092c       0x48 uspi/libuspi.a(string.o)
                0x01f2092c                StringSet
 .text.StringGetLength
                0x01f20974       0x10 uspi/libuspi.a(string.o)
                0x01f20974                StringGetLength
 .text.StringAppend
                0x01f20984       0x7c uspi/libuspi.a(string.o)
                0x01f20984                StringAppend
 .text.StringCompare
                0x01f20a00        0x8 uspi/libuspi.a(string.o)
                0x01f20a00                StringCompare
 .text.StringFind
                0x01f20a08       0x44 uspi/libuspi.a(string.o)
                0x01f20a08                StringFind
 .text.StringFormatV
                0x01f20a4c      0xe40 uspi/libuspi.a(string.o)
                0x01f20a4c                StringFormatV
 .text.StringFormat
                0x01f2188c       0x30 uspi/libuspi.a(string.o)
                0x01f2188c                StringFormat
 .text.StringPutChar
                0x01f218bc       0x98 uspi/libuspi.a(string.o)
                0x01f218bc                StringPutChar
 .text.StringPutString
                0x01f21954       0x94 uspi/libuspi.a(string.o)
                0x01f21954                StringPutString
 .text.StringReserveSpace
                0x01f219e8       0x68 uspi/libuspi.a(string.o)
                0x01f219e8                StringReserveSpace
 .text.ntoa     0x01f21a50       0x84 uspi/libuspi.a(string.o)
                0x01f21a50                ntoa
 .text          0x01f21ad4        0x0 uspi/libuspi.a(util.o)
 .text.uspi_memset
                0x01f21ad4      0x174 uspi/libuspi.a(util.o)
                0x01f21ad4                uspi_memset
 .text.uspi_memcpy
                0x01f21c48      0x36c uspi/libuspi.a(util.o)
                0x01f21c48                uspi_memcpy
 .text.uspi_memcmp
                0x01f21fb4       0x5c uspi/libuspi.a(util.o)
                0x01f21fb4                uspi_memcmp
 .text.uspi_strlen
                0x01f22010       0x28 uspi/libuspi.a(util.o)
                0x01f22010                uspi_strlen
 .text.uspi_strcmp
                0x01f22038       0x74 uspi/libuspi.a(util.o)
                0x01f22038                uspi_strcmp
 .text.uspi_strcpy
                0x01f220ac       0x2c uspi/libuspi.a(util.o)
                0x01f220ac                uspi_strcpy
 .text.uspi_strncpy
                0x01f220d8       0x50 uspi/libuspi.a(util.o)
                0x01f220d8                uspi_strncpy
 .text.uspi_strcat
                0x01f22128       0x44 uspi/libuspi.a(util.o)
                0x01f22128                uspi_strcat
 .text.uspi_char2int
                0x01f2216c        0x4 uspi/libuspi.a(util.o)
                0x01f2216c                uspi_char2int
 .text.uspi_le2be16
                0x01f22170        0xc uspi/libuspi.a(util.o)
                0x01f22170                uspi_le2be16
 .text.uspi_le2be32
                0x01f2217c        0x8 uspi/libuspi.a(util.o)
                0x01f2217c                uspi_le2be32
 .text          0x01f22184        0x0 uspi/libuspi.a(usbmassdevice.o)
 .text.USBBulkOnlyMassStorageDevice
                0x01f22184       0x38 uspi/libuspi.a(usbmassdevice.o)
                0x01f22184                USBBulkOnlyMassStorageDevice
 .text._USBBulkOnlyMassStorageDevice
                0x01f221bc       0x54 uspi/libuspi.a(usbmassdevice.o)
                0x01f221bc                _USBBulkOnlyMassStorageDevice
 .text.USBBulkOnlyMassStorageDeviceSeek
                0x01f22210       0x10 uspi/libuspi.a(usbmassdevice.o)
                0x01f22210                USBBulkOnlyMassStorageDeviceSeek
 .text.USBBulkOnlyMassStorageDeviceGetCapacity
                0x01f22220        0x8 uspi/libuspi.a(usbmassdevice.o)
                0x01f22220                USBBulkOnlyMassStorageDeviceGetCapacity
 .text.USBBulkOnlyMassStorageDeviceTryRead
                0x01f22228      0x280 uspi/libuspi.a(usbmassdevice.o)
                0x01f22228                USBBulkOnlyMassStorageDeviceTryRead
 .text.USBBulkOnlyMassStorageDeviceTryWrite
                0x01f224a8      0x264 uspi/libuspi.a(usbmassdevice.o)
                0x01f224a8                USBBulkOnlyMassStorageDeviceTryWrite
 .text.USBBulkOnlyMassStorageDeviceCommand
                0x01f2270c      0x18c uspi/libuspi.a(usbmassdevice.o)
                0x01f2270c                USBBulkOnlyMassStorageDeviceCommand
 .text.USBBulkOnlyMassStorageDeviceConfigure
                0x01f22898      0x45c uspi/libuspi.a(usbmassdevice.o)
                0x01f22898                USBBulkOnlyMassStorageDeviceConfigure
 .text.USBBulkOnlyMassStorageDeviceReset
                0x01f22cf4      0x104 uspi/libuspi.a(usbmassdevice.o)
                0x01f22cf4                USBBulkOnlyMassStorageDeviceReset
 .text.USBBulkOnlyMassStorageDeviceRead
                0x01f22df8      0x2a4 uspi/libuspi.a(usbmassdevice.o)
                0x01f22df8                USBBulkOnlyMassStorageDeviceRead
 .text.USBBulkOnlyMassStorageDeviceWrite
                0x01f2309c      0x294 uspi/libuspi.a(usbmassdevice.o)
                0x01f2309c                USBBulkOnlyMassStorageDeviceWrite
 .text          0x01f23330        0x0 uspi/libuspi.a(dwhciframeschednper.o)
 .text._DWHCIFrameSchedulerNonPeriodic
                0x01f23330        0xc uspi/libuspi.a(dwhciframeschednper.o)
                0x01f23330                _DWHCIFrameSchedulerNonPeriodic
 .text.DWHCIFrameSchedulerNonPeriodicStartSplit
                0x01f2333c        0xc uspi/libuspi.a(dwhciframeschednper.o)
                0x01f2333c                DWHCIFrameSchedulerNonPeriodicStartSplit
 .text.DWHCIFrameSchedulerNonPeriodicWaitForFrame
                0x01f23348        0x4 uspi/libuspi.a(dwhciframeschednper.o)
                0x01f23348                DWHCIFrameSchedulerNonPeriodicWaitForFrame
 .text.DWHCIFrameSchedulerNonPeriodicIsOddFrame
                0x01f2334c        0x8 uspi/libuspi.a(dwhciframeschednper.o)
                0x01f2334c                DWHCIFrameSchedulerNonPeriodicIsOddFrame
 .text.DWHCIFrameSchedulerNonPeriodicCompleteSplit
                0x01f23354       0x54 uspi/libuspi.a(dwhciframeschednper.o)
                0x01f23354                DWHCIFrameSchedulerNonPeriodicCompleteSplit
 .text.DWHCIFrameSchedulerNonPeriodicTransactionComplete
                0x01f233a8       0xc0 uspi/libuspi.a(dwhciframeschednper.o)
                0x01f233a8                DWHCIFrameSchedulerNonPeriodicTransactionComplete
 .text.DWHCIFrameSchedulerNonPeriodic
                0x01f23468       0x54 uspi/libuspi.a(dwhciframeschednper.o)
                0x01f23468                DWHCIFrameSchedulerNonPeriodic
 .text          0x01f234bc        0x0 uspi/libuspi.a(dwhciframeschedper.o)
 .text._DWHCIFrameSchedulerPeriodic
                0x01f234bc        0xc uspi/libuspi.a(dwhciframeschedper.o)
                0x01f234bc                _DWHCIFrameSchedulerPeriodic
 .text.DWHCIFrameSchedulerPeriodicStartSplit
                0x01f234c8       0x14 uspi/libuspi.a(dwhciframeschedper.o)
                0x01f234c8                DWHCIFrameSchedulerPeriodicStartSplit
 .text.DWHCIFrameSchedulerPeriodicIsOddFrame
                0x01f234dc        0xc uspi/libuspi.a(dwhciframeschedper.o)
                0x01f234dc                DWHCIFrameSchedulerPeriodicIsOddFrame
 .text.DWHCIFrameSchedulerPeriodicWaitForFrame
                0x01f234e8       0x70 uspi/libuspi.a(dwhciframeschedper.o)
                0x01f234e8                DWHCIFrameSchedulerPeriodicWaitForFrame
 .text.DWHCIFrameSchedulerPeriodicCompleteSplit
                0x01f23558       0x68 uspi/libuspi.a(dwhciframeschedper.o)
                0x01f23558                DWHCIFrameSchedulerPeriodicCompleteSplit
 .text.DWHCIFrameSchedulerPeriodicTransactionComplete
                0x01f235c0       0xb4 uspi/libuspi.a(dwhciframeschedper.o)
                0x01f235c0                DWHCIFrameSchedulerPeriodicTransactionComplete
 .text.DWHCIFrameSchedulerPeriodic
                0x01f23674       0x5c uspi/libuspi.a(dwhciframeschedper.o)
                0x01f23674                DWHCIFrameSchedulerPeriodic
 .text          0x01f236d0        0x0 uspi/libuspi.a(usbkeyboard.o)
 .text.USBKeyboardDeviceConfigure
                0x01f236d0      0x2bc uspi/libuspi.a(usbkeyboard.o)
                0x01f236d0                USBKeyboardDeviceConfigure
 .text.USBKeyboardDeviceCompletionRoutine
                0x01f2398c      0x208 uspi/libuspi.a(usbkeyboard.o)
 .text.USBKeyboardDevice
                0x01f23b94       0x58 uspi/libuspi.a(usbkeyboard.o)
                0x01f23b94                USBKeyboardDevice
 .text._CUSBKeyboardDevice
                0x01f23bec       0x54 uspi/libuspi.a(usbkeyboard.o)
                0x01f23bec                _CUSBKeyboardDevice
 .text.USBKeyboardDeviceRegisterKeyPressedHandler
                0x01f23c40        0x8 uspi/libuspi.a(usbkeyboard.o)
                0x01f23c40                USBKeyboardDeviceRegisterKeyPressedHandler
 .text.USBKeyboardDeviceRegisterSelectConsoleHandler
                0x01f23c48        0x8 uspi/libuspi.a(usbkeyboard.o)
                0x01f23c48                USBKeyboardDeviceRegisterSelectConsoleHandler
 .text.USBKeyboardDeviceRegisterShutdownHandler
                0x01f23c50        0x8 uspi/libuspi.a(usbkeyboard.o)
                0x01f23c50                USBKeyboardDeviceRegisterShutdownHandler
 .text.USBKeyboardDeviceRegisterKeyStatusHandlerRaw
                0x01f23c58        0x8 uspi/libuspi.a(usbkeyboard.o)
                0x01f23c58                USBKeyboardDeviceRegisterKeyStatusHandlerRaw
 .text          0x01f23c60        0x0 uspi/libuspi.a(dwhcirootport.o)
 .text.DWHCIRootPort
                0x01f23c60        0xc uspi/libuspi.a(dwhcirootport.o)
                0x01f23c60                DWHCIRootPort
 .text._DWHCIRootPort
                0x01f23c6c       0x34 uspi/libuspi.a(dwhcirootport.o)
                0x01f23c6c                _DWHCIRootPort
 .text.DWHCIRootPortInitialize
                0x01f23ca0      0x1d0 uspi/libuspi.a(dwhcirootport.o)
                0x01f23ca0                DWHCIRootPortInitialize
 .text          0x01f23e70        0x0 uspi/libuspi.a(usbmouse.o)
 .text.USBMouseDeviceConfigure
                0x01f23e70      0x2bc uspi/libuspi.a(usbmouse.o)
                0x01f23e70                USBMouseDeviceConfigure
 .text.USBMouseDeviceCompletionRoutine
                0x01f2412c       0xd4 uspi/libuspi.a(usbmouse.o)
 .text.USBMouseDevice
                0x01f24200       0x3c uspi/libuspi.a(usbmouse.o)
                0x01f24200                USBMouseDevice
 .text._CUSBMouseDevice
                0x01f2423c       0x4c uspi/libuspi.a(usbmouse.o)
                0x01f2423c                _CUSBMouseDevice
 .text.USBMouseDeviceRegisterStatusHandler
                0x01f24288        0x8 uspi/libuspi.a(usbmouse.o)
                0x01f24288                USBMouseDeviceRegisterStatusHandler
 .text          0x01f24290        0x0 uspi/libuspi.a(dwhciframeschednsplit.o)
 .text.DWHCIFrameSchedulerNoSplitStartSplit
                0x01f24290        0x4 uspi/libuspi.a(dwhciframeschednsplit.o)
                0x01f24290                DWHCIFrameSchedulerNoSplitStartSplit
 .text.DWHCIFrameSchedulerNoSplitCompleteSplit
                0x01f24294        0x8 uspi/libuspi.a(dwhciframeschednsplit.o)
                0x01f24294                DWHCIFrameSchedulerNoSplitCompleteSplit
 .text.DWHCIFrameSchedulerNoSplitTransactionComplete
                0x01f2429c        0x4 uspi/libuspi.a(dwhciframeschednsplit.o)
                0x01f2429c                DWHCIFrameSchedulerNoSplitTransactionComplete
 .text.DWHCIFrameSchedulerNoSplitIsOddFrame
                0x01f242a0        0xc uspi/libuspi.a(dwhciframeschednsplit.o)
                0x01f242a0                DWHCIFrameSchedulerNoSplitIsOddFrame
 .text.DWHCIFrameSchedulerNoSplitWaitForFrame
                0x01f242ac       0x64 uspi/libuspi.a(dwhciframeschednsplit.o)
                0x01f242ac                DWHCIFrameSchedulerNoSplitWaitForFrame
 .text._DWHCIFrameSchedulerNoSplit
                0x01f24310        0x4 uspi/libuspi.a(dwhciframeschednsplit.o)
                0x01f24310                _DWHCIFrameSchedulerNoSplit
 .text.DWHCIFrameSchedulerNoSplit
                0x01f24314       0x58 uspi/libuspi.a(dwhciframeschednsplit.o)
                0x01f24314                DWHCIFrameSchedulerNoSplit
 .text          0x01f2436c        0x0 uspi/libuspi.a(usbgamepad.o)
 .text.BitGetUnsigned
                0x01f2436c      0x104 uspi/libuspi.a(usbgamepad.o)
 .text.USBGamePadDeviceDecodeReport
                0x01f24470      0x89c uspi/libuspi.a(usbgamepad.o)
 .text.USBGamePadDeviceConfigure
                0x01f24d0c      0x434 uspi/libuspi.a(usbgamepad.o)
                0x01f24d0c                USBGamePadDeviceConfigure
 .text.USBGamePadDeviceCompletionRoutine
                0x01f25140       0xcc uspi/libuspi.a(usbgamepad.o)
 .text.USBGamePadDevice
                0x01f2520c       0x9c uspi/libuspi.a(usbgamepad.o)
                0x01f2520c                USBGamePadDevice
 .text._CUSBGamePadDevice
                0x01f252a8       0x84 uspi/libuspi.a(usbgamepad.o)
                0x01f252a8                _CUSBGamePadDevice
 .text.USBGamePadDeviceRegisterStatusHandler
                0x01f2532c        0x8 uspi/libuspi.a(usbgamepad.o)
                0x01f2532c                USBGamePadDeviceRegisterStatusHandler
 .text.USBGamePadDeviceGetReport
                0x01f25334       0x70 uspi/libuspi.a(usbgamepad.o)
                0x01f25334                USBGamePadDeviceGetReport
 .text          0x01f253a4        0x0 uspi/libuspi.a(synchronize.o)
 .text.uspi_EnterCritical
                0x01f253a4       0x3c uspi/libuspi.a(synchronize.o)
                0x01f253a4                uspi_EnterCritical
 .text.uspi_LeaveCritical
                0x01f253e0       0x3c uspi/libuspi.a(synchronize.o)
                0x01f253e0                uspi_LeaveCritical
 .text.uspi_CleanAndInvalidateDataCacheRange
                0x01f2541c       0x30 uspi/libuspi.a(synchronize.o)
                0x01f2541c                uspi_CleanAndInvalidateDataCacheRange
 .text          0x01f2544c        0x0 uspi/libuspi.a(usbstring.o)
 .text.USBString
                0x01f2544c       0x24 uspi/libuspi.a(usbstring.o)
                0x01f2544c                USBString
 .text.USBStringCopy
                0x01f25470       0x6c uspi/libuspi.a(usbstring.o)
                0x01f25470                USBStringCopy
 .text._USBString
                0x01f254dc       0x40 uspi/libuspi.a(usbstring.o)
                0x01f254dc                _USBString
 .text.USBStringGetFromDescriptor
                0x01f2551c      0x474 uspi/libuspi.a(usbstring.o)
                0x01f2551c                USBStringGetFromDescriptor
 .text.USBStringGet
                0x01f25990        0x8 uspi/libuspi.a(usbstring.o)
                0x01f25990                USBStringGet
 .text.USBStringGetLanguageID
                0x01f25998      0x154 uspi/libuspi.a(usbstring.o)
                0x01f25998                USBStringGetLanguageID
 .text          0x01f25aec        0x0 uspi/libuspi.a(usbmidi.o)
 .text.USBMIDIDeviceConfigure
                0x01f25aec      0x218 uspi/libuspi.a(usbmidi.o)
                0x01f25aec                USBMIDIDeviceConfigure
 .text.USBMIDIDeviceCompletionRoutine
                0x01f25d04       0xfc uspi/libuspi.a(usbmidi.o)
 .text.USBMIDIDevice
                0x01f25e00       0x30 uspi/libuspi.a(usbmidi.o)
                0x01f25e00                USBMIDIDevice
 .text._CUSBMIDIDevice
                0x01f25e30       0x4c uspi/libuspi.a(usbmidi.o)
                0x01f25e30                _CUSBMIDIDevice
 .text.USBMIDIDeviceRegisterPacketHandler
                0x01f25e7c        0x8 uspi/libuspi.a(usbmidi.o)
                0x01f25e7c                USBMIDIDeviceRegisterPacketHandler
 .text          0x01f25e84        0x0 uspi/libuspi.a(usbconfigparser.o)
 .text.USBConfigurationParser
                0x01f25e84      0x110 uspi/libuspi.a(usbconfigparser.o)
                0x01f25e84                USBConfigurationParser
 .text._USBConfigurationParser
                0x01f25f94        0xc uspi/libuspi.a(usbconfigparser.o)
                0x01f25f94                _USBConfigurationParser
 .text.USBConfigurationParserIsValid
                0x01f25fa0        0x8 uspi/libuspi.a(usbconfigparser.o)
                0x01f25fa0                USBConfigurationParserIsValid
 .text.USBConfigurationParserGetDescriptor
                0x01f25fa8       0xa4 uspi/libuspi.a(usbconfigparser.o)
                0x01f25fa8                USBConfigurationParserGetDescriptor
 .text.USBConfigurationParserError
                0x01f2604c       0x2c uspi/libuspi.a(usbconfigparser.o)
                0x01f2604c                USBConfigurationParserError
 .text          0x01f26078        0x0 uspi/libuspi.a(usbdevicefactory.o)
 .text.GetDevice
                0x01f26078      0x1d0 uspi/libuspi.a(usbdevicefactory.o)
                0x01f26078                GetDevice
 .text.USBDeviceFactoryGetDevice
                0x01f26248      0x224 uspi/libuspi.a(usbdevicefactory.o)
                0x01f26248                USBDeviceFactoryGetDevice
 .text          0x01f2646c        0x0 uspi/libuspi.a(usbstandardhub.o)
 .text.USBStandardHub
                0x01f2646c       0x68 uspi/libuspi.a(usbstandardhub.o)
                0x01f2646c                USBStandardHub
 .text._USBStandardHub
                0x01f264d4       0x8c uspi/libuspi.a(usbstandardhub.o)
                0x01f264d4                _USBStandardHub
 .text.USBStandardHubInitialize
                0x01f26560        0x4 uspi/libuspi.a(usbstandardhub.o)
                0x01f26560                USBStandardHubInitialize
 .text.USBStandardHubGetDeviceNames
                0x01f26564       0xc0 uspi/libuspi.a(usbstandardhub.o)
                0x01f26564                USBStandardHubGetDeviceNames
 .text.USBStandardHubEnumeratePorts
                0x01f26624      0x584 uspi/libuspi.a(usbstandardhub.o)
                0x01f26624                USBStandardHubEnumeratePorts
 .text.USBStandardHubConfigure
                0x01f26ba8      0x2bc uspi/libuspi.a(usbstandardhub.o)
                0x01f26ba8                USBStandardHubConfigure
 .text          0x01f26e64        0x0 uspi/libuspi.a(keymap.o)
 .text.KeyMap   0x01f26e64       0x24 uspi/libuspi.a(keymap.o)
                0x01f26e64                KeyMap
 .text._KeyMap  0x01f26e88        0x4 uspi/libuspi.a(keymap.o)
                0x01f26e88                _KeyMap
 .text.KeyMapClearTable
                0x01f26e8c       0x34 uspi/libuspi.a(keymap.o)
                0x01f26e8c                KeyMapClearTable
 .text.KeyMapSetEntry
                0x01f26ec0       0x50 uspi/libuspi.a(keymap.o)
                0x01f26ec0                KeyMapSetEntry
 .text.KeyMapTranslate
                0x01f26f10      0x118 uspi/libuspi.a(keymap.o)
                0x01f26f10                KeyMapTranslate
 .text.KeyMapGetString
                0x01f27028       0xbc uspi/libuspi.a(keymap.o)
                0x01f27028                KeyMapGetString
 .text.KeyMapGetLEDStatus
                0x01f270e4       0x34 uspi/libuspi.a(keymap.o)
                0x01f270e4                KeyMapGetLEDStatus
 .text          0x01f27118       0x3c i:/development/arm/gnu tools arm embedded/5.4 2016q2/bin/../lib/gcc/arm-none-eabi/5.4.1/fpu\libgcc.a(_aeabi_uldivmod.o)
                0x01f27118                __aeabi_uldivmod
 .text          0x01f27154      0x12c i:/development/arm/gnu tools arm embedded/5.4 2016q2/bin/../lib/gcc/arm-none-eabi/5.4.1/fpu\libgcc.a(_udivmoddi4.o)
                0x01f27154                __udivmoddi4
 .text          0x01f27280        0x4 i:/development/arm/gnu tools arm embedded/5.4 2016q2/bin/../lib/gcc/arm-none-eabi/5.4.1/fpu\libgcc.a(_dvmd_tls.o)
                0x01f27280                __aeabi_idiv0
                0x01f27280                __aeabi_ldiv0
 .text          0x01f27284       0x28 i:/development/arm/gnu tools arm embedded/5.4 2016q2/bin/../lib/gcc/arm-none-eabi/5.4.1/fpu\libgcc.a(_clzdi2.o)
                0x01f27284                __clzdi2
 .text          0x01f272ac       0x48 i:/development/arm/gnu tools arm embedded/5.4 2016q2/bin/../lib/gcc/arm-none-eabi/5.4.1/fpu\libgcc.a(_clzsi2.o)
                0x01f272ac                __clzsi2
 .text          0x01f272f4        0x0 i:/development/arm/gnu tools arm embedded/5.4 2016q2/bin/../lib/gcc/arm-none-eabi/5.4.1/../../../../arm-none-eabi/lib/fpu\libc.a(lib_a-abs.o)
 .text.abs      0x01f272f4        0xc i:/development/arm/gnu tools arm embedded/5.4 2016q2/bin/../lib/gcc/arm-none-eabi/5.4.1/../../../../arm-none-eabi/lib/fpu\libc.a(lib_a-abs.o)
                0x01f272f4                abs
 .text          0x01f27300        0x0 i:/development/arm/gnu tools arm embedded/5.4 2016q2/bin/../lib/gcc/arm-none-eabi/5.4.1/../../../../arm-none-eabi/lib/fpu\libc.a(lib_a-aeabi_atexit.o)
 .text.__aeabi_atexit
                0x01f27300       0x1c i:/development/arm/gnu tools arm embedded/5.4 2016q2/bin/../lib/gcc/arm-none-eabi/5.4.1/../../../../arm-none-eabi/lib/fpu\libc.a(lib_a-aeabi_atexit.o)
                0x01f27300                __aeabi_atexit
 .text          0x01f2731c        0x0 i:/development/arm/gnu tools arm embedded/5.4 2016q2/bin/../lib/gcc/arm-none-eabi/5.4.1/../../../../arm-none-eabi/lib/fpu\libc.a(lib_a-cxa_atexit.o)
 .text.__cxa_atexit
                0x01f2731c       0x20 i:/development/arm/gnu tools arm embedded/5.4 2016q2/bin/../lib/gcc/arm-none-eabi/5.4.1/../../../../arm-none-eabi/lib/fpu\libc.a(lib_a-cxa_atexit.o)
                0x01f2731c                __cxa_atexit
 .text          0x01f2733c        0x0 i:/development/arm/gnu tools arm embedded/5.4 2016q2/bin/../lib/gcc/arm-none-eabi/5.4.1/../../../../arm-none-eabi/lib/fpu\libc.a(lib_a-init.o)
 .text.__libc_init_array
                0x01f2733c       0x80 i:/development/arm/gnu tools arm embedded/5.4 2016q2/bin/../lib/gcc/arm-none-eabi/5.4.1/../../../../arm-none-eabi/lib/fpu\libc.a(lib_a-init.o)
                0x01f2733c                __libc_init_array
 .text          0x01f273bc        0x0 i:/development/arm/gnu tools arm embedded/5.4 2016q2/bin/../lib/gcc/arm-none-eabi/5.4.1/../../../../arm-none-eabi/lib/fpu\libc.a(lib_a-malloc.o)
 .text.malloc   0x01f273bc       0x20 i:/development/arm/gnu tools arm embedded/5.4 2016q2/bin/../lib/gcc/arm-none-eabi/5.4.1/../../../../arm-none-eabi/lib/fpu\libc.a(lib_a-malloc.o)
                0x01f273bc                malloc
 .text.free     0x01f273dc       0x20 i:/development/arm/gnu tools arm embedded/5.4 2016q2/bin/../lib/gcc/arm-none-eabi/5.4.1/../../../../arm-none-eabi/lib/fpu\libc.a(lib_a-malloc.o)
                0x01f273dc                free
 .text          0x01f273fc        0x0 i:/development/arm/gnu tools arm embedded/5.4 2016q2/bin/../lib/gcc/arm-none-eabi/5.4.1/../../../../arm-none-eabi/lib/fpu\libc.a(lib_a-mallocr.o)
 .text._malloc_r
                0x01f273fc      0x7a8 i:/development/arm/gnu tools arm embedded/5.4 2016q2/bin/../lib/gcc/arm-none-eabi/5.4.1/../../../../arm-none-eabi/lib/fpu\libc.a(lib_a-mallocr.o)
                0x01f273fc                _malloc_r
 .text          0x01f27ba4        0x0 i:/development/arm/gnu tools arm embedded/5.4 2016q2/bin/../lib/gcc/arm-none-eabi/5.4.1/../../../../arm-none-eabi/lib/fpu\libc.a(lib_a-memcpy-stub.o)
 .text.memcpy   0x01f27ba4       0xf0 i:/development/arm/gnu tools arm embedded/5.4 2016q2/bin/../lib/gcc/arm-none-eabi/5.4.1/../../../../arm-none-eabi/lib/fpu\libc.a(lib_a-memcpy-stub.o)
                0x01f27ba4                memcpy
 .text          0x01f27c94        0x0 i:/development/arm/gnu tools arm embedded/5.4 2016q2/bin/../lib/gcc/arm-none-eabi/5.4.1/../../../../arm-none-eabi/lib/fpu\libc.a(lib_a-memset.o)
 .text.memset   0x01f27c94       0xf4 i:/development/arm/gnu tools arm embedded/5.4 2016q2/bin/../lib/gcc/arm-none-eabi/5.4.1/../../../../arm-none-eabi/lib/fpu\libc.a(lib_a-memset.o)
                0x01f27c94                memset
 .text          0x01f27d88        0x0 i:/development/arm/gnu tools arm embedded/5.4 2016q2/bin/../lib/gcc/arm-none-eabi/5.4.1/../../../../arm-none-eabi/lib/fpu\libc.a(lib_a-mlock.o)
 .text.__malloc_lock
                0x01f27d88        0x4 i:/development/arm/gnu tools arm embedded/5.4 2016q2/bin/../lib/gcc/arm-none-eabi/5.4.1/../../../../arm-none-eabi/lib/fpu\libc.a(lib_a-mlock.o)
                0x01f27d88                __malloc_lock
 .text.__malloc_unlock
                0x01f27d8c        0x4 i:/development/arm/gnu tools arm embedded/5.4 2016q2/bin/../lib/gcc/arm-none-eabi/5.4.1/../../../../arm-none-eabi/lib/fpu\libc.a(lib_a-mlock.o)
                0x01f27d8c                __malloc_unlock
 .text          0x01f27d90        0x0 i:/development/arm/gnu tools arm embedded/5.4 2016q2/bin/../lib/gcc/arm-none-eabi/5.4.1/../../../../arm-none-eabi/lib/fpu\libc.a(lib_a-printf.o)
 .text._printf_r
                0x01f27d90       0x34 i:/development/arm/gnu tools arm embedded/5.4 2016q2/bin/../lib/gcc/arm-none-eabi/5.4.1/../../../../arm-none-eabi/lib/fpu\libc.a(lib_a-printf.o)
                0x01f27d90                _printf_r
 .text.printf   0x01f27dc4       0x40 i:/development/arm/gnu tools arm embedded/5.4 2016q2/bin/../lib/gcc/arm-none-eabi/5.4.1/../../../../arm-none-eabi/lib/fpu\libc.a(lib_a-printf.o)
                0x01f27dc4                printf
 .text          0x01f27e04        0x0 i:/development/arm/gnu tools arm embedded/5.4 2016q2/bin/../lib/gcc/arm-none-eabi/5.4.1/../../../../arm-none-eabi/lib/fpu\libc.a(lib_a-reent.o)
 .text.cleanup_glue
                0x01f27e04       0x2c i:/development/arm/gnu tools arm embedded/5.4 2016q2/bin/../lib/gcc/arm-none-eabi/5.4.1/../../../../arm-none-eabi/lib/fpu\libc.a(lib_a-reent.o)
                0x01f27e04                cleanup_glue
 .text._reclaim_reent
                0x01f27e30       0xf4 i:/development/arm/gnu tools arm embedded/5.4 2016q2/bin/../lib/gcc/arm-none-eabi/5.4.1/../../../../arm-none-eabi/lib/fpu\libc.a(lib_a-reent.o)
                0x01f27e30                _reclaim_reent
 .text          0x01f27f24        0x0 i:/development/arm/gnu tools arm embedded/5.4 2016q2/bin/../lib/gcc/arm-none-eabi/5.4.1/../../../../arm-none-eabi/lib/fpu\libc.a(lib_a-sbrkr.o)
 .text._sbrk_r  0x01f27f24       0x44 i:/development/arm/gnu tools arm embedded/5.4 2016q2/bin/../lib/gcc/arm-none-eabi/5.4.1/../../../../arm-none-eabi/lib/fpu\libc.a(lib_a-sbrkr.o)
                0x01f27f24                _sbrk_r
 .text          0x01f27f68        0x0 i:/development/arm/gnu tools arm embedded/5.4 2016q2/bin/../lib/gcc/arm-none-eabi/5.4.1/../../../../arm-none-eabi/lib/fpu\libc.a(lib_a-snprintf.o)
 .text._snprintf_r
                0x01f27f68       0xd8 i:/development/arm/gnu tools arm embedded/5.4 2016q2/bin/../lib/gcc/arm-none-eabi/5.4.1/../../../../arm-none-eabi/lib/fpu\libc.a(lib_a-snprintf.o)
                0x01f27f68                _snprintf_r
 .text.snprintf
                0x01f28040       0xe8 i:/development/arm/gnu tools arm embedded/5.4 2016q2/bin/../lib/gcc/arm-none-eabi/5.4.1/../../../../arm-none-eabi/lib/fpu\libc.a(lib_a-snprintf.o)
                0x01f28040                snprintf
 .text          0x01f28128        0x0 i:/development/arm/gnu tools arm embedded/5.4 2016q2/bin/../lib/gcc/arm-none-eabi/5.4.1/../../../../arm-none-eabi/lib/fpu\libc.a(lib_a-strcpy.o)
 .text.strcpy   0x01f28128       0xf0 i:/development/arm/gnu tools arm embedded/5.4 2016q2/bin/../lib/gcc/arm-none-eabi/5.4.1/../../../../arm-none-eabi/lib/fpu\libc.a(lib_a-strcpy.o)
                0x01f28128                strcpy
 .text          0x01f28218        0x0 i:/development/arm/gnu tools arm embedded/5.4 2016q2/bin/../lib/gcc/arm-none-eabi/5.4.1/../../../../arm-none-eabi/lib/fpu\libc.a(lib_a-strlen-stub.o)
 .text.strlen   0x01f28218       0x60 i:/development/arm/gnu tools arm embedded/5.4 2016q2/bin/../lib/gcc/arm-none-eabi/5.4.1/../../../../arm-none-eabi/lib/fpu\libc.a(lib_a-strlen-stub.o)
                0x01f28218                strlen
 .text          0x01f28278        0x0 i:/development/arm/gnu tools arm embedded/5.4 2016q2/bin/../lib/gcc/arm-none-eabi/5.4.1/../../../../arm-none-eabi/lib/fpu\libc.a(lib_a-strncmp.o)
 .text.strncmp  0x01f28278      0x124 i:/development/arm/gnu tools arm embedded/5.4 2016q2/bin/../lib/gcc/arm-none-eabi/5.4.1/../../../../arm-none-eabi/lib/fpu\libc.a(lib_a-strncmp.o)
                0x01f28278                strncmp
 .text          0x01f2839c        0x0 i:/development/arm/gnu tools arm embedded/5.4 2016q2/bin/../lib/gcc/arm-none-eabi/5.4.1/../../../../arm-none-eabi/lib/fpu\libc.a(lib_a-strrchr.o)
 .text.strrchr  0x01f2839c       0x54 i:/development/arm/gnu tools arm embedded/5.4 2016q2/bin/../lib/gcc/arm-none-eabi/5.4.1/../../../../arm-none-eabi/lib/fpu\libc.a(lib_a-strrchr.o)
                0x01f2839c                strrchr
 .text          0x01f283f0        0x0 i:/development/arm/gnu tools arm embedded/5.4 2016q2/bin/../lib/gcc/arm-none-eabi/5.4.1/../../../../arm-none-eabi/lib/fpu\libc.a(lib_a-svfprintf.o)
 .text._svfprintf_r
                0x01f283f0     0x2268 i:/development/arm/gnu tools arm embedded/5.4 2016q2/bin/../lib/gcc/arm-none-eabi/5.4.1/../../../../arm-none-eabi/lib/fpu\libc.a(lib_a-svfprintf.o)
                0x01f283f0                _svfprintf_r
 .text          0x01f2a658        0x0 i:/development/arm/gnu tools arm embedded/5.4 2016q2/bin/../lib/gcc/arm-none-eabi/5.4.1/../../../../arm-none-eabi/lib/fpu\libc.a(lib_a-vfprintf.o)
 .text._vfprintf_r
                0x01f2a658     0x222c i:/development/arm/gnu tools arm embedded/5.4 2016q2/bin/../lib/gcc/arm-none-eabi/5.4.1/../../../../arm-none-eabi/lib/fpu\libc.a(lib_a-vfprintf.o)
                0x01f2a658                _vfprintf_r
 .text.vfprintf
                0x01f2c884       0x1c i:/development/arm/gnu tools arm embedded/5.4 2016q2/bin/../lib/gcc/arm-none-eabi/5.4.1/../../../../arm-none-eabi/lib/fpu\libc.a(lib_a-vfprintf.o)
                0x01f2c884                vfprintf
 .text.__sbprintf
                0x01f2c8a0       0xac i:/development/arm/gnu tools arm embedded/5.4 2016q2/bin/../lib/gcc/arm-none-eabi/5.4.1/../../../../arm-none-eabi/lib/fpu\libc.a(lib_a-vfprintf.o)
 .text          0x01f2c94c        0x0 i:/development/arm/gnu tools arm embedded/5.4 2016q2/bin/../lib/gcc/arm-none-eabi/5.4.1/../../../../arm-none-eabi/lib/fpu\libc.a(lib_a-vprintf.o)
 .text.vprintf  0x01f2c94c       0x2c i:/development/arm/gnu tools arm embedded/5.4 2016q2/bin/../lib/gcc/arm-none-eabi/5.4.1/../../../../arm-none-eabi/lib/fpu\libc.a(lib_a-vprintf.o)
                0x01f2c94c                vprintf
 .text._vprintf_r
                0x01f2c978       0x1c i:/development/arm/gnu tools arm embedded/5.4 2016q2/bin/../lib/gcc/arm-none-eabi/5.4.1/../../../../arm-none-eabi/lib/fpu\libc.a(lib_a-vprintf.o)
                0x01f2c978                _vprintf_r
 .text          0x01f2c994        0x0 i:/development/arm/gnu tools arm embedded/5.4 2016q2/bin/../lib/gcc/arm-none-eabi/5.4.1/../../../../arm-none-eabi/lib/fpu\libc.a(lib_a-wsetup.o)
 .text.__swsetup_r
                0x01f2c994      0x164 i:/development/arm/gnu tools arm embedded/5.4 2016q2/bin/../lib/gcc/arm-none-eabi/5.4.1/../../../../arm-none-eabi/lib/fpu\libc.a(lib_a-wsetup.o)
                0x01f2c994                __swsetup_r
 .text          0x01f2caf8        0x0 i:/development/arm/gnu tools arm embedded/5.4 2016q2/bin/../lib/gcc/arm-none-eabi/5.4.1/../../../../arm-none-eabi/lib/fpu\libc.a(lib_a-__atexit.o)
 .text.__register_exitproc