Archive member included to satisfy reference by file (symbol)

uspi/libuspi.a(uspilibrary.o)
                              src/main.o (USPiInitialize)
uspi/libuspi.a(dwhcidevice.o)
                              uspi/libuspi.a(uspilibrary.o) (DWHCIDevice)
uspi/libuspi.a(dwhciregister.o)
                              uspi/libuspi.a(dwhcidevice.o) (DWHCIRegister)
uspi/libuspi.a(dwhcixferstagedata.o)
                              uspi/libuspi.a(dwhcidevice.o) (DWHCITransferStageData)
uspi/libuspi.a(usbdevice.o)   uspi/libuspi.a(dwhcixferstagedata.o) (USBDeviceGetAddress)
uspi/libuspi.a(usbendpoint.o)
                              uspi/libuspi.a(usbdevice.o) (USBEndpoint)
uspi/libuspi.a(usbrequest.o)  uspi/libuspi.a(dwhcidevice.o) (USBRequest)
uspi/libuspi.a(devicenameservice.o)
                              uspi/libuspi.a(uspilibrary.o) (DeviceNameService)
uspi/libuspi.a(macaddress.o)  uspi/libuspi.a(uspilibrary.o) (MACAddressCopyTo)
uspi/libuspi.a(smsc951x.o)    uspi/libuspi.a(uspilibrary.o) (SMSC951xDeviceGetMACAddress)
uspi/libuspi.a(lan7800.o)     uspi/libuspi.a(uspilibrary.o) (LAN7800DeviceGetMACAddress)
uspi/libuspi.a(string.o)      uspi/libuspi.a(uspilibrary.o) (String)
uspi/libuspi.a(util.o)        uspi/libuspi.a(macaddress.o) (uspi_memset)
uspi/libuspi.a(usbmassdevice.o)
                              uspi/libuspi.a(uspilibrary.o) (USBBulkOnlyMassStorageDeviceSeek)
uspi/libuspi.a(dwhciframeschednper.o)
                              uspi/libuspi.a(dwhcixferstagedata.o) (DWHCIFrameSchedulerNonPeriodic)
uspi/libuspi.a(dwhciframeschedper.o)
                              uspi/libuspi.a(dwhcixferstagedata.o) (DWHCIFrameSchedulerPeriodic)
uspi/libuspi.a(usbkeyboard.o)
                              uspi/libuspi.a(uspilibrary.o) (USBKeyboardDeviceRegisterKeyPressedHandler)
uspi/libuspi.a(dwhcirootport.o)
                              uspi/libuspi.a(dwhcidevice.o) (DWHCIRootPort)
uspi/libuspi.a(usbmouse.o)    uspi/libuspi.a(uspilibrary.o) (USBMouseDeviceRegisterStatusHandler)
uspi/libuspi.a(dwhciframeschednsplit.o)
                              uspi/libuspi.a(dwhcixferstagedata.o) (DWHCIFrameSchedulerNoSplit)
uspi/libuspi.a(usbgamepad.o)  uspi/libuspi.a(uspilibrary.o) (USBGamePadDeviceRegisterStatusHandler)
uspi/libuspi.a(synchronize.o)
                              uspi/libuspi.a(dwhcidevice.o) (uspi_EnterCritical)
uspi/libuspi.a(usbstring.o)   uspi/libuspi.a(usbdevice.o) (USBString)
uspi/libuspi.a(usbmidi.o)     uspi/libuspi.a(uspilibrary.o) (USBMIDIDeviceRegisterPacketHandler)
uspi/libuspi.a(usbconfigparser.o)
                              uspi/libuspi.a(usbdevice.o) (USBConfigurationParser)
uspi/libuspi.a(usbdevicefactory.o)
                              uspi/libuspi.a(dwhcirootport.o) (USBDeviceFactoryGetDevice)
uspi/libuspi.a(usbstandardhub.o)
                              uspi/libuspi.a(usbdevicefactory.o) (USBStandardHub)
uspi/libuspi.a(keymap.o)      uspi/libuspi.a(usbkeyboard.o) (KeyMap)
i:/development/arm/gnu tools arm embedded/5.4 2016q2/bin/../lib/gcc/arm-none-eabi/5.4.1/fpu\libgcc.a(_aeabi_uldivmod.o)
                              src/ff.o (__aeabi_uldivmod)
i:/development/arm/gnu tools arm embedded/5.4 2016q2/bin/../lib/gcc/arm-none-eabi/5.4.1/fpu\libgcc.a(_udivmoddi4.o)
                              i:/development/arm/gnu tools arm embedded/5.4 2016q2/bin/../lib/gcc/arm-none-eabi/5.4.1/fpu\libgcc.a(_aeabi_uldivmod.o) (__udivmoddi4)
i:/development/arm/gnu tools arm embedded/5.4 2016q2/bin/../lib/gcc/arm-none-eabi/5.4.1/fpu\libgcc.a(_dvmd_tls.o)
                              i:/development/arm/gnu tools arm embedded/5.4 2016q2/bin/../lib/gcc/arm-none-eabi/5.4.1/fpu\libgcc.a(_aeabi_uldivmod.o) (__aeabi_ldiv0)
i:/development/arm/gnu tools arm embedded/5.4 2016q2/bin/../lib/gcc/arm-none-eabi/5.4.1/fpu\libgcc.a(_clzdi2.o)
                              i:/development/arm/gnu tools arm embedded/5.4 2016q2/bin/../lib/gcc/arm-none-eabi/5.4.1/fpu\libgcc.a(_udivmoddi4.o) (__clzdi2)
i:/development/arm/gnu tools arm embedded/5.4 2016q2/bin/../lib/gcc/arm-none-eabi/5.4.1/fpu\libgcc.a(_clzsi2.o)
                              i:/development/arm/gnu tools arm embedded/5.4 2016q2/bin/../lib/gcc/arm-none-eabi/5.4.1/fpu\libgcc.a(_clzdi2.o) (__clzsi2)
i:/development/arm/gnu tools arm embedded/5.4 2016q2/bin/../lib/gcc/arm-none-eabi/5.4.1/../../../../arm-none-eabi/lib/fpu\libc.a(lib_a-abs.o)
                              src/vga.o (abs)
i:/development/arm/gnu tools arm embedded/5.4 2016q2/bin/../lib/gcc/arm-none-eabi/5.4.1/../../../../arm-none-eabi/lib/fpu\libc.a(lib_a-aeabi_atexit.o)
                              src/main.o (__aeabi_atexit)
i:/development/arm/gnu tools arm embedded/5.4 2016q2/bin/../lib/gcc/arm-none-eabi/5.4.1/../../../../arm-none-eabi/lib/fpu\libc.a(lib_a-atof.o)
                              src/expr.o (atof)
i:/development/arm/gnu tools arm embedded/5.4 2016q2/bin/../lib/gcc/arm-none-eabi/5.4.1/../../../../arm-none-eabi/lib/fpu\libc.a(lib_a-cxa_atexit.o)
[...]
Memory Configuration

Name             Origin             Length             Attributes
*default*        0x00000000         0xffffffff

Linker script and memory map

LOAD i:/development/arm/gnu tools arm embedded/5.4 2016q2/bin/../lib/gcc/arm-none-eabi/5.4.1/../../../../arm-none-eabi/lib/fpu\libm.a
LOAD i:/development/arm/gnu tools arm embedded/5.4 2016q2/bin/../lib/gcc/arm-none-eabi/5.4.1/../../../../arm-none-eabi/lib/fpu\libm.a
LOAD src/armc-start.o
LOAD src/armc-cstartup.o
LOAD src/armc-cstubs.o
LOAD src/armc-cppstubs.o
LOAD src/exception.o
LOAD src/main.o
LOAD src/rpi-aux.o
LOAD src/rpi-i2c.o
LOAD src/rpi-mailbox-interface.o
LOAD src/rpi-mailbox.o
LOAD src/rpi-gpio.o
LOAD src/rpi-interrupts.o
LOAD src/cache.o
LOAD src/ff.o
LOAD src/interrupt.o
LOAD src/Keyboard.o
LOAD src/emmc.o
LOAD src/diskio.o
LOAD src/vga.o
LOAD src/terminal.o
LOAD src/timer.o
LOAD src/font_data.o
LOAD src/basic.o
LOAD src/linkedlist.o
LOAD src/expr.o
LOAD uspi/libuspi.a
START GROUP
LOAD i:/development/arm/gnu tools arm embedded/5.4 2016q2/bin/../lib/gcc/arm-none-eabi/5.4.1/fpu\libgcc.a
LOAD i:/development/arm/gnu tools arm embedded/5.4 2016q2/bin/../lib/gcc/arm-none-eabi/5.4.1/../../../../arm-none-eabi/lib/fpu\libc.a
END GROUP
                [!provide]                PROVIDE (__executable_start, 0x1f00000)
                0x01f00000                . = 0x1f00000

.interp
 *(.interp)

.note.gnu.build-id
 *(.note.gnu.build-id)

.hash
 *(.hash)

.gnu.hash
 *(.gnu.hash)

.dynsym
 *(.dynsym)

.dynstr
 *(.dynstr)

.gnu.version
 *(.gnu.version)

.gnu.version_d
 *(.gnu.version_d)

.gnu.version_r
 *(.gnu.version_r)

.rel.init
 *(.rel.init)

.rela.init
 *(.rela.init)

.rel.text
 *(.rel.text .rel.text.* .rel.gnu.linkonce.t.*)

.rela.text
 *(.rela.text .rela.text.* .rela.gnu.linkonce.t.*)

.rel.fini
 *(.rel.fini)

.rela.fini
 *(.rela.fini)

.rel.rodata
 *(.rel.rodata .rel.rodata.* .rel.gnu.linkonce.r.*)

.rela.rodata
 *(.rela.rodata .rela.rodata.* .rela.gnu.linkonce.r.*)

.rel.data.rel.ro
 *(.rel.data.rel.ro* .rel.gnu.linkonce.d.rel.ro.*)

.rela.data.rel.ro
 *(.rela.data.rel.ro* .rela.gnu.linkonce.d.rel.ro.*)

.rel.data
 *(.rel.data .rel.data.* .rel.gnu.linkonce.d.*)

.rela.data
 *(.rela.data .rela.data.* .rela.gnu.linkonce.d.*)

.rel.tdata
 *(.rel.tdata .rel.tdata.* .rel.gnu.linkonce.td.*)

.rela.tdata
 *(.rela.tdata .rela.tdata.* .rela.gnu.linkonce.td.*)

.rel.tbss
 *(.rel.tbss .rel.tbss.* .rel.gnu.linkonce.tb.*)

.rela.tbss
 *(.rela.tbss .rela.tbss.* .rela.gnu.linkonce.tb.*)

.rel.ctors
 *(.rel.ctors)

.rela.ctors
 *(.rela.ctors)

.rel.dtors
 *(.rel.dtors)

.rela.dtors
 *(.rela.dtors)

.rel.got
 *(.rel.got)

.rela.got
 *(.rela.got)

.rel.bss
 *(.rel.bss .rel.bss.* .rel.gnu.linkonce.b.*)

.rela.bss
 *(.rela.bss .rela.bss.* .rela.gnu.linkonce.b.*)

.rel.iplt       0x01f00000        0x0
                [!provide]                PROVIDE (__rel_iplt_start, .)
 *(.rel.iplt)
 .rel.iplt      0x01f00000        0x0 src/armc-start.o
                [!provide]                PROVIDE (__rel_iplt_end, .)

.rela.iplt      0x01f00000        0x0
                [!provide]                PROVIDE (__rela_iplt_start, .)
 *(.rela.iplt)
                [!provide]                PROVIDE (__rela_iplt_end, .)

.rel.plt
 *(.rel.plt)

.rela.plt
 *(.rela.plt)

.init
 *(.init)

.plt
 *(.plt)

.iplt           0x01f00000        0x0
 *(.iplt)
 .iplt          0x01f00000        0x0 src/armc-start.o

.text           0x01f00000    0x37860
 *(.text.startup .text.startup.*)
 .text.startup  0x01f00000       0x40 src/armc-start.o
                0x01f00000                _start
 .text.startup  0x01f00040       0x30 src/main.o
 *(.text.unlikely .text.*_unlikely)
 .text.unlikely
                0x01f00070      0x14c src/ff.o
 *(.text.exit .text.exit.*)
 *(.text.hot .text.hot.*)
 *(.text .stub .text.* .gnu.linkonce.t.*)
 .text          0x01f001bc        0x0 src/armc-start.o
 .text._reset_  0x01f001bc       0xc0 src/armc-start.o
 .text._get_stack_pointer
                0x01f0027c        0x8 src/armc-start.o
                0x01f0027c                _get_stack_pointer
 .text._get_cpsr
                0x01f00284        0x8 src/armc-start.o
                0x01f00284                _get_cpsr
 .text._enable_interrupts
                0x01f0028c       0x10 src/armc-start.o
                0x01f0028c                _enable_interrupts
 .text._disable_interrupts
                0x01f0029c       0x10 src/armc-start.o
                0x01f0029c                _disable_interrupts
 .text._undefined_instruction_handler_
                0x01f002ac       0x14 src/armc-start.o
 .text._prefetch_abort_handler_
                0x01f002c0       0x14 src/armc-start.o
 .text._data_abort_handler_
                0x01f002d4       0x14 src/armc-start.o
 .text._swi_handler_
                0x01f002e8       0x14 src/armc-start.o
 .text._enable_unaligned_access
                0x01f002fc       0x14 src/armc-start.o
                0x01f002fc                _enable_unaligned_access
 .text._enable_l1_cache
                0x01f00310       0x18 src/armc-start.o
                0x01f00310                _enable_l1_cache
 .text._invalidate_icache
                0x01f00328        0xc src/armc-start.o
                0x01f00328                _invalidate_icache
 .text._invalidate_dcache
                0x01f00334        0xc src/armc-start.o
                0x01f00334                _invalidate_dcache
 .text._clean_invalidate_dcache
                0x01f00340        0xc src/armc-start.o
                0x01f00340                _clean_invalidate_dcache
 .text._invalidate_dcache_mva
                0x01f0034c        0x8 src/armc-start.o
                0x01f0034c                _invalidate_dcache_mva
 .text._clean_invalidate_dcache_mva
                0x01f00354        0x8 src/armc-start.o
                0x01f00354                _clean_invalidate_dcache_mva
 .text._invalidate_dtlb
                0x01f0035c        0xc src/armc-start.o
                0x01f0035c                _invalidate_dtlb
 .text._invalidate_dtlb_mva
                0x01f00368        0x8 src/armc-start.o
                0x01f00368                _invalidate_dtlb_mva
 .text._data_memory_barrier
                0x01f00370       0xb0 src/armc-start.o
                0x01f00370                _data_memory_barrier
                0x01f00378                _init_core
                0x01f00408                _spin_core
                0x01f00410                _get_core
 .text._toggle_test_pin
                0x01f00420       0x28 src/armc-start.o
                0x01f00420                _toggle_test_pin
 .text          0x01f00448        0x0 src/armc-cstartup.o
 .text._init    0x01f00448        0x4 src/armc-cstartup.o
                0x01f00448                _init
 .text._cstartup
                0x01f0044c      0x174 src/armc-cstartup.o
                0x01f0044c                _cstartup
 .text          0x01f005c0        0x0 src/armc-cstubs.o
 .text._exit    0x01f005c0        0x4 src/armc-cstubs.o
                0x01f005c0                _exit
 .text._fini    0x01f005c4        0x4 src/armc-cstubs.o
                0x01f005c4                _fini
 .text._close   0x01f005c8        0x8 src/armc-cstubs.o
                0x01f005c8                _close
 .text.execve   0x01f005d0       0x18 src/armc-cstubs.o
                0x01f005d0                execve
 .text.fork     0x01f005e8       0x18 src/armc-cstubs.o
                0x01f005e8                fork
 .text._fstat   0x01f00600       0x10 src/armc-cstubs.o
                0x01f00600                _fstat
 .text.getpid   0x01f00610        0x8 src/armc-cstubs.o
                0x01f00610                getpid
 .text._getpid  0x01f00618        0x8 src/armc-cstubs.o
                0x01f00618                _getpid
 .text._isatty  0x01f00620        0x8 src/armc-cstubs.o
                0x01f00620                _isatty
 .text.kill     0x01f00628       0x18 src/armc-cstubs.o
                0x01f00628                kill
 .text._kill    0x01f00640       0x18 src/armc-cstubs.o
                0x01f00640                _kill
 .text.link     0x01f00658       0x18 src/armc-cstubs.o
                0x01f00658                link
 .text._lseek   0x01f00670        0x8 src/armc-cstubs.o
                0x01f00670                _lseek
 .text.open     0x01f00678        0x8 src/armc-cstubs.o
                0x01f00678                open
 .text._read    0x01f00680        0x8 src/armc-cstubs.o
                0x01f00680                _read
 .text._sbrk    0x01f00688       0x2c src/armc-cstubs.o
                0x01f00688                _sbrk
 .text.stat     0x01f006b4       0x10 src/armc-cstubs.o
                0x01f006b4                stat
 .text.times    0x01f006c4        0x8 src/armc-cstubs.o
                0x01f006c4                times
 .text.unlink   0x01f006cc       0x18 src/armc-cstubs.o
                0x01f006cc                unlink
 .text.wait     0x01f006e4       0x18 src/armc-cstubs.o
                0x01f006e4                wait
 .text.outbyte  0x01f006fc        0x4 src/armc-cstubs.o
                0x01f006fc                outbyte
 .text._write   0x01f00700       0x2c src/armc-cstubs.o
                0x01f00700                _write
 .text          0x01f0072c       0x10 src/armc-cppstubs.o
                0x01f0072c                operator new(unsigned int)
                0x01f00730                operator delete(void*)
                0x01f00734                std::__throw_bad_alloc()
                0x01f00738                std::__throw_length_error(char const*)
 .text          0x01f0073c        0x0 src/exception.o
 .text.reboot_now
                0x01f0073c       0x24 src/exception.o
                0x01f0073c                reboot_now
 .text.dump_digit
                0x01f00760       0x14 src/exception.o
                0x01f00760                dump_digit
 .text.dump_hex
                0x01f00774       0x30 src/exception.o
                0x01f00774                dump_hex
 .text.dump_binary
                0x01f007a4       0x28 src/exception.o
                0x01f007a4                dump_binary
 .text.dump_string
                0x01f007cc       0x28 src/exception.o
                0x01f007cc                dump_string
 .text.dump_info
                0x01f007f4      0x464 src/exception.o
                0x01f007f4                dump_info
 .text.undefined_instruction_handler
                0x01f00c58       0x10 src/exception.o
                0x01f00c58                undefined_instruction_handler
 .text.prefetch_abort_handler
                0x01f00c68       0x10 src/exception.o
                0x01f00c68                prefetch_abort_handler
 .text.data_abort_handler
                0x01f00c78       0x10 src/exception.o
                0x01f00c78                data_abort_handler
 .text.swi_handler
                0x01f00c88       0x10 src/exception.o
                0x01f00c88                swi_handler
 .text          0x01f00c98      0x30c src/main.o
                0x01f00c98                LogWrite
                0x01f00cc8                GetMACAddress
                0x01f00d38                SetPowerStateOn
                0x01f00d8c                usDelay
                0x01f00dc0                MsDelay
                0x01f00dfc                StartKernelTimer
                0x01f00e00                CancelKernelTimer
                0x01f00e04                ConnectInterrupt
                0x01f00e08                get_fattime
                0x01f00e10                InitializeHardware()
                0x01f00e84                core0
                0x01f00ea4                kernel_main
                0x01f00f90                core1
                0x01f00f94                run_core
 .text          0x01f00fa4        0x0 src/rpi-aux.o
 .text.RPI_GetAux
                0x01f00fa4        0xc src/rpi-aux.o
                0x01f00fa4                RPI_GetAux
 .text.RPI_AuxMiniUartInit
                0x01f00fb0      0x17c src/rpi-aux.o
                0x01f00fb0                RPI_AuxMiniUartInit
 .text.RPI_AuxMiniUartWrite
                0x01f0112c       0x24 src/rpi-aux.o
                0x01f0112c                RPI_AuxMiniUartWrite
 .text.RPI_EnableUart
                0x01f01150       0x24 src/rpi-aux.o
                0x01f01150                RPI_EnableUart
 .text          0x01f01174        0x0 src/rpi-i2c.o
 .text.RPI_I2CSetClock
                0x01f01174       0x88 src/rpi-i2c.o
                0x01f01174                RPI_I2CSetClock
 .text.RPI_I2CInit
                0x01f011fc       0xd4 src/rpi-i2c.o
                0x01f011fc                RPI_I2CInit
 .text.RPI_I2CRead
                0x01f012d0      0x144 src/rpi-i2c.o
                0x01f012d0                RPI_I2CRead
 .text.RPI_I2CWrite
                0x01f01414      0x150 src/rpi-i2c.o
                0x01f01414                RPI_I2CWrite
 .text.RPI_I2CScan
                0x01f01564       0xb4 src/rpi-i2c.o
                0x01f01564                RPI_I2CScan
 .text          0x01f01618        0x0 src/rpi-mailbox-interface.o
 .text.RPI_PropertyInit
                0x01f01618       0x30 src/rpi-mailbox-interface.o
                0x01f01618                RPI_PropertyInit
 .text.RPI_PropertyAddTag
                0x01f01648      0x678 src/rpi-mailbox-interface.o
                0x01f01648                RPI_PropertyAddTag
 .text.RPI_PropertyProcess
                0x01f01cc0       0x44 src/rpi-mailbox-interface.o
                0x01f01cc0                RPI_PropertyProcess
 .text.RPI_PropertyProcessNoCheck
                0x01f01d04       0x34 src/rpi-mailbox-interface.o
                0x01f01d04                RPI_PropertyProcessNoCheck
 .text.RPI_PropertyGet
                0x01f01d38       0x94 src/rpi-mailbox-interface.o
                0x01f01d38                RPI_PropertyGet
 .text          0x01f01dcc        0x0 src/rpi-mailbox.o
 .text.RPI_Mailbox0Write
                0x01f01dcc       0x2c src/rpi-mailbox.o
                0x01f01dcc                RPI_Mailbox0Write
 .text.RPI_Mailbox0Read
                0x01f01df8       0x40 src/rpi-mailbox.o
                0x01f01df8                RPI_Mailbox0Read
 .text.RPI_Mailbox0Flush
                0x01f01e38       0x34 src/rpi-mailbox.o
                0x01f01e38                RPI_Mailbox0Flush
 .text          0x01f01e6c        0x0 src/rpi-gpio.o
 .text.RPI_SetGpioPinFunction
                0x01f01e6c       0x70 src/rpi-gpio.o
                0x01f01e6c                RPI_SetGpioPinFunction
 .text.RPI_SetGpioOutput
                0x01f01edc       0x74 src/rpi-gpio.o
                0x01f01edc                RPI_SetGpioOutput
 .text.RPI_SetGpioInput
                0x01f01f50       0x6c src/rpi-gpio.o
                0x01f01f50                RPI_SetGpioInput
 .text.RPI_GetGpioValue
                0x01f01fbc       0x70 src/rpi-gpio.o
                0x01f01fbc                RPI_GetGpioValue
 .text.RPI_ToggleGpio
                0x01f0202c       0xb8 src/rpi-gpio.o
                0x01f0202c                RPI_ToggleGpio
 .text.RPI_SetGpioHi
                0x01f020e4       0x4c src/rpi-gpio.o
                0x01f020e4                RPI_SetGpioHi
 .text.RPI_SetGpioLo
                0x01f02130       0x4c src/rpi-gpio.o
                0x01f02130                RPI_SetGpioLo
 .text.RPI_SetGpioValue
                0x01f0217c       0xb0 src/rpi-gpio.o
                0x01f0217c                RPI_SetGpioValue
 .text.EnableGpioDetect
                0x01f0222c      0x1d8 src/rpi-gpio.o
                0x01f0222c                EnableGpioDetect
 .text.DisableGpioDetect
                0x01f02404      0x1dc src/rpi-gpio.o
                0x01f02404                DisableGpioDetect
 .text.ClearGpioEvent
                0x01f025e0       0x30 src/rpi-gpio.o
                0x01f025e0                ClearGpioEvent
 .text.SetACTLed
                0x01f02610       0x78 src/rpi-gpio.o
                0x01f02610                SetACTLed
 .text.RPI_TouchInit
                0x01f02688       0x44 src/rpi-gpio.o
                0x01f02688                RPI_TouchInit
 .text.RPI_UpdateTouch
                0x01f026cc       0x18 src/rpi-gpio.o
                0x01f026cc                RPI_UpdateTouch
 .text.RPI_GpioVirtGetAddress
                0x01f026e4       0x10 src/rpi-gpio.o
                0x01f026e4                RPI_GpioVirtGetAddress
 .text.RPI_GpioVirtInit
                0x01f026f4       0x44 src/rpi-gpio.o
                0x01f026f4                RPI_GpioVirtInit
 .text.RPI_GpioVirtSetLed
                0x01f02738       0x78 src/rpi-gpio.o
                0x01f02738                RPI_GpioVirtSetLed
 .text          0x01f027b0        0x0 src/rpi-interrupts.o
 .text.RPI_GetIrqController
                0x01f027b0        0xc src/rpi-interrupts.o
                0x01f027b0                RPI_GetIrqController
 .text          0x01f027bc        0x0 src/cache.o
 .text.InvalidateDataCache
                0x01f027bc       0xc8 src/cache.o
                0x01f027bc                InvalidateDataCache
 .text.CleanDataCache
                0x01f02884       0xc8 src/cache.o
                0x01f02884                CleanDataCache
 .text.map_4k_page
                0x01f0294c       0x2c src/cache.o
                0x01f0294c                map_4k_page
 .text.enable_MMU_and_IDCaches
                0x01f02978      0x1fc src/cache.o
                0x01f02978                enable_MMU_and_IDCaches
 .text          0x01f02b74     0xf434 src/ff.o
                0x01f0a808                f_mount
                0x01f0a8d4                f_open
                0x01f0b148                f_read
                0x01f0bb24                f_write
                0x01f0c514                f_sync
                0x01f0c968                f_close
                0x01f0cdfc                f_chdir
                0x01f0cf24                f_getcwd
                0x01f0d2ec                f_lseek
                0x01f0d6b4                f_opendir
                0x01f0d880                f_closedir
                0x01f0d8d8                f_readdir
                0x01f0da54                f_findnext
                0x01f0dbdc                f_findfirst
                0x01f0dda4                f_stat
                0x01f0de1c                f_getfree
                0x01f0e1b4                f_truncate
                0x01f0e334                f_unlink
                0x01f0e540                f_mkdir
                0x01f0f204                f_rename
                0x01f0f624                f_chmod
                0x01f0f6f0                f_utime
                0x01f0f7e0                f_gets
                0x01f0f9dc                f_putc
                0x01f10390                f_puts
                0x01f10e68                f_printf
                0x01f11fa0                ff_convert
                0x01f11fa4                ff_wtoupper
 .text          0x01f11fa8        0x0 src/interrupt.o
 .text.InterruptSystemInitialize
                0x01f11fa8       0x4c src/interrupt.o
                0x01f11fa8                InterruptSystemInitialize
 .text.InterruptSystemConnectIRQ
                0x01f11ff4       0x5c src/interrupt.o
                0x01f11ff4                InterruptSystemConnectIRQ
 .text.InterruptSystemDisconnectIRQ
                0x01f12050       0x60 src/interrupt.o
                0x01f12050                InterruptSystemDisconnectIRQ
 .text.InterruptSystemEnableIRQ
                0x01f120b0       0x44 src/interrupt.o
                0x01f120b0                InterruptSystemEnableIRQ
 .text.InterruptSystemDisableIRQ
                0x01f120f4       0x44 src/interrupt.o
                0x01f120f4                InterruptSystemDisableIRQ
 .text.InterruptHandler
                0x01f12138      0x160 src/interrupt.o
                0x01f12138                InterruptHandler
 .text          0x01f12298      0x838 src/Keyboard.o
                0x01f12298                Keyboard::USBKeyboardDeviceTimerHandler(unsigned int, void*, void*)
                0x01f12420                Keyboard::KeyPressedHandlerRaw(TUSBKeyboardDevice*, unsigned char, unsigned char const*)
                0x01f127b8                Keyboard::Keyboard()
                0x01f127b8                Keyboard::Keyboard()
                0x01f12840                Keyboard::GetChar()
 .text._ZN9SingletonI8KeyboardED2Ev
                0x01f12ad0        0x4 src/Keyboard.o
                0x01f12ad0                Singleton<Keyboard>::~Singleton()
                0x01f12ad0                Singleton<Keyboard>::~Singleton()
 .text._ZN8KeyboardD2Ev
                0x01f12ad4        0x4 src/Keyboard.o
                0x01f12ad4                Keyboard::~Keyboard()
                0x01f12ad4                Keyboard::~Keyboard()
 .text._ZN8KeyboardD0Ev
                0x01f12ad8       0x14 src/Keyboard.o
                0x01f12ad8                Keyboard::~Keyboard()
 .text._ZN9SingletonI8KeyboardED0Ev
                0x01f12aec       0x14 src/Keyboard.o
                0x01f12aec                Singleton<Keyboard>::~Singleton()
 .text          0x01f12b00     0x1aec src/emmc.o
                0x01f12b00                CEMMCDevice::CEMMCDevice()
                0x01f12b00                CEMMCDevice::CEMMCDevice()
                0x01f12b14                CEMMCDevice::~CEMMCDevice()
                0x01f12b14                CEMMCDevice::~CEMMCDevice()
                0x01f12b18                CEMMCDevice::Seek(unsigned long long)
                0x01f12b28                CEMMCDevice::PowerOn()
                0x01f12b70                CEMMCDevice::PowerOff()
                0x01f12b88                CEMMCDevice::GetClockDivider(unsigned int, unsigned int)
                0x01f12c2c                CEMMCDevice::SwitchClockRate(unsigned int, unsigned int)
                0x01f12dc4                CEMMCDevice::ResetCmd()
                0x01f12e3c                CEMMCDevice::ResetDat()
                0x01f12eb4                CEMMCDevice::IssueCommandInt(unsigned int, unsigned int, int)
                0x01f131ac                CEMMCDevice::HandleCardInterrupt()
                0x01f131d0                CEMMCDevice::HandleInterrupts()
                0x01f13420                CEMMCDevice::IssueCommand(unsigned int, unsigned int, int)
                0x01f134fc                CEMMCDevice::CardReset()
                0x01f13e08                CEMMCDevice::Initialize()
                0x01f13e70                CEMMCDevice::EnsureDataMode()
                0x01f1408c                CEMMCDevice::Read(void*, unsigned int)
                0x01f141ac                CEMMCDevice::Write(void const*, unsigned int)
                0x01f142cc                CEMMCDevice::DoDataCommand(int, unsigned char*, unsigned int, unsigned int)
                0x01f143a8                CEMMCDevice::DoRead(unsigned char*, unsigned int, unsigned int)
                0x01f14484                CEMMCDevice::DoWrite(unsigned char*, unsigned int, unsigned int)
                0x01f14560                CEMMCDevice::TimeoutWait(unsigned int, unsigned int, int, unsigned int)
 .text          0x01f145ec      0x158 src/diskio.o
                0x01f145ec                disk_setEMM
                0x01f145fc                sd_card_init(block_device**)
                0x01f14604                sd_read(unsigned char*, unsigned int, unsigned long)
                0x01f14620                sd_write(unsigned char*, unsigned int, unsigned long)
                0x01f1463c                disk_status
                0x01f14644                disk_initialize
                0x01f1464c                disk_read
                0x01f146c4                disk_write
                0x01f1473c                disk_ioctl
 .text          0x01f14744        0x0 src/vga.o
 .text.vga_plotpixel32
                0x01f14744       0x20 src/vga.o
                0x01f14744                vga_plotpixel32
 .text.vga_plotpixel24
                0x01f14764       0x44 src/vga.o
                0x01f14764                vga_plotpixel24
 .text.vga_plotpixel16
                0x01f147a8       0x3c src/vga.o
                0x01f147a8                vga_plotpixel16
 .text.vga_plotpixel8
                0x01f147e4       0x20 src/vga.o
                0x01f147e4                vga_plotpixel8
 .text.vga_init
                0x01f14804      0x1d8 src/vga.o
                0x01f14804                vga_init
 .text.vga_release
                0x01f149dc       0x30 src/vga.o
                0x01f149dc                vga_release
 .text.vga_setforecolor
                0x01f14a0c       0x10 src/vga.o
                0x01f14a0c                vga_setforecolor
 .text.vga_setbackcolor
                0x01f14a1c       0x10 src/vga.o
                0x01f14a1c                vga_setbackcolor
 .text.vga_cursor_on
                0x01f14a2c        0x4 src/vga.o
                0x01f14a2c                vga_cursor_on
 .text.vga_cursor_off
                0x01f14a30        0x4 src/vga.o
                0x01f14a30                vga_cursor_off
 .text.vga_plotpixel
                0x01f14a34       0x68 src/vga.o
                0x01f14a34                vga_plotpixel
 .text.vga_clear
                0x01f14a9c       0xb8 src/vga.o
                0x01f14a9c                vga_clear
 .text.vga_swapcolors
                0x01f14b54       0x24 src/vga.o
                0x01f14b54                vga_swapcolors
 .text.vga_cleararea
                0x01f14b78       0xc4 src/vga.o
                0x01f14b78                vga_cleararea
 .text.vga_scroll
                0x01f14c3c      0x148 src/vga.o
                0x01f14c3c                vga_scroll
 .text.vga_drawchar
                0x01f14d84      0x398 src/vga.o
                0x01f14d84                vga_drawchar
 .text.vga_drawtext
                0x01f1511c      0x47c src/vga.o
                0x01f1511c                vga_drawtext
 .text.vga_drawcursor
                0x01f15598       0xb8 src/vga.o
                0x01f15598                vga_drawcursor
 .text.vga_erasecursor
                0x01f15650       0xc8 src/vga.o
                0x01f15650                vga_erasecursor
 .text.vga_drawline
                0x01f15718       0xdc src/vga.o
                0x01f15718                vga_drawline
 .text.vga_drawlinev
                0x01f157f4       0x5c src/vga.o
                0x01f157f4                vga_drawlinev
 .text.vga_drawrect
                0x01f15850      0x2e0 src/vga.o
                0x01f15850                vga_drawrect
 .text.vga_drawcircle
                0x01f15b30      0x390 src/vga.o
                0x01f15b30                vga_drawcircle
 .text.vga_cliprect
                0x01f15ec0        0x4 src/vga.o
                0x01f15ec0                vga_cliprect
 .text          0x01f15ec4     0x1204 src/terminal.o
                0x01f15ec4                term_cursorblink_handler
                0x01f15f94                term_init
                0x01f16084                term_clear
                0x01f160a4                term_putchar
                0x01f1647c                term_puts
                0x01f16898                term_printf
                0x01f16e10                term_getchar
                0x01f16e44                term_getcharat
                0x01f16e70                term_putcharat
                0x01f16eb0                term_rc2xy
                0x01f16ec4                term_scroll
                0x01f16f58                term_showcursor
                0x01f16fc8                term_hidecursor
                0x01f17010                term_toggle_cursor
 .text          0x01f170c8        0x0 src/timer.o
 .text.TimerInterruptHandler
                0x01f170c8       0xd0 src/timer.o
 .text.TimerSystemInitialize
                0x01f17198       0x68 src/timer.o
                0x01f17198                TimerSystemInitialize
 .text.TimerStartKernelTimer
                0x01f17200       0x6c src/timer.o
                0x01f17200                TimerStartKernelTimer
 .text.TimerCancelKernelTimer
                0x01f1726c       0x18 src/timer.o
                0x01f1726c                TimerCancelKernelTimer
 .text          0x01f17284        0x0 src/font_data.o
 *fill*         0x01f17284        0x4 00000000
 .text          0x01f17288     0x3fc8 src/basic.o
                0x01f17288                exec_cmd_end
                0x01f17294                exec_cmd_then
                0x01f173c0                exec_cmd_rem
                0x01f173c4                exec_init
                0x01f175cc                exec_cmd_dir
                0x01f17670                exec_cmd_list
                0x01f176f8                exec_cmd_load
                0x01f17b1c                exec_cmd_new
                0x01f17b80                exec_cmd_save
                0x01f17eb0                var_clear_all
                0x01f17f00                var_add_update_int
                0x01f1802c                var_add_update_float
                0x01f18164                var_add_update_string
                0x01f18314                get_symbol
                0x01f183ec                exec_expr
                0x01f187f8                exec_cmd_gosub
                0x01f189a0                exec_cmd_goto
                0x01f18ad4                exec_cmd_if
                0x01f18bf0                exec_cmd_dim
                0x01f18c5c                exec_strexpr
                0x01f191a4                exec_cmd_input
                0x01f19590                exec_cmd_let
                0x01f198e8                exec_line
                0x01f19bf0                exec_cmd_print
                0x01f19e1c                get_int
                0x01f19e84                get_float
                0x01f19f30                ignore_space
                0x01f19f70                to_uppercase
                0x01f19fdc                isemptyline
                0x01f1a054                compare
                0x01f1a0f0                clear
                0x01f1a268                length
                0x01f1a290                join
                0x01f1a2b0                get_input
                0x01f1a304                next_statement
                0x01f1a360                tokenize
                0x01f1a890                exec_cmd_return
                0x01f1a934                exec_program
                0x01f1ab28                basic_main
                0x01f1b1dc                ensure_token
 .text          0x01f1b250      0x268 src/linkedlist.o
                0x01f1b250                ll_gethead
                0x01f1b260                ll_insertFirst
                0x01f1b294                ll_deleteFirst
                0x01f1b2c0                ll_isEmpty
                0x01f1b2d8                ll_length
                0x01f1b30c                ll_find
                0x01f1b344                ll_delete
                0x01f1b3cc                ll_sort
                0x01f1b484                ll_reverse
 .text          0x01f1b4b8     0x12e8 src/expr.o
                0x01f1b4b8                expr_isalnum
                0x01f1b51c                expr_spush
                0x01f1b664                expr_spop
                0x01f1b698                expr_priority
                0x01f1b82c                expr_infix_to_postfix
                0x01f1be28                expr_eval_postfix
                0x01f1c754                expr_eval
 .text          0x01f1c7a0        0x0 uspi/libuspi.a(uspilibrary.o)
 .text.USPiInitialize
                0x01f1c7a0      0x214 uspi/libuspi.a(uspilibrary.o)
                0x01f1c7a0                USPiInitialize
 .text.USPiKeyboardAvailable
                0x01f1c9b4       0x1c uspi/libuspi.a(uspilibrary.o)
                0x01f1c9b4                USPiKeyboardAvailable
 .text.USPiKeyboardRegisterKeyPressedHandler
                0x01f1c9d0       0x18 uspi/libuspi.a(uspilibrary.o)
                0x01f1c9d0                USPiKeyboardRegisterKeyPressedHandler
 .text.USPiKeyboardRegisterShutdownHandler
                0x01f1c9e8       0x18 uspi/libuspi.a(uspilibrary.o)
                0x01f1c9e8                USPiKeyboardRegisterShutdownHandler
 .text.USPiKeyboardRegisterKeyStatusHandlerRaw
                0x01f1ca00       0x18 uspi/libuspi.a(uspilibrary.o)
                0x01f1ca00                USPiKeyboardRegisterKeyStatusHandlerRaw
 .text.USPiMouseAvailable
                0x01f1ca18       0x1c uspi/libuspi.a(uspilibrary.o)
                0x01f1ca18                USPiMouseAvailable
 .text.USPiMouseRegisterStatusHandler
                0x01f1ca34       0x18 uspi/libuspi.a(uspilibrary.o)
                0x01f1ca34                USPiMouseRegisterStatusHandler
 .text.USPiMassStorageDeviceAvailable
                0x01f1ca4c       0x5c uspi/libuspi.a(uspilibrary.o)
                0x01f1ca4c                USPiMassStorageDeviceAvailable
 .text.USPiMassStorageDeviceRead
                0x01f1caa8       0x74 uspi/libuspi.a(uspilibrary.o)
                0x01f1caa8                USPiMassStorageDeviceRead
 .text.USPiMassStorageDeviceWrite
                0x01f1cb1c       0x74 uspi/libuspi.a(uspilibrary.o)
                0x01f1cb1c                USPiMassStorageDeviceWrite
 .text.USPiMassStorageDeviceGetCapacity
                0x01f1cb90       0x30 uspi/libuspi.a(uspilibrary.o)
                0x01f1cb90                USPiMassStorageDeviceGetCapacity
 .text.USPiEthernetAvailable
                0x01f1cbc0       0x30 uspi/libuspi.a(uspilibrary.o)
                0x01f1cbc0                USPiEthernetAvailable
 .text.USPiGetMACAddress
                0x01f1cbf0       0x44 uspi/libuspi.a(uspilibrary.o)
                0x01f1cbf0                USPiGetMACAddress
 .text.USPiSendFrame
                0x01f1cc34       0x4c uspi/libuspi.a(uspilibrary.o)
                0x01f1cc34                USPiSendFrame
 .text.USPiReceiveFrame
                0x01f1cc80       0x4c uspi/libuspi.a(uspilibrary.o)
                0x01f1cc80                USPiReceiveFrame
 .text.USPiGamePadAvailable
                0x01f1cccc       0x5c uspi/libuspi.a(uspilibrary.o)
                0x01f1cccc                USPiGamePadAvailable
 .text.USPiGamePadRegisterStatusHandler
                0x01f1cd28       0x40 uspi/libuspi.a(uspilibrary.o)
                0x01f1cd28                USPiGamePadRegisterStatusHandler
 .text.USPiGamePadGetStatus
                0x01f1cd68       0x44 uspi/libuspi.a(uspilibrary.o)
                0x01f1cd68                USPiGamePadGetStatus
 .text.USPiMIDIAvailable
                0x01f1cdac       0x1c uspi/libuspi.a(uspilibrary.o)
                0x01f1cdac                USPiMIDIAvailable
 .text.USPiMIDIRegisterPacketHandler
                0x01f1cdc8       0x18 uspi/libuspi.a(uspilibrary.o)
                0x01f1cdc8                USPiMIDIRegisterPacketHandler
 .text.USPiDeviceGetInformation
                0x01f1cde0      0x15c uspi/libuspi.a(uspilibrary.o)
                0x01f1cde0                USPiDeviceGetInformation
 .text          0x01f1cf3c        0x0 uspi/libuspi.a(dwhcidevice.o)
 .text.DWHCIDeviceCompletionRoutine
                0x01f1cf3c        0xc uspi/libuspi.a(dwhcidevice.o)
                0x01f1cf3c                DWHCIDeviceCompletionRoutine
 .text.DWHCIDevice
                0x01f1cf48       0x68 uspi/libuspi.a(dwhcidevice.o)
                0x01f1cf48                DWHCIDevice
 .text._DWHCIDevice
                0x01f1cfb0        0x8 uspi/libuspi.a(dwhcidevice.o)
                0x01f1cfb0                _DWHCIDevice
 .text.DWHCIDeviceInitHost
                0x01f1cfb8      0x314 uspi/libuspi.a(dwhcidevice.o)
                0x01f1cfb8                DWHCIDeviceInitHost
 .text.DWHCIDeviceEnableRootPort
                0x01f1d2cc       0xcc uspi/libuspi.a(dwhcidevice.o)
                0x01f1d2cc                DWHCIDeviceEnableRootPort
 .text.DWHCIDeviceReset
                0x01f1d398       0xb8 uspi/libuspi.a(dwhcidevice.o)
                0x01f1d398                DWHCIDeviceReset
 .text.DWHCIDeviceInitCore
                0x01f1d450      0x1f4 uspi/libuspi.a(dwhcidevice.o)
                0x01f1d450                DWHCIDeviceInitCore
 .text.DWHCIDeviceInitialize
                0x01f1d644      0x1f4 uspi/libuspi.a(dwhcidevice.o)
                0x01f1d644                DWHCIDeviceInitialize
 .text.DWHCIDeviceEnableGlobalInterrupts
                0x01f1d838       0x44 uspi/libuspi.a(dwhcidevice.o)
                0x01f1d838                DWHCIDeviceEnableGlobalInterrupts
 .text.DWHCIDeviceEnableCommonInterrupts
                0x01f1d87c       0x38 uspi/libuspi.a(dwhcidevice.o)
                0x01f1d87c                DWHCIDeviceEnableCommonInterrupts
 .text.DWHCIDeviceEnableHostInterrupts
                0x01f1d8b4       0x78 uspi/libuspi.a(dwhcidevice.o)
                0x01f1d8b4                DWHCIDeviceEnableHostInterrupts
 .text.DWHCIDeviceEnableChannelInterrupt
                0x01f1d92c       0x54 uspi/libuspi.a(dwhcidevice.o)
                0x01f1d92c                DWHCIDeviceEnableChannelInterrupt
 .text.DWHCIDeviceDisableChannelInterrupt
                0x01f1d980       0x54 uspi/libuspi.a(dwhcidevice.o)
                0x01f1d980                DWHCIDeviceDisableChannelInterrupt
 .text.DWHCIDeviceFlushTxFIFO
                0x01f1d9d4       0x94 uspi/libuspi.a(dwhcidevice.o)
                0x01f1d9d4                DWHCIDeviceFlushTxFIFO
 .text.DWHCIDeviceFlushRxFIFO
                0x01f1da68       0x78 uspi/libuspi.a(dwhcidevice.o)
                0x01f1da68                DWHCIDeviceFlushRxFIFO
 .text.DWHCIDeviceStartChannel
                0x01f1dae0      0x37c uspi/libuspi.a(dwhcidevice.o)
                0x01f1dae0                DWHCIDeviceStartChannel
 .text.DWHCIDeviceStartTransaction
                0x01f1de5c       0xd0 uspi/libuspi.a(dwhcidevice.o)
                0x01f1de5c                DWHCIDeviceStartTransaction
 .text.DWHCIDeviceTimerHandler
                0x01f1df2c       0x68 uspi/libuspi.a(dwhcidevice.o)
                0x01f1df2c                DWHCIDeviceTimerHandler
 .text.DWHCIDeviceTransferStageAsync
                0x01f1df94      0x1ec uspi/libuspi.a(dwhcidevice.o)
                0x01f1df94                DWHCIDeviceTransferStageAsync
 .text.DWHCIDeviceSubmitAsyncRequest
                0x01f1e180       0x44 uspi/libuspi.a(dwhcidevice.o)
                0x01f1e180                DWHCIDeviceSubmitAsyncRequest
 .text.DWHCIDeviceTransferStage
                0x01f1e1c4       0x70 uspi/libuspi.a(dwhcidevice.o)
                0x01f1e1c4                DWHCIDeviceTransferStage
 .text.DWHCIDeviceSubmitBlockingRequest
                0x01f1e234      0x360 uspi/libuspi.a(dwhcidevice.o)
                0x01f1e234                DWHCIDeviceSubmitBlockingRequest
 .text.DWHCIDeviceControlMessage
                0x01f1e594       0xa0 uspi/libuspi.a(dwhcidevice.o)
                0x01f1e594                DWHCIDeviceControlMessage
 .text.DWHCIDeviceTransfer
                0x01f1e634       0x58 uspi/libuspi.a(dwhcidevice.o)
                0x01f1e634                DWHCIDeviceTransfer
 .text.DWHCIDeviceGetDescriptor
                0x01f1e68c       0xac uspi/libuspi.a(dwhcidevice.o)
                0x01f1e68c                DWHCIDeviceGetDescriptor
 .text.DWHCIDeviceSetAddress
                0x01f1e738       0xc4 uspi/libuspi.a(dwhcidevice.o)
                0x01f1e738                DWHCIDeviceSetAddress
 .text.DWHCIDeviceSetConfiguration
                0x01f1e7fc       0xc4 uspi/libuspi.a(dwhcidevice.o)
                0x01f1e7fc                DWHCIDeviceSetConfiguration
 .text.DWHCIDeviceChannelInterruptHandler
                0x01f1e8c0      0x4d8 uspi/libuspi.a(dwhcidevice.o)
                0x01f1e8c0                DWHCIDeviceChannelInterruptHandler
 .text.DWHCIDeviceInterruptHandler
                0x01f1ed98       0xf8 uspi/libuspi.a(dwhcidevice.o)
                0x01f1ed98                DWHCIDeviceInterruptHandler
 .text.DWHCIDeviceAllocateChannel
                0x01f1ee90       0x74 uspi/libuspi.a(dwhcidevice.o)
                0x01f1ee90                DWHCIDeviceAllocateChannel
 .text.DWHCIDeviceFreeChannel
                0x01f1ef04       0x28 uspi/libuspi.a(dwhcidevice.o)
                0x01f1ef04                DWHCIDeviceFreeChannel
 .text.DWHCIDeviceWaitForBit
                0x01f1ef2c       0x5c uspi/libuspi.a(dwhcidevice.o)
                0x01f1ef2c                DWHCIDeviceWaitForBit
 .text.DWHCIDeviceGetPortSpeed
                0x01f1ef88       0x4c uspi/libuspi.a(dwhcidevice.o)
                0x01f1ef88                DWHCIDeviceGetPortSpeed
 .text.DWHCIDeviceOvercurrentDetected
                0x01f1efd4       0x4c uspi/libuspi.a(dwhcidevice.o)
                0x01f1efd4                DWHCIDeviceOvercurrentDetected
 .text.DWHCIDeviceDisableRootPort
                0x01f1f020       0x44 uspi/libuspi.a(dwhcidevice.o)
                0x01f1f020                DWHCIDeviceDisableRootPort
 .text          0x01f1f064        0x0 uspi/libuspi.a(dwhciregister.o)
 .text.DWHCIRegister
                0x01f1f064       0x10 uspi/libuspi.a(dwhciregister.o)
                0x01f1f064                DWHCIRegister
 .text.DWHCIRegister2
                0x01f1f074       0x10 uspi/libuspi.a(dwhciregister.o)
                0x01f1f074                DWHCIRegister2
 .text._DWHCIRegister
                0x01f1f084        0xc uspi/libuspi.a(dwhciregister.o)
                0x01f1f084                _DWHCIRegister
 .text.DWHCIRegisterRead
                0x01f1f090       0x1c uspi/libuspi.a(dwhciregister.o)
                0x01f1f090                DWHCIRegisterRead
 .text.DWHCIRegisterWrite
                0x01f1f0ac       0x10 uspi/libuspi.a(dwhciregister.o)
                0x01f1f0ac                DWHCIRegisterWrite
 .text.DWHCIRegisterGet
                0x01f1f0bc        0x8 uspi/libuspi.a(dwhciregister.o)
                0x01f1f0bc                DWHCIRegisterGet
 .text.DWHCIRegisterSet
                0x01f1f0c4       0x10 uspi/libuspi.a(dwhciregister.o)
                0x01f1f0c4                DWHCIRegisterSet
 .text.DWHCIRegisterIsSet
                0x01f1f0d4       0x14 uspi/libuspi.a(dwhciregister.o)
                0x01f1f0d4                DWHCIRegisterIsSet
 .text.DWHCIRegisterAnd
                0x01f1f0e8       0x10 uspi/libuspi.a(dwhciregister.o)
                0x01f1f0e8                DWHCIRegisterAnd
 .text.DWHCIRegisterOr
                0x01f1f0f8       0x10 uspi/libuspi.a(dwhciregister.o)
                0x01f1f0f8                DWHCIRegisterOr
 .text.DWHCIRegisterClearBit
                0x01f1f108       0x14 uspi/libuspi.a(dwhciregister.o)
                0x01f1f108                DWHCIRegisterClearBit
 .text.DWHCIRegisterSetBit
                0x01f1f11c       0x14 uspi/libuspi.a(dwhciregister.o)
                0x01f1f11c                DWHCIRegisterSetBit
 .text.DWHCIRegisterClearAll
                0x01f1f130       0x14 uspi/libuspi.a(dwhciregister.o)
                0x01f1f130                DWHCIRegisterClearAll
 .text.DWHCIRegisterSetAll
                0x01f1f144       0x14 uspi/libuspi.a(dwhciregister.o)
                0x01f1f144                DWHCIRegisterSetAll
 .text          0x01f1f158        0x0 uspi/libuspi.a(dwhcixferstagedata.o)
 .text.DWHCITransferStageData
                0x01f1f158      0x1d0 uspi/libuspi.a(dwhcixferstagedata.o)
                0x01f1f158                DWHCITransferStageData
 .text._DWHCITransferStageData
                0x01f1f328       0x5c uspi/libuspi.a(dwhcixferstagedata.o)
                0x01f1f328                _DWHCITransferStageData
 .text.DWHCITransferStageDataTransactionComplete
                0x01f1f384       0xf0 uspi/libuspi.a(dwhcixferstagedata.o)
                0x01f1f384                DWHCITransferStageDataTransactionComplete
 .text.DWHCITransferStageDataSetSplitComplete
                0x01f1f474        0x8 uspi/libuspi.a(dwhcixferstagedata.o)
                0x01f1f474                DWHCITransferStageDataSetSplitComplete
 .text.DWHCITransferStageDataSetState
                0x01f1f47c        0x8 uspi/libuspi.a(dwhcixferstagedata.o)
                0x01f1f47c                DWHCITransferStageDataSetState
 .text.DWHCITransferStageDataGetState
                0x01f1f484        0x8 uspi/libuspi.a(dwhcixferstagedata.o)
                0x01f1f484                DWHCITransferStageDataGetState
 .text.DWHCITransferStageDataSetSubState
                0x01f1f48c        0x8 uspi/libuspi.a(dwhcixferstagedata.o)
                0x01f1f48c                DWHCITransferStageDataSetSubState
 .text.DWHCITransferStageDataGetSubState
                0x01f1f494        0x8 uspi/libuspi.a(dwhcixferstagedata.o)
                0x01f1f494                DWHCITransferStageDataGetSubState
 .text.DWHCITransferStageDataBeginSplitCycle
                0x01f1f49c        0x8 uspi/libuspi.a(dwhcixferstagedata.o)
                0x01f1f49c                DWHCITransferStageDataBeginSplitCycle
 .text.DWHCITransferStageDataGetChannelNumber
                0x01f1f4a4        0x8 uspi/libuspi.a(dwhcixferstagedata.o)
                0x01f1f4a4                DWHCITransferStageDataGetChannelNumber
 .text.DWHCITransferStageDataIsPeriodic
                0x01f1f4ac       0x24 uspi/libuspi.a(dwhcixferstagedata.o)
                0x01f1f4ac                DWHCITransferStageDataIsPeriodic
 .text.DWHCITransferStageDataGetDeviceAddress
                0x01f1f4d0        0x8 uspi/libuspi.a(dwhcixferstagedata.o)
                0x01f1f4d0                DWHCITransferStageDataGetDeviceAddress
 .text.DWHCITransferStageDataGetEndpointType
                0x01f1f4d8       0x2c uspi/libuspi.a(dwhcixferstagedata.o)
                0x01f1f4d8                DWHCITransferStageDataGetEndpointType
 .text.DWHCITransferStageDataGetEndpointNumber
                0x01f1f504        0x8 uspi/libuspi.a(dwhcixferstagedata.o)
                0x01f1f504                DWHCITransferStageDataGetEndpointNumber
 .text.DWHCITransferStageDataGetMaxPacketSize
                0x01f1f50c        0x8 uspi/libuspi.a(dwhcixferstagedata.o)
                0x01f1f50c                DWHCITransferStageDataGetMaxPacketSize
 .text.DWHCITransferStageDataGetSpeed
                0x01f1f514        0x8 uspi/libuspi.a(dwhcixferstagedata.o)
                0x01f1f514                DWHCITransferStageDataGetSpeed
 .text.DWHCITransferStageDataGetPID
                0x01f1f51c       0x30 uspi/libuspi.a(dwhcixferstagedata.o)
                0x01f1f51c                DWHCITransferStageDataGetPID
 .text.DWHCITransferStageDataIsDirectionIn
                0x01f1f54c        0x8 uspi/libuspi.a(dwhcixferstagedata.o)
                0x01f1f54c                DWHCITransferStageDataIsDirectionIn
 .text.DWHCITransferStageDataIsStatusStage
                0x01f1f554        0x8 uspi/libuspi.a(dwhcixferstagedata.o)
                0x01f1f554                DWHCITransferStageDataIsStatusStage
 .text.DWHCITransferStageDataGetDMAAddress
                0x01f1f55c        0x8 uspi/libuspi.a(dwhcixferstagedata.o)
                0x01f1f55c                DWHCITransferStageDataGetDMAAddress
 .text.DWHCITransferStageDataGetBytesToTransfer
                0x01f1f564        0x8 uspi/libuspi.a(dwhcixferstagedata.o)
                0x01f1f564                DWHCITransferStageDataGetBytesToTransfer
 .text.DWHCITransferStageDataGetPacketsToTransfer
                0x01f1f56c        0x8 uspi/libuspi.a(dwhcixferstagedata.o)
                0x01f1f56c                DWHCITransferStageDataGetPacketsToTransfer
 .text.DWHCITransferStageDataIsSplit
                0x01f1f574        0x8 uspi/libuspi.a(dwhcixferstagedata.o)
                0x01f1f574                DWHCITransferStageDataIsSplit
 .text.DWHCITransferStageDataIsSplitComplete
                0x01f1f57c        0x8 uspi/libuspi.a(dwhcixferstagedata.o)
                0x01f1f57c                DWHCITransferStageDataIsSplitComplete
 .text.DWHCITransferStageDataGetHubAddress
                0x01f1f584        0x8 uspi/libuspi.a(dwhcixferstagedata.o)
                0x01f1f584                DWHCITransferStageDataGetHubAddress
 .text.DWHCITransferStageDataGetHubPortAddress
                0x01f1f58c        0x8 uspi/libuspi.a(dwhcixferstagedata.o)
                0x01f1f58c                DWHCITransferStageDataGetHubPortAddress
 .text.DWHCITransferStageDataGetSplitPosition
                0x01f1f594        0x8 uspi/libuspi.a(dwhcixferstagedata.o)
                0x01f1f594                DWHCITransferStageDataGetSplitPosition
 .text.DWHCITransferStageDataGetStatusMask
                0x01f1f59c       0x38 uspi/libuspi.a(dwhcixferstagedata.o)
                0x01f1f59c                DWHCITransferStageDataGetStatusMask
 .text.DWHCITransferStageDataGetTransactionStatus
                0x01f1f5d4        0x8 uspi/libuspi.a(dwhcixferstagedata.o)
                0x01f1f5d4                DWHCITransferStageDataGetTransactionStatus
 .text.DWHCITransferStageDataIsStageComplete
                0x01f1f5dc       0x10 uspi/libuspi.a(dwhcixferstagedata.o)
                0x01f1f5dc                DWHCITransferStageDataIsStageComplete
 .text.DWHCITransferStageDataGetResultLen
                0x01f1f5ec       0x14 uspi/libuspi.a(dwhcixferstagedata.o)
                0x01f1f5ec                DWHCITransferStageDataGetResultLen
 .text.DWHCITransferStageDataGetURB
                0x01f1f600        0x8 uspi/libuspi.a(dwhcixferstagedata.o)
                0x01f1f600                DWHCITransferStageDataGetURB
 .text.DWHCITransferStageDataGetFrameScheduler
                0x01f1f608        0x8 uspi/libuspi.a(dwhcixferstagedata.o)
                0x01f1f608                DWHCITransferStageDataGetFrameScheduler
 .text          0x01f1f610        0x0 uspi/libuspi.a(usbdevice.o)
 .text.USBDeviceConfigure
                0x01f1f610       0x64 uspi/libuspi.a(usbdevice.o)
                0x01f1f610                USBDeviceConfigure
 .text.USBDevice
                0x01f1f674       0x70 uspi/libuspi.a(usbdevice.o)
                0x01f1f674                USBDevice
 .text.USBDeviceCopy
                0x01f1f6e4       0xf4 uspi/libuspi.a(usbdevice.o)
                0x01f1f6e4                USBDeviceCopy
 .text._USBDevice
                0x01f1f7d8       0x98 uspi/libuspi.a(usbdevice.o)
                0x01f1f7d8                _USBDevice
 .text.USBDeviceInitialize
                0x01f1f870      0x304 uspi/libuspi.a(usbdevice.o)
                0x01f1f870                USBDeviceInitialize
 .text.USBDeviceGetName
                0x01f1fb74       0xf4 uspi/libuspi.a(usbdevice.o)
                0x01f1fb74                USBDeviceGetName
 .text.USBDeviceGetAddress
                0x01f1fc68        0x8 uspi/libuspi.a(usbdevice.o)
                0x01f1fc68                USBDeviceGetAddress
 .text.USBDeviceGetSpeed
                0x01f1fc70        0x8 uspi/libuspi.a(usbdevice.o)
                0x01f1fc70                USBDeviceGetSpeed
 .text.USBDeviceGetHubAddress
                0x01f1fc78        0x8 uspi/libuspi.a(usbdevice.o)
                0x01f1fc78                USBDeviceGetHubAddress
 .text.USBDeviceGetHubPortNumber
                0x01f1fc80        0x8 uspi/libuspi.a(usbdevice.o)
                0x01f1fc80                USBDeviceGetHubPortNumber
 .text.USBDeviceGetEndpoint0
                0x01f1fc88        0x8 uspi/libuspi.a(usbdevice.o)
                0x01f1fc88                USBDeviceGetEndpoint0
 .text.USBDeviceGetHost
                0x01f1fc90        0x8 uspi/libuspi.a(usbdevice.o)
                0x01f1fc90                USBDeviceGetHost
 .text.USBDeviceGetDeviceDescriptor
                0x01f1fc98        0x8 uspi/libuspi.a(usbdevice.o)
                0x01f1fc98                USBDeviceGetDeviceDescriptor
 .text.USBDeviceGetConfigurationDescriptor
                0x01f1fca0        0x8 uspi/libuspi.a(usbdevice.o)
                0x01f1fca0                USBDeviceGetConfigurationDescriptor
 .text.USBDeviceGetDescriptor
                0x01f1fca8        0x8 uspi/libuspi.a(usbdevice.o)
                0x01f1fca8                USBDeviceGetDescriptor
 .text.USBDeviceConfigurationError
                0x01f1fcb0        0x8 uspi/libuspi.a(usbdevice.o)
                0x01f1fcb0                USBDeviceConfigurationError
 .text.USBDeviceSetAddress
                0x01f1fcb8        0x8 uspi/libuspi.a(usbdevice.o)
                0x01f1fcb8                USBDeviceSetAddress
 .text          0x01f1fcc0        0x0 uspi/libuspi.a(usbendpoint.o)
 .text.USBEndpoint
                0x01f1fcc0       0x2c uspi/libuspi.a(usbendpoint.o)
                0x01f1fcc0                USBEndpoint
 .text.USBEndpoint2
                0x01f1fcec       0xf8 uspi/libuspi.a(usbendpoint.o)
                0x01f1fcec                USBEndpoint2
 .text.USBEndpointCopy
                0x01f1fde4       0x3c uspi/libuspi.a(usbendpoint.o)
                0x01f1fde4                USBEndpointCopy
 .text._USBEndpoint
                0x01f1fe20        0xc uspi/libuspi.a(usbendpoint.o)
                0x01f1fe20                _USBEndpoint
 .text.USBEndpointGetDevice
                0x01f1fe2c        0x8 uspi/libuspi.a(usbendpoint.o)
                0x01f1fe2c                USBEndpointGetDevice
 .text.USBEndpointGetNumber
                0x01f1fe34        0x8 uspi/libuspi.a(usbendpoint.o)
                0x01f1fe34                USBEndpointGetNumber
 .text.USBEndpointGetType
                0x01f1fe3c        0x8 uspi/libuspi.a(usbendpoint.o)
                0x01f1fe3c                USBEndpointGetType
 .text.USBEndpointIsDirectionIn
                0x01f1fe44        0x8 uspi/libuspi.a(usbendpoint.o)
                0x01f1fe44                USBEndpointIsDirectionIn
 .text.USBEndpointSetMaxPacketSize
                0x01f1fe4c        0x8 uspi/libuspi.a(usbendpoint.o)
                0x01f1fe4c                USBEndpointSetMaxPacketSize
 .text.USBEndpointGetMaxPacketSize
                0x01f1fe54        0x8 uspi/libuspi.a(usbendpoint.o)
                0x01f1fe54                USBEndpointGetMaxPacketSize
 .text.USBEndpointGetInterval
                0x01f1fe5c        0x8 uspi/libuspi.a(usbendpoint.o)
                0x01f1fe5c                USBEndpointGetInterval
 .text.USBEndpointGetNextPID
                0x01f1fe64       0x10 uspi/libuspi.a(usbendpoint.o)
                0x01f1fe64                USBEndpointGetNextPID
 .text.USBEndpointSkipPID
                0x01f1fe74       0x54 uspi/libuspi.a(usbendpoint.o)
                0x01f1fe74                USBEndpointSkipPID
 .text.USBEndpointResetPID
                0x01f1fec8        0xc uspi/libuspi.a(usbendpoint.o)
                0x01f1fec8                USBEndpointResetPID
 .text          0x01f1fed4        0x0 uspi/libuspi.a(usbrequest.o)
 .text.USBRequest
                0x01f1fed4       0x34 uspi/libuspi.a(usbrequest.o)
                0x01f1fed4                USBRequest
 .text._USBRequest
                0x01f1ff08       0x18 uspi/libuspi.a(usbrequest.o)
                0x01f1ff08                _USBRequest
 .text.USBRequestGetEndpoint
                0x01f1ff20        0x8 uspi/libuspi.a(usbrequest.o)
                0x01f1ff20                USBRequestGetEndpoint
 .text.USBRequestSetStatus
                0x01f1ff28        0x8 uspi/libuspi.a(usbrequest.o)
                0x01f1ff28                USBRequestSetStatus
 .text.USBRequestSetResultLen
                0x01f1ff30        0x8 uspi/libuspi.a(usbrequest.o)
                0x01f1ff30                USBRequestSetResultLen
 .text.USBRequestGetStatus
                0x01f1ff38        0x8 uspi/libuspi.a(usbrequest.o)
                0x01f1ff38                USBRequestGetStatus
 .text.USBRequestGetResultLength
                0x01f1ff40        0x8 uspi/libuspi.a(usbrequest.o)
                0x01f1ff40                USBRequestGetResultLength
 .text.USBRequestGetSetupData
                0x01f1ff48        0x8 uspi/libuspi.a(usbrequest.o)
                0x01f1ff48                USBRequestGetSetupData
 .text.USBRequestGetBuffer
                0x01f1ff50        0x8 uspi/libuspi.a(usbrequest.o)
                0x01f1ff50                USBRequestGetBuffer
 .text.USBRequestGetBufLen
                0x01f1ff58        0x8 uspi/libuspi.a(usbrequest.o)
                0x01f1ff58                USBRequestGetBufLen
 .text.USBRequestSetCompletionRoutine
                0x01f1ff60       0x10 uspi/libuspi.a(usbrequest.o)
                0x01f1ff60                USBRequestSetCompletionRoutine
 .text.USBRequestCallCompletionRoutine
                0x01f1ff70       0x1c uspi/libuspi.a(usbrequest.o)
                0x01f1ff70                USBRequestCallCompletionRoutine
 .text          0x01f1ff8c        0x0 uspi/libuspi.a(devicenameservice.o)
 .text.DeviceNameService
                0x01f1ff8c       0x18 uspi/libuspi.a(devicenameservice.o)
                0x01f1ff8c                DeviceNameService
 .text._DeviceNameService
                0x01f1ffa4       0x58 uspi/libuspi.a(devicenameservice.o)
                0x01f1ffa4                _DeviceNameService
 .text.DeviceNameServiceAddDevice
                0x01f1fffc       0x54 uspi/libuspi.a(devicenameservice.o)
                0x01f1fffc                DeviceNameServiceAddDevice
 .text.DeviceNameServiceGetDevice
                0x01f20050       0x54 uspi/libuspi.a(devicenameservice.o)
                0x01f20050                DeviceNameServiceGetDevice
 .text.DeviceNameServiceGet
                0x01f200a4       0x10 uspi/libuspi.a(devicenameservice.o)
                0x01f200a4                DeviceNameServiceGet
 .text          0x01f200b4        0x0 uspi/libuspi.a(macaddress.o)
 .text.MACAddress
                0x01f200b4        0xc uspi/libuspi.a(macaddress.o)
                0x01f200b4                MACAddress
 .text.MACAddress2
                0x01f200c0       0x20 uspi/libuspi.a(macaddress.o)
                0x01f200c0                MACAddress2
 .text._MACAddress
                0x01f200e0        0xc uspi/libuspi.a(macaddress.o)
                0x01f200e0                _MACAddress
 .text.MACAddressIsEqual
                0x01f200ec       0x20 uspi/libuspi.a(macaddress.o)
                0x01f200ec                MACAddressIsEqual
 .text.MACAddressSet
                0x01f2010c       0x20 uspi/libuspi.a(macaddress.o)
                0x01f2010c                MACAddressSet
 .text.MACAddressSetBroadcast
                0x01f2012c       0x24 uspi/libuspi.a(macaddress.o)
                0x01f2012c                MACAddressSetBroadcast
 .text.MACAddressGet
                0x01f20150        0x8 uspi/libuspi.a(macaddress.o)
                0x01f20150                MACAddressGet
 .text.MACAddressCopyTo
                0x01f20158       0x14 uspi/libuspi.a(macaddress.o)
                0x01f20158                MACAddressCopyTo
 .text.MACAddressIsBroadcast
                0x01f2016c       0x58 uspi/libuspi.a(macaddress.o)
                0x01f2016c                MACAddressIsBroadcast
 .text.MACAddressGetSize
                0x01f201c4        0x8 uspi/libuspi.a(macaddress.o)
                0x01f201c4                MACAddressGetSize
 .text.MACAddressFormat
                0x01f201cc       0x48 uspi/libuspi.a(macaddress.o)
                0x01f201cc                MACAddressFormat
 .text          0x01f20214        0x0 uspi/libuspi.a(smsc951x.o)
 .text.SMSC951xDevice
                0x01f20214       0x38 uspi/libuspi.a(smsc951x.o)
                0x01f20214                SMSC951xDevice
 .text._SMSC951xDevice
                0x01f2024c       0x6c uspi/libuspi.a(smsc951x.o)
                0x01f2024c                _SMSC951xDevice
 .text.SMSC951xDeviceGetMACAddress
                0x01f202b8        0x8 uspi/libuspi.a(smsc951x.o)
                0x01f202b8                SMSC951xDeviceGetMACAddress
 .text.SMSC951xDeviceSendFrame
                0x01f202c0       0x5c uspi/libuspi.a(smsc951x.o)
                0x01f202c0                SMSC951xDeviceSendFrame
 .text.SMSC951xDeviceReceiveFrame
                0x01f2031c       0xe8 uspi/libuspi.a(smsc951x.o)
                0x01f2031c                SMSC951xDeviceReceiveFrame
 .text.SMSC951xDeviceWriteReg
                0x01f20404       0x68 uspi/libuspi.a(smsc951x.o)
                0x01f20404                SMSC951xDeviceWriteReg
 .text.SMSC951xDeviceConfigure
                0x01f2046c      0x378 uspi/libuspi.a(smsc951x.o)
                0x01f2046c                SMSC951xDeviceConfigure
 .text.SMSC951xDeviceReadReg
                0x01f207e4       0x68 uspi/libuspi.a(smsc951x.o)
                0x01f207e4                SMSC951xDeviceReadReg
 .text          0x01f2084c        0x0 uspi/libuspi.a(lan7800.o)
 .text.LAN7800Device
                0x01f2084c       0x38 uspi/libuspi.a(lan7800.o)
                0x01f2084c                LAN7800Device
 .text._LAN7800Device
                0x01f20884       0x6c uspi/libuspi.a(lan7800.o)
                0x01f20884                _LAN7800Device
 .text.LAN7800DeviceGetMACAddress
                0x01f208f0        0x8 uspi/libuspi.a(lan7800.o)
                0x01f208f0                LAN7800DeviceGetMACAddress
 .text.LAN7800DeviceSendFrame
                0x01f208f8       0x60 uspi/libuspi.a(lan7800.o)
                0x01f208f8                LAN7800DeviceSendFrame
 .text.LAN7800DeviceReceiveFrame
                0x01f20958       0xdc uspi/libuspi.a(lan7800.o)
                0x01f20958                LAN7800DeviceReceiveFrame
 .text.LAN7800DeviceIsLinkUp
                0x01f20a34      0x210 uspi/libuspi.a(lan7800.o)
                0x01f20a34                LAN7800DeviceIsLinkUp
 .text.LAN7800DeviceInitMACAddress
                0x01f20c44      0x1ec uspi/libuspi.a(lan7800.o)
                0x01f20c44                LAN7800DeviceInitMACAddress
 .text.LAN7800DeviceInitPHY
                0x01f20e30      0x3d8 uspi/libuspi.a(lan7800.o)
                0x01f20e30                LAN7800DeviceInitPHY
 .text.LAN7800DevicePHYWrite
                0x01f21208      0x218 uspi/libuspi.a(lan7800.o)
                0x01f21208                LAN7800DevicePHYWrite
 .text.LAN7800DevicePHYRead
                0x01f21420      0x218 uspi/libuspi.a(lan7800.o)
                0x01f21420                LAN7800DevicePHYRead
 .text.LAN7800DeviceWaitReg
                0x01f21638       0xc0 uspi/libuspi.a(lan7800.o)
                0x01f21638                LAN7800DeviceWaitReg
 .text.LAN7800DeviceReadWriteReg
                0x01f216f8      0x100 uspi/libuspi.a(lan7800.o)
                0x01f216f8                LAN7800DeviceReadWriteReg
 .text.LAN7800DeviceWriteReg
                0x01f217f8       0x94 uspi/libuspi.a(lan7800.o)
                0x01f217f8                LAN7800DeviceWriteReg
 .text.LAN7800DeviceConfigure
                0x01f2188c      0x4f0 uspi/libuspi.a(lan7800.o)
                0x01f2188c                LAN7800DeviceConfigure
 .text.LAN7800DeviceReadReg
                0x01f21d7c       0x88 uspi/libuspi.a(lan7800.o)
                0x01f21d7c                LAN7800DeviceReadReg
 .text          0x01f21e04        0x0 uspi/libuspi.a(string.o)
 .text.String   0x01f21e04       0x10 uspi/libuspi.a(string.o)
                0x01f21e04                String
 .text.String2  0x01f21e14       0x34 uspi/libuspi.a(string.o)
                0x01f21e14                String2
 .text._String  0x01f21e48       0x28 uspi/libuspi.a(string.o)
                0x01f21e48                _String
 .text.StringGet
                0x01f21e70       0x18 uspi/libuspi.a(string.o)
                0x01f21e70                StringGet
 .text.StringSet
                0x01f21e88       0x48 uspi/libuspi.a(string.o)
                0x01f21e88                StringSet
 .text.StringGetLength
                0x01f21ed0       0x10 uspi/libuspi.a(string.o)
                0x01f21ed0                StringGetLength
 .text.StringAppend
                0x01f21ee0       0x7c uspi/libuspi.a(string.o)
                0x01f21ee0                StringAppend
 .text.StringCompare
                0x01f21f5c        0x8 uspi/libuspi.a(string.o)
                0x01f21f5c                StringCompare
 .text.StringFind
                0x01f21f64       0x44 uspi/libuspi.a(string.o)
                0x01f21f64                StringFind
 .text.StringFormatV
                0x01f21fa8      0xe40 uspi/libuspi.a(string.o)
                0x01f21fa8                StringFormatV
 .text.StringFormat
                0x01f22de8       0x30 uspi/libuspi.a(string.o)
                0x01f22de8                StringFormat
 .text.StringPutChar
                0x01f22e18       0x98 uspi/libuspi.a(string.o)
                0x01f22e18                StringPutChar
 .text.StringPutString
                0x01f22eb0       0x94 uspi/libuspi.a(string.o)
                0x01f22eb0                StringPutString
 .text.StringReserveSpace
                0x01f22f44       0x68 uspi/libuspi.a(string.o)
                0x01f22f44                StringReserveSpace
 .text.ntoa     0x01f22fac       0x84 uspi/libuspi.a(string.o)
                0x01f22fac                ntoa
 .text          0x01f23030        0x0 uspi/libuspi.a(util.o)
 .text.uspi_memset
                0x01f23030      0x174 uspi/libuspi.a(util.o)
                0x01f23030                uspi_memset
 .text.uspi_memcpy
                0x01f231a4      0x36c uspi/libuspi.a(util.o)
                0x01f231a4                uspi_memcpy
 .text.uspi_memcmp
                0x01f23510       0x5c uspi/libuspi.a(util.o)
                0x01f23510                uspi_memcmp
 .text.uspi_strlen
                0x01f2356c       0x28 uspi/libuspi.a(util.o)
                0x01f2356c                uspi_strlen
 .text.uspi_strcmp
                0x01f23594       0x74 uspi/libuspi.a(util.o)
                0x01f23594                uspi_strcmp
 .text.uspi_strcpy
                0x01f23608       0x2c uspi/libuspi.a(util.o)
                0x01f23608                uspi_strcpy
 .text.uspi_strncpy
                0x01f23634       0x50 uspi/libuspi.a(util.o)
                0x01f23634                uspi_strncpy
 .text.uspi_strcat
                0x01f23684       0x44 uspi/libuspi.a(util.o)
                0x01f23684                uspi_strcat
 .text.uspi_char2int
                0x01f236c8        0x4 uspi/libuspi.a(util.o)
                0x01f236c8                uspi_char2int
 .text.uspi_le2be16
                0x01f236cc        0xc uspi/libuspi.a(util.o)
                0x01f236cc                uspi_le2be16
 .text.uspi_le2be32
                0x01f236d8        0x8 uspi/libuspi.a(util.o)
                0x01f236d8                uspi_le2be32
 .text          0x01f236e0        0x0 uspi/libuspi.a(usbmassdevice.o)
 .text.USBBulkOnlyMassStorageDevice
                0x01f236e0       0x38 uspi/libuspi.a(usbmassdevice.o)
                0x01f236e0                USBBulkOnlyMassStorageDevice
 .text._USBBulkOnlyMassStorageDevice
                0x01f23718       0x54 uspi/libuspi.a(usbmassdevice.o)
                0x01f23718                _USBBulkOnlyMassStorageDevice
 .text.USBBulkOnlyMassStorageDeviceSeek
                0x01f2376c       0x10 uspi/libuspi.a(usbmassdevice.o)
                0x01f2376c                USBBulkOnlyMassStorageDeviceSeek
 .text.USBBulkOnlyMassStorageDeviceGetCapacity
                0x01f2377c        0x8 uspi/libuspi.a(usbmassdevice.o)
                0x01f2377c                USBBulkOnlyMassStorageDeviceGetCapacity
 .text.USBBulkOnlyMassStorageDeviceTryRead
                0x01f23784      0x280 uspi/libuspi.a(usbmassdevice.o)
                0x01f23784                USBBulkOnlyMassStorageDeviceTryRead
 .text.USBBulkOnlyMassStorageDeviceTryWrite
                0x01f23a04      0x264 uspi/libuspi.a(usbmassdevice.o)
                0x01f23a04                USBBulkOnlyMassStorageDeviceTryWrite
 .text.USBBulkOnlyMassStorageDeviceCommand
                0x01f23c68      0x18c uspi/libuspi.a(usbmassdevice.o)
                0x01f23c68                USBBulkOnlyMassStorageDeviceCommand
 .text.USBBulkOnlyMassStorageDeviceConfigure
                0x01f23df4      0x45c uspi/libuspi.a(usbmassdevice.o)
                0x01f23df4                USBBulkOnlyMassStorageDeviceConfigure
 .text.USBBulkOnlyMassStorageDeviceReset
                0x01f24250      0x104 uspi/libuspi.a(usbmassdevice.o)
                0x01f24250                USBBulkOnlyMassStorageDeviceReset
 .text.USBBulkOnlyMassStorageDeviceRead
                0x01f24354      0x2a4 uspi/libuspi.a(usbmassdevice.o)
                0x01f24354                USBBulkOnlyMassStorageDeviceRead
 .text.USBBulkOnlyMassStorageDeviceWrite
                0x01f245f8      0x294 uspi/libuspi.a(usbmassdevice.o)
                0x01f245f8                USBBulkOnlyMassStorageDeviceWrite
 .text          0x01f2488c        0x0 uspi/libuspi.a(dwhciframeschednper.o)
 .text._DWHCIFrameSchedulerNonPeriodic
                0x01f2488c        0xc uspi/libuspi.a(dwhciframeschednper.o)
                0x01f2488c                _DWHCIFrameSchedulerNonPeriodic
 .text.DWHCIFrameSchedulerNonPeriodicStartSplit
                0x01f24898        0xc uspi/libuspi.a(dwhciframeschednper.o)
                0x01f24898                DWHCIFrameSchedulerNonPeriodicStartSplit
 .text.DWHCIFrameSchedulerNonPeriodicWaitForFrame
                0x01f248a4        0x4 uspi/libuspi.a(dwhciframeschednper.o)
                0x01f248a4                DWHCIFrameSchedulerNonPeriodicWaitForFrame
 .text.DWHCIFrameSchedulerNonPeriodicIsOddFrame
                0x01f248a8        0x8 uspi/libuspi.a(dwhciframeschednper.o)
                0x01f248a8                DWHCIFrameSchedulerNonPeriodicIsOddFrame
 .text.DWHCIFrameSchedulerNonPeriodicCompleteSplit
                0x01f248b0       0x54 uspi/libuspi.a(dwhciframeschednper.o)
                0x01f248b0                DWHCIFrameSchedulerNonPeriodicCompleteSplit
 .text.DWHCIFrameSchedulerNonPeriodicTransactionComplete
                0x01f24904       0xc0 uspi/libuspi.a(dwhciframeschednper.o)
                0x01f24904                DWHCIFrameSchedulerNonPeriodicTransactionComplete
 .text.DWHCIFrameSchedulerNonPeriodic
                0x01f249c4       0x54 uspi/libuspi.a(dwhciframeschednper.o)
                0x01f249c4                DWHCIFrameSchedulerNonPeriodic
 .text          0x01f24a18        0x0 uspi/libuspi.a(dwhciframeschedper.o)
 .text._DWHCIFrameSchedulerPeriodic
                0x01f24a18        0xc uspi/libuspi.a(dwhciframeschedper.o)
                0x01f24a18                _DWHCIFrameSchedulerPeriodic
 .text.DWHCIFrameSchedulerPeriodicStartSplit
                0x01f24a24       0x14 uspi/libuspi.a(dwhciframeschedper.o)
                0x01f24a24                DWHCIFrameSchedulerPeriodicStartSplit
 .text.DWHCIFrameSchedulerPeriodicIsOddFrame
                0x01f24a38        0xc uspi/libuspi.a(dwhciframeschedper.o)
                0x01f24a38                DWHCIFrameSchedulerPeriodicIsOddFrame
 .text.DWHCIFrameSchedulerPeriodicWaitForFrame
                0x01f24a44       0x70 uspi/libuspi.a(dwhciframeschedper.o)
                0x01f24a44                DWHCIFrameSchedulerPeriodicWaitForFrame
 .text.DWHCIFrameSchedulerPeriodicCompleteSplit
                0x01f24ab4       0x68 uspi/libuspi.a(dwhciframeschedper.o)
                0x01f24ab4                DWHCIFrameSchedulerPeriodicCompleteSplit
 .text.DWHCIFrameSchedulerPeriodicTransactionComplete
                0x01f24b1c       0xb4 uspi/libuspi.a(dwhciframeschedper.o)
                0x01f24b1c                DWHCIFrameSchedulerPeriodicTransactionComplete
 .text.DWHCIFrameSchedulerPeriodic
                0x01f24bd0       0x5c uspi/libuspi.a(dwhciframeschedper.o)
                0x01f24bd0                DWHCIFrameSchedulerPeriodic
 .text          0x01f24c2c        0x0 uspi/libuspi.a(usbkeyboard.o)
 .text.USBKeyboardDeviceConfigure
                0x01f24c2c      0x2bc uspi/libuspi.a(usbkeyboard.o)
                0x01f24c2c                USBKeyboardDeviceConfigure
 .text.USBKeyboardDeviceCompletionRoutine
                0x01f24ee8      0x208 uspi/libuspi.a(usbkeyboard.o)
 .text.USBKeyboardDevice
                0x01f250f0       0x58 uspi/libuspi.a(usbkeyboard.o)
                0x01f250f0                USBKeyboardDevice
 .text._CUSBKeyboardDevice
                0x01f25148       0x54 uspi/libuspi.a(usbkeyboard.o)
                0x01f25148                _CUSBKeyboardDevice
 .text.USBKeyboardDeviceRegisterKeyPressedHandler
                0x01f2519c        0x8 uspi/libuspi.a(usbkeyboard.o)
                0x01f2519c                USBKeyboardDeviceRegisterKeyPressedHandler
 .text.USBKeyboardDeviceRegisterSelectConsoleHandler
                0x01f251a4        0x8 uspi/libuspi.a(usbkeyboard.o)
                0x01f251a4                USBKeyboardDeviceRegisterSelectConsoleHandler
 .text.USBKeyboardDeviceRegisterShutdownHandler
                0x01f251ac        0x8 uspi/libuspi.a(usbkeyboard.o)
                0x01f251ac                USBKeyboardDeviceRegisterShutdownHandler
 .text.USBKeyboardDeviceRegisterKeyStatusHandlerRaw
                0x01f251b4        0x8 uspi/libuspi.a(usbkeyboard.o)
                0x01f251b4                USBKeyboardDeviceRegisterKeyStatusHandlerRaw
 .text          0x01f251bc        0x0 uspi/libuspi.a(dwhcirootport.o)
 .text.DWHCIRootPort
                0x01f251bc        0xc uspi/libuspi.a(dwhcirootport.o)
                0x01f251bc                DWHCIRootPort
 .text._DWHCIRootPort
                0x01f251c8       0x34 uspi/libuspi.a(dwhcirootport.o)
                0x01f251c8                _DWHCIRootPort
 .text.DWHCIRootPortInitialize
                0x01f251fc      0x1d0 uspi/libuspi.a(dwhcirootport.o)
                0x01f251fc                DWHCIRootPortInitialize
 .text          0x01f253cc        0x0 uspi/libuspi.a(usbmouse.o)
 .text.USBMouseDeviceConfigure
                0x01f253cc      0x2bc uspi/libuspi.a(usbmouse.o)
                0x01f253cc                USBMouseDeviceConfigure
 .text.USBMouseDeviceCompletionRoutine
                0x01f25688       0xd4 uspi/libuspi.a(usbmouse.o)
 .text.USBMouseDevice
                0x01f2575c       0x3c uspi/libuspi.a(usbmouse.o)
                0x01f2575c                USBMouseDevice
 .text._CUSBMouseDevice
                0x01f25798       0x4c uspi/libuspi.a(usbmouse.o)
                0x01f25798                _CUSBMouseDevice
 .text.USBMouseDeviceRegisterStatusHandler
                0x01f257e4        0x8 uspi/libuspi.a(usbmouse.o)
                0x01f257e4                USBMouseDeviceRegisterStatusHandler
 .text          0x01f257ec        0x0 uspi/libuspi.a(dwhciframeschednsplit.o)
 .text.DWHCIFrameSchedulerNoSplitStartSplit
                0x01f257ec        0x4 uspi/libuspi.a(dwhciframeschednsplit.o)
                0x01f257ec                DWHCIFrameSchedulerNoSplitStartSplit
 .text.DWHCIFrameSchedulerNoSplitCompleteSplit
                0x01f257f0        0x8 uspi/libuspi.a(dwhciframeschednsplit.o)
                0x01f257f0                DWHCIFrameSchedulerNoSplitCompleteSplit
 .text.DWHCIFrameSchedulerNoSplitTransactionComplete
                0x01f257f8        0x4 uspi/libuspi.a(dwhciframeschednsplit.o)
                0x01f257f8                DWHCIFrameSchedulerNoSplitTransactionComplete
 .text.DWHCIFrameSchedulerNoSplitIsOddFrame
                0x01f257fc        0xc uspi/libuspi.a(dwhciframeschednsplit.o)
                0x01f257fc                DWHCIFrameSchedulerNoSplitIsOddFrame
 .text.DWHCIFrameSchedulerNoSplitWaitForFrame
                0x01f25808       0x64 uspi/libuspi.a(dwhciframeschednsplit.o)
                0x01f25808                DWHCIFrameSchedulerNoSplitWaitForFrame
 .text._DWHCIFrameSchedulerNoSplit
                0x01f2586c        0x4 uspi/libuspi.a(dwhciframeschednsplit.o)
                0x01f2586c                _DWHCIFrameSchedulerNoSplit
 .text.DWHCIFrameSchedulerNoSplit
                0x01f25870       0x58 uspi/libuspi.a(dwhciframeschednsplit.o)
                0x01f25870                DWHCIFrameSchedulerNoSplit
 .text          0x01f258c8        0x0 uspi/libuspi.a(usbgamepad.o)
 .text.BitGetUnsigned
                0x01f258c8      0x104 uspi/libuspi.a(usbgamepad.o)
 .text.USBGamePadDeviceDecodeReport
                0x01f259cc      0x89c uspi/libuspi.a(usbgamepad.o)
 .text.USBGamePadDeviceConfigure
                0x01f26268      0x434 uspi/libuspi.a(usbgamepad.o)
                0x01f26268                USBGamePadDeviceConfigure
 .text.USBGamePadDeviceCompletionRoutine
                0x01f2669c       0xcc uspi/libuspi.a(usbgamepad.o)
 .text.USBGamePadDevice
                0x01f26768       0x9c uspi/libuspi.a(usbgamepad.o)
                0x01f26768                USBGamePadDevice
 .text._CUSBGamePadDevice
                0x01f26804       0x84 uspi/libuspi.a(usbgamepad.o)
                0x01f26804                _CUSBGamePadDevice
 .text.USBGamePadDeviceRegisterStatusHandler
                0x01f26888        0x8 uspi/libuspi.a(usbgamepad.o)
                0x01f26888                USBGamePadDeviceRegisterStatusHandler
 .text.USBGamePadDeviceGetReport
                0x01f26890       0x70 uspi/libuspi.a(usbgamepad.o)
                0x01f26890                USBGamePadDeviceGetReport
 .text          0x01f26900        0x0 uspi/libuspi.a(synchronize.o)
 .text.uspi_EnterCritical
                0x01f26900       0x3c uspi/libuspi.a(synchronize.o)
                0x01f26900                uspi_EnterCritical
 .text.uspi_LeaveCritical
                0x01f2693c       0x3c uspi/libuspi.a(synchronize.o)
                0x01f2693c                uspi_LeaveCritical
 .text.uspi_CleanAndInvalidateDataCacheRange
                0x01f26978       0x30 uspi/libuspi.a(synchronize.o)
                0x01f26978                uspi_CleanAndInvalidateDataCacheRange
 .text          0x01f269a8        0x0 uspi/libuspi.a(usbstring.o)
 .text.USBString
                0x01f269a8       0x24 uspi/libuspi.a(usbstring.o)
                0x01f269a8                USBString
 .text.USBStringCopy
                0x01f269cc       0x6c uspi/libuspi.a(usbstring.o)
                0x01f269cc                USBStringCopy
 .text._USBString
                0x01f26a38       0x40 uspi/libuspi.a(usbstring.o)
                0x01f26a38                _USBString
 .text.USBStringGetFromDescriptor
                0x01f26a78      0x474 uspi/libuspi.a(usbstring.o)
                0x01f26a78                USBStringGetFromDescriptor
 .text.USBStringGet
                0x01f26eec        0x8 uspi/libuspi.a(usbstring.o)
                0x01f26eec                USBStringGet
 .text.USBStringGetLanguageID
                0x01f26ef4      0x154 uspi/libuspi.a(usbstring.o)
                0x01f26ef4                USBStringGetLanguageID
 .text          0x01f27048        0x0 uspi/libuspi.a(usbmidi.o)
 .text.USBMIDIDeviceConfigure
                0x01f27048      0x218 uspi/libuspi.a(usbmidi.o)
                0x01f27048                USBMIDIDeviceConfigure
 .text.USBMIDIDeviceCompletionRoutine
                0x01f27260       0xfc uspi/libuspi.a(usbmidi.o)
 .text.USBMIDIDevice
                0x01f2735c       0x30 uspi/libuspi.a(usbmidi.o)
                0x01f2735c                USBMIDIDevice
 .text._CUSBMIDIDevice
                0x01f2738c       0x4c uspi/libuspi.a(usbmidi.o)
                0x01f2738c                _CUSBMIDIDevice
 .text.USBMIDIDeviceRegisterPacketHandler
                0x01f273d8        0x8 uspi/libuspi.a(usbmidi.o)
                0x01f273d8                USBMIDIDeviceRegisterPacketHandler
 .text          0x01f273e0        0x0 uspi/libuspi.a(usbconfigparser.o)
 .text.USBConfigurationParser
                0x01f273e0      0x110 uspi/libuspi.a(usbconfigparser.o)
                0x01f273e0                USBConfigurationParser
 .text._USBConfigurationParser
                0x01f274f0        0xc uspi/libuspi.a(usbconfigparser.o)
                0x01f274f0                _USBConfigurationParser
 .text.USBConfigurationParserIsValid
                0x01f274fc        0x8 uspi/libuspi.a(usbconfigparser.o)
                0x01f274fc                USBConfigurationParserIsValid
 .text.USBConfigurationParserGetDescriptor
                0x01f27504       0xa4 uspi/libuspi.a(usbconfigparser.o)
                0x01f27504                USBConfigurationParserGetDescriptor
 .text.USBConfigurationParserError
                0x01f275a8       0x2c uspi/libuspi.a(usbconfigparser.o)
                0x01f275a8                USBConfigurationParserError
 .text          0x01f275d4        0x0 uspi/libuspi.a(usbdevicefactory.o)
 .text.GetDevice
                0x01f275d4      0x1d0 uspi/libuspi.a(usbdevicefactory.o)
                0x01f275d4                GetDevice
 .text.USBDeviceFactoryGetDevice
                0x01f277a4      0x224 uspi/libuspi.a(usbdevicefactory.o)
                0x01f277a4                USBDeviceFactoryGetDevice
 .text          0x01f279c8        0x0 uspi/libuspi.a(usbstandardhub.o)
 .text.USBStandardHub
                0x01f279c8       0x68 uspi/libuspi.a(usbstandardhub.o)
                0x01f279c8                USBStandardHub
 .text._USBStandardHub
                0x01f27a30       0x8c uspi/libuspi.a(usbstandardhub.o)
                0x01f27a30                _USBStandardHub
 .text.USBStandardHubInitialize
                0x01f27abc        0x4 uspi/libuspi.a(usbstandardhub.o)
                0x01f27abc                USBStandardHubInitialize
 .text.USBStandardHubGetDeviceNames
                0x01f27ac0       0xc0 uspi/libuspi.a(usbstandardhub.o)
                0x01f27ac0                USBStandardHubGetDeviceNames
 .text.USBStandardHubEnumeratePorts
                0x01f27b80      0x584 uspi/libuspi.a(usbstandardhub.o)
                0x01f27b80                USBStandardHubEnumeratePorts
 .text.USBStandardHubConfigure
                0x01f28104      0x2bc uspi/libuspi.a(usbstandardhub.o)
                0x01f28104                USBStandardHubConfigure
 .text          0x01f283c0        0x0 uspi/libuspi.a(keymap.o)
 .text.KeyMap   0x01f283c0       0x24 uspi/libuspi.a(keymap.o)
                0x01f283c0                KeyMap
 .text._KeyMap  0x01f283e4        0x4 uspi/libuspi.a(keymap.o)
                0x01f283e4                _KeyMap
 .text.KeyMapClearTable
                0x01f283e8       0x34 uspi/libuspi.a(keymap.o)
                0x01f283e8                KeyMapClearTable
 .text.KeyMapSetEntry
                0x01f2841c       0x50 uspi/libuspi.a(keymap.o)
                0x01f2841c                KeyMapSetEntry
 .text.KeyMapTranslate
                0x01f2846c      0x118 uspi/libuspi.a(keymap.o)
                0x01f2846c                KeyMapTranslate
 .text.KeyMapGetString
                0x01f28584       0xbc uspi/libuspi.a(keymap.o)
                0x01f28584                KeyMapGetString
 .text.KeyMapGetLEDStatus
                0x01f28640       0x34 uspi/libuspi.a(keymap.o)
                0x01f28640                KeyMapGetLEDStatus
 .text          0x01f28674       0x3c i:/development/arm/gnu tools arm embedded/5.4 2016q2/bin/../lib/gcc/arm-none-eabi/5.4.1/fpu\libgcc.a(_aeabi_uldivmod.o)
                0x01f28674                __aeabi_uldivmod
 .text          0x01f286b0      0x12c i:/development/arm/gnu tools arm embedded/5.4 2016q2/bin/../lib/gcc/arm-none-eabi/5.4.1/fpu\libgcc.a(_udivmoddi4.o)
                0x01f286b0                __udivmoddi4
 .text          0x01f287dc        0x4 i:/development/arm/gnu tools arm embedded/5.4 2016q2/bin/../lib/gcc/arm-none-eabi/5.4.1/fpu\libgcc.a(_dvmd_tls.o)
                0x01f287dc                __aeabi_idiv0
                0x01f287dc                __aeabi_ldiv0
 .text          0x01f287e0       0x28 i:/development/arm/gnu tools arm embedded/5.4 2016q2/bin/../lib/gcc/arm-none-eabi/5.4.1/fpu\libgcc.a(_clzdi2.o)
                0x01f287e0                __clzdi2
 .text          0x01f28808       0x48 i:/development/arm/gnu tools arm embedded/5.4 2016q2/bin/../lib/gcc/arm-none-eabi/5.4.1/fpu\libgcc.a(_clzsi2.o)
                0x01f28808                __clzsi2
 .text          0x01f28850        0x0 i:/development/arm/gnu tools arm embedded/5.4 2016q2/bin/../lib/gcc/arm-none-eabi/5.4.1/../../../../arm-none-eabi/lib/fpu\libc.a(lib_a-abs.o)
 .text.abs      0x01f28850        0xc i:/development/arm/gnu tools arm embedded/5.4 2016q2/bin/../lib/gcc/arm-none-eabi/5.4.1/../../../../arm-none-eabi/lib/fpu\libc.a(lib_a-abs.o)
                0x01f28850                abs
 .text          0x01f2885c        0x0 i:/development/arm/gnu tools arm embedded/5.4 2016q2/bin/../lib/gcc/arm-none-eabi/5.4.1/../../../../arm-none-eabi/lib/fpu\libc.a(lib_a-aeabi_atexit.o)
 .text.__aeabi_atexit
                0x01f2885c       0x1c i:/development/arm/gnu tools arm embedded/5.4 2016q2/bin/../lib/gcc/arm-none-eabi/5.4.1/../../../../arm-none-eabi/lib/fpu\libc.a(lib_a-aeabi_atexit.o)
                0x01f2885c                __aeabi_atexit
 .text          0x01f28878        0x0 i:/development/arm/gnu tools arm embedded/5.4 2016q2/bin/../lib/gcc/arm-none-eabi/5.4.1/../../../../arm-none-eabi/lib/fpu\libc.a(lib_a-atof.o)
 .text.atof     0x01f28878       0x14 i:/development/arm/gnu tools arm embedded/5.4 2016q2/bin/../lib/gcc/arm-none-eabi/5.4.1/../../../../arm-none-eabi/lib/fpu\libc.a(lib_a-atof.o)
                0x01f28878                atof
 .text          0x01f2888c        0x0 i:/development/arm/gnu tools arm embedded/5.4 2016q2/bin/../lib/gcc/arm-none-eabi/5.4.1/../../../../arm-none-eabi/lib/fpu\libc.a(lib_a-cxa_atexit.o)
 .text.__cxa_atexit
                0x01f2888c       0x20 i:/development/arm/gnu tools arm embedded/5.4 2016q2/bin/../lib/gcc/arm-none-eabi/5.4.1/../../../../arm-none-eabi/lib/fpu\libc.a(lib_a-cxa_atexit.o)
                0x01f2888c                __cxa_atexit
 .text          0x01f288ac        0x0 i:/development/arm/gnu tools arm embedded/5.4 2016q2/bin/../lib/gcc/arm-none-eabi/5.4.1/../../../../arm-none-eabi/lib/fpu\libc.a(lib_a-init.o)
 .text.__libc_init_array
                0x01f288ac       0x80 i:/development/arm/gnu tools arm embedded/5.4 2016q2/bin/../lib/gcc/arm-none-eabi/5.4.1/../../../../arm-none-eabi/lib/fpu\libc.a(lib_a-init.o)
                0x01f288ac                __libc_init_array
 .text          0x01f2892c        0x0 i:/development/arm/gnu tools arm embedded/5.4 2016q2/bin/../lib/gcc/arm-none-eabi/5.4.1/../../../../arm-none-eabi/lib/fpu\libc.a(lib_a-malloc.o)
 .text.malloc   0x01f2892c       0x20 i:/development/arm/gnu tools arm embedded/5.4 2016q2/bin/../lib/gcc/arm-none-eabi/5.4.1/../../../../arm-none-eabi/lib/fpu\libc.a(lib_a-malloc.o)
                0x01f2892c                malloc
 .text.free     0x01f2894c       0x20 i:/development/arm/gnu tools arm embedded/5.4 2016q2/bin/../lib/gcc/arm-none-eabi/5.4.1/../../../../arm-none-eabi/lib/fpu\libc.a(lib_a-malloc.o)
                0x01f2894c                free
 .text          0x01f2896c        0x0 i:/development/arm/gnu tools arm embedded/5.4 2016q2/bin/../lib/gcc/arm-none-eabi/5.4.1/../../../../arm-none-eabi/lib/fpu\libc.a(lib_a-mallocr.o)
 .text._malloc_r
                0x01f2896c      0x7a8 i:/development/arm/gnu tools arm embedded/5.4 2016q2/bin/../lib/gcc/arm-none-eabi/5.4.1/../../../../arm-none-eabi/lib/fpu\libc.a(lib_a-mallocr.o)
                0x01f2896c                _malloc_r
 .text          0x01f29114        0x0 i:/development/arm/gnu tools arm embedded/5.4 2016q2/bin/../lib/gcc/arm-none-eabi/5.4.1/../../../../arm-none-eabi/lib/fpu\libc.a(lib_a-memcpy-stub.o)
 .text.memcpy   0x01f29114       0xf0 i:/development/arm/gnu tools arm embedded/5.4 2016q2/bin/../lib/gcc/arm-none-eabi/5.4.1/../../../../arm-none-eabi/lib/fpu\libc.a(lib_a-memcpy-stub.o)
                0x01f29114                memcpy
 .text          0x01f29204        0x0 i:/development/arm/gnu tools arm embedded/5.4 2016q2/bin/../lib/gcc/arm-none-eabi/5.4.1/../../../../arm-none-eabi/lib/fpu\libc.a(lib_a-memset.o)
 .text.memset   0x01f29204       0xf4 i:/development/arm/gnu tools arm embedded/5.4 2016q2/bin/../lib/gcc/arm-none-eabi/5.4.1/../../../../arm-none-eabi/lib/fpu\libc.a(lib_a-memset.o)
                0x01f29204                memset
 .text          0x01f292f8        0x0 i:/development/arm/gnu tools arm embedded/5.4 2016q2/bin/../lib/gcc/arm-none-eabi/5.4.1/../../../../arm-none-eabi/lib/fpu\libc.a(lib_a-mlock.o)
 .text.__malloc_lock
                0x01f292f8        0x4 i:/development/arm/gnu tools arm embedded/5.4 2016q2/bin/../lib/gcc/arm-none-eabi/5.4.1/../../../../arm-none-eabi/lib/fpu\libc.a(lib_a-mlock.o)
                0x01f292f8                __malloc_lock
 .text.__malloc_unlock
                0x01f292fc        0x4 i:/development/arm/gnu tools arm embedded/5.4 2016q2/bin/../lib/gcc/arm-none-eabi/5.4.1/../../../../arm-none-eabi/lib/fpu\libc.a(lib_a-mlock.o)
                0x01f292fc                __malloc_unlock
 .text          0x01f29300        0x0 i:/development/arm/gnu tools arm embedded/5.4 2016q2/bin/../lib/gcc/arm-none-eabi/5.4.1/../../../../arm-none-eabi/lib/fpu\libc.a(lib_a-printf.o)
 .text._printf_r
                0x01f29300       0x34 i:/development/arm/gnu tools arm embedded/5.4 2016q2/bin/../lib/gcc/arm-none-eabi/5.4.1/../../../../arm-none-eabi/lib/fpu\libc.a(lib_a-printf.o)
                0x01f29300                _printf_r
 .text.printf   0x01f29334       0x40 i:/development/arm/gnu tools arm embedded/5.4 2016q2/bin/../lib/gcc/arm-none-eabi/5.4.1/../../../../arm-none-eabi/lib/fpu\libc.a(lib_a-printf.o)
                0x01f29334                printf
 .text          0x01f29374        0x0 i:/development/arm/gnu tools arm embedded/5.4 2016q2/bin/../lib/gcc/arm-none-eabi/5.4.1/../../../../arm-none-eabi/lib/fpu\libc.a(lib_a-reent.o)
 .text.cleanup_glue
                0x01f29374       0x2c i:/development/arm/gnu tools arm embedded/5.4 2016q2/bin/../lib/gcc/arm-none-eabi/5.4.1/../../../../arm-none-eabi/lib/fpu\libc.a(lib_a-reent.o)
                0x01f29374                cleanup_glue
 .text._reclaim_reent
                0x01f293a0       0xf4 i:/development/arm/gnu tools arm embedded/5.4 2016q2/bin/../lib/gcc/arm-none-eabi/5.4.1/../../../../arm-none-eabi/lib/fpu\libc.a(lib_a-reent.o)
                0x01f293a0                _reclaim_reent
 .text          0x01f29494        0x0 i:/development/arm/gnu tools arm embedded/5.4 2016q2/bin/../lib/gcc/arm-none-eabi/5.4.1/../../../../arm-none-eabi/lib/fpu\libc.a(lib_a-sbrkr.o)
 .text._sbrk_r  0x01f29494       0x44 i:/development/arm/gnu tools arm embedded/5.4 2016q2/bin/../lib/gcc/arm-none-eabi/5.4.1/../../../../arm-none-eabi/lib/fpu\libc.a(lib_a-sbrkr.o)
                0x01f29494                _sbrk_r
 .text          0x01f294d8        0x0 i:/development/arm/gnu tools arm embedded/5.4 2016q2/bin/../lib/gcc/arm-none-eabi/5.4.1/../../../../arm-none-eabi/lib/fpu\libc.a(lib_a-snprintf.o)
 .text._snprintf_r
                0x01f294d8       0xd8 i:/development/arm/gnu tools arm embedded/5.4 2016q2/bin/../lib/gcc/arm-none-eabi/5.4.1/../../../../arm-none-eabi/lib/fpu\libc.a(lib_a-snprintf.o)
                0x01f294d8                _snprintf_r
 .text.snprintf
                0x01f295b0       0xe8 i:/development/arm/gnu tools arm embedded/5.4 2016q2/bin/../lib/gcc/arm-none-eabi/5.4.1/../../../../arm-none-eabi/lib/fpu\libc.a(lib_a-snprintf.o)
                0x01f295b0                snprintf
 .text          0x01f29698        0x0 i:/development/arm/gnu tools arm embedded/5.4 2016q2/bin/../lib/gcc/arm-none-eabi/5.4.1/../../../../arm-none-eabi/lib/fpu\libc.a(lib_a-strcat.o)
 .text.strcat   0x01f29698       0x84 i:/development/arm/gnu tools arm embedded/5.4 2016q2/bin/../lib/gcc/arm-none-eabi/5.4.1/../../../../arm-none-eabi/lib/fpu\libc.a(lib_a-strcat.o)
                0x01f29698                strcat
 .text          0x01f2971c      0x224 i:/development/arm/gnu tools arm embedded/5.4 2016q2/bin/../lib/gcc/arm-none-eabi/5.4.1/../../../../arm-none-eabi/lib/fpu\libc.a(lib_a-strcmp.o)
                0x01f2971c                strcmp
 .text          0x01f29940        0x0 i:/development/arm/gnu tools arm embedded/5.4 2016q2/bin/../lib/gcc/arm-none-eabi/5.4.1/../../../../arm-none-eabi/lib/fpu\libc.a(lib_a-strcpy.o)
 .text.strcpy   0x01f29940       0xf0 i:/development/arm/gnu tools arm embedded/5.4 2016q2/bin/../lib/gcc/arm-none-eabi/5.4.1/../../../../arm-none-eabi/lib/fpu\libc.a(lib_a-strcpy.o)
                0x01f29940                strcpy
 .text          0x01f29a30        0x0 i:/development/arm/gnu tools arm embedded/5.4 2016q2/bin/../lib/gcc/arm-none-eabi/5.4.1/../../../../arm-none-eabi/lib/fpu\libc.a(lib_a-strlen-stub.o)
 .text.strlen   0x01f29a30       0x60 i:/development/arm/gnu tools arm embedded/5.4 2016q2/bin/../lib/gcc/arm-none-eabi/5.4.1/../../../../arm-none-eabi/lib/fpu\libc.a(lib_a-strlen-stub.o)
                0x01f29a30                strlen
 .text          0x01f29a90        0x0 i:/development/arm/gnu tools arm embedded/5.4 2016q2/bin/../lib/gcc/arm-none-eabi/5.4.1/../../../../arm-none-eabi/lib/fpu\libc.a(lib_a-strncmp.o)
 .text.strncmp  0x01f29a90      0x124 i:/development/arm/gnu tools arm embedded/5.4 2016q2/bin/../lib/gcc/arm-none-eabi/5.4.1/../../../../arm-none-eabi/lib/fpu\libc.a(lib_a-strncmp.o)
                0x01f29a90                strncmp
 .text          0x01f29bb4        0x0 i:/development/arm/gnu tools arm embedded/5.4 2016q2/bin/../lib/gcc/arm-none-eabi/5.4.1/../../../../arm-none-eabi/lib/fpu\libc.a(lib_a-strrchr.o)
 .text.strrchr  0x01f29bb4       0x54 i:/development/arm/gnu tools arm embedded/5.4 2016q2/bin/../lib/gcc/arm-none-eabi/5.4.1/../../../../arm-none-eabi/lib/fpu\libc.a(lib_a-strrchr.o)
                0x01f29bb4                strrchr
 .text          0x01f29c08        0x0 i:/development/arm/gnu tools arm embedded/5.4 2016q2/bin/../lib/gcc/arm-none-eabi/5.4.1/../../../../arm-none-eabi/lib/fpu\libc.a(lib_a-strtod.o)
 .text.unlikely.sulp
                0x01f29c08       0x54 i:/development/arm/gnu tools arm embedded/5.4 2016q2/bin/../lib/gcc/arm-none-eabi/5.4.1/../../../../arm-none-eabi/lib/fpu\libc.a(lib_a-strtod.o)
 *fill*         0x01f29c5c        0x4 00000000
 .text._strtod_r
                0x01f29c60     0x1434 i:/development/arm/gnu tools arm embedded/5.4 2016q2/bin/../lib/gcc/arm-none-eabi/5.4.1/../../../../arm-none-eabi/lib/fpu\libc.a(lib_a-strtod.o)
                0x01f29c60                _strtod_r
 .text.strtod   0x01f2b094       0x18 i:/development/arm/gnu tools arm embedded/5.4 2016q2/bin/../lib/gcc/arm-none-eabi/5.4.1/../../../../arm-none-eabi/lib/fpu\libc.a(lib_a-strtod.o)
                0x01f2b094                strtod