Archive member included to satisfy reference by file (symbol)

uspi/libuspi.a(uspilibrary.o)
                              src/main.o (USPiInitialize)
uspi/libuspi.a(dwhcidevice.o)
                              uspi/libuspi.a(uspilibrary.o) (DWHCIDevice)
uspi/libuspi.a(dwhciregister.o)
                              uspi/libuspi.a(dwhcidevice.o) (DWHCIRegister)
uspi/libuspi.a(dwhcixferstagedata.o)
                              uspi/libuspi.a(dwhcidevice.o) (DWHCITransferStageData)
uspi/libuspi.a(usbdevice.o)   uspi/libuspi.a(dwhcixferstagedata.o) (USBDeviceGetAddress)
uspi/libuspi.a(usbendpoint.o)
                              uspi/libuspi.a(usbdevice.o) (USBEndpoint)
uspi/libuspi.a(usbrequest.o)  uspi/libuspi.a(dwhcidevice.o) (USBRequest)
uspi/libuspi.a(devicenameservice.o)
                              uspi/libuspi.a(uspilibrary.o) (DeviceNameService)
uspi/libuspi.a(macaddress.o)  uspi/libuspi.a(uspilibrary.o) (MACAddressCopyTo)
uspi/libuspi.a(smsc951x.o)    uspi/libuspi.a(uspilibrary.o) (SMSC951xDeviceGetMACAddress)
uspi/libuspi.a(lan7800.o)     uspi/libuspi.a(uspilibrary.o) (LAN7800DeviceGetMACAddress)
uspi/libuspi.a(string.o)      uspi/libuspi.a(uspilibrary.o) (String)
uspi/libuspi.a(util.o)        uspi/libuspi.a(macaddress.o) (uspi_memset)
uspi/libuspi.a(usbmassdevice.o)
                              uspi/libuspi.a(uspilibrary.o) (USBBulkOnlyMassStorageDeviceSeek)
uspi/libuspi.a(dwhciframeschednper.o)
                              uspi/libuspi.a(dwhcixferstagedata.o) (DWHCIFrameSchedulerNonPeriodic)
uspi/libuspi.a(dwhciframeschedper.o)
                              uspi/libuspi.a(dwhcixferstagedata.o) (DWHCIFrameSchedulerPeriodic)
uspi/libuspi.a(usbkeyboard.o)
                              uspi/libuspi.a(uspilibrary.o) (USBKeyboardDeviceRegisterKeyPressedHandler)
uspi/libuspi.a(dwhcirootport.o)
                              uspi/libuspi.a(dwhcidevice.o) (DWHCIRootPort)
uspi/libuspi.a(usbmouse.o)    uspi/libuspi.a(uspilibrary.o) (USBMouseDeviceRegisterStatusHandler)
uspi/libuspi.a(dwhciframeschednsplit.o)
                              uspi/libuspi.a(dwhcixferstagedata.o) (DWHCIFrameSchedulerNoSplit)
uspi/libuspi.a(usbgamepad.o)  uspi/libuspi.a(uspilibrary.o) (USBGamePadDeviceRegisterStatusHandler)
uspi/libuspi.a(synchronize.o)
                              uspi/libuspi.a(dwhcidevice.o) (uspi_EnterCritical)
uspi/libuspi.a(usbstring.o)   uspi/libuspi.a(usbdevice.o) (USBString)
uspi/libuspi.a(usbmidi.o)     uspi/libuspi.a(uspilibrary.o) (USBMIDIDeviceRegisterPacketHandler)
uspi/libuspi.a(usbconfigparser.o)
                              uspi/libuspi.a(usbdevice.o) (USBConfigurationParser)
uspi/libuspi.a(usbdevicefactory.o)
                              uspi/libuspi.a(dwhcirootport.o) (USBDeviceFactoryGetDevice)
uspi/libuspi.a(usbstandardhub.o)
                              uspi/libuspi.a(usbdevicefactory.o) (USBStandardHub)
uspi/libuspi.a(keymap.o)      uspi/libuspi.a(usbkeyboard.o) (KeyMap)
i:/development/arm/gnu tools arm embedded/5.4 2016q2/bin/../lib/gcc/arm-none-eabi/5.4.1/fpu\libgcc.a(_aeabi_uldivmod.o)
                              src/ff.o (__aeabi_uldivmod)
i:/development/arm/gnu tools arm embedded/5.4 2016q2/bin/../lib/gcc/arm-none-eabi/5.4.1/fpu\libgcc.a(_udivmoddi4.o)
                              i:/development/arm/gnu tools arm embedded/5.4 2016q2/bin/../lib/gcc/arm-none-eabi/5.4.1/fpu\libgcc.a(_aeabi_uldivmod.o) (__udivmoddi4)
i:/development/arm/gnu tools arm embedded/5.4 2016q2/bin/../lib/gcc/arm-none-eabi/5.4.1/fpu\libgcc.a(_dvmd_tls.o)
                              i:/development/arm/gnu tools arm embedded/5.4 2016q2/bin/../lib/gcc/arm-none-eabi/5.4.1/fpu\libgcc.a(_aeabi_uldivmod.o) (__aeabi_ldiv0)
i:/development/arm/gnu tools arm embedded/5.4 2016q2/bin/../lib/gcc/arm-none-eabi/5.4.1/fpu\libgcc.a(_clzdi2.o)
                              i:/development/arm/gnu tools arm embedded/5.4 2016q2/bin/../lib/gcc/arm-none-eabi/5.4.1/fpu\libgcc.a(_udivmoddi4.o) (__clzdi2)
i:/development/arm/gnu tools arm embedded/5.4 2016q2/bin/../lib/gcc/arm-none-eabi/5.4.1/fpu\libgcc.a(_clzsi2.o)
                              i:/development/arm/gnu tools arm embedded/5.4 2016q2/bin/../lib/gcc/arm-none-eabi/5.4.1/fpu\libgcc.a(_clzdi2.o) (__clzsi2)
i:/development/arm/gnu tools arm embedded/5.4 2016q2/bin/../lib/gcc/arm-none-eabi/5.4.1/../../../../arm-none-eabi/lib/fpu\libc.a(lib_a-abs.o)
                              src/vga.o (abs)
i:/development/arm/gnu tools arm embedded/5.4 2016q2/bin/../lib/gcc/arm-none-eabi/5.4.1/../../../../arm-none-eabi/lib/fpu\libc.a(lib_a-aeabi_atexit.o)
                              src/main.o (__aeabi_atexit)
i:/development/arm/gnu tools arm embedded/5.4 2016q2/bin/../lib/gcc/arm-none-eabi/5.4.1/../../../../arm-none-eabi/lib/fpu\libc.a(lib_a-atof.o)
                              src/expr.o (atof)
i:/development/arm/gnu tools arm embedded/5.4 2016q2/bin/../lib/gcc/arm-none-eabi/5.4.1/../../../../arm-none-eabi/lib/fpu\libc.a(lib_a-cxa_atexit.o)
[...]
Memory Configuration

Name             Origin             Length             Attributes
*default*        0x00000000         0xffffffff

Linker script and memory map

LOAD i:/development/arm/gnu tools arm embedded/5.4 2016q2/bin/../lib/gcc/arm-none-eabi/5.4.1/../../../../arm-none-eabi/lib/fpu\libm.a
LOAD i:/development/arm/gnu tools arm embedded/5.4 2016q2/bin/../lib/gcc/arm-none-eabi/5.4.1/../../../../arm-none-eabi/lib/fpu\libm.a
LOAD src/armc-start.o
LOAD src/armc-cstartup.o
LOAD src/armc-cstubs.o
LOAD src/armc-cppstubs.o
LOAD src/exception.o
LOAD src/main.o
LOAD src/rpi-aux.o
LOAD src/rpi-i2c.o
LOAD src/rpi-mailbox-interface.o
LOAD src/rpi-mailbox.o
LOAD src/rpi-gpio.o
LOAD src/rpi-interrupts.o
LOAD src/cache.o
LOAD src/ff.o
LOAD src/interrupt.o
LOAD src/Keyboard.o
LOAD src/emmc.o
LOAD src/diskio.o
LOAD src/vga.o
LOAD src/terminal.o
LOAD src/timer.o
LOAD src/font_data.o
LOAD src/basic.o
LOAD src/linkedlist.o
LOAD src/expr.o
LOAD uspi/libuspi.a
START GROUP
LOAD i:/development/arm/gnu tools arm embedded/5.4 2016q2/bin/../lib/gcc/arm-none-eabi/5.4.1/fpu\libgcc.a
LOAD i:/development/arm/gnu tools arm embedded/5.4 2016q2/bin/../lib/gcc/arm-none-eabi/5.4.1/../../../../arm-none-eabi/lib/fpu\libc.a
END GROUP
                [!provide]                PROVIDE (__executable_start, 0x1f00000)
                0x01f00000                . = 0x1f00000

.interp
 *(.interp)

.note.gnu.build-id
 *(.note.gnu.build-id)

.hash
 *(.hash)

.gnu.hash
 *(.gnu.hash)

.dynsym
 *(.dynsym)

.dynstr
 *(.dynstr)

.gnu.version
 *(.gnu.version)

.gnu.version_d
 *(.gnu.version_d)

.gnu.version_r
 *(.gnu.version_r)

.rel.init
 *(.rel.init)

.rela.init
 *(.rela.init)

.rel.text
 *(.rel.text .rel.text.* .rel.gnu.linkonce.t.*)

.rela.text
 *(.rela.text .rela.text.* .rela.gnu.linkonce.t.*)

.rel.fini
 *(.rel.fini)

.rela.fini
 *(.rela.fini)

.rel.rodata
 *(.rel.rodata .rel.rodata.* .rel.gnu.linkonce.r.*)

.rela.rodata
 *(.rela.rodata .rela.rodata.* .rela.gnu.linkonce.r.*)

.rel.data.rel.ro
 *(.rel.data.rel.ro* .rel.gnu.linkonce.d.rel.ro.*)

.rela.data.rel.ro
 *(.rela.data.rel.ro* .rela.gnu.linkonce.d.rel.ro.*)

.rel.data
 *(.rel.data .rel.data.* .rel.gnu.linkonce.d.*)

.rela.data
 *(.rela.data .rela.data.* .rela.gnu.linkonce.d.*)

.rel.tdata
 *(.rel.tdata .rel.tdata.* .rel.gnu.linkonce.td.*)

.rela.tdata
 *(.rela.tdata .rela.tdata.* .rela.gnu.linkonce.td.*)

.rel.tbss
 *(.rel.tbss .rel.tbss.* .rel.gnu.linkonce.tb.*)

.rela.tbss
 *(.rela.tbss .rela.tbss.* .rela.gnu.linkonce.tb.*)

.rel.ctors
 *(.rel.ctors)

.rela.ctors
 *(.rela.ctors)

.rel.dtors
 *(.rel.dtors)

.rela.dtors
 *(.rela.dtors)

.rel.got
 *(.rel.got)

.rela.got
 *(.rela.got)

.rel.bss
 *(.rel.bss .rel.bss.* .rel.gnu.linkonce.b.*)

.rela.bss
 *(.rela.bss .rela.bss.* .rela.gnu.linkonce.b.*)

.rel.iplt       0x01f00000        0x0
                [!provide]                PROVIDE (__rel_iplt_start, .)
 *(.rel.iplt)
 .rel.iplt      0x01f00000        0x0 src/armc-start.o
                [!provide]                PROVIDE (__rel_iplt_end, .)

.rela.iplt      0x01f00000        0x0
                [!provide]                PROVIDE (__rela_iplt_start, .)
 *(.rela.iplt)
                [!provide]                PROVIDE (__rela_iplt_end, .)

.rel.plt
 *(.rel.plt)

.rela.plt
 *(.rela.plt)

.init
 *(.init)

.plt
 *(.plt)

.iplt           0x01f00000        0x0
 *(.iplt)
 .iplt          0x01f00000        0x0 src/armc-start.o

.text           0x01f00000    0x37688
 *(.text.startup .text.startup.*)
 .text.startup  0x01f00000       0x40 src/armc-start.o
                0x01f00000                _start
 .text.startup  0x01f00040       0x30 src/main.o
 *(.text.unlikely .text.*_unlikely)
 .text.unlikely
                0x01f00070      0x14c src/ff.o
 *(.text.exit .text.exit.*)
 *(.text.hot .text.hot.*)
 *(.text .stub .text.* .gnu.linkonce.t.*)
 .text          0x01f001bc        0x0 src/armc-start.o
 .text._reset_  0x01f001bc       0xc0 src/armc-start.o
 .text._get_stack_pointer
                0x01f0027c        0x8 src/armc-start.o
                0x01f0027c                _get_stack_pointer
 .text._get_cpsr
                0x01f00284        0x8 src/armc-start.o
                0x01f00284                _get_cpsr
 .text._enable_interrupts
                0x01f0028c       0x10 src/armc-start.o
                0x01f0028c                _enable_interrupts
 .text._disable_interrupts
                0x01f0029c       0x10 src/armc-start.o
                0x01f0029c                _disable_interrupts
 .text._undefined_instruction_handler_
                0x01f002ac       0x14 src/armc-start.o
 .text._prefetch_abort_handler_
                0x01f002c0       0x14 src/armc-start.o
 .text._data_abort_handler_
                0x01f002d4       0x14 src/armc-start.o
 .text._swi_handler_
                0x01f002e8       0x14 src/armc-start.o
 .text._enable_unaligned_access
                0x01f002fc       0x14 src/armc-start.o
                0x01f002fc                _enable_unaligned_access
 .text._enable_l1_cache
                0x01f00310       0x18 src/armc-start.o
                0x01f00310                _enable_l1_cache
 .text._invalidate_icache
                0x01f00328        0xc src/armc-start.o
                0x01f00328                _invalidate_icache
 .text._invalidate_dcache
                0x01f00334        0xc src/armc-start.o
                0x01f00334                _invalidate_dcache
 .text._clean_invalidate_dcache
                0x01f00340        0xc src/armc-start.o
                0x01f00340                _clean_invalidate_dcache
 .text._invalidate_dcache_mva
                0x01f0034c        0x8 src/armc-start.o
                0x01f0034c                _invalidate_dcache_mva
 .text._clean_invalidate_dcache_mva
                0x01f00354        0x8 src/armc-start.o
                0x01f00354                _clean_invalidate_dcache_mva
 .text._invalidate_dtlb
                0x01f0035c        0xc src/armc-start.o
                0x01f0035c                _invalidate_dtlb
 .text._invalidate_dtlb_mva
                0x01f00368        0x8 src/armc-start.o
                0x01f00368                _invalidate_dtlb_mva
 .text._data_memory_barrier
                0x01f00370       0xb0 src/armc-start.o
                0x01f00370                _data_memory_barrier
                0x01f00378                _init_core
                0x01f00408                _spin_core
                0x01f00410                _get_core
 .text._toggle_test_pin
                0x01f00420       0x28 src/armc-start.o
                0x01f00420                _toggle_test_pin
 .text          0x01f00448        0x0 src/armc-cstartup.o
 .text._init    0x01f00448        0x4 src/armc-cstartup.o
                0x01f00448                _init
 .text._cstartup
                0x01f0044c      0x174 src/armc-cstartup.o
                0x01f0044c                _cstartup
 .text          0x01f005c0        0x0 src/armc-cstubs.o
 .text._exit    0x01f005c0        0x4 src/armc-cstubs.o
                0x01f005c0                _exit
 .text._fini    0x01f005c4        0x4 src/armc-cstubs.o
                0x01f005c4                _fini
 .text._close   0x01f005c8        0x8 src/armc-cstubs.o
                0x01f005c8                _close
 .text.execve   0x01f005d0       0x18 src/armc-cstubs.o
                0x01f005d0                execve
 .text.fork     0x01f005e8       0x18 src/armc-cstubs.o
                0x01f005e8                fork
 .text._fstat   0x01f00600       0x10 src/armc-cstubs.o
                0x01f00600                _fstat
 .text.getpid   0x01f00610        0x8 src/armc-cstubs.o
                0x01f00610                getpid
 .text._getpid  0x01f00618        0x8 src/armc-cstubs.o
                0x01f00618                _getpid
 .text._isatty  0x01f00620        0x8 src/armc-cstubs.o
                0x01f00620                _isatty
 .text.kill     0x01f00628       0x18 src/armc-cstubs.o
                0x01f00628                kill
 .text._kill    0x01f00640       0x18 src/armc-cstubs.o
                0x01f00640                _kill
 .text.link     0x01f00658       0x18 src/armc-cstubs.o
                0x01f00658                link
 .text._lseek   0x01f00670        0x8 src/armc-cstubs.o
                0x01f00670                _lseek
 .text.open     0x01f00678        0x8 src/armc-cstubs.o
                0x01f00678                open
 .text._read    0x01f00680        0x8 src/armc-cstubs.o
                0x01f00680                _read
 .text._sbrk    0x01f00688       0x2c src/armc-cstubs.o
                0x01f00688                _sbrk
 .text.stat     0x01f006b4       0x10 src/armc-cstubs.o
                0x01f006b4                stat
 .text.times    0x01f006c4        0x8 src/armc-cstubs.o
                0x01f006c4                times
 .text.unlink   0x01f006cc       0x18 src/armc-cstubs.o
                0x01f006cc                unlink
 .text.wait     0x01f006e4       0x18 src/armc-cstubs.o
                0x01f006e4                wait
 .text.outbyte  0x01f006fc        0x4 src/armc-cstubs.o
                0x01f006fc                outbyte
 .text._write   0x01f00700       0x2c src/armc-cstubs.o
                0x01f00700                _write
 .text          0x01f0072c       0x10 src/armc-cppstubs.o
                0x01f0072c                operator new(unsigned int)
                0x01f00730                operator delete(void*)
                0x01f00734                std::__throw_bad_alloc()
                0x01f00738                std::__throw_length_error(char const*)
 .text          0x01f0073c        0x0 src/exception.o
 .text.reboot_now
                0x01f0073c       0x24 src/exception.o
                0x01f0073c                reboot_now
 .text.dump_digit
                0x01f00760       0x14 src/exception.o
                0x01f00760                dump_digit
 .text.dump_hex
                0x01f00774       0x30 src/exception.o
                0x01f00774                dump_hex
 .text.dump_binary
                0x01f007a4       0x28 src/exception.o
                0x01f007a4                dump_binary
 .text.dump_string
                0x01f007cc       0x28 src/exception.o
                0x01f007cc                dump_string
 .text.dump_info
                0x01f007f4      0x464 src/exception.o
                0x01f007f4                dump_info
 .text.undefined_instruction_handler
                0x01f00c58       0x10 src/exception.o
                0x01f00c58                undefined_instruction_handler
 .text.prefetch_abort_handler
                0x01f00c68       0x10 src/exception.o
                0x01f00c68                prefetch_abort_handler
 .text.data_abort_handler
                0x01f00c78       0x10 src/exception.o
                0x01f00c78                data_abort_handler
 .text.swi_handler
                0x01f00c88       0x10 src/exception.o
                0x01f00c88                swi_handler
 .text          0x01f00c98      0x30c src/main.o
                0x01f00c98                LogWrite
                0x01f00cc8                GetMACAddress
                0x01f00d38                SetPowerStateOn
                0x01f00d8c                usDelay
                0x01f00dc0                MsDelay
                0x01f00dfc                StartKernelTimer
                0x01f00e00                CancelKernelTimer
                0x01f00e04                ConnectInterrupt
                0x01f00e08                get_fattime
                0x01f00e10                InitializeHardware()
                0x01f00e84                core0
                0x01f00ea4                kernel_main
                0x01f00f90                core1
                0x01f00f94                run_core
 .text          0x01f00fa4        0x0 src/rpi-aux.o
 .text.RPI_GetAux
                0x01f00fa4        0xc src/rpi-aux.o
                0x01f00fa4                RPI_GetAux
 .text.RPI_AuxMiniUartInit
                0x01f00fb0      0x17c src/rpi-aux.o
                0x01f00fb0                RPI_AuxMiniUartInit
 .text.RPI_AuxMiniUartWrite
                0x01f0112c       0x24 src/rpi-aux.o
                0x01f0112c                RPI_AuxMiniUartWrite
 .text.RPI_EnableUart
                0x01f01150       0x24 src/rpi-aux.o
                0x01f01150                RPI_EnableUart
 .text          0x01f01174        0x0 src/rpi-i2c.o
 .text.RPI_I2CSetClock
                0x01f01174       0x88 src/rpi-i2c.o
                0x01f01174                RPI_I2CSetClock
 .text.RPI_I2CInit
                0x01f011fc       0xd4 src/rpi-i2c.o
                0x01f011fc                RPI_I2CInit
 .text.RPI_I2CRead
                0x01f012d0      0x144 src/rpi-i2c.o
                0x01f012d0                RPI_I2CRead
 .text.RPI_I2CWrite
                0x01f01414      0x150 src/rpi-i2c.o
                0x01f01414                RPI_I2CWrite
 .text.RPI_I2CScan
                0x01f01564       0xb4 src/rpi-i2c.o
                0x01f01564                RPI_I2CScan
 .text          0x01f01618        0x0 src/rpi-mailbox-interface.o
 .text.RPI_PropertyInit
                0x01f01618       0x30 src/rpi-mailbox-interface.o
                0x01f01618                RPI_PropertyInit
 .text.RPI_PropertyAddTag
                0x01f01648      0x678 src/rpi-mailbox-interface.o
                0x01f01648                RPI_PropertyAddTag
 .text.RPI_PropertyProcess
                0x01f01cc0       0x44 src/rpi-mailbox-interface.o
                0x01f01cc0                RPI_PropertyProcess
 .text.RPI_PropertyProcessNoCheck
                0x01f01d04       0x34 src/rpi-mailbox-interface.o
                0x01f01d04                RPI_PropertyProcessNoCheck
 .text.RPI_PropertyGet
                0x01f01d38       0x94 src/rpi-mailbox-interface.o
                0x01f01d38                RPI_PropertyGet
 .text          0x01f01dcc        0x0 src/rpi-mailbox.o
 .text.RPI_Mailbox0Write
                0x01f01dcc       0x2c src/rpi-mailbox.o
                0x01f01dcc                RPI_Mailbox0Write
 .text.RPI_Mailbox0Read
                0x01f01df8       0x40 src/rpi-mailbox.o
                0x01f01df8                RPI_Mailbox0Read
 .text.RPI_Mailbox0Flush
                0x01f01e38       0x34 src/rpi-mailbox.o
                0x01f01e38                RPI_Mailbox0Flush
 .text          0x01f01e6c        0x0 src/rpi-gpio.o
 .text.RPI_SetGpioPinFunction
                0x01f01e6c       0x70 src/rpi-gpio.o
                0x01f01e6c                RPI_SetGpioPinFunction
 .text.RPI_SetGpioOutput
                0x01f01edc       0x74 src/rpi-gpio.o
                0x01f01edc                RPI_SetGpioOutput
 .text.RPI_SetGpioInput
                0x01f01f50       0x6c src/rpi-gpio.o
                0x01f01f50                RPI_SetGpioInput
 .text.RPI_GetGpioValue
                0x01f01fbc       0x70 src/rpi-gpio.o
                0x01f01fbc                RPI_GetGpioValue
 .text.RPI_ToggleGpio
                0x01f0202c       0xb8 src/rpi-gpio.o
                0x01f0202c                RPI_ToggleGpio
 .text.RPI_SetGpioHi
                0x01f020e4       0x4c src/rpi-gpio.o
                0x01f020e4                RPI_SetGpioHi
 .text.RPI_SetGpioLo
                0x01f02130       0x4c src/rpi-gpio.o
                0x01f02130                RPI_SetGpioLo
 .text.RPI_SetGpioValue
                0x01f0217c       0xb0 src/rpi-gpio.o
                0x01f0217c                RPI_SetGpioValue
 .text.EnableGpioDetect
                0x01f0222c      0x1d8 src/rpi-gpio.o
                0x01f0222c                EnableGpioDetect
 .text.DisableGpioDetect
                0x01f02404      0x1dc src/rpi-gpio.o
                0x01f02404                DisableGpioDetect
 .text.ClearGpioEvent
                0x01f025e0       0x30 src/rpi-gpio.o
                0x01f025e0                ClearGpioEvent
 .text.SetACTLed
                0x01f02610       0x78 src/rpi-gpio.o
                0x01f02610                SetACTLed
 .text.RPI_TouchInit
                0x01f02688       0x44 src/rpi-gpio.o
                0x01f02688                RPI_TouchInit
 .text.RPI_UpdateTouch
                0x01f026cc       0x18 src/rpi-gpio.o
                0x01f026cc                RPI_UpdateTouch
 .text.RPI_GpioVirtGetAddress
                0x01f026e4       0x10 src/rpi-gpio.o
                0x01f026e4                RPI_GpioVirtGetAddress
 .text.RPI_GpioVirtInit
                0x01f026f4       0x44 src/rpi-gpio.o
                0x01f026f4                RPI_GpioVirtInit
 .text.RPI_GpioVirtSetLed
                0x01f02738       0x78 src/rpi-gpio.o
                0x01f02738                RPI_GpioVirtSetLed
 .text          0x01f027b0        0x0 src/rpi-interrupts.o
 .text.RPI_GetIrqController
                0x01f027b0        0xc src/rpi-interrupts.o
                0x01f027b0                RPI_GetIrqController
 .text          0x01f027bc        0x0 src/cache.o
 .text.InvalidateDataCache
                0x01f027bc       0xc8 src/cache.o
                0x01f027bc                InvalidateDataCache
 .text.CleanDataCache
                0x01f02884       0xc8 src/cache.o
                0x01f02884                CleanDataCache
 .text.map_4k_page
                0x01f0294c       0x2c src/cache.o
                0x01f0294c                map_4k_page
 .text.enable_MMU_and_IDCaches
                0x01f02978      0x1fc src/cache.o
                0x01f02978                enable_MMU_and_IDCaches
 .text          0x01f02b74     0xf434 src/ff.o
                0x01f0a808                f_mount
                0x01f0a8d4                f_open
                0x01f0b148                f_read
                0x01f0bb24                f_write
                0x01f0c514                f_sync
                0x01f0c968                f_close
                0x01f0cdfc                f_chdir
                0x01f0cf24                f_getcwd
                0x01f0d2ec                f_lseek
                0x01f0d6b4                f_opendir
                0x01f0d880                f_closedir
                0x01f0d8d8                f_readdir
                0x01f0da54                f_findnext
                0x01f0dbdc                f_findfirst
                0x01f0dda4                f_stat
                0x01f0de1c                f_getfree
                0x01f0e1b4                f_truncate
                0x01f0e334                f_unlink
                0x01f0e540                f_mkdir
                0x01f0f204                f_rename
                0x01f0f624                f_chmod
                0x01f0f6f0                f_utime
                0x01f0f7e0                f_gets
                0x01f0f9dc                f_putc
                0x01f10390                f_puts
                0x01f10e68                f_printf
                0x01f11fa0                ff_convert
                0x01f11fa4                ff_wtoupper
 .text          0x01f11fa8        0x0 src/interrupt.o
 .text.InterruptSystemInitialize
                0x01f11fa8       0x4c src/interrupt.o
                0x01f11fa8                InterruptSystemInitialize
 .text.InterruptSystemConnectIRQ
                0x01f11ff4       0x5c src/interrupt.o
                0x01f11ff4                InterruptSystemConnectIRQ
 .text.InterruptSystemDisconnectIRQ
                0x01f12050       0x60 src/interrupt.o
                0x01f12050                InterruptSystemDisconnectIRQ
 .text.InterruptSystemEnableIRQ
                0x01f120b0       0x44 src/interrupt.o
                0x01f120b0                InterruptSystemEnableIRQ
 .text.InterruptSystemDisableIRQ
                0x01f120f4       0x44 src/interrupt.o
                0x01f120f4                InterruptSystemDisableIRQ
 .text.InterruptHandler
                0x01f12138      0x160 src/interrupt.o
                0x01f12138                InterruptHandler
 .text          0x01f12298      0x838 src/Keyboard.o
                0x01f12298                Keyboard::USBKeyboardDeviceTimerHandler(unsigned int, void*, void*)
                0x01f12420                Keyboard::KeyPressedHandlerRaw(TUSBKeyboardDevice*, unsigned char, unsigned char const*)
                0x01f127b8                Keyboard::Keyboard()
                0x01f127b8                Keyboard::Keyboard()
                0x01f12840                Keyboard::GetChar()
 .text._ZN9SingletonI8KeyboardED2Ev
                0x01f12ad0        0x4 src/Keyboard.o
                0x01f12ad0                Singleton<Keyboard>::~Singleton()
                0x01f12ad0                Singleton<Keyboard>::~Singleton()
 .text._ZN8KeyboardD2Ev
                0x01f12ad4        0x4 src/Keyboard.o
                0x01f12ad4                Keyboard::~Keyboard()
                0x01f12ad4                Keyboard::~Keyboard()
 .text._ZN8KeyboardD0Ev
                0x01f12ad8       0x14 src/Keyboard.o
                0x01f12ad8                Keyboard::~Keyboard()
 .text._ZN9SingletonI8KeyboardED0Ev
                0x01f12aec       0x14 src/Keyboard.o
                0x01f12aec                Singleton<Keyboard>::~Singleton()
 .text          0x01f12b00     0x1aec src/emmc.o
                0x01f12b00                CEMMCDevice::CEMMCDevice()
                0x01f12b00                CEMMCDevice::CEMMCDevice()
                0x01f12b14                CEMMCDevice::~CEMMCDevice()
                0x01f12b14                CEMMCDevice::~CEMMCDevice()
                0x01f12b18                CEMMCDevice::Seek(unsigned long long)
                0x01f12b28                CEMMCDevice::PowerOn()
                0x01f12b70                CEMMCDevice::PowerOff()
                0x01f12b88                CEMMCDevice::GetClockDivider(unsigned int, unsigned int)
                0x01f12c2c                CEMMCDevice::SwitchClockRate(unsigned int, unsigned int)
                0x01f12dc4                CEMMCDevice::ResetCmd()
                0x01f12e3c                CEMMCDevice::ResetDat()
                0x01f12eb4                CEMMCDevice::IssueCommandInt(unsigned int, unsigned int, int)
                0x01f131ac                CEMMCDevice::HandleCardInterrupt()
                0x01f131d0                CEMMCDevice::HandleInterrupts()
                0x01f13420                CEMMCDevice::IssueCommand(unsigned int, unsigned int, int)
                0x01f134fc                CEMMCDevice::CardReset()
                0x01f13e08                CEMMCDevice::Initialize()
                0x01f13e70                CEMMCDevice::EnsureDataMode()
                0x01f1408c                CEMMCDevice::Read(void*, unsigned int)
                0x01f141ac                CEMMCDevice::Write(void const*, unsigned int)
                0x01f142cc                CEMMCDevice::DoDataCommand(int, unsigned char*, unsigned int, unsigned int)
                0x01f143a8                CEMMCDevice::DoRead(unsigned char*, unsigned int, unsigned int)
                0x01f14484                CEMMCDevice::DoWrite(unsigned char*, unsigned int, unsigned int)
                0x01f14560                CEMMCDevice::TimeoutWait(unsigned int, unsigned int, int, unsigned int)
 .text          0x01f145ec      0x158 src/diskio.o
                0x01f145ec                disk_setEMM
                0x01f145fc                sd_card_init(block_device**)
                0x01f14604                sd_read(unsigned char*, unsigned int, unsigned long)
                0x01f14620                sd_write(unsigned char*, unsigned int, unsigned long)
                0x01f1463c                disk_status
                0x01f14644                disk_initialize
                0x01f1464c                disk_read
                0x01f146c4                disk_write
                0x01f1473c                disk_ioctl
 .text          0x01f14744        0x0 src/vga.o
 .text.vga_plotpixel32
                0x01f14744       0x20 src/vga.o
                0x01f14744                vga_plotpixel32
 .text.vga_plotpixel24
                0x01f14764       0x44 src/vga.o
                0x01f14764                vga_plotpixel24
 .text.vga_plotpixel16
                0x01f147a8       0x3c src/vga.o
                0x01f147a8                vga_plotpixel16
 .text.vga_plotpixel8
                0x01f147e4       0x20 src/vga.o
                0x01f147e4                vga_plotpixel8
 .text.vga_init
                0x01f14804      0x1d8 src/vga.o
                0x01f14804                vga_init
 .text.vga_release
                0x01f149dc       0x30 src/vga.o
                0x01f149dc                vga_release
 .text.vga_setforecolor
                0x01f14a0c       0x10 src/vga.o
                0x01f14a0c                vga_setforecolor
 .text.vga_setbackcolor
                0x01f14a1c       0x10 src/vga.o
                0x01f14a1c                vga_setbackcolor
 .text.vga_cursor_on
                0x01f14a2c        0x4 src/vga.o
                0x01f14a2c                vga_cursor_on
 .text.vga_cursor_off
                0x01f14a30        0x4 src/vga.o
                0x01f14a30                vga_cursor_off
 .text.vga_plotpixel
                0x01f14a34       0x68 src/vga.o
                0x01f14a34                vga_plotpixel
 .text.vga_clear
                0x01f14a9c       0xb8 src/vga.o
                0x01f14a9c                vga_clear
 .text.vga_swapcolors
                0x01f14b54       0x24 src/vga.o
                0x01f14b54                vga_swapcolors
 .text.vga_cleararea
                0x01f14b78       0xc4 src/vga.o
                0x01f14b78                vga_cleararea
 .text.vga_scroll
                0x01f14c3c      0x148 src/vga.o
                0x01f14c3c                vga_scroll
 .text.vga_drawchar
                0x01f14d84      0x398 src/vga.o
                0x01f14d84                vga_drawchar
 .text.vga_drawtext
                0x01f1511c      0x47c src/vga.o
                0x01f1511c                vga_drawtext
 .text.vga_drawcursor
                0x01f15598       0xb8 src/vga.o
                0x01f15598                vga_drawcursor
 .text.vga_erasecursor
                0x01f15650       0xc8 src/vga.o
                0x01f15650                vga_erasecursor
 .text.vga_drawline
                0x01f15718       0xdc src/vga.o
                0x01f15718                vga_drawline
 .text.vga_drawlinev
                0x01f157f4       0x5c src/vga.o
                0x01f157f4                vga_drawlinev
 .text.vga_drawrect
                0x01f15850      0x2e0 src/vga.o
                0x01f15850                vga_drawrect
 .text.vga_drawcircle
                0x01f15b30      0x390 src/vga.o
                0x01f15b30                vga_drawcircle
 .text.vga_cliprect
                0x01f15ec0        0x4 src/vga.o
                0x01f15ec0                vga_cliprect
 .text          0x01f15ec4     0x1204 src/terminal.o
                0x01f15ec4                term_cursorblink_handler
                0x01f15f94                term_init
                0x01f16084                term_clear
                0x01f160a4                term_putchar
                0x01f1647c                term_puts
                0x01f16898                term_printf
                0x01f16e10                term_getchar
                0x01f16e44                term_getcharat
                0x01f16e70                term_putcharat
                0x01f16eb0                term_rc2xy
                0x01f16ec4                term_scroll
                0x01f16f58                term_showcursor
                0x01f16fc8                term_hidecursor
                0x01f17010                term_toggle_cursor
 .text          0x01f170c8        0x0 src/timer.o
 .text.TimerInterruptHandler
                0x01f170c8       0xd0 src/timer.o
 .text.TimerSystemInitialize
                0x01f17198       0x68 src/timer.o
                0x01f17198                TimerSystemInitialize
 .text.TimerStartKernelTimer
                0x01f17200       0x6c src/timer.o
                0x01f17200                TimerStartKernelTimer
 .text.TimerCancelKernelTimer
                0x01f1726c       0x18 src/timer.o
                0x01f1726c                TimerCancelKernelTimer
 .text          0x01f17284        0x0 src/font_data.o
 .text          0x01f17284     0x3e48 src/basic.o
                0x01f17284                exec_cmd_end
                0x01f17290                exec_cmd_then
                0x01f17368                exec_cmd_rem
                0x01f1736c                exec_init
                0x01f17574                exec_cmd_dir
                0x01f17618                exec_cmd_list
                0x01f176a0                exec_cmd_load
                0x01f17ac4                exec_cmd_new
                0x01f17b28                exec_cmd_save
                0x01f17e58                var_clear_all
                0x01f17ea8                var_add_update_int
                0x01f17fd4                var_add_update_float
                0x01f1810c                exec_cmd_input
                0x01f188ec                exec_expr
                0x01f18d88                exec_cmd_dim
                0x01f18e94                exec_cmd_print
                0x01f19088                exec_cmd_gosub
                0x01f19230                exec_cmd_goto
                0x01f19364                exec_cmd_if
                0x01f19480                exec_cmd_let
                0x01f19818                exec_line
                0x01f19be8                get_symbol
                0x01f19c9c                get_int
                0x01f19d04                get_float
                0x01f19db0                ignore_space
                0x01f19df0                to_uppercase
                0x01f19e5c                isemptyline
                0x01f19ed4                compare
                0x01f19f70                clear
                0x01f1a0e8                length
                0x01f1a110                join
                0x01f1a130                get_input
                0x01f1a184                next_statement
                0x01f1a1e0                tokenize
                0x01f1a710                exec_cmd_return
                0x01f1a7b4                exec_program
                0x01f1a998                basic_main
                0x01f1b058                ensure_token
 .text          0x01f1b0cc      0x268 src/linkedlist.o
                0x01f1b0cc                ll_gethead
                0x01f1b0dc                ll_insertFirst
                0x01f1b110                ll_deleteFirst
                0x01f1b13c                ll_isEmpty
                0x01f1b154                ll_length
                0x01f1b188                ll_find
                0x01f1b1c0                ll_delete
                0x01f1b248                ll_sort
                0x01f1b300                ll_reverse
 *fill*         0x01f1b334        0x4 00000000
 .text          0x01f1b338     0x1294 src/expr.o
                0x01f1b338                expr_isalnum
                0x01f1b39c                expr_spush
                0x01f1b4e4                expr_spop
                0x01f1b518                expr_priority
                0x01f1b694                expr_infix_to_postfix
                0x01f1bc7c                expr_eval_postfix
                0x01f1c580                expr_eval
 .text          0x01f1c5cc        0x0 uspi/libuspi.a(uspilibrary.o)
 .text.USPiInitialize
                0x01f1c5cc      0x214 uspi/libuspi.a(uspilibrary.o)
                0x01f1c5cc                USPiInitialize
 .text.USPiKeyboardAvailable
                0x01f1c7e0       0x1c uspi/libuspi.a(uspilibrary.o)
                0x01f1c7e0                USPiKeyboardAvailable
 .text.USPiKeyboardRegisterKeyPressedHandler
                0x01f1c7fc       0x18 uspi/libuspi.a(uspilibrary.o)
                0x01f1c7fc                USPiKeyboardRegisterKeyPressedHandler
 .text.USPiKeyboardRegisterShutdownHandler
                0x01f1c814       0x18 uspi/libuspi.a(uspilibrary.o)
                0x01f1c814                USPiKeyboardRegisterShutdownHandler
 .text.USPiKeyboardRegisterKeyStatusHandlerRaw
                0x01f1c82c       0x18 uspi/libuspi.a(uspilibrary.o)
                0x01f1c82c                USPiKeyboardRegisterKeyStatusHandlerRaw
 .text.USPiMouseAvailable
                0x01f1c844       0x1c uspi/libuspi.a(uspilibrary.o)
                0x01f1c844                USPiMouseAvailable
 .text.USPiMouseRegisterStatusHandler
                0x01f1c860       0x18 uspi/libuspi.a(uspilibrary.o)
                0x01f1c860                USPiMouseRegisterStatusHandler
 .text.USPiMassStorageDeviceAvailable
                0x01f1c878       0x5c uspi/libuspi.a(uspilibrary.o)
                0x01f1c878                USPiMassStorageDeviceAvailable
 .text.USPiMassStorageDeviceRead
                0x01f1c8d4       0x74 uspi/libuspi.a(uspilibrary.o)
                0x01f1c8d4                USPiMassStorageDeviceRead
 .text.USPiMassStorageDeviceWrite
                0x01f1c948       0x74 uspi/libuspi.a(uspilibrary.o)
                0x01f1c948                USPiMassStorageDeviceWrite
 .text.USPiMassStorageDeviceGetCapacity
                0x01f1c9bc       0x30 uspi/libuspi.a(uspilibrary.o)
                0x01f1c9bc                USPiMassStorageDeviceGetCapacity
 .text.USPiEthernetAvailable
                0x01f1c9ec       0x30 uspi/libuspi.a(uspilibrary.o)
                0x01f1c9ec                USPiEthernetAvailable
 .text.USPiGetMACAddress
                0x01f1ca1c       0x44 uspi/libuspi.a(uspilibrary.o)
                0x01f1ca1c                USPiGetMACAddress
 .text.USPiSendFrame
                0x01f1ca60       0x4c uspi/libuspi.a(uspilibrary.o)
                0x01f1ca60                USPiSendFrame
 .text.USPiReceiveFrame
                0x01f1caac       0x4c uspi/libuspi.a(uspilibrary.o)
                0x01f1caac                USPiReceiveFrame
 .text.USPiGamePadAvailable
                0x01f1caf8       0x5c uspi/libuspi.a(uspilibrary.o)
                0x01f1caf8                USPiGamePadAvailable
 .text.USPiGamePadRegisterStatusHandler
                0x01f1cb54       0x40 uspi/libuspi.a(uspilibrary.o)
                0x01f1cb54                USPiGamePadRegisterStatusHandler
 .text.USPiGamePadGetStatus
                0x01f1cb94       0x44 uspi/libuspi.a(uspilibrary.o)
                0x01f1cb94                USPiGamePadGetStatus
 .text.USPiMIDIAvailable
                0x01f1cbd8       0x1c uspi/libuspi.a(uspilibrary.o)
                0x01f1cbd8                USPiMIDIAvailable
 .text.USPiMIDIRegisterPacketHandler
                0x01f1cbf4       0x18 uspi/libuspi.a(uspilibrary.o)
                0x01f1cbf4                USPiMIDIRegisterPacketHandler
 .text.USPiDeviceGetInformation
                0x01f1cc0c      0x15c uspi/libuspi.a(uspilibrary.o)
                0x01f1cc0c                USPiDeviceGetInformation
 .text          0x01f1cd68        0x0 uspi/libuspi.a(dwhcidevice.o)
 .text.DWHCIDeviceCompletionRoutine
                0x01f1cd68        0xc uspi/libuspi.a(dwhcidevice.o)
                0x01f1cd68                DWHCIDeviceCompletionRoutine
 .text.DWHCIDevice
                0x01f1cd74       0x68 uspi/libuspi.a(dwhcidevice.o)
                0x01f1cd74                DWHCIDevice
 .text._DWHCIDevice
                0x01f1cddc        0x8 uspi/libuspi.a(dwhcidevice.o)
                0x01f1cddc                _DWHCIDevice
 .text.DWHCIDeviceInitHost
                0x01f1cde4      0x314 uspi/libuspi.a(dwhcidevice.o)
                0x01f1cde4                DWHCIDeviceInitHost
 .text.DWHCIDeviceEnableRootPort
                0x01f1d0f8       0xcc uspi/libuspi.a(dwhcidevice.o)
                0x01f1d0f8                DWHCIDeviceEnableRootPort
 .text.DWHCIDeviceReset
                0x01f1d1c4       0xb8 uspi/libuspi.a(dwhcidevice.o)
                0x01f1d1c4                DWHCIDeviceReset
 .text.DWHCIDeviceInitCore
                0x01f1d27c      0x1f4 uspi/libuspi.a(dwhcidevice.o)
                0x01f1d27c                DWHCIDeviceInitCore
 .text.DWHCIDeviceInitialize
                0x01f1d470      0x1f4 uspi/libuspi.a(dwhcidevice.o)
                0x01f1d470                DWHCIDeviceInitialize
 .text.DWHCIDeviceEnableGlobalInterrupts
                0x01f1d664       0x44 uspi/libuspi.a(dwhcidevice.o)
                0x01f1d664                DWHCIDeviceEnableGlobalInterrupts
 .text.DWHCIDeviceEnableCommonInterrupts
                0x01f1d6a8       0x38 uspi/libuspi.a(dwhcidevice.o)
                0x01f1d6a8                DWHCIDeviceEnableCommonInterrupts
 .text.DWHCIDeviceEnableHostInterrupts
                0x01f1d6e0       0x78 uspi/libuspi.a(dwhcidevice.o)
                0x01f1d6e0                DWHCIDeviceEnableHostInterrupts
 .text.DWHCIDeviceEnableChannelInterrupt
                0x01f1d758       0x54 uspi/libuspi.a(dwhcidevice.o)
                0x01f1d758                DWHCIDeviceEnableChannelInterrupt
 .text.DWHCIDeviceDisableChannelInterrupt
                0x01f1d7ac       0x54 uspi/libuspi.a(dwhcidevice.o)
                0x01f1d7ac                DWHCIDeviceDisableChannelInterrupt
 .text.DWHCIDeviceFlushTxFIFO
                0x01f1d800       0x94 uspi/libuspi.a(dwhcidevice.o)
                0x01f1d800                DWHCIDeviceFlushTxFIFO
 .text.DWHCIDeviceFlushRxFIFO
                0x01f1d894       0x78 uspi/libuspi.a(dwhcidevice.o)
                0x01f1d894                DWHCIDeviceFlushRxFIFO
 .text.DWHCIDeviceStartChannel
                0x01f1d90c      0x37c uspi/libuspi.a(dwhcidevice.o)
                0x01f1d90c                DWHCIDeviceStartChannel
 .text.DWHCIDeviceStartTransaction
                0x01f1dc88       0xd0 uspi/libuspi.a(dwhcidevice.o)
                0x01f1dc88                DWHCIDeviceStartTransaction
 .text.DWHCIDeviceTimerHandler
                0x01f1dd58       0x68 uspi/libuspi.a(dwhcidevice.o)
                0x01f1dd58                DWHCIDeviceTimerHandler
 .text.DWHCIDeviceTransferStageAsync
                0x01f1ddc0      0x1ec uspi/libuspi.a(dwhcidevice.o)
                0x01f1ddc0                DWHCIDeviceTransferStageAsync
 .text.DWHCIDeviceSubmitAsyncRequest
                0x01f1dfac       0x44 uspi/libuspi.a(dwhcidevice.o)
                0x01f1dfac                DWHCIDeviceSubmitAsyncRequest
 .text.DWHCIDeviceTransferStage
                0x01f1dff0       0x70 uspi/libuspi.a(dwhcidevice.o)
                0x01f1dff0                DWHCIDeviceTransferStage
 .text.DWHCIDeviceSubmitBlockingRequest
                0x01f1e060      0x360 uspi/libuspi.a(dwhcidevice.o)
                0x01f1e060                DWHCIDeviceSubmitBlockingRequest
 .text.DWHCIDeviceControlMessage
                0x01f1e3c0       0xa0 uspi/libuspi.a(dwhcidevice.o)
                0x01f1e3c0                DWHCIDeviceControlMessage
 .text.DWHCIDeviceTransfer
                0x01f1e460       0x58 uspi/libuspi.a(dwhcidevice.o)
                0x01f1e460                DWHCIDeviceTransfer
 .text.DWHCIDeviceGetDescriptor
                0x01f1e4b8       0xac uspi/libuspi.a(dwhcidevice.o)
                0x01f1e4b8                DWHCIDeviceGetDescriptor
 .text.DWHCIDeviceSetAddress
                0x01f1e564       0xc4 uspi/libuspi.a(dwhcidevice.o)
                0x01f1e564                DWHCIDeviceSetAddress
 .text.DWHCIDeviceSetConfiguration
                0x01f1e628       0xc4 uspi/libuspi.a(dwhcidevice.o)
                0x01f1e628                DWHCIDeviceSetConfiguration
 .text.DWHCIDeviceChannelInterruptHandler
                0x01f1e6ec      0x4d8 uspi/libuspi.a(dwhcidevice.o)
                0x01f1e6ec                DWHCIDeviceChannelInterruptHandler
 .text.DWHCIDeviceInterruptHandler
                0x01f1ebc4       0xf8 uspi/libuspi.a(dwhcidevice.o)
                0x01f1ebc4                DWHCIDeviceInterruptHandler
 .text.DWHCIDeviceAllocateChannel
                0x01f1ecbc       0x74 uspi/libuspi.a(dwhcidevice.o)
                0x01f1ecbc                DWHCIDeviceAllocateChannel
 .text.DWHCIDeviceFreeChannel
                0x01f1ed30       0x28 uspi/libuspi.a(dwhcidevice.o)
                0x01f1ed30                DWHCIDeviceFreeChannel
 .text.DWHCIDeviceWaitForBit
                0x01f1ed58       0x5c uspi/libuspi.a(dwhcidevice.o)
                0x01f1ed58                DWHCIDeviceWaitForBit
 .text.DWHCIDeviceGetPortSpeed
                0x01f1edb4       0x4c uspi/libuspi.a(dwhcidevice.o)
                0x01f1edb4                DWHCIDeviceGetPortSpeed
 .text.DWHCIDeviceOvercurrentDetected
                0x01f1ee00       0x4c uspi/libuspi.a(dwhcidevice.o)
                0x01f1ee00                DWHCIDeviceOvercurrentDetected
 .text.DWHCIDeviceDisableRootPort
                0x01f1ee4c       0x44 uspi/libuspi.a(dwhcidevice.o)
                0x01f1ee4c                DWHCIDeviceDisableRootPort
 .text          0x01f1ee90        0x0 uspi/libuspi.a(dwhciregister.o)
 .text.DWHCIRegister
                0x01f1ee90       0x10 uspi/libuspi.a(dwhciregister.o)
                0x01f1ee90                DWHCIRegister
 .text.DWHCIRegister2
                0x01f1eea0       0x10 uspi/libuspi.a(dwhciregister.o)
                0x01f1eea0                DWHCIRegister2
 .text._DWHCIRegister
                0x01f1eeb0        0xc uspi/libuspi.a(dwhciregister.o)
                0x01f1eeb0                _DWHCIRegister
 .text.DWHCIRegisterRead
                0x01f1eebc       0x1c uspi/libuspi.a(dwhciregister.o)
                0x01f1eebc                DWHCIRegisterRead
 .text.DWHCIRegisterWrite
                0x01f1eed8       0x10 uspi/libuspi.a(dwhciregister.o)
                0x01f1eed8                DWHCIRegisterWrite
 .text.DWHCIRegisterGet
                0x01f1eee8        0x8 uspi/libuspi.a(dwhciregister.o)
                0x01f1eee8                DWHCIRegisterGet
 .text.DWHCIRegisterSet
                0x01f1eef0       0x10 uspi/libuspi.a(dwhciregister.o)
                0x01f1eef0                DWHCIRegisterSet
 .text.DWHCIRegisterIsSet
                0x01f1ef00       0x14 uspi/libuspi.a(dwhciregister.o)
                0x01f1ef00                DWHCIRegisterIsSet
 .text.DWHCIRegisterAnd
                0x01f1ef14       0x10 uspi/libuspi.a(dwhciregister.o)
                0x01f1ef14                DWHCIRegisterAnd
 .text.DWHCIRegisterOr
                0x01f1ef24       0x10 uspi/libuspi.a(dwhciregister.o)
                0x01f1ef24                DWHCIRegisterOr
 .text.DWHCIRegisterClearBit
                0x01f1ef34       0x14 uspi/libuspi.a(dwhciregister.o)
                0x01f1ef34                DWHCIRegisterClearBit
 .text.DWHCIRegisterSetBit
                0x01f1ef48       0x14 uspi/libuspi.a(dwhciregister.o)
                0x01f1ef48                DWHCIRegisterSetBit
 .text.DWHCIRegisterClearAll
                0x01f1ef5c       0x14 uspi/libuspi.a(dwhciregister.o)
                0x01f1ef5c                DWHCIRegisterClearAll
 .text.DWHCIRegisterSetAll
                0x01f1ef70       0x14 uspi/libuspi.a(dwhciregister.o)
                0x01f1ef70                DWHCIRegisterSetAll
 .text          0x01f1ef84        0x0 uspi/libuspi.a(dwhcixferstagedata.o)
 .text.DWHCITransferStageData
                0x01f1ef84      0x1d0 uspi/libuspi.a(dwhcixferstagedata.o)
                0x01f1ef84                DWHCITransferStageData
 .text._DWHCITransferStageData
                0x01f1f154       0x5c uspi/libuspi.a(dwhcixferstagedata.o)
                0x01f1f154                _DWHCITransferStageData
 .text.DWHCITransferStageDataTransactionComplete
                0x01f1f1b0       0xf0 uspi/libuspi.a(dwhcixferstagedata.o)
                0x01f1f1b0                DWHCITransferStageDataTransactionComplete
 .text.DWHCITransferStageDataSetSplitComplete
                0x01f1f2a0        0x8 uspi/libuspi.a(dwhcixferstagedata.o)
                0x01f1f2a0                DWHCITransferStageDataSetSplitComplete
 .text.DWHCITransferStageDataSetState
                0x01f1f2a8        0x8 uspi/libuspi.a(dwhcixferstagedata.o)
                0x01f1f2a8                DWHCITransferStageDataSetState
 .text.DWHCITransferStageDataGetState
                0x01f1f2b0        0x8 uspi/libuspi.a(dwhcixferstagedata.o)
                0x01f1f2b0                DWHCITransferStageDataGetState
 .text.DWHCITransferStageDataSetSubState
                0x01f1f2b8        0x8 uspi/libuspi.a(dwhcixferstagedata.o)
                0x01f1f2b8                DWHCITransferStageDataSetSubState
 .text.DWHCITransferStageDataGetSubState
                0x01f1f2c0        0x8 uspi/libuspi.a(dwhcixferstagedata.o)
                0x01f1f2c0                DWHCITransferStageDataGetSubState
 .text.DWHCITransferStageDataBeginSplitCycle
                0x01f1f2c8        0x8 uspi/libuspi.a(dwhcixferstagedata.o)
                0x01f1f2c8                DWHCITransferStageDataBeginSplitCycle
 .text.DWHCITransferStageDataGetChannelNumber
                0x01f1f2d0        0x8 uspi/libuspi.a(dwhcixferstagedata.o)
                0x01f1f2d0                DWHCITransferStageDataGetChannelNumber
 .text.DWHCITransferStageDataIsPeriodic
                0x01f1f2d8       0x24 uspi/libuspi.a(dwhcixferstagedata.o)
                0x01f1f2d8                DWHCITransferStageDataIsPeriodic
 .text.DWHCITransferStageDataGetDeviceAddress
                0x01f1f2fc        0x8 uspi/libuspi.a(dwhcixferstagedata.o)
                0x01f1f2fc                DWHCITransferStageDataGetDeviceAddress
 .text.DWHCITransferStageDataGetEndpointType
                0x01f1f304       0x2c uspi/libuspi.a(dwhcixferstagedata.o)
                0x01f1f304                DWHCITransferStageDataGetEndpointType
 .text.DWHCITransferStageDataGetEndpointNumber
                0x01f1f330        0x8 uspi/libuspi.a(dwhcixferstagedata.o)
                0x01f1f330                DWHCITransferStageDataGetEndpointNumber
 .text.DWHCITransferStageDataGetMaxPacketSize
                0x01f1f338        0x8 uspi/libuspi.a(dwhcixferstagedata.o)
                0x01f1f338                DWHCITransferStageDataGetMaxPacketSize
 .text.DWHCITransferStageDataGetSpeed
                0x01f1f340        0x8 uspi/libuspi.a(dwhcixferstagedata.o)
                0x01f1f340                DWHCITransferStageDataGetSpeed
 .text.DWHCITransferStageDataGetPID
                0x01f1f348       0x30 uspi/libuspi.a(dwhcixferstagedata.o)
                0x01f1f348                DWHCITransferStageDataGetPID
 .text.DWHCITransferStageDataIsDirectionIn
                0x01f1f378        0x8 uspi/libuspi.a(dwhcixferstagedata.o)
                0x01f1f378                DWHCITransferStageDataIsDirectionIn
 .text.DWHCITransferStageDataIsStatusStage
                0x01f1f380        0x8 uspi/libuspi.a(dwhcixferstagedata.o)
                0x01f1f380                DWHCITransferStageDataIsStatusStage
 .text.DWHCITransferStageDataGetDMAAddress
                0x01f1f388        0x8 uspi/libuspi.a(dwhcixferstagedata.o)
                0x01f1f388                DWHCITransferStageDataGetDMAAddress
 .text.DWHCITransferStageDataGetBytesToTransfer
                0x01f1f390        0x8 uspi/libuspi.a(dwhcixferstagedata.o)
                0x01f1f390                DWHCITransferStageDataGetBytesToTransfer
 .text.DWHCITransferStageDataGetPacketsToTransfer
                0x01f1f398        0x8 uspi/libuspi.a(dwhcixferstagedata.o)
                0x01f1f398                DWHCITransferStageDataGetPacketsToTransfer
 .text.DWHCITransferStageDataIsSplit
                0x01f1f3a0        0x8 uspi/libuspi.a(dwhcixferstagedata.o)
                0x01f1f3a0                DWHCITransferStageDataIsSplit
 .text.DWHCITransferStageDataIsSplitComplete
                0x01f1f3a8        0x8 uspi/libuspi.a(dwhcixferstagedata.o)
                0x01f1f3a8                DWHCITransferStageDataIsSplitComplete
 .text.DWHCITransferStageDataGetHubAddress
                0x01f1f3b0        0x8 uspi/libuspi.a(dwhcixferstagedata.o)
                0x01f1f3b0                DWHCITransferStageDataGetHubAddress
 .text.DWHCITransferStageDataGetHubPortAddress
                0x01f1f3b8        0x8 uspi/libuspi.a(dwhcixferstagedata.o)
                0x01f1f3b8                DWHCITransferStageDataGetHubPortAddress
 .text.DWHCITransferStageDataGetSplitPosition
                0x01f1f3c0        0x8 uspi/libuspi.a(dwhcixferstagedata.o)
                0x01f1f3c0                DWHCITransferStageDataGetSplitPosition
 .text.DWHCITransferStageDataGetStatusMask
                0x01f1f3c8       0x38 uspi/libuspi.a(dwhcixferstagedata.o)
                0x01f1f3c8                DWHCITransferStageDataGetStatusMask
 .text.DWHCITransferStageDataGetTransactionStatus
                0x01f1f400        0x8 uspi/libuspi.a(dwhcixferstagedata.o)
                0x01f1f400                DWHCITransferStageDataGetTransactionStatus
 .text.DWHCITransferStageDataIsStageComplete
                0x01f1f408       0x10 uspi/libuspi.a(dwhcixferstagedata.o)
                0x01f1f408                DWHCITransferStageDataIsStageComplete
 .text.DWHCITransferStageDataGetResultLen
                0x01f1f418       0x14 uspi/libuspi.a(dwhcixferstagedata.o)
                0x01f1f418                DWHCITransferStageDataGetResultLen
 .text.DWHCITransferStageDataGetURB
                0x01f1f42c        0x8 uspi/libuspi.a(dwhcixferstagedata.o)
                0x01f1f42c                DWHCITransferStageDataGetURB
 .text.DWHCITransferStageDataGetFrameScheduler
                0x01f1f434        0x8 uspi/libuspi.a(dwhcixferstagedata.o)
                0x01f1f434                DWHCITransferStageDataGetFrameScheduler
 .text          0x01f1f43c        0x0 uspi/libuspi.a(usbdevice.o)
 .text.USBDeviceConfigure
                0x01f1f43c       0x64 uspi/libuspi.a(usbdevice.o)
                0x01f1f43c                USBDeviceConfigure
 .text.USBDevice
                0x01f1f4a0       0x70 uspi/libuspi.a(usbdevice.o)
                0x01f1f4a0                USBDevice
 .text.USBDeviceCopy
                0x01f1f510       0xf4 uspi/libuspi.a(usbdevice.o)
                0x01f1f510                USBDeviceCopy
 .text._USBDevice
                0x01f1f604       0x98 uspi/libuspi.a(usbdevice.o)
                0x01f1f604                _USBDevice
 .text.USBDeviceInitialize
                0x01f1f69c      0x304 uspi/libuspi.a(usbdevice.o)
                0x01f1f69c                USBDeviceInitialize
 .text.USBDeviceGetName
                0x01f1f9a0       0xf4 uspi/libuspi.a(usbdevice.o)
                0x01f1f9a0                USBDeviceGetName
 .text.USBDeviceGetAddress
                0x01f1fa94        0x8 uspi/libuspi.a(usbdevice.o)
                0x01f1fa94                USBDeviceGetAddress
 .text.USBDeviceGetSpeed
                0x01f1fa9c        0x8 uspi/libuspi.a(usbdevice.o)
                0x01f1fa9c                USBDeviceGetSpeed
 .text.USBDeviceGetHubAddress
                0x01f1faa4        0x8 uspi/libuspi.a(usbdevice.o)
                0x01f1faa4                USBDeviceGetHubAddress
 .text.USBDeviceGetHubPortNumber
                0x01f1faac        0x8 uspi/libuspi.a(usbdevice.o)
                0x01f1faac                USBDeviceGetHubPortNumber
 .text.USBDeviceGetEndpoint0
                0x01f1fab4        0x8 uspi/libuspi.a(usbdevice.o)
                0x01f1fab4                USBDeviceGetEndpoint0
 .text.USBDeviceGetHost
                0x01f1fabc        0x8 uspi/libuspi.a(usbdevice.o)
                0x01f1fabc                USBDeviceGetHost
 .text.USBDeviceGetDeviceDescriptor
                0x01f1fac4        0x8 uspi/libuspi.a(usbdevice.o)
                0x01f1fac4                USBDeviceGetDeviceDescriptor
 .text.USBDeviceGetConfigurationDescriptor
                0x01f1facc        0x8 uspi/libuspi.a(usbdevice.o)
                0x01f1facc                USBDeviceGetConfigurationDescriptor
 .text.USBDeviceGetDescriptor
                0x01f1fad4        0x8 uspi/libuspi.a(usbdevice.o)
                0x01f1fad4                USBDeviceGetDescriptor
 .text.USBDeviceConfigurationError
                0x01f1fadc        0x8 uspi/libuspi.a(usbdevice.o)
                0x01f1fadc                USBDeviceConfigurationError
 .text.USBDeviceSetAddress
                0x01f1fae4        0x8 uspi/libuspi.a(usbdevice.o)
                0x01f1fae4                USBDeviceSetAddress
 .text          0x01f1faec        0x0 uspi/libuspi.a(usbendpoint.o)
 .text.USBEndpoint
                0x01f1faec       0x2c uspi/libuspi.a(usbendpoint.o)
                0x01f1faec                USBEndpoint
 .text.USBEndpoint2
                0x01f1fb18       0xf8 uspi/libuspi.a(usbendpoint.o)
                0x01f1fb18                USBEndpoint2
 .text.USBEndpointCopy
                0x01f1fc10       0x3c uspi/libuspi.a(usbendpoint.o)
                0x01f1fc10                USBEndpointCopy
 .text._USBEndpoint
                0x01f1fc4c        0xc uspi/libuspi.a(usbendpoint.o)
                0x01f1fc4c                _USBEndpoint
 .text.USBEndpointGetDevice
                0x01f1fc58        0x8 uspi/libuspi.a(usbendpoint.o)
                0x01f1fc58                USBEndpointGetDevice
 .text.USBEndpointGetNumber
                0x01f1fc60        0x8 uspi/libuspi.a(usbendpoint.o)
                0x01f1fc60                USBEndpointGetNumber
 .text.USBEndpointGetType
                0x01f1fc68        0x8 uspi/libuspi.a(usbendpoint.o)
                0x01f1fc68                USBEndpointGetType
 .text.USBEndpointIsDirectionIn
                0x01f1fc70        0x8 uspi/libuspi.a(usbendpoint.o)
                0x01f1fc70                USBEndpointIsDirectionIn
 .text.USBEndpointSetMaxPacketSize
                0x01f1fc78        0x8 uspi/libuspi.a(usbendpoint.o)
                0x01f1fc78                USBEndpointSetMaxPacketSize
 .text.USBEndpointGetMaxPacketSize
                0x01f1fc80        0x8 uspi/libuspi.a(usbendpoint.o)
                0x01f1fc80                USBEndpointGetMaxPacketSize
 .text.USBEndpointGetInterval
                0x01f1fc88        0x8 uspi/libuspi.a(usbendpoint.o)
                0x01f1fc88                USBEndpointGetInterval
 .text.USBEndpointGetNextPID
                0x01f1fc90       0x10 uspi/libuspi.a(usbendpoint.o)
                0x01f1fc90                USBEndpointGetNextPID
 .text.USBEndpointSkipPID
                0x01f1fca0       0x54 uspi/libuspi.a(usbendpoint.o)
                0x01f1fca0                USBEndpointSkipPID
 .text.USBEndpointResetPID
                0x01f1fcf4        0xc uspi/libuspi.a(usbendpoint.o)
                0x01f1fcf4                USBEndpointResetPID
 .text          0x01f1fd00        0x0 uspi/libuspi.a(usbrequest.o)
 .text.USBRequest
                0x01f1fd00       0x34 uspi/libuspi.a(usbrequest.o)
                0x01f1fd00                USBRequest
 .text._USBRequest
                0x01f1fd34       0x18 uspi/libuspi.a(usbrequest.o)
                0x01f1fd34                _USBRequest
 .text.USBRequestGetEndpoint
                0x01f1fd4c        0x8 uspi/libuspi.a(usbrequest.o)
                0x01f1fd4c                USBRequestGetEndpoint
 .text.USBRequestSetStatus
                0x01f1fd54        0x8 uspi/libuspi.a(usbrequest.o)
                0x01f1fd54                USBRequestSetStatus
 .text.USBRequestSetResultLen
                0x01f1fd5c        0x8 uspi/libuspi.a(usbrequest.o)
                0x01f1fd5c                USBRequestSetResultLen
 .text.USBRequestGetStatus
                0x01f1fd64        0x8 uspi/libuspi.a(usbrequest.o)
                0x01f1fd64                USBRequestGetStatus
 .text.USBRequestGetResultLength
                0x01f1fd6c        0x8 uspi/libuspi.a(usbrequest.o)
                0x01f1fd6c                USBRequestGetResultLength
 .text.USBRequestGetSetupData
                0x01f1fd74        0x8 uspi/libuspi.a(usbrequest.o)
                0x01f1fd74                USBRequestGetSetupData
 .text.USBRequestGetBuffer
                0x01f1fd7c        0x8 uspi/libuspi.a(usbrequest.o)
                0x01f1fd7c                USBRequestGetBuffer
 .text.USBRequestGetBufLen
                0x01f1fd84        0x8 uspi/libuspi.a(usbrequest.o)
                0x01f1fd84                USBRequestGetBufLen
 .text.USBRequestSetCompletionRoutine
                0x01f1fd8c       0x10 uspi/libuspi.a(usbrequest.o)
                0x01f1fd8c                USBRequestSetCompletionRoutine
 .text.USBRequestCallCompletionRoutine
                0x01f1fd9c       0x1c uspi/libuspi.a(usbrequest.o)
                0x01f1fd9c                USBRequestCallCompletionRoutine
 .text          0x01f1fdb8        0x0 uspi/libuspi.a(devicenameservice.o)
 .text.DeviceNameService
                0x01f1fdb8       0x18 uspi/libuspi.a(devicenameservice.o)
                0x01f1fdb8                DeviceNameService
 .text._DeviceNameService
                0x01f1fdd0       0x58 uspi/libuspi.a(devicenameservice.o)
                0x01f1fdd0                _DeviceNameService
 .text.DeviceNameServiceAddDevice
                0x01f1fe28       0x54 uspi/libuspi.a(devicenameservice.o)
                0x01f1fe28                DeviceNameServiceAddDevice
 .text.DeviceNameServiceGetDevice
                0x01f1fe7c       0x54 uspi/libuspi.a(devicenameservice.o)
                0x01f1fe7c                DeviceNameServiceGetDevice
 .text.DeviceNameServiceGet
                0x01f1fed0       0x10 uspi/libuspi.a(devicenameservice.o)
                0x01f1fed0                DeviceNameServiceGet
 .text          0x01f1fee0        0x0 uspi/libuspi.a(macaddress.o)
 .text.MACAddress
                0x01f1fee0        0xc uspi/libuspi.a(macaddress.o)
                0x01f1fee0                MACAddress
 .text.MACAddress2
                0x01f1feec       0x20 uspi/libuspi.a(macaddress.o)
                0x01f1feec                MACAddress2
 .text._MACAddress
                0x01f1ff0c        0xc uspi/libuspi.a(macaddress.o)
                0x01f1ff0c                _MACAddress
 .text.MACAddressIsEqual
                0x01f1ff18       0x20 uspi/libuspi.a(macaddress.o)
                0x01f1ff18                MACAddressIsEqual
 .text.MACAddressSet
                0x01f1ff38       0x20 uspi/libuspi.a(macaddress.o)
                0x01f1ff38                MACAddressSet
 .text.MACAddressSetBroadcast
                0x01f1ff58       0x24 uspi/libuspi.a(macaddress.o)
                0x01f1ff58                MACAddressSetBroadcast
 .text.MACAddressGet
                0x01f1ff7c        0x8 uspi/libuspi.a(macaddress.o)
                0x01f1ff7c                MACAddressGet
 .text.MACAddressCopyTo
                0x01f1ff84       0x14 uspi/libuspi.a(macaddress.o)
                0x01f1ff84                MACAddressCopyTo
 .text.MACAddressIsBroadcast
                0x01f1ff98       0x58 uspi/libuspi.a(macaddress.o)
                0x01f1ff98                MACAddressIsBroadcast
 .text.MACAddressGetSize
                0x01f1fff0        0x8 uspi/libuspi.a(macaddress.o)
                0x01f1fff0                MACAddressGetSize
 .text.MACAddressFormat
                0x01f1fff8       0x48 uspi/libuspi.a(macaddress.o)
                0x01f1fff8                MACAddressFormat
 .text          0x01f20040        0x0 uspi/libuspi.a(smsc951x.o)
 .text.SMSC951xDevice
                0x01f20040       0x38 uspi/libuspi.a(smsc951x.o)
                0x01f20040                SMSC951xDevice
 .text._SMSC951xDevice
                0x01f20078       0x6c uspi/libuspi.a(smsc951x.o)
                0x01f20078                _SMSC951xDevice
 .text.SMSC951xDeviceGetMACAddress
                0x01f200e4        0x8 uspi/libuspi.a(smsc951x.o)
                0x01f200e4                SMSC951xDeviceGetMACAddress
 .text.SMSC951xDeviceSendFrame
                0x01f200ec       0x5c uspi/libuspi.a(smsc951x.o)
                0x01f200ec                SMSC951xDeviceSendFrame
 .text.SMSC951xDeviceReceiveFrame
                0x01f20148       0xe8 uspi/libuspi.a(smsc951x.o)
                0x01f20148                SMSC951xDeviceReceiveFrame
 .text.SMSC951xDeviceWriteReg
                0x01f20230       0x68 uspi/libuspi.a(smsc951x.o)
                0x01f20230                SMSC951xDeviceWriteReg
 .text.SMSC951xDeviceConfigure
                0x01f20298      0x378 uspi/libuspi.a(smsc951x.o)
                0x01f20298                SMSC951xDeviceConfigure
 .text.SMSC951xDeviceReadReg
                0x01f20610       0x68 uspi/libuspi.a(smsc951x.o)
                0x01f20610                SMSC951xDeviceReadReg
 .text          0x01f20678        0x0 uspi/libuspi.a(lan7800.o)
 .text.LAN7800Device
                0x01f20678       0x38 uspi/libuspi.a(lan7800.o)
                0x01f20678                LAN7800Device
 .text._LAN7800Device
                0x01f206b0       0x6c uspi/libuspi.a(lan7800.o)
                0x01f206b0                _LAN7800Device
 .text.LAN7800DeviceGetMACAddress
                0x01f2071c        0x8 uspi/libuspi.a(lan7800.o)
                0x01f2071c                LAN7800DeviceGetMACAddress
 .text.LAN7800DeviceSendFrame
                0x01f20724       0x60 uspi/libuspi.a(lan7800.o)
                0x01f20724                LAN7800DeviceSendFrame
 .text.LAN7800DeviceReceiveFrame
                0x01f20784       0xdc uspi/libuspi.a(lan7800.o)
                0x01f20784                LAN7800DeviceReceiveFrame
 .text.LAN7800DeviceIsLinkUp
                0x01f20860      0x210 uspi/libuspi.a(lan7800.o)
                0x01f20860                LAN7800DeviceIsLinkUp
 .text.LAN7800DeviceInitMACAddress
                0x01f20a70      0x1ec uspi/libuspi.a(lan7800.o)
                0x01f20a70                LAN7800DeviceInitMACAddress
 .text.LAN7800DeviceInitPHY
                0x01f20c5c      0x3d8 uspi/libuspi.a(lan7800.o)
                0x01f20c5c                LAN7800DeviceInitPHY
 .text.LAN7800DevicePHYWrite
                0x01f21034      0x218 uspi/libuspi.a(lan7800.o)
                0x01f21034                LAN7800DevicePHYWrite
 .text.LAN7800DevicePHYRead
                0x01f2124c      0x218 uspi/libuspi.a(lan7800.o)
                0x01f2124c                LAN7800DevicePHYRead
 .text.LAN7800DeviceWaitReg
                0x01f21464       0xc0 uspi/libuspi.a(lan7800.o)
                0x01f21464                LAN7800DeviceWaitReg
 .text.LAN7800DeviceReadWriteReg
                0x01f21524      0x100 uspi/libuspi.a(lan7800.o)
                0x01f21524                LAN7800DeviceReadWriteReg
 .text.LAN7800DeviceWriteReg
                0x01f21624       0x94 uspi/libuspi.a(lan7800.o)
                0x01f21624                LAN7800DeviceWriteReg
 .text.LAN7800DeviceConfigure
                0x01f216b8      0x4f0 uspi/libuspi.a(lan7800.o)
                0x01f216b8                LAN7800DeviceConfigure
 .text.LAN7800DeviceReadReg
                0x01f21ba8       0x88 uspi/libuspi.a(lan7800.o)
                0x01f21ba8                LAN7800DeviceReadReg
 .text          0x01f21c30        0x0 uspi/libuspi.a(string.o)
 .text.String   0x01f21c30       0x10 uspi/libuspi.a(string.o)
                0x01f21c30                String
 .text.String2  0x01f21c40       0x34 uspi/libuspi.a(string.o)
                0x01f21c40                String2
 .text._String  0x01f21c74       0x28 uspi/libuspi.a(string.o)
                0x01f21c74                _String
 .text.StringGet
                0x01f21c9c       0x18 uspi/libuspi.a(string.o)
                0x01f21c9c                StringGet
 .text.StringSet
                0x01f21cb4       0x48 uspi/libuspi.a(string.o)
                0x01f21cb4                StringSet
 .text.StringGetLength
                0x01f21cfc       0x10 uspi/libuspi.a(string.o)
                0x01f21cfc                StringGetLength
 .text.StringAppend
                0x01f21d0c       0x7c uspi/libuspi.a(string.o)
                0x01f21d0c                StringAppend
 .text.StringCompare
                0x01f21d88        0x8 uspi/libuspi.a(string.o)
                0x01f21d88                StringCompare
 .text.StringFind
                0x01f21d90       0x44 uspi/libuspi.a(string.o)
                0x01f21d90                StringFind
 .text.StringFormatV
                0x01f21dd4      0xe40 uspi/libuspi.a(string.o)
                0x01f21dd4                StringFormatV
 .text.StringFormat
                0x01f22c14       0x30 uspi/libuspi.a(string.o)
                0x01f22c14                StringFormat
 .text.StringPutChar
                0x01f22c44       0x98 uspi/libuspi.a(string.o)
                0x01f22c44                StringPutChar
 .text.StringPutString
                0x01f22cdc       0x94 uspi/libuspi.a(string.o)
                0x01f22cdc                StringPutString
 .text.StringReserveSpace
                0x01f22d70       0x68 uspi/libuspi.a(string.o)
                0x01f22d70                StringReserveSpace
 .text.ntoa     0x01f22dd8       0x84 uspi/libuspi.a(string.o)
                0x01f22dd8                ntoa
 .text          0x01f22e5c        0x0 uspi/libuspi.a(util.o)
 .text.uspi_memset
                0x01f22e5c      0x174 uspi/libuspi.a(util.o)
                0x01f22e5c                uspi_memset
 .text.uspi_memcpy
                0x01f22fd0      0x36c uspi/libuspi.a(util.o)
                0x01f22fd0                uspi_memcpy
 .text.uspi_memcmp
                0x01f2333c       0x5c uspi/libuspi.a(util.o)
                0x01f2333c                uspi_memcmp
 .text.uspi_strlen
                0x01f23398       0x28 uspi/libuspi.a(util.o)
                0x01f23398                uspi_strlen
 .text.uspi_strcmp
                0x01f233c0       0x74 uspi/libuspi.a(util.o)
                0x01f233c0                uspi_strcmp
 .text.uspi_strcpy
                0x01f23434       0x2c uspi/libuspi.a(util.o)
                0x01f23434                uspi_strcpy
 .text.uspi_strncpy
                0x01f23460       0x50 uspi/libuspi.a(util.o)
                0x01f23460                uspi_strncpy
 .text.uspi_strcat
                0x01f234b0       0x44 uspi/libuspi.a(util.o)
                0x01f234b0                uspi_strcat
 .text.uspi_char2int
                0x01f234f4        0x4 uspi/libuspi.a(util.o)
                0x01f234f4                uspi_char2int
 .text.uspi_le2be16
                0x01f234f8        0xc uspi/libuspi.a(util.o)
                0x01f234f8                uspi_le2be16
 .text.uspi_le2be32
                0x01f23504        0x8 uspi/libuspi.a(util.o)
                0x01f23504                uspi_le2be32
 .text          0x01f2350c        0x0 uspi/libuspi.a(usbmassdevice.o)
 .text.USBBulkOnlyMassStorageDevice
                0x01f2350c       0x38 uspi/libuspi.a(usbmassdevice.o)
                0x01f2350c                USBBulkOnlyMassStorageDevice
 .text._USBBulkOnlyMassStorageDevice
                0x01f23544       0x54 uspi/libuspi.a(usbmassdevice.o)
                0x01f23544                _USBBulkOnlyMassStorageDevice
 .text.USBBulkOnlyMassStorageDeviceSeek
                0x01f23598       0x10 uspi/libuspi.a(usbmassdevice.o)
                0x01f23598                USBBulkOnlyMassStorageDeviceSeek
 .text.USBBulkOnlyMassStorageDeviceGetCapacity
                0x01f235a8        0x8 uspi/libuspi.a(usbmassdevice.o)
                0x01f235a8                USBBulkOnlyMassStorageDeviceGetCapacity
 .text.USBBulkOnlyMassStorageDeviceTryRead
                0x01f235b0      0x280 uspi/libuspi.a(usbmassdevice.o)
                0x01f235b0                USBBulkOnlyMassStorageDeviceTryRead
 .text.USBBulkOnlyMassStorageDeviceTryWrite
                0x01f23830      0x264 uspi/libuspi.a(usbmassdevice.o)
                0x01f23830                USBBulkOnlyMassStorageDeviceTryWrite
 .text.USBBulkOnlyMassStorageDeviceCommand
                0x01f23a94      0x18c uspi/libuspi.a(usbmassdevice.o)
                0x01f23a94                USBBulkOnlyMassStorageDeviceCommand
 .text.USBBulkOnlyMassStorageDeviceConfigure
                0x01f23c20      0x45c uspi/libuspi.a(usbmassdevice.o)
                0x01f23c20                USBBulkOnlyMassStorageDeviceConfigure
 .text.USBBulkOnlyMassStorageDeviceReset
                0x01f2407c      0x104 uspi/libuspi.a(usbmassdevice.o)
                0x01f2407c                USBBulkOnlyMassStorageDeviceReset
 .text.USBBulkOnlyMassStorageDeviceRead
                0x01f24180      0x2a4 uspi/libuspi.a(usbmassdevice.o)
                0x01f24180                USBBulkOnlyMassStorageDeviceRead
 .text.USBBulkOnlyMassStorageDeviceWrite
                0x01f24424      0x294 uspi/libuspi.a(usbmassdevice.o)
                0x01f24424                USBBulkOnlyMassStorageDeviceWrite
 .text          0x01f246b8        0x0 uspi/libuspi.a(dwhciframeschednper.o)
 .text._DWHCIFrameSchedulerNonPeriodic
                0x01f246b8        0xc uspi/libuspi.a(dwhciframeschednper.o)
                0x01f246b8                _DWHCIFrameSchedulerNonPeriodic
 .text.DWHCIFrameSchedulerNonPeriodicStartSplit
                0x01f246c4        0xc uspi/libuspi.a(dwhciframeschednper.o)
                0x01f246c4                DWHCIFrameSchedulerNonPeriodicStartSplit
 .text.DWHCIFrameSchedulerNonPeriodicWaitForFrame
                0x01f246d0        0x4 uspi/libuspi.a(dwhciframeschednper.o)
                0x01f246d0                DWHCIFrameSchedulerNonPeriodicWaitForFrame
 .text.DWHCIFrameSchedulerNonPeriodicIsOddFrame
                0x01f246d4        0x8 uspi/libuspi.a(dwhciframeschednper.o)
                0x01f246d4                DWHCIFrameSchedulerNonPeriodicIsOddFrame
 .text.DWHCIFrameSchedulerNonPeriodicCompleteSplit
                0x01f246dc       0x54 uspi/libuspi.a(dwhciframeschednper.o)
                0x01f246dc                DWHCIFrameSchedulerNonPeriodicCompleteSplit
 .text.DWHCIFrameSchedulerNonPeriodicTransactionComplete
                0x01f24730       0xc0 uspi/libuspi.a(dwhciframeschednper.o)
                0x01f24730                DWHCIFrameSchedulerNonPeriodicTransactionComplete
 .text.DWHCIFrameSchedulerNonPeriodic
                0x01f247f0       0x54 uspi/libuspi.a(dwhciframeschednper.o)
                0x01f247f0                DWHCIFrameSchedulerNonPeriodic
 .text          0x01f24844        0x0 uspi/libuspi.a(dwhciframeschedper.o)
 .text._DWHCIFrameSchedulerPeriodic
                0x01f24844        0xc uspi/libuspi.a(dwhciframeschedper.o)
                0x01f24844                _DWHCIFrameSchedulerPeriodic
 .text.DWHCIFrameSchedulerPeriodicStartSplit
                0x01f24850       0x14 uspi/libuspi.a(dwhciframeschedper.o)
                0x01f24850                DWHCIFrameSchedulerPeriodicStartSplit
 .text.DWHCIFrameSchedulerPeriodicIsOddFrame
                0x01f24864        0xc uspi/libuspi.a(dwhciframeschedper.o)
                0x01f24864                DWHCIFrameSchedulerPeriodicIsOddFrame
 .text.DWHCIFrameSchedulerPeriodicWaitForFrame
                0x01f24870       0x70 uspi/libuspi.a(dwhciframeschedper.o)
                0x01f24870                DWHCIFrameSchedulerPeriodicWaitForFrame
 .text.DWHCIFrameSchedulerPeriodicCompleteSplit
                0x01f248e0       0x68 uspi/libuspi.a(dwhciframeschedper.o)
                0x01f248e0                DWHCIFrameSchedulerPeriodicCompleteSplit
 .text.DWHCIFrameSchedulerPeriodicTransactionComplete
                0x01f24948       0xb4 uspi/libuspi.a(dwhciframeschedper.o)
                0x01f24948                DWHCIFrameSchedulerPeriodicTransactionComplete
 .text.DWHCIFrameSchedulerPeriodic
                0x01f249fc       0x5c uspi/libuspi.a(dwhciframeschedper.o)
                0x01f249fc                DWHCIFrameSchedulerPeriodic
 .text          0x01f24a58        0x0 uspi/libuspi.a(usbkeyboard.o)
 .text.USBKeyboardDeviceConfigure
                0x01f24a58      0x2bc uspi/libuspi.a(usbkeyboard.o)
                0x01f24a58                USBKeyboardDeviceConfigure
 .text.USBKeyboardDeviceCompletionRoutine
                0x01f24d14      0x208 uspi/libuspi.a(usbkeyboard.o)
 .text.USBKeyboardDevice
                0x01f24f1c       0x58 uspi/libuspi.a(usbkeyboard.o)
                0x01f24f1c                USBKeyboardDevice
 .text._CUSBKeyboardDevice
                0x01f24f74       0x54 uspi/libuspi.a(usbkeyboard.o)
                0x01f24f74                _CUSBKeyboardDevice
 .text.USBKeyboardDeviceRegisterKeyPressedHandler
                0x01f24fc8        0x8 uspi/libuspi.a(usbkeyboard.o)
                0x01f24fc8                USBKeyboardDeviceRegisterKeyPressedHandler
 .text.USBKeyboardDeviceRegisterSelectConsoleHandler
                0x01f24fd0        0x8 uspi/libuspi.a(usbkeyboard.o)
                0x01f24fd0                USBKeyboardDeviceRegisterSelectConsoleHandler
 .text.USBKeyboardDeviceRegisterShutdownHandler
                0x01f24fd8        0x8 uspi/libuspi.a(usbkeyboard.o)
                0x01f24fd8                USBKeyboardDeviceRegisterShutdownHandler
 .text.USBKeyboardDeviceRegisterKeyStatusHandlerRaw
                0x01f24fe0        0x8 uspi/libuspi.a(usbkeyboard.o)
                0x01f24fe0                USBKeyboardDeviceRegisterKeyStatusHandlerRaw
 .text          0x01f24fe8        0x0 uspi/libuspi.a(dwhcirootport.o)
 .text.DWHCIRootPort
                0x01f24fe8        0xc uspi/libuspi.a(dwhcirootport.o)
                0x01f24fe8                DWHCIRootPort
 .text._DWHCIRootPort
                0x01f24ff4       0x34 uspi/libuspi.a(dwhcirootport.o)
                0x01f24ff4                _DWHCIRootPort
 .text.DWHCIRootPortInitialize
                0x01f25028      0x1d0 uspi/libuspi.a(dwhcirootport.o)
                0x01f25028                DWHCIRootPortInitialize
 .text          0x01f251f8        0x0 uspi/libuspi.a(usbmouse.o)
 .text.USBMouseDeviceConfigure
                0x01f251f8      0x2bc uspi/libuspi.a(usbmouse.o)
                0x01f251f8                USBMouseDeviceConfigure
 .text.USBMouseDeviceCompletionRoutine
                0x01f254b4       0xd4 uspi/libuspi.a(usbmouse.o)
 .text.USBMouseDevice
                0x01f25588       0x3c uspi/libuspi.a(usbmouse.o)
                0x01f25588                USBMouseDevice
 .text._CUSBMouseDevice
                0x01f255c4       0x4c uspi/libuspi.a(usbmouse.o)
                0x01f255c4                _CUSBMouseDevice
 .text.USBMouseDeviceRegisterStatusHandler
                0x01f25610        0x8 uspi/libuspi.a(usbmouse.o)
                0x01f25610                USBMouseDeviceRegisterStatusHandler
 .text          0x01f25618        0x0 uspi/libuspi.a(dwhciframeschednsplit.o)
 .text.DWHCIFrameSchedulerNoSplitStartSplit
                0x01f25618        0x4 uspi/libuspi.a(dwhciframeschednsplit.o)
                0x01f25618                DWHCIFrameSchedulerNoSplitStartSplit
 .text.DWHCIFrameSchedulerNoSplitCompleteSplit
                0x01f2561c        0x8 uspi/libuspi.a(dwhciframeschednsplit.o)
                0x01f2561c                DWHCIFrameSchedulerNoSplitCompleteSplit
 .text.DWHCIFrameSchedulerNoSplitTransactionComplete
                0x01f25624        0x4 uspi/libuspi.a(dwhciframeschednsplit.o)
                0x01f25624                DWHCIFrameSchedulerNoSplitTransactionComplete
 .text.DWHCIFrameSchedulerNoSplitIsOddFrame
                0x01f25628        0xc uspi/libuspi.a(dwhciframeschednsplit.o)
                0x01f25628                DWHCIFrameSchedulerNoSplitIsOddFrame
 .text.DWHCIFrameSchedulerNoSplitWaitForFrame
                0x01f25634       0x64 uspi/libuspi.a(dwhciframeschednsplit.o)
                0x01f25634                DWHCIFrameSchedulerNoSplitWaitForFrame
 .text._DWHCIFrameSchedulerNoSplit
                0x01f25698        0x4 uspi/libuspi.a(dwhciframeschednsplit.o)
                0x01f25698                _DWHCIFrameSchedulerNoSplit
 .text.DWHCIFrameSchedulerNoSplit
                0x01f2569c       0x58 uspi/libuspi.a(dwhciframeschednsplit.o)
                0x01f2569c                DWHCIFrameSchedulerNoSplit
 .text          0x01f256f4        0x0 uspi/libuspi.a(usbgamepad.o)
 .text.BitGetUnsigned
                0x01f256f4      0x104 uspi/libuspi.a(usbgamepad.o)
 .text.USBGamePadDeviceDecodeReport
                0x01f257f8      0x89c uspi/libuspi.a(usbgamepad.o)
 .text.USBGamePadDeviceConfigure
                0x01f26094      0x434 uspi/libuspi.a(usbgamepad.o)
                0x01f26094                USBGamePadDeviceConfigure
 .text.USBGamePadDeviceCompletionRoutine
                0x01f264c8       0xcc uspi/libuspi.a(usbgamepad.o)
 .text.USBGamePadDevice
                0x01f26594       0x9c uspi/libuspi.a(usbgamepad.o)
                0x01f26594                USBGamePadDevice
 .text._CUSBGamePadDevice
                0x01f26630       0x84 uspi/libuspi.a(usbgamepad.o)
                0x01f26630                _CUSBGamePadDevice
 .text.USBGamePadDeviceRegisterStatusHandler
                0x01f266b4        0x8 uspi/libuspi.a(usbgamepad.o)
                0x01f266b4                USBGamePadDeviceRegisterStatusHandler
 .text.USBGamePadDeviceGetReport
                0x01f266bc       0x70 uspi/libuspi.a(usbgamepad.o)
                0x01f266bc                USBGamePadDeviceGetReport
 .text          0x01f2672c        0x0 uspi/libuspi.a(synchronize.o)
 .text.uspi_EnterCritical
                0x01f2672c       0x3c uspi/libuspi.a(synchronize.o)
                0x01f2672c                uspi_EnterCritical
 .text.uspi_LeaveCritical
                0x01f26768       0x3c uspi/libuspi.a(synchronize.o)
                0x01f26768                uspi_LeaveCritical
 .text.uspi_CleanAndInvalidateDataCacheRange
                0x01f267a4       0x30 uspi/libuspi.a(synchronize.o)
                0x01f267a4                uspi_CleanAndInvalidateDataCacheRange
 .text          0x01f267d4        0x0 uspi/libuspi.a(usbstring.o)
 .text.USBString
                0x01f267d4       0x24 uspi/libuspi.a(usbstring.o)
                0x01f267d4                USBString
 .text.USBStringCopy
                0x01f267f8       0x6c uspi/libuspi.a(usbstring.o)
                0x01f267f8                USBStringCopy
 .text._USBString
                0x01f26864       0x40 uspi/libuspi.a(usbstring.o)
                0x01f26864                _USBString
 .text.USBStringGetFromDescriptor
                0x01f268a4      0x474 uspi/libuspi.a(usbstring.o)
                0x01f268a4                USBStringGetFromDescriptor
 .text.USBStringGet
                0x01f26d18        0x8 uspi/libuspi.a(usbstring.o)
                0x01f26d18                USBStringGet
 .text.USBStringGetLanguageID
                0x01f26d20      0x154 uspi/libuspi.a(usbstring.o)
                0x01f26d20                USBStringGetLanguageID
 .text          0x01f26e74        0x0 uspi/libuspi.a(usbmidi.o)
 .text.USBMIDIDeviceConfigure
                0x01f26e74      0x218 uspi/libuspi.a(usbmidi.o)
                0x01f26e74                USBMIDIDeviceConfigure
 .text.USBMIDIDeviceCompletionRoutine
                0x01f2708c       0xfc uspi/libuspi.a(usbmidi.o)
 .text.USBMIDIDevice
                0x01f27188       0x30 uspi/libuspi.a(usbmidi.o)
                0x01f27188                USBMIDIDevice
 .text._CUSBMIDIDevice
                0x01f271b8       0x4c uspi/libuspi.a(usbmidi.o)
                0x01f271b8                _CUSBMIDIDevice
 .text.USBMIDIDeviceRegisterPacketHandler
                0x01f27204        0x8 uspi/libuspi.a(usbmidi.o)
                0x01f27204                USBMIDIDeviceRegisterPacketHandler
 .text          0x01f2720c        0x0 uspi/libuspi.a(usbconfigparser.o)
 .text.USBConfigurationParser
                0x01f2720c      0x110 uspi/libuspi.a(usbconfigparser.o)
                0x01f2720c                USBConfigurationParser
 .text._USBConfigurationParser
                0x01f2731c        0xc uspi/libuspi.a(usbconfigparser.o)
                0x01f2731c                _USBConfigurationParser
 .text.USBConfigurationParserIsValid
                0x01f27328        0x8 uspi/libuspi.a(usbconfigparser.o)
                0x01f27328                USBConfigurationParserIsValid
 .text.USBConfigurationParserGetDescriptor
                0x01f27330       0xa4 uspi/libuspi.a(usbconfigparser.o)
                0x01f27330                USBConfigurationParserGetDescriptor
 .text.USBConfigurationParserError
                0x01f273d4       0x2c uspi/libuspi.a(usbconfigparser.o)
                0x01f273d4                USBConfigurationParserError
 .text          0x01f27400        0x0 uspi/libuspi.a(usbdevicefactory.o)
 .text.GetDevice
                0x01f27400      0x1d0 uspi/libuspi.a(usbdevicefactory.o)
                0x01f27400                GetDevice
 .text.USBDeviceFactoryGetDevice
                0x01f275d0      0x224 uspi/libuspi.a(usbdevicefactory.o)
                0x01f275d0                USBDeviceFactoryGetDevice
 .text          0x01f277f4        0x0 uspi/libuspi.a(usbstandardhub.o)
 .text.USBStandardHub
                0x01f277f4       0x68 uspi/libuspi.a(usbstandardhub.o)
                0x01f277f4                USBStandardHub
 .text._USBStandardHub
                0x01f2785c       0x8c uspi/libuspi.a(usbstandardhub.o)
                0x01f2785c                _USBStandardHub
 .text.USBStandardHubInitialize
                0x01f278e8        0x4 uspi/libuspi.a(usbstandardhub.o)
                0x01f278e8                USBStandardHubInitialize
 .text.USBStandardHubGetDeviceNames
                0x01f278ec       0xc0 uspi/libuspi.a(usbstandardhub.o)
                0x01f278ec                USBStandardHubGetDeviceNames
 .text.USBStandardHubEnumeratePorts
                0x01f279ac      0x584 uspi/libuspi.a(usbstandardhub.o)
                0x01f279ac                USBStandardHubEnumeratePorts
 .text.USBStandardHubConfigure
                0x01f27f30      0x2bc uspi/libuspi.a(usbstandardhub.o)
                0x01f27f30                USBStandardHubConfigure
 .text          0x01f281ec        0x0 uspi/libuspi.a(keymap.o)
 .text.KeyMap   0x01f281ec       0x24 uspi/libuspi.a(keymap.o)
                0x01f281ec                KeyMap
 .text._KeyMap  0x01f28210        0x4 uspi/libuspi.a(keymap.o)
                0x01f28210                _KeyMap
 .text.KeyMapClearTable
                0x01f28214       0x34 uspi/libuspi.a(keymap.o)
                0x01f28214                KeyMapClearTable
 .text.KeyMapSetEntry
                0x01f28248       0x50 uspi/libuspi.a(keymap.o)
                0x01f28248                KeyMapSetEntry
 .text.KeyMapTranslate
                0x01f28298      0x118 uspi/libuspi.a(keymap.o)
                0x01f28298                KeyMapTranslate
 .text.KeyMapGetString
                0x01f283b0       0xbc uspi/libuspi.a(keymap.o)
                0x01f283b0                KeyMapGetString
 .text.KeyMapGetLEDStatus
                0x01f2846c       0x34 uspi/libuspi.a(keymap.o)
                0x01f2846c                KeyMapGetLEDStatus
 .text          0x01f284a0       0x3c i:/development/arm/gnu tools arm embedded/5.4 2016q2/bin/../lib/gcc/arm-none-eabi/5.4.1/fpu\libgcc.a(_aeabi_uldivmod.o)
                0x01f284a0                __aeabi_uldivmod
 .text          0x01f284dc      0x12c i:/development/arm/gnu tools arm embedded/5.4 2016q2/bin/../lib/gcc/arm-none-eabi/5.4.1/fpu\libgcc.a(_udivmoddi4.o)
                0x01f284dc                __udivmoddi4
 .text          0x01f28608        0x4 i:/development/arm/gnu tools arm embedded/5.4 2016q2/bin/../lib/gcc/arm-none-eabi/5.4.1/fpu\libgcc.a(_dvmd_tls.o)
                0x01f28608                __aeabi_idiv0
                0x01f28608                __aeabi_ldiv0
 .text          0x01f2860c       0x28 i:/development/arm/gnu tools arm embedded/5.4 2016q2/bin/../lib/gcc/arm-none-eabi/5.4.1/fpu\libgcc.a(_clzdi2.o)
                0x01f2860c                __clzdi2
 .text          0x01f28634       0x48 i:/development/arm/gnu tools arm embedded/5.4 2016q2/bin/../lib/gcc/arm-none-eabi/5.4.1/fpu\libgcc.a(_clzsi2.o)
                0x01f28634                __clzsi2
 .text          0x01f2867c        0x0 i:/development/arm/gnu tools arm embedded/5.4 2016q2/bin/../lib/gcc/arm-none-eabi/5.4.1/../../../../arm-none-eabi/lib/fpu\libc.a(lib_a-abs.o)
 .text.abs      0x01f2867c        0xc i:/development/arm/gnu tools arm embedded/5.4 2016q2/bin/../lib/gcc/arm-none-eabi/5.4.1/../../../../arm-none-eabi/lib/fpu\libc.a(lib_a-abs.o)
                0x01f2867c                abs
 .text          0x01f28688        0x0 i:/development/arm/gnu tools arm embedded/5.4 2016q2/bin/../lib/gcc/arm-none-eabi/5.4.1/../../../../arm-none-eabi/lib/fpu\libc.a(lib_a-aeabi_atexit.o)
 .text.__aeabi_atexit
                0x01f28688       0x1c i:/development/arm/gnu tools arm embedded/5.4 2016q2/bin/../lib/gcc/arm-none-eabi/5.4.1/../../../../arm-none-eabi/lib/fpu\libc.a(lib_a-aeabi_atexit.o)
                0x01f28688                __aeabi_atexit
 .text          0x01f286a4        0x0 i:/development/arm/gnu tools arm embedded/5.4 2016q2/bin/../lib/gcc/arm-none-eabi/5.4.1/../../../../arm-none-eabi/lib/fpu\libc.a(lib_a-atof.o)
 .text.atof     0x01f286a4       0x14 i:/development/arm/gnu tools arm embedded/5.4 2016q2/bin/../lib/gcc/arm-none-eabi/5.4.1/../../../../arm-none-eabi/lib/fpu\libc.a(lib_a-atof.o)
                0x01f286a4                atof
 .text          0x01f286b8        0x0 i:/development/arm/gnu tools arm embedded/5.4 2016q2/bin/../lib/gcc/arm-none-eabi/5.4.1/../../../../arm-none-eabi/lib/fpu\libc.a(lib_a-cxa_atexit.o)
 .text.__cxa_atexit
                0x01f286b8       0x20 i:/development/arm/gnu tools arm embedded/5.4 2016q2/bin/../lib/gcc/arm-none-eabi/5.4.1/../../../../arm-none-eabi/lib/fpu\libc.a(lib_a-cxa_atexit.o)
                0x01f286b8                __cxa_atexit
 .text          0x01f286d8        0x0 i:/development/arm/gnu tools arm embedded/5.4 2016q2/bin/../lib/gcc/arm-none-eabi/5.4.1/../../../../arm-none-eabi/lib/fpu\libc.a(lib_a-init.o)
 .text.__libc_init_array
                0x01f286d8       0x80 i:/development/arm/gnu tools arm embedded/5.4 2016q2/bin/../lib/gcc/arm-none-eabi/5.4.1/../../../../arm-none-eabi/lib/fpu\libc.a(lib_a-init.o)
                0x01f286d8                __libc_init_array
 .text          0x01f28758        0x0 i:/development/arm/gnu tools arm embedded/5.4 2016q2/bin/../lib/gcc/arm-none-eabi/5.4.1/../../../../arm-none-eabi/lib/fpu\libc.a(lib_a-malloc.o)
 .text.malloc   0x01f28758       0x20 i:/development/arm/gnu tools arm embedded/5.4 2016q2/bin/../lib/gcc/arm-none-eabi/5.4.1/../../../../arm-none-eabi/lib/fpu\libc.a(lib_a-malloc.o)
                0x01f28758                malloc
 .text.free     0x01f28778       0x20 i:/development/arm/gnu tools arm embedded/5.4 2016q2/bin/../lib/gcc/arm-none-eabi/5.4.1/../../../../arm-none-eabi/lib/fpu\libc.a(lib_a-malloc.o)
                0x01f28778                free
 .text          0x01f28798        0x0 i:/development/arm/gnu tools arm embedded/5.4 2016q2/bin/../lib/gcc/arm-none-eabi/5.4.1/../../../../arm-none-eabi/lib/fpu\libc.a(lib_a-mallocr.o)
 .text._malloc_r
                0x01f28798      0x7a8 i:/development/arm/gnu tools arm embedded/5.4 2016q2/bin/../lib/gcc/arm-none-eabi/5.4.1/../../../../arm-none-eabi/lib/fpu\libc.a(lib_a-mallocr.o)
                0x01f28798                _malloc_r
 .text          0x01f28f40        0x0 i:/development/arm/gnu tools arm embedded/5.4 2016q2/bin/../lib/gcc/arm-none-eabi/5.4.1/../../../../arm-none-eabi/lib/fpu\libc.a(lib_a-memcpy-stub.o)
 .text.memcpy   0x01f28f40       0xf0 i:/development/arm/gnu tools arm embedded/5.4 2016q2/bin/../lib/gcc/arm-none-eabi/5.4.1/../../../../arm-none-eabi/lib/fpu\libc.a(lib_a-memcpy-stub.o)
                0x01f28f40                memcpy
 .text          0x01f29030        0x0 i:/development/arm/gnu tools arm embedded/5.4 2016q2/bin/../lib/gcc/arm-none-eabi/5.4.1/../../../../arm-none-eabi/lib/fpu\libc.a(lib_a-memset.o)
 .text.memset   0x01f29030       0xf4 i:/development/arm/gnu tools arm embedded/5.4 2016q2/bin/../lib/gcc/arm-none-eabi/5.4.1/../../../../arm-none-eabi/lib/fpu\libc.a(lib_a-memset.o)
                0x01f29030                memset
 .text          0x01f29124        0x0 i:/development/arm/gnu tools arm embedded/5.4 2016q2/bin/../lib/gcc/arm-none-eabi/5.4.1/../../../../arm-none-eabi/lib/fpu\libc.a(lib_a-mlock.o)
 .text.__malloc_lock
                0x01f29124        0x4 i:/development/arm/gnu tools arm embedded/5.4 2016q2/bin/../lib/gcc/arm-none-eabi/5.4.1/../../../../arm-none-eabi/lib/fpu\libc.a(lib_a-mlock.o)
                0x01f29124                __malloc_lock
 .text.__malloc_unlock
                0x01f29128        0x4 i:/development/arm/gnu tools arm embedded/5.4 2016q2/bin/../lib/gcc/arm-none-eabi/5.4.1/../../../../arm-none-eabi/lib/fpu\libc.a(lib_a-mlock.o)
                0x01f29128                __malloc_unlock
 .text          0x01f2912c        0x0 i:/development/arm/gnu tools arm embedded/5.4 2016q2/bin/../lib/gcc/arm-none-eabi/5.4.1/../../../../arm-none-eabi/lib/fpu\libc.a(lib_a-printf.o)
 .text._printf_r
                0x01f2912c       0x34 i:/development/arm/gnu tools arm embedded/5.4 2016q2/bin/../lib/gcc/arm-none-eabi/5.4.1/../../../../arm-none-eabi/lib/fpu\libc.a(lib_a-printf.o)
                0x01f2912c                _printf_r
 .text.printf   0x01f29160       0x40 i:/development/arm/gnu tools arm embedded/5.4 2016q2/bin/../lib/gcc/arm-none-eabi/5.4.1/../../../../arm-none-eabi/lib/fpu\libc.a(lib_a-printf.o)
                0x01f29160                printf
 .text          0x01f291a0        0x0 i:/development/arm/gnu tools arm embedded/5.4 2016q2/bin/../lib/gcc/arm-none-eabi/5.4.1/../../../../arm-none-eabi/lib/fpu\libc.a(lib_a-reent.o)
 .text.cleanup_glue
                0x01f291a0       0x2c i:/development/arm/gnu tools arm embedded/5.4 2016q2/bin/../lib/gcc/arm-none-eabi/5.4.1/../../../../arm-none-eabi/lib/fpu\libc.a(lib_a-reent.o)
                0x01f291a0                cleanup_glue
 .text._reclaim_reent
                0x01f291cc       0xf4 i:/development/arm/gnu tools arm embedded/5.4 2016q2/bin/../lib/gcc/arm-none-eabi/5.4.1/../../../../arm-none-eabi/lib/fpu\libc.a(lib_a-reent.o)
                0x01f291cc                _reclaim_reent
 .text          0x01f292c0        0x0 i:/development/arm/gnu tools arm embedded/5.4 2016q2/bin/../lib/gcc/arm-none-eabi/5.4.1/../../../../arm-none-eabi/lib/fpu\libc.a(lib_a-sbrkr.o)
 .text._sbrk_r  0x01f292c0       0x44 i:/development/arm/gnu tools arm embedded/5.4 2016q2/bin/../lib/gcc/arm-none-eabi/5.4.1/../../../../arm-none-eabi/lib/fpu\libc.a(lib_a-sbrkr.o)
                0x01f292c0                _sbrk_r
 .text          0x01f29304        0x0 i:/development/arm/gnu tools arm embedded/5.4 2016q2/bin/../lib/gcc/arm-none-eabi/5.4.1/../../../../arm-none-eabi/lib/fpu\libc.a(lib_a-snprintf.o)
 .text._snprintf_r
                0x01f29304       0xd8 i:/development/arm/gnu tools arm embedded/5.4 2016q2/bin/../lib/gcc/arm-none-eabi/5.4.1/../../../../arm-none-eabi/lib/fpu\libc.a(lib_a-snprintf.o)
                0x01f29304                _snprintf_r
 .text.snprintf
                0x01f293dc       0xe8 i:/development/arm/gnu tools arm embedded/5.4 2016q2/bin/../lib/gcc/arm-none-eabi/5.4.1/../../../../arm-none-eabi/lib/fpu\libc.a(lib_a-snprintf.o)
                0x01f293dc                snprintf
 .text          0x01f294c4        0x0 i:/development/arm/gnu tools arm embedded/5.4 2016q2/bin/../lib/gcc/arm-none-eabi/5.4.1/../../../../arm-none-eabi/lib/fpu\libc.a(lib_a-strcat.o)
 .text.strcat   0x01f294c4       0x84 i:/development/arm/gnu tools arm embedded/5.4 2016q2/bin/../lib/gcc/arm-none-eabi/5.4.1/../../../../arm-none-eabi/lib/fpu\libc.a(lib_a-strcat.o)
                0x01f294c4                strcat
 .text          0x01f29548      0x224 i:/development/arm/gnu tools arm embedded/5.4 2016q2/bin/../lib/gcc/arm-none-eabi/5.4.1/../../../../arm-none-eabi/lib/fpu\libc.a(lib_a-strcmp.o)
                0x01f29548                strcmp
 .text          0x01f2976c        0x0 i:/development/arm/gnu tools arm embedded/5.4 2016q2/bin/../lib/gcc/arm-none-eabi/5.4.1/../../../../arm-none-eabi/lib/fpu\libc.a(lib_a-strcpy.o)
 .text.strcpy   0x01f2976c       0xf0 i:/development/arm/gnu tools arm embedded/5.4 2016q2/bin/../lib/gcc/arm-none-eabi/5.4.1/../../../../arm-none-eabi/lib/fpu\libc.a(lib_a-strcpy.o)
                0x01f2976c                strcpy
 .text          0x01f2985c        0x0 i:/development/arm/gnu tools arm embedded/5.4 2016q2/bin/../lib/gcc/arm-none-eabi/5.4.1/../../../../arm-none-eabi/lib/fpu\libc.a(lib_a-strlen-stub.o)
 .text.strlen   0x01f2985c       0x60 i:/development/arm/gnu tools arm embedded/5.4 2016q2/bin/../lib/gcc/arm-none-eabi/5.4.1/../../../../arm-none-eabi/lib/fpu\libc.a(lib_a-strlen-stub.o)
                0x01f2985c                strlen
 .text          0x01f298bc        0x0 i:/development/arm/gnu tools arm embedded/5.4 2016q2/bin/../lib/gcc/arm-none-eabi/5.4.1/../../../../arm-none-eabi/lib/fpu\libc.a(lib_a-strncmp.o)
 .text.strncmp  0x01f298bc      0x124 i:/development/arm/gnu tools arm embedded/5.4 2016q2/bin/../lib/gcc/arm-none-eabi/5.4.1/../../../../arm-none-eabi/lib/fpu\libc.a(lib_a-strncmp.o)
                0x01f298bc                strncmp
 .text          0x01f299e0        0x0 i:/development/arm/gnu tools arm embedded/5.4 2016q2/bin/../lib/gcc/arm-none-eabi/5.4.1/../../../../arm-none-eabi/lib/fpu\libc.a(lib_a-strrchr.o)
 .text.strrchr  0x01f299e0       0x54 i:/development/arm/gnu tools arm embedded/5.4 2016q2/bin/../lib/gcc/arm-none-eabi/5.4.1/../../../../arm-none-eabi/lib/fpu\libc.a(lib_a-strrchr.o)
                0x01f299e0                strrchr
 .text          0x01f29a34        0x0 i:/development/arm/gnu tools arm embedded/5.4 2016q2/bin/../lib/gcc/arm-none-eabi/5.4.1/../../../../arm-none-eabi/lib/fpu\libc.a(lib_a-strtod.o)
 .text.unlikely.sulp
                0x01f29a34       0x54 i:/development/arm/gnu tools arm embedded/5.4 2016q2/bin/../lib/gcc/arm-none-eabi/5.4.1/../../../../arm-none-eabi/lib/fpu\libc.a(lib_a-strtod.o)
 .text._strtod_r
                0x01f29a88     0x1434 i:/development/arm/gnu tools arm embedded/5.4 2016q2/bin/../lib/gcc/arm-none-eabi/5.4.1/../../../../arm-none-eabi/lib/fpu\libc.a(lib_a-strtod.o)
                0x01f29a88                _strtod_r
 .text.strtod   0x01f2aebc       0x18 i:/development/arm/gnu tools arm embedded/5.4 2016q2/bin/../lib/gcc/arm-none-eabi/5.4.1/../../../../arm-none-eabi/lib/fpu\libc.a(lib_a-strtod.o)
                0x01f2aebc                strtod
 .text.strtof   0x01f2aed4       0x40 i:/development/arm/gnu tools arm embedded/5.4 2016q2/bin/../lib/gcc/arm-none-eabi/5.4.1/../../../../arm-none-eabi/lib/fpu\libc.a(lib_a-strtod.o)
                0x01f2aed4                strtof