Archive member included to satisfy reference by file (symbol)

uspi/libuspi.a(uspilibrary.o)
                              src/main.o (USPiInitialize)
uspi/libuspi.a(dwhcidevice.o)
                              uspi/libuspi.a(uspilibrary.o) (DWHCIDevice)
uspi/libuspi.a(dwhciregister.o)
                              uspi/libuspi.a(dwhcidevice.o) (DWHCIRegister)
uspi/libuspi.a(dwhcixferstagedata.o)
                              uspi/libuspi.a(dwhcidevice.o) (DWHCITransferStageData)
uspi/libuspi.a(usbdevice.o)   uspi/libuspi.a(dwhcixferstagedata.o) (USBDeviceGetAddress)
uspi/libuspi.a(usbendpoint.o)
                              uspi/libuspi.a(usbdevice.o) (USBEndpoint)
uspi/libuspi.a(usbrequest.o)  uspi/libuspi.a(dwhcidevice.o) (USBRequest)
uspi/libuspi.a(devicenameservice.o)
                              uspi/libuspi.a(uspilibrary.o) (DeviceNameService)
uspi/libuspi.a(macaddress.o)  uspi/libuspi.a(uspilibrary.o) (MACAddressCopyTo)
uspi/libuspi.a(smsc951x.o)    uspi/libuspi.a(uspilibrary.o) (SMSC951xDeviceGetMACAddress)
uspi/libuspi.a(lan7800.o)     uspi/libuspi.a(uspilibrary.o) (LAN7800DeviceGetMACAddress)
uspi/libuspi.a(string.o)      uspi/libuspi.a(uspilibrary.o) (String)
uspi/libuspi.a(util.o)        uspi/libuspi.a(macaddress.o) (uspi_memset)
uspi/libuspi.a(usbmassdevice.o)
                              uspi/libuspi.a(uspilibrary.o) (USBBulkOnlyMassStorageDeviceSeek)
uspi/libuspi.a(dwhciframeschednper.o)
                              uspi/libuspi.a(dwhcixferstagedata.o) (DWHCIFrameSchedulerNonPeriodic)
uspi/libuspi.a(dwhciframeschedper.o)
                              uspi/libuspi.a(dwhcixferstagedata.o) (DWHCIFrameSchedulerPeriodic)
uspi/libuspi.a(usbkeyboard.o)
                              uspi/libuspi.a(uspilibrary.o) (USBKeyboardDeviceRegisterKeyPressedHandler)
uspi/libuspi.a(dwhcirootport.o)
                              uspi/libuspi.a(dwhcidevice.o) (DWHCIRootPort)
uspi/libuspi.a(usbmouse.o)    uspi/libuspi.a(uspilibrary.o) (USBMouseDeviceRegisterStatusHandler)
uspi/libuspi.a(dwhciframeschednsplit.o)
                              uspi/libuspi.a(dwhcixferstagedata.o) (DWHCIFrameSchedulerNoSplit)
uspi/libuspi.a(usbgamepad.o)  uspi/libuspi.a(uspilibrary.o) (USBGamePadDeviceRegisterStatusHandler)
uspi/libuspi.a(synchronize.o)
                              uspi/libuspi.a(dwhcidevice.o) (uspi_EnterCritical)
uspi/libuspi.a(usbstring.o)   uspi/libuspi.a(usbdevice.o) (USBString)
uspi/libuspi.a(usbmidi.o)     uspi/libuspi.a(uspilibrary.o) (USBMIDIDeviceRegisterPacketHandler)
uspi/libuspi.a(usbconfigparser.o)
                              uspi/libuspi.a(usbdevice.o) (USBConfigurationParser)
uspi/libuspi.a(usbdevicefactory.o)
                              uspi/libuspi.a(dwhcirootport.o) (USBDeviceFactoryGetDevice)
uspi/libuspi.a(usbstandardhub.o)
                              uspi/libuspi.a(usbdevicefactory.o) (USBStandardHub)
uspi/libuspi.a(keymap.o)      uspi/libuspi.a(usbkeyboard.o) (KeyMap)
i:/development/arm/gnu tools arm embedded/5.4 2016q2/bin/../lib/gcc/arm-none-eabi/5.4.1/fpu\libgcc.a(_aeabi_uldivmod.o)
                              src/ff.o (__aeabi_uldivmod)
i:/development/arm/gnu tools arm embedded/5.4 2016q2/bin/../lib/gcc/arm-none-eabi/5.4.1/fpu\libgcc.a(_udivmoddi4.o)
                              i:/development/arm/gnu tools arm embedded/5.4 2016q2/bin/../lib/gcc/arm-none-eabi/5.4.1/fpu\libgcc.a(_aeabi_uldivmod.o) (__udivmoddi4)
i:/development/arm/gnu tools arm embedded/5.4 2016q2/bin/../lib/gcc/arm-none-eabi/5.4.1/fpu\libgcc.a(_dvmd_tls.o)
                              i:/development/arm/gnu tools arm embedded/5.4 2016q2/bin/../lib/gcc/arm-none-eabi/5.4.1/fpu\libgcc.a(_aeabi_uldivmod.o) (__aeabi_ldiv0)
i:/development/arm/gnu tools arm embedded/5.4 2016q2/bin/../lib/gcc/arm-none-eabi/5.4.1/fpu\libgcc.a(_clzdi2.o)
                              i:/development/arm/gnu tools arm embedded/5.4 2016q2/bin/../lib/gcc/arm-none-eabi/5.4.1/fpu\libgcc.a(_udivmoddi4.o) (__clzdi2)
i:/development/arm/gnu tools arm embedded/5.4 2016q2/bin/../lib/gcc/arm-none-eabi/5.4.1/fpu\libgcc.a(_clzsi2.o)
                              i:/development/arm/gnu tools arm embedded/5.4 2016q2/bin/../lib/gcc/arm-none-eabi/5.4.1/fpu\libgcc.a(_clzdi2.o) (__clzsi2)
i:/development/arm/gnu tools arm embedded/5.4 2016q2/bin/../lib/gcc/arm-none-eabi/5.4.1/../../../../arm-none-eabi/lib/fpu\libc.a(lib_a-abs.o)
                              src/vga.o (abs)
i:/development/arm/gnu tools arm embedded/5.4 2016q2/bin/../lib/gcc/arm-none-eabi/5.4.1/../../../../arm-none-eabi/lib/fpu\libc.a(lib_a-aeabi_atexit.o)
                              src/main.o (__aeabi_atexit)
i:/development/arm/gnu tools arm embedded/5.4 2016q2/bin/../lib/gcc/arm-none-eabi/5.4.1/../../../../arm-none-eabi/lib/fpu\libc.a(lib_a-cxa_atexit.o)
                              i:/development/arm/gnu tools arm embedded/5.4 2016q2/bin/../lib/gcc/arm-none-eabi/5.4.1/../../../../arm-none-eabi/lib/fpu\libc.a(lib_a-aeabi_atexit.o) (__cxa_atexit)
[...]
Memory Configuration

Name             Origin             Length             Attributes
*default*        0x00000000         0xffffffff

Linker script and memory map

LOAD i:/development/arm/gnu tools arm embedded/5.4 2016q2/bin/../lib/gcc/arm-none-eabi/5.4.1/../../../../arm-none-eabi/lib/fpu\libm.a
LOAD i:/development/arm/gnu tools arm embedded/5.4 2016q2/bin/../lib/gcc/arm-none-eabi/5.4.1/../../../../arm-none-eabi/lib/fpu\libm.a
LOAD src/armc-start.o
LOAD src/armc-cstartup.o
LOAD src/armc-cstubs.o
LOAD src/armc-cppstubs.o
LOAD src/exception.o
LOAD src/main.o
LOAD src/rpi-aux.o
LOAD src/rpi-i2c.o
LOAD src/rpi-mailbox-interface.o
LOAD src/rpi-mailbox.o
LOAD src/rpi-gpio.o
LOAD src/rpi-interrupts.o
LOAD src/cache.o
LOAD src/ff.o
LOAD src/interrupt.o
LOAD src/Keyboard.o
LOAD src/emmc.o
LOAD src/diskio.o
LOAD src/vga.o
LOAD src/terminal.o
LOAD src/timer.o
LOAD src/font_data.o
LOAD src/basic.o
LOAD src/linkedlist.o
LOAD uspi/libuspi.a
START GROUP
LOAD i:/development/arm/gnu tools arm embedded/5.4 2016q2/bin/../lib/gcc/arm-none-eabi/5.4.1/fpu\libgcc.a
LOAD i:/development/arm/gnu tools arm embedded/5.4 2016q2/bin/../lib/gcc/arm-none-eabi/5.4.1/../../../../arm-none-eabi/lib/fpu\libc.a
END GROUP
                [!provide]                PROVIDE (__executable_start, 0x1f00000)
                0x01f00000                . = 0x1f00000

.interp
 *(.interp)

.note.gnu.build-id
 *(.note.gnu.build-id)

.hash
 *(.hash)

.gnu.hash
 *(.gnu.hash)

.dynsym
 *(.dynsym)

.dynstr
 *(.dynstr)

.gnu.version
 *(.gnu.version)

.gnu.version_d
 *(.gnu.version_d)

.gnu.version_r
 *(.gnu.version_r)

.rel.init
 *(.rel.init)

.rela.init
 *(.rela.init)

.rel.text
 *(.rel.text .rel.text.* .rel.gnu.linkonce.t.*)

.rela.text
 *(.rela.text .rela.text.* .rela.gnu.linkonce.t.*)

.rel.fini
 *(.rel.fini)

.rela.fini
 *(.rela.fini)

.rel.rodata
 *(.rel.rodata .rel.rodata.* .rel.gnu.linkonce.r.*)

.rela.rodata
 *(.rela.rodata .rela.rodata.* .rela.gnu.linkonce.r.*)

.rel.data.rel.ro
 *(.rel.data.rel.ro* .rel.gnu.linkonce.d.rel.ro.*)

.rela.data.rel.ro
 *(.rela.data.rel.ro* .rela.gnu.linkonce.d.rel.ro.*)

.rel.data
 *(.rel.data .rel.data.* .rel.gnu.linkonce.d.*)

.rela.data
 *(.rela.data .rela.data.* .rela.gnu.linkonce.d.*)

.rel.tdata
 *(.rel.tdata .rel.tdata.* .rel.gnu.linkonce.td.*)

.rela.tdata
 *(.rela.tdata .rela.tdata.* .rela.gnu.linkonce.td.*)

.rel.tbss
 *(.rel.tbss .rel.tbss.* .rel.gnu.linkonce.tb.*)

.rela.tbss
 *(.rela.tbss .rela.tbss.* .rela.gnu.linkonce.tb.*)

.rel.ctors
 *(.rel.ctors)

.rela.ctors
 *(.rela.ctors)

.rel.dtors
 *(.rel.dtors)

.rela.dtors
 *(.rela.dtors)

.rel.got
 *(.rel.got)

.rela.got
 *(.rela.got)

.rel.bss
 *(.rel.bss .rel.bss.* .rel.gnu.linkonce.b.*)

.rela.bss
 *(.rela.bss .rela.bss.* .rela.gnu.linkonce.b.*)

.rel.iplt       0x01f00000        0x0
                [!provide]                PROVIDE (__rel_iplt_start, .)
 *(.rel.iplt)
 .rel.iplt      0x01f00000        0x0 src/armc-start.o
                [!provide]                PROVIDE (__rel_iplt_end, .)

.rela.iplt      0x01f00000        0x0
                [!provide]                PROVIDE (__rela_iplt_start, .)
 *(.rela.iplt)
                [!provide]                PROVIDE (__rela_iplt_end, .)

.rel.plt
 *(.rel.plt)

.rela.plt
 *(.rela.plt)

.init
 *(.init)

.plt
 *(.plt)

.iplt           0x01f00000        0x0
 *(.iplt)
 .iplt          0x01f00000        0x0 src/armc-start.o

.text           0x01f00000    0x33e80
 *(.text.startup .text.startup.*)
 .text.startup  0x01f00000       0x40 src/armc-start.o
                0x01f00000                _start
 .text.startup  0x01f00040       0x30 src/main.o
 *(.text.unlikely .text.*_unlikely)
 .text.unlikely
                0x01f00070      0x14c src/ff.o
 *(.text.exit .text.exit.*)
 *(.text.hot .text.hot.*)
 *(.text .stub .text.* .gnu.linkonce.t.*)
 .text          0x01f001bc        0x0 src/armc-start.o
 .text._reset_  0x01f001bc       0xc0 src/armc-start.o
 .text._get_stack_pointer
                0x01f0027c        0x8 src/armc-start.o
                0x01f0027c                _get_stack_pointer
 .text._get_cpsr
                0x01f00284        0x8 src/armc-start.o
                0x01f00284                _get_cpsr
 .text._enable_interrupts
                0x01f0028c       0x10 src/armc-start.o
                0x01f0028c                _enable_interrupts
 .text._disable_interrupts
                0x01f0029c       0x10 src/armc-start.o
                0x01f0029c                _disable_interrupts
 .text._undefined_instruction_handler_
                0x01f002ac       0x14 src/armc-start.o
 .text._prefetch_abort_handler_
                0x01f002c0       0x14 src/armc-start.o
 .text._data_abort_handler_
                0x01f002d4       0x14 src/armc-start.o
 .text._swi_handler_
                0x01f002e8       0x14 src/armc-start.o
 .text._enable_unaligned_access
                0x01f002fc       0x14 src/armc-start.o
                0x01f002fc                _enable_unaligned_access
 .text._enable_l1_cache
                0x01f00310       0x18 src/armc-start.o
                0x01f00310                _enable_l1_cache
 .text._invalidate_icache
                0x01f00328        0xc src/armc-start.o
                0x01f00328                _invalidate_icache
 .text._invalidate_dcache
                0x01f00334        0xc src/armc-start.o
                0x01f00334                _invalidate_dcache
 .text._clean_invalidate_dcache
                0x01f00340        0xc src/armc-start.o
                0x01f00340                _clean_invalidate_dcache
 .text._invalidate_dcache_mva
                0x01f0034c        0x8 src/armc-start.o
                0x01f0034c                _invalidate_dcache_mva
 .text._clean_invalidate_dcache_mva
                0x01f00354        0x8 src/armc-start.o
                0x01f00354                _clean_invalidate_dcache_mva
 .text._invalidate_dtlb
                0x01f0035c        0xc src/armc-start.o
                0x01f0035c                _invalidate_dtlb
 .text._invalidate_dtlb_mva
                0x01f00368        0x8 src/armc-start.o
                0x01f00368                _invalidate_dtlb_mva
 .text._data_memory_barrier
                0x01f00370       0xb0 src/armc-start.o
                0x01f00370                _data_memory_barrier
                0x01f00378                _init_core
                0x01f00408                _spin_core
                0x01f00410                _get_core
 .text._toggle_test_pin
                0x01f00420       0x28 src/armc-start.o
                0x01f00420                _toggle_test_pin
 .text          0x01f00448        0x0 src/armc-cstartup.o
 .text._init    0x01f00448        0x4 src/armc-cstartup.o
                0x01f00448                _init
 .text._cstartup
                0x01f0044c      0x174 src/armc-cstartup.o
                0x01f0044c                _cstartup
 .text          0x01f005c0        0x0 src/armc-cstubs.o
 .text._exit    0x01f005c0        0x4 src/armc-cstubs.o
                0x01f005c0                _exit
 .text._fini    0x01f005c4        0x4 src/armc-cstubs.o
                0x01f005c4                _fini
 .text._close   0x01f005c8        0x8 src/armc-cstubs.o
                0x01f005c8                _close
 .text.execve   0x01f005d0       0x18 src/armc-cstubs.o
                0x01f005d0                execve
 .text.fork     0x01f005e8       0x18 src/armc-cstubs.o
                0x01f005e8                fork
 .text._fstat   0x01f00600       0x10 src/armc-cstubs.o
                0x01f00600                _fstat
 .text.getpid   0x01f00610        0x8 src/armc-cstubs.o
                0x01f00610                getpid
 .text._getpid  0x01f00618        0x8 src/armc-cstubs.o
                0x01f00618                _getpid
 .text._isatty  0x01f00620        0x8 src/armc-cstubs.o
                0x01f00620                _isatty
 .text.kill     0x01f00628       0x18 src/armc-cstubs.o
                0x01f00628                kill
 .text._kill    0x01f00640       0x18 src/armc-cstubs.o
                0x01f00640                _kill
 .text.link     0x01f00658       0x18 src/armc-cstubs.o
                0x01f00658                link
 .text._lseek   0x01f00670        0x8 src/armc-cstubs.o
                0x01f00670                _lseek
 .text.open     0x01f00678        0x8 src/armc-cstubs.o
                0x01f00678                open
 .text._read    0x01f00680        0x8 src/armc-cstubs.o
                0x01f00680                _read
 .text._sbrk    0x01f00688       0x2c src/armc-cstubs.o
                0x01f00688                _sbrk
 .text.stat     0x01f006b4       0x10 src/armc-cstubs.o
                0x01f006b4                stat
 .text.times    0x01f006c4        0x8 src/armc-cstubs.o
                0x01f006c4                times
 .text.unlink   0x01f006cc       0x18 src/armc-cstubs.o
                0x01f006cc                unlink
 .text.wait     0x01f006e4       0x18 src/armc-cstubs.o
                0x01f006e4                wait
 .text.outbyte  0x01f006fc        0x4 src/armc-cstubs.o
                0x01f006fc                outbyte
 .text._write   0x01f00700       0x2c src/armc-cstubs.o
                0x01f00700                _write
 .text          0x01f0072c       0x10 src/armc-cppstubs.o
                0x01f0072c                operator new(unsigned int)
                0x01f00730                operator delete(void*)
                0x01f00734                std::__throw_bad_alloc()
                0x01f00738                std::__throw_length_error(char const*)
 .text          0x01f0073c        0x0 src/exception.o
 .text.reboot_now
                0x01f0073c       0x24 src/exception.o
                0x01f0073c                reboot_now
 .text.dump_digit
                0x01f00760       0x14 src/exception.o
                0x01f00760                dump_digit
 .text.dump_hex
                0x01f00774       0x30 src/exception.o
                0x01f00774                dump_hex
 .text.dump_binary
                0x01f007a4       0x28 src/exception.o
                0x01f007a4                dump_binary
 .text.dump_string
                0x01f007cc       0x28 src/exception.o
                0x01f007cc                dump_string
 .text.dump_info
                0x01f007f4      0x464 src/exception.o
                0x01f007f4                dump_info
 .text.undefined_instruction_handler
                0x01f00c58       0x10 src/exception.o
                0x01f00c58                undefined_instruction_handler
 .text.prefetch_abort_handler
                0x01f00c68       0x10 src/exception.o
                0x01f00c68                prefetch_abort_handler
 .text.data_abort_handler
                0x01f00c78       0x10 src/exception.o
                0x01f00c78                data_abort_handler
 .text.swi_handler
                0x01f00c88       0x10 src/exception.o
                0x01f00c88                swi_handler
 .text          0x01f00c98      0x30c src/main.o
                0x01f00c98                LogWrite
                0x01f00cc8                GetMACAddress
                0x01f00d38                SetPowerStateOn
                0x01f00d8c                usDelay
                0x01f00dc0                MsDelay
                0x01f00dfc                StartKernelTimer
                0x01f00e00                CancelKernelTimer
                0x01f00e04                ConnectInterrupt
                0x01f00e08                get_fattime
                0x01f00e10                InitializeHardware()
                0x01f00e84                core0
                0x01f00ea4                kernel_main
                0x01f00f90                core1
                0x01f00f94                run_core
 .text          0x01f00fa4        0x0 src/rpi-aux.o
 .text.RPI_GetAux
                0x01f00fa4        0xc src/rpi-aux.o
                0x01f00fa4                RPI_GetAux
 .text.RPI_AuxMiniUartInit
                0x01f00fb0      0x17c src/rpi-aux.o
                0x01f00fb0                RPI_AuxMiniUartInit
 .text.RPI_AuxMiniUartWrite
                0x01f0112c       0x24 src/rpi-aux.o
                0x01f0112c                RPI_AuxMiniUartWrite
 .text.RPI_EnableUart
                0x01f01150       0x24 src/rpi-aux.o
                0x01f01150                RPI_EnableUart
 .text          0x01f01174        0x0 src/rpi-i2c.o
 .text.RPI_I2CSetClock
                0x01f01174       0x88 src/rpi-i2c.o
                0x01f01174                RPI_I2CSetClock
 .text.RPI_I2CInit
                0x01f011fc       0xd4 src/rpi-i2c.o
                0x01f011fc                RPI_I2CInit
 .text.RPI_I2CRead
                0x01f012d0      0x144 src/rpi-i2c.o
                0x01f012d0                RPI_I2CRead
 .text.RPI_I2CWrite
                0x01f01414      0x150 src/rpi-i2c.o
                0x01f01414                RPI_I2CWrite
 .text.RPI_I2CScan
                0x01f01564       0xb4 src/rpi-i2c.o
                0x01f01564                RPI_I2CScan
 .text          0x01f01618        0x0 src/rpi-mailbox-interface.o
 .text.RPI_PropertyInit
                0x01f01618       0x30 src/rpi-mailbox-interface.o
                0x01f01618                RPI_PropertyInit
 .text.RPI_PropertyAddTag
                0x01f01648      0x678 src/rpi-mailbox-interface.o
                0x01f01648                RPI_PropertyAddTag
 .text.RPI_PropertyProcess
                0x01f01cc0       0x44 src/rpi-mailbox-interface.o
                0x01f01cc0                RPI_PropertyProcess
 .text.RPI_PropertyProcessNoCheck
                0x01f01d04       0x34 src/rpi-mailbox-interface.o
                0x01f01d04                RPI_PropertyProcessNoCheck
 .text.RPI_PropertyGet
                0x01f01d38       0x94 src/rpi-mailbox-interface.o
                0x01f01d38                RPI_PropertyGet
 .text          0x01f01dcc        0x0 src/rpi-mailbox.o
 .text.RPI_Mailbox0Write
                0x01f01dcc       0x2c src/rpi-mailbox.o
                0x01f01dcc                RPI_Mailbox0Write
 .text.RPI_Mailbox0Read
                0x01f01df8       0x40 src/rpi-mailbox.o
                0x01f01df8                RPI_Mailbox0Read
 .text.RPI_Mailbox0Flush
                0x01f01e38       0x34 src/rpi-mailbox.o
                0x01f01e38                RPI_Mailbox0Flush
 .text          0x01f01e6c        0x0 src/rpi-gpio.o
 .text.RPI_SetGpioPinFunction
                0x01f01e6c       0x70 src/rpi-gpio.o
                0x01f01e6c                RPI_SetGpioPinFunction
 .text.RPI_SetGpioOutput
                0x01f01edc       0x74 src/rpi-gpio.o
                0x01f01edc                RPI_SetGpioOutput
 .text.RPI_SetGpioInput
                0x01f01f50       0x6c src/rpi-gpio.o
                0x01f01f50                RPI_SetGpioInput
 .text.RPI_GetGpioValue
                0x01f01fbc       0x70 src/rpi-gpio.o
                0x01f01fbc                RPI_GetGpioValue
 .text.RPI_ToggleGpio
                0x01f0202c       0xb8 src/rpi-gpio.o
                0x01f0202c                RPI_ToggleGpio
 .text.RPI_SetGpioHi
                0x01f020e4       0x4c src/rpi-gpio.o
                0x01f020e4                RPI_SetGpioHi
 .text.RPI_SetGpioLo
                0x01f02130       0x4c src/rpi-gpio.o
                0x01f02130                RPI_SetGpioLo
 .text.RPI_SetGpioValue
                0x01f0217c       0xb0 src/rpi-gpio.o
                0x01f0217c                RPI_SetGpioValue
 .text.EnableGpioDetect
                0x01f0222c      0x1d8 src/rpi-gpio.o
                0x01f0222c                EnableGpioDetect
 .text.DisableGpioDetect
                0x01f02404      0x1dc src/rpi-gpio.o
                0x01f02404                DisableGpioDetect
 .text.ClearGpioEvent
                0x01f025e0       0x30 src/rpi-gpio.o
                0x01f025e0                ClearGpioEvent
 .text.SetACTLed
                0x01f02610       0x78 src/rpi-gpio.o
                0x01f02610                SetACTLed
 .text.RPI_TouchInit
                0x01f02688       0x44 src/rpi-gpio.o
                0x01f02688                RPI_TouchInit
 .text.RPI_UpdateTouch
                0x01f026cc       0x18 src/rpi-gpio.o
                0x01f026cc                RPI_UpdateTouch
 .text.RPI_GpioVirtGetAddress
                0x01f026e4       0x10 src/rpi-gpio.o
                0x01f026e4                RPI_GpioVirtGetAddress
 .text.RPI_GpioVirtInit
                0x01f026f4       0x44 src/rpi-gpio.o
                0x01f026f4                RPI_GpioVirtInit
 .text.RPI_GpioVirtSetLed
                0x01f02738       0x78 src/rpi-gpio.o
                0x01f02738                RPI_GpioVirtSetLed
 .text          0x01f027b0        0x0 src/rpi-interrupts.o
 .text.RPI_GetIrqController
                0x01f027b0        0xc src/rpi-interrupts.o
                0x01f027b0                RPI_GetIrqController
 .text          0x01f027bc        0x0 src/cache.o
 .text.InvalidateDataCache
                0x01f027bc       0xc8 src/cache.o
                0x01f027bc                InvalidateDataCache
 .text.CleanDataCache
                0x01f02884       0xc8 src/cache.o
                0x01f02884                CleanDataCache
 .text.map_4k_page
                0x01f0294c       0x2c src/cache.o
                0x01f0294c                map_4k_page
 .text.enable_MMU_and_IDCaches
                0x01f02978      0x1fc src/cache.o
                0x01f02978                enable_MMU_and_IDCaches
 .text          0x01f02b74     0xf434 src/ff.o
                0x01f0a808                f_mount
                0x01f0a8d4                f_open
                0x01f0b148                f_read
                0x01f0bb24                f_write
                0x01f0c514                f_sync
                0x01f0c968                f_close
                0x01f0cdfc                f_chdir
                0x01f0cf24                f_getcwd
                0x01f0d2ec                f_lseek
                0x01f0d6b4                f_opendir
                0x01f0d880                f_closedir
                0x01f0d8d8                f_readdir
                0x01f0da54                f_findnext
                0x01f0dbdc                f_findfirst
                0x01f0dda4                f_stat
                0x01f0de1c                f_getfree
                0x01f0e1b4                f_truncate
                0x01f0e334                f_unlink
                0x01f0e540                f_mkdir
                0x01f0f204                f_rename
                0x01f0f624                f_chmod
                0x01f0f6f0                f_utime
                0x01f0f7e0                f_gets
                0x01f0f9dc                f_putc
                0x01f10390                f_puts
                0x01f10e68                f_printf
                0x01f11fa0                ff_convert
                0x01f11fa4                ff_wtoupper
 .text          0x01f11fa8        0x0 src/interrupt.o
 .text.InterruptSystemInitialize
                0x01f11fa8       0x4c src/interrupt.o
                0x01f11fa8                InterruptSystemInitialize
 .text.InterruptSystemConnectIRQ
                0x01f11ff4       0x5c src/interrupt.o
                0x01f11ff4                InterruptSystemConnectIRQ
 .text.InterruptSystemDisconnectIRQ
                0x01f12050       0x60 src/interrupt.o
                0x01f12050                InterruptSystemDisconnectIRQ
 .text.InterruptSystemEnableIRQ
                0x01f120b0       0x44 src/interrupt.o
                0x01f120b0                InterruptSystemEnableIRQ
 .text.InterruptSystemDisableIRQ
                0x01f120f4       0x44 src/interrupt.o
                0x01f120f4                InterruptSystemDisableIRQ
 .text.InterruptHandler
                0x01f12138      0x160 src/interrupt.o
                0x01f12138                InterruptHandler
 .text          0x01f12298      0x838 src/Keyboard.o
                0x01f12298                Keyboard::USBKeyboardDeviceTimerHandler(unsigned int, void*, void*)
                0x01f12420                Keyboard::KeyPressedHandlerRaw(TUSBKeyboardDevice*, unsigned char, unsigned char const*)
                0x01f127b8                Keyboard::Keyboard()
                0x01f127b8                Keyboard::Keyboard()
                0x01f12840                Keyboard::GetChar()
 .text._ZN9SingletonI8KeyboardED2Ev
                0x01f12ad0        0x4 src/Keyboard.o
                0x01f12ad0                Singleton<Keyboard>::~Singleton()
                0x01f12ad0                Singleton<Keyboard>::~Singleton()
 .text._ZN8KeyboardD2Ev
                0x01f12ad4        0x4 src/Keyboard.o
                0x01f12ad4                Keyboard::~Keyboard()
                0x01f12ad4                Keyboard::~Keyboard()
 .text._ZN8KeyboardD0Ev
                0x01f12ad8       0x14 src/Keyboard.o
                0x01f12ad8                Keyboard::~Keyboard()
 .text._ZN9SingletonI8KeyboardED0Ev
                0x01f12aec       0x14 src/Keyboard.o
                0x01f12aec                Singleton<Keyboard>::~Singleton()
 .text          0x01f12b00     0x1aec src/emmc.o
                0x01f12b00                CEMMCDevice::CEMMCDevice()
                0x01f12b00                CEMMCDevice::CEMMCDevice()
                0x01f12b14                CEMMCDevice::~CEMMCDevice()
                0x01f12b14                CEMMCDevice::~CEMMCDevice()
                0x01f12b18                CEMMCDevice::Seek(unsigned long long)
                0x01f12b28                CEMMCDevice::PowerOn()
                0x01f12b70                CEMMCDevice::PowerOff()
                0x01f12b88                CEMMCDevice::GetClockDivider(unsigned int, unsigned int)
                0x01f12c2c                CEMMCDevice::SwitchClockRate(unsigned int, unsigned int)
                0x01f12dc4                CEMMCDevice::ResetCmd()
                0x01f12e3c                CEMMCDevice::ResetDat()
                0x01f12eb4                CEMMCDevice::IssueCommandInt(unsigned int, unsigned int, int)
                0x01f131ac                CEMMCDevice::HandleCardInterrupt()
                0x01f131d0                CEMMCDevice::HandleInterrupts()
                0x01f13420                CEMMCDevice::IssueCommand(unsigned int, unsigned int, int)
                0x01f134fc                CEMMCDevice::CardReset()
                0x01f13e08                CEMMCDevice::Initialize()
                0x01f13e70                CEMMCDevice::EnsureDataMode()
                0x01f1408c                CEMMCDevice::Read(void*, unsigned int)
                0x01f141ac                CEMMCDevice::Write(void const*, unsigned int)
                0x01f142cc                CEMMCDevice::DoDataCommand(int, unsigned char*, unsigned int, unsigned int)
                0x01f143a8                CEMMCDevice::DoRead(unsigned char*, unsigned int, unsigned int)
                0x01f14484                CEMMCDevice::DoWrite(unsigned char*, unsigned int, unsigned int)
                0x01f14560                CEMMCDevice::TimeoutWait(unsigned int, unsigned int, int, unsigned int)
 .text          0x01f145ec      0x158 src/diskio.o
                0x01f145ec                disk_setEMM
                0x01f145fc                sd_card_init(block_device**)
                0x01f14604                sd_read(unsigned char*, unsigned int, unsigned long)
                0x01f14620                sd_write(unsigned char*, unsigned int, unsigned long)
                0x01f1463c                disk_status
                0x01f14644                disk_initialize
                0x01f1464c                disk_read
                0x01f146c4                disk_write
                0x01f1473c                disk_ioctl
 .text          0x01f14744        0x0 src/vga.o
 .text.vga_plotpixel32
                0x01f14744       0x20 src/vga.o
                0x01f14744                vga_plotpixel32
 .text.vga_plotpixel24
                0x01f14764       0x44 src/vga.o
                0x01f14764                vga_plotpixel24
 .text.vga_plotpixel16
                0x01f147a8       0x3c src/vga.o
                0x01f147a8                vga_plotpixel16
 .text.vga_plotpixel8
                0x01f147e4       0x20 src/vga.o
                0x01f147e4                vga_plotpixel8
 .text.vga_init
                0x01f14804      0x1d8 src/vga.o
                0x01f14804                vga_init
 .text.vga_release
                0x01f149dc       0x30 src/vga.o
                0x01f149dc                vga_release
 .text.vga_setforecolor
                0x01f14a0c       0x10 src/vga.o
                0x01f14a0c                vga_setforecolor
 .text.vga_setbackcolor
                0x01f14a1c       0x10 src/vga.o
                0x01f14a1c                vga_setbackcolor
 .text.vga_cursor_on
                0x01f14a2c        0x4 src/vga.o
                0x01f14a2c                vga_cursor_on
 .text.vga_cursor_off
                0x01f14a30        0x4 src/vga.o
                0x01f14a30                vga_cursor_off
 .text.vga_plotpixel
                0x01f14a34       0x68 src/vga.o
                0x01f14a34                vga_plotpixel
 .text.vga_clear
                0x01f14a9c       0xb8 src/vga.o
                0x01f14a9c                vga_clear
 .text.vga_swapcolors
                0x01f14b54       0x24 src/vga.o
                0x01f14b54                vga_swapcolors
 .text.vga_cleararea
                0x01f14b78       0xc4 src/vga.o
                0x01f14b78                vga_cleararea
 .text.vga_scroll
                0x01f14c3c      0x148 src/vga.o
                0x01f14c3c                vga_scroll
 .text.vga_drawchar
                0x01f14d84      0x398 src/vga.o
                0x01f14d84                vga_drawchar
 .text.vga_drawtext
                0x01f1511c      0x47c src/vga.o
                0x01f1511c                vga_drawtext
 .text.vga_drawcursor
                0x01f15598       0xb8 src/vga.o
                0x01f15598                vga_drawcursor
 .text.vga_erasecursor
                0x01f15650       0xc8 src/vga.o
                0x01f15650                vga_erasecursor
 .text.vga_drawline
                0x01f15718       0xdc src/vga.o
                0x01f15718                vga_drawline
 .text.vga_drawlinev
                0x01f157f4       0x5c src/vga.o
                0x01f157f4                vga_drawlinev
 .text.vga_drawrect
                0x01f15850      0x2e0 src/vga.o
                0x01f15850                vga_drawrect
 .text.vga_drawcircle
                0x01f15b30      0x390 src/vga.o
                0x01f15b30                vga_drawcircle
 .text.vga_cliprect
                0x01f15ec0        0x4 src/vga.o
                0x01f15ec0                vga_cliprect
 .text          0x01f15ec4     0x1204 src/terminal.o
                0x01f15ec4                term_cursorblink_handler
                0x01f15f94                term_init
                0x01f16084                term_clear
                0x01f160a4                term_putchar
                0x01f1647c                term_puts
                0x01f16898                term_printf
                0x01f16e10                term_getchar
                0x01f16e44                term_getcharat
                0x01f16e70                term_putcharat
                0x01f16eb0                term_rc2xy
                0x01f16ec4                term_scroll
                0x01f16f58                term_showcursor
                0x01f16fc8                term_hidecursor
                0x01f17010                term_toggle_cursor
 .text          0x01f170c8        0x0 src/timer.o
 .text.TimerInterruptHandler
                0x01f170c8       0xd0 src/timer.o
 .text.TimerSystemInitialize
                0x01f17198       0x68 src/timer.o
                0x01f17198                TimerSystemInitialize
 .text.TimerStartKernelTimer
                0x01f17200       0x6c src/timer.o
                0x01f17200                TimerStartKernelTimer
 .text.TimerCancelKernelTimer
                0x01f1726c       0x18 src/timer.o
                0x01f1726c                TimerCancelKernelTimer
 .text          0x01f17284        0x0 src/font_data.o
 .text          0x01f17284     0x39e8 src/basic.o
                0x01f17284                exec_cmd_end
                0x01f17290                exec_cmd_then
                0x01f17294                exec_cmd_rem
                0x01f17298                exec_init
                0x01f1744c                exec_cmd_dir
                0x01f174f8                exec_cmd_list
                0x01f17580                exec_cmd_load
                0x01f178b8                exec_cmd_new
                0x01f1791c                exec_cmd_save
                0x01f179f4                var_clear_all
                0x01f17a44                var_add_update_int
                0x01f17b70                var_add_update_float
                0x01f17ca8                exec_expr
                0x01f184a8                exec_cmd_dim
                0x01f185b4                exec_cmd_goto
                0x01f185f0                exec_cmd_if
                0x01f186b8                exec_cmd_print
                0x01f188ac                exec_cmd_gosub
                0x01f1895c                exec_cmd_input
                0x01f19168                exec_cmd_let
                0x01f194f4                exec_line
                0x01f19878                get_symbol
                0x01f1992c                get_int
                0x01f19994                get_float
                0x01f19a40                ignore_space
                0x01f19a80                to_uppercase
                0x01f19aec                isemptyline
                0x01f19b64                compare
                0x01f19c00                clear
                0x01f19d78                length
                0x01f19da0                join
                0x01f19dc0                get_input
                0x01f19e14                next_statement
                0x01f19e70                tokenize
                0x01f1a3a0                exec_program
                0x01f1a504                basic_main
                0x01f1abbc                exec_cmd_return
 .text          0x01f1ac6c      0x268 src/linkedlist.o
                0x01f1ac6c                ll_gethead
                0x01f1ac7c                ll_insertFirst
                0x01f1acb0                ll_deleteFirst
                0x01f1acdc                ll_isEmpty
                0x01f1acf4                ll_length
                0x01f1ad28                ll_find
                0x01f1ad60                ll_delete
                0x01f1ade8                ll_sort
                0x01f1aea0                ll_reverse
 .text          0x01f1aed4        0x0 uspi/libuspi.a(uspilibrary.o)
 .text.USPiInitialize
                0x01f1aed4      0x214 uspi/libuspi.a(uspilibrary.o)
                0x01f1aed4                USPiInitialize
 .text.USPiKeyboardAvailable
                0x01f1b0e8       0x1c uspi/libuspi.a(uspilibrary.o)
                0x01f1b0e8                USPiKeyboardAvailable
 .text.USPiKeyboardRegisterKeyPressedHandler
                0x01f1b104       0x18 uspi/libuspi.a(uspilibrary.o)
                0x01f1b104                USPiKeyboardRegisterKeyPressedHandler
 .text.USPiKeyboardRegisterShutdownHandler
                0x01f1b11c       0x18 uspi/libuspi.a(uspilibrary.o)
                0x01f1b11c                USPiKeyboardRegisterShutdownHandler
 .text.USPiKeyboardRegisterKeyStatusHandlerRaw
                0x01f1b134       0x18 uspi/libuspi.a(uspilibrary.o)
                0x01f1b134                USPiKeyboardRegisterKeyStatusHandlerRaw
 .text.USPiMouseAvailable
                0x01f1b14c       0x1c uspi/libuspi.a(uspilibrary.o)
                0x01f1b14c                USPiMouseAvailable
 .text.USPiMouseRegisterStatusHandler
                0x01f1b168       0x18 uspi/libuspi.a(uspilibrary.o)
                0x01f1b168                USPiMouseRegisterStatusHandler
 .text.USPiMassStorageDeviceAvailable
                0x01f1b180       0x5c uspi/libuspi.a(uspilibrary.o)
                0x01f1b180                USPiMassStorageDeviceAvailable
 .text.USPiMassStorageDeviceRead
                0x01f1b1dc       0x74 uspi/libuspi.a(uspilibrary.o)
                0x01f1b1dc                USPiMassStorageDeviceRead
 .text.USPiMassStorageDeviceWrite
                0x01f1b250       0x74 uspi/libuspi.a(uspilibrary.o)
                0x01f1b250                USPiMassStorageDeviceWrite
 .text.USPiMassStorageDeviceGetCapacity
                0x01f1b2c4       0x30 uspi/libuspi.a(uspilibrary.o)
                0x01f1b2c4                USPiMassStorageDeviceGetCapacity
 .text.USPiEthernetAvailable
                0x01f1b2f4       0x30 uspi/libuspi.a(uspilibrary.o)
                0x01f1b2f4                USPiEthernetAvailable
 .text.USPiGetMACAddress
                0x01f1b324       0x44 uspi/libuspi.a(uspilibrary.o)
                0x01f1b324                USPiGetMACAddress
 .text.USPiSendFrame
                0x01f1b368       0x4c uspi/libuspi.a(uspilibrary.o)
                0x01f1b368                USPiSendFrame
 .text.USPiReceiveFrame
                0x01f1b3b4       0x4c uspi/libuspi.a(uspilibrary.o)
                0x01f1b3b4                USPiReceiveFrame
 .text.USPiGamePadAvailable
                0x01f1b400       0x5c uspi/libuspi.a(uspilibrary.o)
                0x01f1b400                USPiGamePadAvailable
 .text.USPiGamePadRegisterStatusHandler
                0x01f1b45c       0x40 uspi/libuspi.a(uspilibrary.o)
                0x01f1b45c                USPiGamePadRegisterStatusHandler
 .text.USPiGamePadGetStatus
                0x01f1b49c       0x44 uspi/libuspi.a(uspilibrary.o)
                0x01f1b49c                USPiGamePadGetStatus
 .text.USPiMIDIAvailable
                0x01f1b4e0       0x1c uspi/libuspi.a(uspilibrary.o)
                0x01f1b4e0                USPiMIDIAvailable
 .text.USPiMIDIRegisterPacketHandler
                0x01f1b4fc       0x18 uspi/libuspi.a(uspilibrary.o)
                0x01f1b4fc                USPiMIDIRegisterPacketHandler
 .text.USPiDeviceGetInformation
                0x01f1b514      0x15c uspi/libuspi.a(uspilibrary.o)
                0x01f1b514                USPiDeviceGetInformation
 .text          0x01f1b670        0x0 uspi/libuspi.a(dwhcidevice.o)
 .text.DWHCIDeviceCompletionRoutine
                0x01f1b670        0xc uspi/libuspi.a(dwhcidevice.o)
                0x01f1b670                DWHCIDeviceCompletionRoutine
 .text.DWHCIDevice
                0x01f1b67c       0x68 uspi/libuspi.a(dwhcidevice.o)
                0x01f1b67c                DWHCIDevice
 .text._DWHCIDevice
                0x01f1b6e4        0x8 uspi/libuspi.a(dwhcidevice.o)
                0x01f1b6e4                _DWHCIDevice
 .text.DWHCIDeviceInitHost
                0x01f1b6ec      0x314 uspi/libuspi.a(dwhcidevice.o)
                0x01f1b6ec                DWHCIDeviceInitHost
 .text.DWHCIDeviceEnableRootPort
                0x01f1ba00       0xcc uspi/libuspi.a(dwhcidevice.o)
                0x01f1ba00                DWHCIDeviceEnableRootPort
 .text.DWHCIDeviceReset
                0x01f1bacc       0xb8 uspi/libuspi.a(dwhcidevice.o)
                0x01f1bacc                DWHCIDeviceReset
 .text.DWHCIDeviceInitCore
                0x01f1bb84      0x1f4 uspi/libuspi.a(dwhcidevice.o)
                0x01f1bb84                DWHCIDeviceInitCore
 .text.DWHCIDeviceInitialize
                0x01f1bd78      0x1f4 uspi/libuspi.a(dwhcidevice.o)
                0x01f1bd78                DWHCIDeviceInitialize
 .text.DWHCIDeviceEnableGlobalInterrupts
                0x01f1bf6c       0x44 uspi/libuspi.a(dwhcidevice.o)
                0x01f1bf6c                DWHCIDeviceEnableGlobalInterrupts
 .text.DWHCIDeviceEnableCommonInterrupts
                0x01f1bfb0       0x38 uspi/libuspi.a(dwhcidevice.o)
                0x01f1bfb0                DWHCIDeviceEnableCommonInterrupts
 .text.DWHCIDeviceEnableHostInterrupts
                0x01f1bfe8       0x78 uspi/libuspi.a(dwhcidevice.o)
                0x01f1bfe8                DWHCIDeviceEnableHostInterrupts
 .text.DWHCIDeviceEnableChannelInterrupt
                0x01f1c060       0x54 uspi/libuspi.a(dwhcidevice.o)
                0x01f1c060                DWHCIDeviceEnableChannelInterrupt
 .text.DWHCIDeviceDisableChannelInterrupt
                0x01f1c0b4       0x54 uspi/libuspi.a(dwhcidevice.o)
                0x01f1c0b4                DWHCIDeviceDisableChannelInterrupt
 .text.DWHCIDeviceFlushTxFIFO
                0x01f1c108       0x94 uspi/libuspi.a(dwhcidevice.o)
                0x01f1c108                DWHCIDeviceFlushTxFIFO
 .text.DWHCIDeviceFlushRxFIFO
                0x01f1c19c       0x78 uspi/libuspi.a(dwhcidevice.o)
                0x01f1c19c                DWHCIDeviceFlushRxFIFO
 .text.DWHCIDeviceStartChannel
                0x01f1c214      0x37c uspi/libuspi.a(dwhcidevice.o)
                0x01f1c214                DWHCIDeviceStartChannel
 .text.DWHCIDeviceStartTransaction
                0x01f1c590       0xd0 uspi/libuspi.a(dwhcidevice.o)
                0x01f1c590                DWHCIDeviceStartTransaction
 .text.DWHCIDeviceTimerHandler
                0x01f1c660       0x68 uspi/libuspi.a(dwhcidevice.o)
                0x01f1c660                DWHCIDeviceTimerHandler
 .text.DWHCIDeviceTransferStageAsync
                0x01f1c6c8      0x1ec uspi/libuspi.a(dwhcidevice.o)
                0x01f1c6c8                DWHCIDeviceTransferStageAsync
 .text.DWHCIDeviceSubmitAsyncRequest
                0x01f1c8b4       0x44 uspi/libuspi.a(dwhcidevice.o)
                0x01f1c8b4                DWHCIDeviceSubmitAsyncRequest
 .text.DWHCIDeviceTransferStage
                0x01f1c8f8       0x70 uspi/libuspi.a(dwhcidevice.o)
                0x01f1c8f8                DWHCIDeviceTransferStage
 .text.DWHCIDeviceSubmitBlockingRequest
                0x01f1c968      0x360 uspi/libuspi.a(dwhcidevice.o)
                0x01f1c968                DWHCIDeviceSubmitBlockingRequest
 .text.DWHCIDeviceControlMessage
                0x01f1ccc8       0xa0 uspi/libuspi.a(dwhcidevice.o)
                0x01f1ccc8                DWHCIDeviceControlMessage
 .text.DWHCIDeviceTransfer
                0x01f1cd68       0x58 uspi/libuspi.a(dwhcidevice.o)
                0x01f1cd68                DWHCIDeviceTransfer
 .text.DWHCIDeviceGetDescriptor
                0x01f1cdc0       0xac uspi/libuspi.a(dwhcidevice.o)
                0x01f1cdc0                DWHCIDeviceGetDescriptor
 .text.DWHCIDeviceSetAddress
                0x01f1ce6c       0xc4 uspi/libuspi.a(dwhcidevice.o)
                0x01f1ce6c                DWHCIDeviceSetAddress
 .text.DWHCIDeviceSetConfiguration
                0x01f1cf30       0xc4 uspi/libuspi.a(dwhcidevice.o)
                0x01f1cf30                DWHCIDeviceSetConfiguration
 .text.DWHCIDeviceChannelInterruptHandler
                0x01f1cff4      0x4d8 uspi/libuspi.a(dwhcidevice.o)
                0x01f1cff4                DWHCIDeviceChannelInterruptHandler
 .text.DWHCIDeviceInterruptHandler
                0x01f1d4cc       0xf8 uspi/libuspi.a(dwhcidevice.o)
                0x01f1d4cc                DWHCIDeviceInterruptHandler
 .text.DWHCIDeviceAllocateChannel
                0x01f1d5c4       0x74 uspi/libuspi.a(dwhcidevice.o)
                0x01f1d5c4                DWHCIDeviceAllocateChannel
 .text.DWHCIDeviceFreeChannel
                0x01f1d638       0x28 uspi/libuspi.a(dwhcidevice.o)
                0x01f1d638                DWHCIDeviceFreeChannel
 .text.DWHCIDeviceWaitForBit
                0x01f1d660       0x5c uspi/libuspi.a(dwhcidevice.o)
                0x01f1d660                DWHCIDeviceWaitForBit
 .text.DWHCIDeviceGetPortSpeed
                0x01f1d6bc       0x4c uspi/libuspi.a(dwhcidevice.o)
                0x01f1d6bc                DWHCIDeviceGetPortSpeed
 .text.DWHCIDeviceOvercurrentDetected
                0x01f1d708       0x4c uspi/libuspi.a(dwhcidevice.o)
                0x01f1d708                DWHCIDeviceOvercurrentDetected
 .text.DWHCIDeviceDisableRootPort
                0x01f1d754       0x44 uspi/libuspi.a(dwhcidevice.o)
                0x01f1d754                DWHCIDeviceDisableRootPort
 .text          0x01f1d798        0x0 uspi/libuspi.a(dwhciregister.o)
 .text.DWHCIRegister
                0x01f1d798       0x10 uspi/libuspi.a(dwhciregister.o)
                0x01f1d798                DWHCIRegister
 .text.DWHCIRegister2
                0x01f1d7a8       0x10 uspi/libuspi.a(dwhciregister.o)
                0x01f1d7a8                DWHCIRegister2
 .text._DWHCIRegister
                0x01f1d7b8        0xc uspi/libuspi.a(dwhciregister.o)
                0x01f1d7b8                _DWHCIRegister
 .text.DWHCIRegisterRead
                0x01f1d7c4       0x1c uspi/libuspi.a(dwhciregister.o)
                0x01f1d7c4                DWHCIRegisterRead
 .text.DWHCIRegisterWrite
                0x01f1d7e0       0x10 uspi/libuspi.a(dwhciregister.o)
                0x01f1d7e0                DWHCIRegisterWrite
 .text.DWHCIRegisterGet
                0x01f1d7f0        0x8 uspi/libuspi.a(dwhciregister.o)
                0x01f1d7f0                DWHCIRegisterGet
 .text.DWHCIRegisterSet
                0x01f1d7f8       0x10 uspi/libuspi.a(dwhciregister.o)
                0x01f1d7f8                DWHCIRegisterSet
 .text.DWHCIRegisterIsSet
                0x01f1d808       0x14 uspi/libuspi.a(dwhciregister.o)
                0x01f1d808                DWHCIRegisterIsSet
 .text.DWHCIRegisterAnd
                0x01f1d81c       0x10 uspi/libuspi.a(dwhciregister.o)
                0x01f1d81c                DWHCIRegisterAnd
 .text.DWHCIRegisterOr
                0x01f1d82c       0x10 uspi/libuspi.a(dwhciregister.o)
                0x01f1d82c                DWHCIRegisterOr
 .text.DWHCIRegisterClearBit
                0x01f1d83c       0x14 uspi/libuspi.a(dwhciregister.o)
                0x01f1d83c                DWHCIRegisterClearBit
 .text.DWHCIRegisterSetBit
                0x01f1d850       0x14 uspi/libuspi.a(dwhciregister.o)
                0x01f1d850                DWHCIRegisterSetBit
 .text.DWHCIRegisterClearAll
                0x01f1d864       0x14 uspi/libuspi.a(dwhciregister.o)
                0x01f1d864                DWHCIRegisterClearAll
 .text.DWHCIRegisterSetAll
                0x01f1d878       0x14 uspi/libuspi.a(dwhciregister.o)
                0x01f1d878                DWHCIRegisterSetAll
 .text          0x01f1d88c        0x0 uspi/libuspi.a(dwhcixferstagedata.o)
 .text.DWHCITransferStageData
                0x01f1d88c      0x1d0 uspi/libuspi.a(dwhcixferstagedata.o)
                0x01f1d88c                DWHCITransferStageData
 .text._DWHCITransferStageData
                0x01f1da5c       0x5c uspi/libuspi.a(dwhcixferstagedata.o)
                0x01f1da5c                _DWHCITransferStageData
 .text.DWHCITransferStageDataTransactionComplete
                0x01f1dab8       0xf0 uspi/libuspi.a(dwhcixferstagedata.o)
                0x01f1dab8                DWHCITransferStageDataTransactionComplete
 .text.DWHCITransferStageDataSetSplitComplete
                0x01f1dba8        0x8 uspi/libuspi.a(dwhcixferstagedata.o)
                0x01f1dba8                DWHCITransferStageDataSetSplitComplete
 .text.DWHCITransferStageDataSetState
                0x01f1dbb0        0x8 uspi/libuspi.a(dwhcixferstagedata.o)
                0x01f1dbb0                DWHCITransferStageDataSetState
 .text.DWHCITransferStageDataGetState
                0x01f1dbb8        0x8 uspi/libuspi.a(dwhcixferstagedata.o)
                0x01f1dbb8                DWHCITransferStageDataGetState
 .text.DWHCITransferStageDataSetSubState
                0x01f1dbc0        0x8 uspi/libuspi.a(dwhcixferstagedata.o)
                0x01f1dbc0                DWHCITransferStageDataSetSubState
 .text.DWHCITransferStageDataGetSubState
                0x01f1dbc8        0x8 uspi/libuspi.a(dwhcixferstagedata.o)
                0x01f1dbc8                DWHCITransferStageDataGetSubState
 .text.DWHCITransferStageDataBeginSplitCycle
                0x01f1dbd0        0x8 uspi/libuspi.a(dwhcixferstagedata.o)
                0x01f1dbd0                DWHCITransferStageDataBeginSplitCycle
 .text.DWHCITransferStageDataGetChannelNumber
                0x01f1dbd8        0x8 uspi/libuspi.a(dwhcixferstagedata.o)
                0x01f1dbd8                DWHCITransferStageDataGetChannelNumber
 .text.DWHCITransferStageDataIsPeriodic
                0x01f1dbe0       0x24 uspi/libuspi.a(dwhcixferstagedata.o)
                0x01f1dbe0                DWHCITransferStageDataIsPeriodic
 .text.DWHCITransferStageDataGetDeviceAddress
                0x01f1dc04        0x8 uspi/libuspi.a(dwhcixferstagedata.o)
                0x01f1dc04                DWHCITransferStageDataGetDeviceAddress
 .text.DWHCITransferStageDataGetEndpointType
                0x01f1dc0c       0x2c uspi/libuspi.a(dwhcixferstagedata.o)
                0x01f1dc0c                DWHCITransferStageDataGetEndpointType
 .text.DWHCITransferStageDataGetEndpointNumber
                0x01f1dc38        0x8 uspi/libuspi.a(dwhcixferstagedata.o)
                0x01f1dc38                DWHCITransferStageDataGetEndpointNumber
 .text.DWHCITransferStageDataGetMaxPacketSize
                0x01f1dc40        0x8 uspi/libuspi.a(dwhcixferstagedata.o)
                0x01f1dc40                DWHCITransferStageDataGetMaxPacketSize
 .text.DWHCITransferStageDataGetSpeed
                0x01f1dc48        0x8 uspi/libuspi.a(dwhcixferstagedata.o)
                0x01f1dc48                DWHCITransferStageDataGetSpeed
 .text.DWHCITransferStageDataGetPID
                0x01f1dc50       0x30 uspi/libuspi.a(dwhcixferstagedata.o)
                0x01f1dc50                DWHCITransferStageDataGetPID
 .text.DWHCITransferStageDataIsDirectionIn
                0x01f1dc80        0x8 uspi/libuspi.a(dwhcixferstagedata.o)
                0x01f1dc80                DWHCITransferStageDataIsDirectionIn
 .text.DWHCITransferStageDataIsStatusStage
                0x01f1dc88        0x8 uspi/libuspi.a(dwhcixferstagedata.o)
                0x01f1dc88                DWHCITransferStageDataIsStatusStage
 .text.DWHCITransferStageDataGetDMAAddress
                0x01f1dc90        0x8 uspi/libuspi.a(dwhcixferstagedata.o)
                0x01f1dc90                DWHCITransferStageDataGetDMAAddress
 .text.DWHCITransferStageDataGetBytesToTransfer
                0x01f1dc98        0x8 uspi/libuspi.a(dwhcixferstagedata.o)
                0x01f1dc98                DWHCITransferStageDataGetBytesToTransfer
 .text.DWHCITransferStageDataGetPacketsToTransfer
                0x01f1dca0        0x8 uspi/libuspi.a(dwhcixferstagedata.o)
                0x01f1dca0                DWHCITransferStageDataGetPacketsToTransfer
 .text.DWHCITransferStageDataIsSplit
                0x01f1dca8        0x8 uspi/libuspi.a(dwhcixferstagedata.o)
                0x01f1dca8                DWHCITransferStageDataIsSplit
 .text.DWHCITransferStageDataIsSplitComplete
                0x01f1dcb0        0x8 uspi/libuspi.a(dwhcixferstagedata.o)
                0x01f1dcb0                DWHCITransferStageDataIsSplitComplete
 .text.DWHCITransferStageDataGetHubAddress
                0x01f1dcb8        0x8 uspi/libuspi.a(dwhcixferstagedata.o)
                0x01f1dcb8                DWHCITransferStageDataGetHubAddress
 .text.DWHCITransferStageDataGetHubPortAddress
                0x01f1dcc0        0x8 uspi/libuspi.a(dwhcixferstagedata.o)
                0x01f1dcc0                DWHCITransferStageDataGetHubPortAddress
 .text.DWHCITransferStageDataGetSplitPosition
                0x01f1dcc8        0x8 uspi/libuspi.a(dwhcixferstagedata.o)
                0x01f1dcc8                DWHCITransferStageDataGetSplitPosition
 .text.DWHCITransferStageDataGetStatusMask
                0x01f1dcd0       0x38 uspi/libuspi.a(dwhcixferstagedata.o)
                0x01f1dcd0                DWHCITransferStageDataGetStatusMask
 .text.DWHCITransferStageDataGetTransactionStatus
                0x01f1dd08        0x8 uspi/libuspi.a(dwhcixferstagedata.o)
                0x01f1dd08                DWHCITransferStageDataGetTransactionStatus
 .text.DWHCITransferStageDataIsStageComplete
                0x01f1dd10       0x10 uspi/libuspi.a(dwhcixferstagedata.o)
                0x01f1dd10                DWHCITransferStageDataIsStageComplete
 .text.DWHCITransferStageDataGetResultLen
                0x01f1dd20       0x14 uspi/libuspi.a(dwhcixferstagedata.o)
                0x01f1dd20                DWHCITransferStageDataGetResultLen
 .text.DWHCITransferStageDataGetURB
                0x01f1dd34        0x8 uspi/libuspi.a(dwhcixferstagedata.o)
                0x01f1dd34                DWHCITransferStageDataGetURB
 .text.DWHCITransferStageDataGetFrameScheduler
                0x01f1dd3c        0x8 uspi/libuspi.a(dwhcixferstagedata.o)
                0x01f1dd3c                DWHCITransferStageDataGetFrameScheduler
 .text          0x01f1dd44        0x0 uspi/libuspi.a(usbdevice.o)
 .text.USBDeviceConfigure
                0x01f1dd44       0x64 uspi/libuspi.a(usbdevice.o)
                0x01f1dd44                USBDeviceConfigure
 .text.USBDevice
                0x01f1dda8       0x70 uspi/libuspi.a(usbdevice.o)
                0x01f1dda8                USBDevice
 .text.USBDeviceCopy
                0x01f1de18       0xf4 uspi/libuspi.a(usbdevice.o)
                0x01f1de18                USBDeviceCopy
 .text._USBDevice
                0x01f1df0c       0x98 uspi/libuspi.a(usbdevice.o)
                0x01f1df0c                _USBDevice
 .text.USBDeviceInitialize
                0x01f1dfa4      0x304 uspi/libuspi.a(usbdevice.o)
                0x01f1dfa4                USBDeviceInitialize
 .text.USBDeviceGetName
                0x01f1e2a8       0xf4 uspi/libuspi.a(usbdevice.o)
                0x01f1e2a8                USBDeviceGetName
 .text.USBDeviceGetAddress
                0x01f1e39c        0x8 uspi/libuspi.a(usbdevice.o)
                0x01f1e39c                USBDeviceGetAddress
 .text.USBDeviceGetSpeed
                0x01f1e3a4        0x8 uspi/libuspi.a(usbdevice.o)
                0x01f1e3a4                USBDeviceGetSpeed
 .text.USBDeviceGetHubAddress
                0x01f1e3ac        0x8 uspi/libuspi.a(usbdevice.o)
                0x01f1e3ac                USBDeviceGetHubAddress
 .text.USBDeviceGetHubPortNumber
                0x01f1e3b4        0x8 uspi/libuspi.a(usbdevice.o)
                0x01f1e3b4                USBDeviceGetHubPortNumber
 .text.USBDeviceGetEndpoint0
                0x01f1e3bc        0x8 uspi/libuspi.a(usbdevice.o)
                0x01f1e3bc                USBDeviceGetEndpoint0
 .text.USBDeviceGetHost
                0x01f1e3c4        0x8 uspi/libuspi.a(usbdevice.o)
                0x01f1e3c4                USBDeviceGetHost
 .text.USBDeviceGetDeviceDescriptor
                0x01f1e3cc        0x8 uspi/libuspi.a(usbdevice.o)
                0x01f1e3cc                USBDeviceGetDeviceDescriptor
 .text.USBDeviceGetConfigurationDescriptor
                0x01f1e3d4        0x8 uspi/libuspi.a(usbdevice.o)
                0x01f1e3d4                USBDeviceGetConfigurationDescriptor
 .text.USBDeviceGetDescriptor
                0x01f1e3dc        0x8 uspi/libuspi.a(usbdevice.o)
                0x01f1e3dc                USBDeviceGetDescriptor
 .text.USBDeviceConfigurationError
                0x01f1e3e4        0x8 uspi/libuspi.a(usbdevice.o)
                0x01f1e3e4                USBDeviceConfigurationError
 .text.USBDeviceSetAddress
                0x01f1e3ec        0x8 uspi/libuspi.a(usbdevice.o)
                0x01f1e3ec                USBDeviceSetAddress
 .text          0x01f1e3f4        0x0 uspi/libuspi.a(usbendpoint.o)
 .text.USBEndpoint
                0x01f1e3f4       0x2c uspi/libuspi.a(usbendpoint.o)
                0x01f1e3f4                USBEndpoint
 .text.USBEndpoint2
                0x01f1e420       0xf8 uspi/libuspi.a(usbendpoint.o)
                0x01f1e420                USBEndpoint2
 .text.USBEndpointCopy
                0x01f1e518       0x3c uspi/libuspi.a(usbendpoint.o)
                0x01f1e518                USBEndpointCopy
 .text._USBEndpoint
                0x01f1e554        0xc uspi/libuspi.a(usbendpoint.o)
                0x01f1e554                _USBEndpoint
 .text.USBEndpointGetDevice
                0x01f1e560        0x8 uspi/libuspi.a(usbendpoint.o)
                0x01f1e560                USBEndpointGetDevice
 .text.USBEndpointGetNumber
                0x01f1e568        0x8 uspi/libuspi.a(usbendpoint.o)
                0x01f1e568                USBEndpointGetNumber
 .text.USBEndpointGetType
                0x01f1e570        0x8 uspi/libuspi.a(usbendpoint.o)
                0x01f1e570                USBEndpointGetType
 .text.USBEndpointIsDirectionIn
                0x01f1e578        0x8 uspi/libuspi.a(usbendpoint.o)
                0x01f1e578                USBEndpointIsDirectionIn
 .text.USBEndpointSetMaxPacketSize
                0x01f1e580        0x8 uspi/libuspi.a(usbendpoint.o)
                0x01f1e580                USBEndpointSetMaxPacketSize
 .text.USBEndpointGetMaxPacketSize
                0x01f1e588        0x8 uspi/libuspi.a(usbendpoint.o)
                0x01f1e588                USBEndpointGetMaxPacketSize
 .text.USBEndpointGetInterval
                0x01f1e590        0x8 uspi/libuspi.a(usbendpoint.o)
                0x01f1e590                USBEndpointGetInterval
 .text.USBEndpointGetNextPID
                0x01f1e598       0x10 uspi/libuspi.a(usbendpoint.o)
                0x01f1e598                USBEndpointGetNextPID
 .text.USBEndpointSkipPID
                0x01f1e5a8       0x54 uspi/libuspi.a(usbendpoint.o)
                0x01f1e5a8                USBEndpointSkipPID
 .text.USBEndpointResetPID
                0x01f1e5fc        0xc uspi/libuspi.a(usbendpoint.o)
                0x01f1e5fc                USBEndpointResetPID
 .text          0x01f1e608        0x0 uspi/libuspi.a(usbrequest.o)
 .text.USBRequest
                0x01f1e608       0x34 uspi/libuspi.a(usbrequest.o)
                0x01f1e608                USBRequest
 .text._USBRequest
                0x01f1e63c       0x18 uspi/libuspi.a(usbrequest.o)
                0x01f1e63c                _USBRequest
 .text.USBRequestGetEndpoint
                0x01f1e654        0x8 uspi/libuspi.a(usbrequest.o)
                0x01f1e654                USBRequestGetEndpoint
 .text.USBRequestSetStatus
                0x01f1e65c        0x8 uspi/libuspi.a(usbrequest.o)
                0x01f1e65c                USBRequestSetStatus
 .text.USBRequestSetResultLen
                0x01f1e664        0x8 uspi/libuspi.a(usbrequest.o)
                0x01f1e664                USBRequestSetResultLen
 .text.USBRequestGetStatus
                0x01f1e66c        0x8 uspi/libuspi.a(usbrequest.o)
                0x01f1e66c                USBRequestGetStatus
 .text.USBRequestGetResultLength
                0x01f1e674        0x8 uspi/libuspi.a(usbrequest.o)
                0x01f1e674                USBRequestGetResultLength
 .text.USBRequestGetSetupData
                0x01f1e67c        0x8 uspi/libuspi.a(usbrequest.o)
                0x01f1e67c                USBRequestGetSetupData
 .text.USBRequestGetBuffer
                0x01f1e684        0x8 uspi/libuspi.a(usbrequest.o)
                0x01f1e684                USBRequestGetBuffer
 .text.USBRequestGetBufLen
                0x01f1e68c        0x8 uspi/libuspi.a(usbrequest.o)
                0x01f1e68c                USBRequestGetBufLen
 .text.USBRequestSetCompletionRoutine
                0x01f1e694       0x10 uspi/libuspi.a(usbrequest.o)
                0x01f1e694                USBRequestSetCompletionRoutine
 .text.USBRequestCallCompletionRoutine
                0x01f1e6a4       0x1c uspi/libuspi.a(usbrequest.o)
                0x01f1e6a4                USBRequestCallCompletionRoutine
 .text          0x01f1e6c0        0x0 uspi/libuspi.a(devicenameservice.o)
 .text.DeviceNameService
                0x01f1e6c0       0x18 uspi/libuspi.a(devicenameservice.o)
                0x01f1e6c0                DeviceNameService
 .text._DeviceNameService
                0x01f1e6d8       0x58 uspi/libuspi.a(devicenameservice.o)
                0x01f1e6d8                _DeviceNameService
 .text.DeviceNameServiceAddDevice
                0x01f1e730       0x54 uspi/libuspi.a(devicenameservice.o)
                0x01f1e730                DeviceNameServiceAddDevice
 .text.DeviceNameServiceGetDevice
                0x01f1e784       0x54 uspi/libuspi.a(devicenameservice.o)
                0x01f1e784                DeviceNameServiceGetDevice
 .text.DeviceNameServiceGet
                0x01f1e7d8       0x10 uspi/libuspi.a(devicenameservice.o)
                0x01f1e7d8                DeviceNameServiceGet
 .text          0x01f1e7e8        0x0 uspi/libuspi.a(macaddress.o)
 .text.MACAddress
                0x01f1e7e8        0xc uspi/libuspi.a(macaddress.o)
                0x01f1e7e8                MACAddress
 .text.MACAddress2
                0x01f1e7f4       0x20 uspi/libuspi.a(macaddress.o)
                0x01f1e7f4                MACAddress2
 .text._MACAddress
                0x01f1e814        0xc uspi/libuspi.a(macaddress.o)
                0x01f1e814                _MACAddress
 .text.MACAddressIsEqual
                0x01f1e820       0x20 uspi/libuspi.a(macaddress.o)
                0x01f1e820                MACAddressIsEqual
 .text.MACAddressSet
                0x01f1e840       0x20 uspi/libuspi.a(macaddress.o)
                0x01f1e840                MACAddressSet
 .text.MACAddressSetBroadcast
                0x01f1e860       0x24 uspi/libuspi.a(macaddress.o)
                0x01f1e860                MACAddressSetBroadcast
 .text.MACAddressGet
                0x01f1e884        0x8 uspi/libuspi.a(macaddress.o)
                0x01f1e884                MACAddressGet
 .text.MACAddressCopyTo
                0x01f1e88c       0x14 uspi/libuspi.a(macaddress.o)
                0x01f1e88c                MACAddressCopyTo
 .text.MACAddressIsBroadcast
                0x01f1e8a0       0x58 uspi/libuspi.a(macaddress.o)
                0x01f1e8a0                MACAddressIsBroadcast
 .text.MACAddressGetSize
                0x01f1e8f8        0x8 uspi/libuspi.a(macaddress.o)
                0x01f1e8f8                MACAddressGetSize
 .text.MACAddressFormat
                0x01f1e900       0x48 uspi/libuspi.a(macaddress.o)
                0x01f1e900                MACAddressFormat
 .text          0x01f1e948        0x0 uspi/libuspi.a(smsc951x.o)
 .text.SMSC951xDevice
                0x01f1e948       0x38 uspi/libuspi.a(smsc951x.o)
                0x01f1e948                SMSC951xDevice
 .text._SMSC951xDevice
                0x01f1e980       0x6c uspi/libuspi.a(smsc951x.o)
                0x01f1e980                _SMSC951xDevice
 .text.SMSC951xDeviceGetMACAddress
                0x01f1e9ec        0x8 uspi/libuspi.a(smsc951x.o)
                0x01f1e9ec                SMSC951xDeviceGetMACAddress
 .text.SMSC951xDeviceSendFrame
                0x01f1e9f4       0x5c uspi/libuspi.a(smsc951x.o)
                0x01f1e9f4                SMSC951xDeviceSendFrame
 .text.SMSC951xDeviceReceiveFrame
                0x01f1ea50       0xe8 uspi/libuspi.a(smsc951x.o)
                0x01f1ea50                SMSC951xDeviceReceiveFrame
 .text.SMSC951xDeviceWriteReg
                0x01f1eb38       0x68 uspi/libuspi.a(smsc951x.o)
                0x01f1eb38                SMSC951xDeviceWriteReg
 .text.SMSC951xDeviceConfigure
                0x01f1eba0      0x378 uspi/libuspi.a(smsc951x.o)
                0x01f1eba0                SMSC951xDeviceConfigure
 .text.SMSC951xDeviceReadReg
                0x01f1ef18       0x68 uspi/libuspi.a(smsc951x.o)
                0x01f1ef18                SMSC951xDeviceReadReg
 .text          0x01f1ef80        0x0 uspi/libuspi.a(lan7800.o)
 .text.LAN7800Device
                0x01f1ef80       0x38 uspi/libuspi.a(lan7800.o)
                0x01f1ef80                LAN7800Device
 .text._LAN7800Device
                0x01f1efb8       0x6c uspi/libuspi.a(lan7800.o)
                0x01f1efb8                _LAN7800Device
 .text.LAN7800DeviceGetMACAddress
                0x01f1f024        0x8 uspi/libuspi.a(lan7800.o)
                0x01f1f024                LAN7800DeviceGetMACAddress
 .text.LAN7800DeviceSendFrame
                0x01f1f02c       0x60 uspi/libuspi.a(lan7800.o)
                0x01f1f02c                LAN7800DeviceSendFrame
 .text.LAN7800DeviceReceiveFrame
                0x01f1f08c       0xdc uspi/libuspi.a(lan7800.o)
                0x01f1f08c                LAN7800DeviceReceiveFrame
 .text.LAN7800DeviceIsLinkUp
                0x01f1f168      0x210 uspi/libuspi.a(lan7800.o)
                0x01f1f168                LAN7800DeviceIsLinkUp
 .text.LAN7800DeviceInitMACAddress
                0x01f1f378      0x1ec uspi/libuspi.a(lan7800.o)
                0x01f1f378                LAN7800DeviceInitMACAddress
 .text.LAN7800DeviceInitPHY
                0x01f1f564      0x3d8 uspi/libuspi.a(lan7800.o)
                0x01f1f564                LAN7800DeviceInitPHY
 .text.LAN7800DevicePHYWrite
                0x01f1f93c      0x218 uspi/libuspi.a(lan7800.o)
                0x01f1f93c                LAN7800DevicePHYWrite
 .text.LAN7800DevicePHYRead
                0x01f1fb54      0x218 uspi/libuspi.a(lan7800.o)
                0x01f1fb54                LAN7800DevicePHYRead
 .text.LAN7800DeviceWaitReg
                0x01f1fd6c       0xc0 uspi/libuspi.a(lan7800.o)
                0x01f1fd6c                LAN7800DeviceWaitReg
 .text.LAN7800DeviceReadWriteReg
                0x01f1fe2c      0x100 uspi/libuspi.a(lan7800.o)
                0x01f1fe2c                LAN7800DeviceReadWriteReg
 .text.LAN7800DeviceWriteReg
                0x01f1ff2c       0x94 uspi/libuspi.a(lan7800.o)
                0x01f1ff2c                LAN7800DeviceWriteReg
 .text.LAN7800DeviceConfigure
                0x01f1ffc0      0x4f0 uspi/libuspi.a(lan7800.o)
                0x01f1ffc0                LAN7800DeviceConfigure
 .text.LAN7800DeviceReadReg
                0x01f204b0       0x88 uspi/libuspi.a(lan7800.o)
                0x01f204b0                LAN7800DeviceReadReg
 .text          0x01f20538        0x0 uspi/libuspi.a(string.o)
 .text.String   0x01f20538       0x10 uspi/libuspi.a(string.o)
                0x01f20538                String
 .text.String2  0x01f20548       0x34 uspi/libuspi.a(string.o)
                0x01f20548                String2
 .text._String  0x01f2057c       0x28 uspi/libuspi.a(string.o)
                0x01f2057c                _String
 .text.StringGet
                0x01f205a4       0x18 uspi/libuspi.a(string.o)
                0x01f205a4                StringGet
 .text.StringSet
                0x01f205bc       0x48 uspi/libuspi.a(string.o)
                0x01f205bc                StringSet
 .text.StringGetLength
                0x01f20604       0x10 uspi/libuspi.a(string.o)
                0x01f20604                StringGetLength
 .text.StringAppend
                0x01f20614       0x7c uspi/libuspi.a(string.o)
                0x01f20614                StringAppend
 .text.StringCompare
                0x01f20690        0x8 uspi/libuspi.a(string.o)
                0x01f20690                StringCompare
 .text.StringFind
                0x01f20698       0x44 uspi/libuspi.a(string.o)
                0x01f20698                StringFind
 .text.StringFormatV
                0x01f206dc      0xe40 uspi/libuspi.a(string.o)
                0x01f206dc                StringFormatV
 .text.StringFormat
                0x01f2151c       0x30 uspi/libuspi.a(string.o)
                0x01f2151c                StringFormat
 .text.StringPutChar
                0x01f2154c       0x98 uspi/libuspi.a(string.o)
                0x01f2154c                StringPutChar
 .text.StringPutString
                0x01f215e4       0x94 uspi/libuspi.a(string.o)
                0x01f215e4                StringPutString
 .text.StringReserveSpace
                0x01f21678       0x68 uspi/libuspi.a(string.o)
                0x01f21678                StringReserveSpace
 .text.ntoa     0x01f216e0       0x84 uspi/libuspi.a(string.o)
                0x01f216e0                ntoa
 .text          0x01f21764        0x0 uspi/libuspi.a(util.o)
 .text.uspi_memset
                0x01f21764      0x174 uspi/libuspi.a(util.o)
                0x01f21764                uspi_memset
 .text.uspi_memcpy
                0x01f218d8      0x36c uspi/libuspi.a(util.o)
                0x01f218d8                uspi_memcpy
 .text.uspi_memcmp
                0x01f21c44       0x5c uspi/libuspi.a(util.o)
                0x01f21c44                uspi_memcmp
 .text.uspi_strlen
                0x01f21ca0       0x28 uspi/libuspi.a(util.o)
                0x01f21ca0                uspi_strlen
 .text.uspi_strcmp
                0x01f21cc8       0x74 uspi/libuspi.a(util.o)
                0x01f21cc8                uspi_strcmp
 .text.uspi_strcpy
                0x01f21d3c       0x2c uspi/libuspi.a(util.o)
                0x01f21d3c                uspi_strcpy
 .text.uspi_strncpy
                0x01f21d68       0x50 uspi/libuspi.a(util.o)
                0x01f21d68                uspi_strncpy
 .text.uspi_strcat
                0x01f21db8       0x44 uspi/libuspi.a(util.o)
                0x01f21db8                uspi_strcat
 .text.uspi_char2int
                0x01f21dfc        0x4 uspi/libuspi.a(util.o)
                0x01f21dfc                uspi_char2int
 .text.uspi_le2be16
                0x01f21e00        0xc uspi/libuspi.a(util.o)
                0x01f21e00                uspi_le2be16
 .text.uspi_le2be32
                0x01f21e0c        0x8 uspi/libuspi.a(util.o)
                0x01f21e0c                uspi_le2be32
 .text          0x01f21e14        0x0 uspi/libuspi.a(usbmassdevice.o)
 .text.USBBulkOnlyMassStorageDevice
                0x01f21e14       0x38 uspi/libuspi.a(usbmassdevice.o)
                0x01f21e14                USBBulkOnlyMassStorageDevice
 .text._USBBulkOnlyMassStorageDevice
                0x01f21e4c       0x54 uspi/libuspi.a(usbmassdevice.o)
                0x01f21e4c                _USBBulkOnlyMassStorageDevice
 .text.USBBulkOnlyMassStorageDeviceSeek
                0x01f21ea0       0x10 uspi/libuspi.a(usbmassdevice.o)
                0x01f21ea0                USBBulkOnlyMassStorageDeviceSeek
 .text.USBBulkOnlyMassStorageDeviceGetCapacity
                0x01f21eb0        0x8 uspi/libuspi.a(usbmassdevice.o)
                0x01f21eb0                USBBulkOnlyMassStorageDeviceGetCapacity
 .text.USBBulkOnlyMassStorageDeviceTryRead
                0x01f21eb8      0x280 uspi/libuspi.a(usbmassdevice.o)
                0x01f21eb8                USBBulkOnlyMassStorageDeviceTryRead
 .text.USBBulkOnlyMassStorageDeviceTryWrite
                0x01f22138      0x264 uspi/libuspi.a(usbmassdevice.o)
                0x01f22138                USBBulkOnlyMassStorageDeviceTryWrite
 .text.USBBulkOnlyMassStorageDeviceCommand
                0x01f2239c      0x18c uspi/libuspi.a(usbmassdevice.o)
                0x01f2239c                USBBulkOnlyMassStorageDeviceCommand
 .text.USBBulkOnlyMassStorageDeviceConfigure
                0x01f22528      0x45c uspi/libuspi.a(usbmassdevice.o)
                0x01f22528                USBBulkOnlyMassStorageDeviceConfigure
 .text.USBBulkOnlyMassStorageDeviceReset
                0x01f22984      0x104 uspi/libuspi.a(usbmassdevice.o)
                0x01f22984                USBBulkOnlyMassStorageDeviceReset
 .text.USBBulkOnlyMassStorageDeviceRead
                0x01f22a88      0x2a4 uspi/libuspi.a(usbmassdevice.o)
                0x01f22a88                USBBulkOnlyMassStorageDeviceRead
 .text.USBBulkOnlyMassStorageDeviceWrite
                0x01f22d2c      0x294 uspi/libuspi.a(usbmassdevice.o)
                0x01f22d2c                USBBulkOnlyMassStorageDeviceWrite
 .text          0x01f22fc0        0x0 uspi/libuspi.a(dwhciframeschednper.o)
 .text._DWHCIFrameSchedulerNonPeriodic
                0x01f22fc0        0xc uspi/libuspi.a(dwhciframeschednper.o)
                0x01f22fc0                _DWHCIFrameSchedulerNonPeriodic
 .text.DWHCIFrameSchedulerNonPeriodicStartSplit
                0x01f22fcc        0xc uspi/libuspi.a(dwhciframeschednper.o)
                0x01f22fcc                DWHCIFrameSchedulerNonPeriodicStartSplit
 .text.DWHCIFrameSchedulerNonPeriodicWaitForFrame
                0x01f22fd8        0x4 uspi/libuspi.a(dwhciframeschednper.o)
                0x01f22fd8                DWHCIFrameSchedulerNonPeriodicWaitForFrame
 .text.DWHCIFrameSchedulerNonPeriodicIsOddFrame
                0x01f22fdc        0x8 uspi/libuspi.a(dwhciframeschednper.o)
                0x01f22fdc                DWHCIFrameSchedulerNonPeriodicIsOddFrame
 .text.DWHCIFrameSchedulerNonPeriodicCompleteSplit
                0x01f22fe4       0x54 uspi/libuspi.a(dwhciframeschednper.o)
                0x01f22fe4                DWHCIFrameSchedulerNonPeriodicCompleteSplit
 .text.DWHCIFrameSchedulerNonPeriodicTransactionComplete
                0x01f23038       0xc0 uspi/libuspi.a(dwhciframeschednper.o)
                0x01f23038                DWHCIFrameSchedulerNonPeriodicTransactionComplete
 .text.DWHCIFrameSchedulerNonPeriodic
                0x01f230f8       0x54 uspi/libuspi.a(dwhciframeschednper.o)
                0x01f230f8                DWHCIFrameSchedulerNonPeriodic
 .text          0x01f2314c        0x0 uspi/libuspi.a(dwhciframeschedper.o)
 .text._DWHCIFrameSchedulerPeriodic
                0x01f2314c        0xc uspi/libuspi.a(dwhciframeschedper.o)
                0x01f2314c                _DWHCIFrameSchedulerPeriodic
 .text.DWHCIFrameSchedulerPeriodicStartSplit
                0x01f23158       0x14 uspi/libuspi.a(dwhciframeschedper.o)
                0x01f23158                DWHCIFrameSchedulerPeriodicStartSplit
 .text.DWHCIFrameSchedulerPeriodicIsOddFrame
                0x01f2316c        0xc uspi/libuspi.a(dwhciframeschedper.o)
                0x01f2316c                DWHCIFrameSchedulerPeriodicIsOddFrame
 .text.DWHCIFrameSchedulerPeriodicWaitForFrame
                0x01f23178       0x70 uspi/libuspi.a(dwhciframeschedper.o)
                0x01f23178                DWHCIFrameSchedulerPeriodicWaitForFrame
 .text.DWHCIFrameSchedulerPeriodicCompleteSplit
                0x01f231e8       0x68 uspi/libuspi.a(dwhciframeschedper.o)
                0x01f231e8                DWHCIFrameSchedulerPeriodicCompleteSplit
 .text.DWHCIFrameSchedulerPeriodicTransactionComplete
                0x01f23250       0xb4 uspi/libuspi.a(dwhciframeschedper.o)
                0x01f23250                DWHCIFrameSchedulerPeriodicTransactionComplete
 .text.DWHCIFrameSchedulerPeriodic
                0x01f23304       0x5c uspi/libuspi.a(dwhciframeschedper.o)
                0x01f23304                DWHCIFrameSchedulerPeriodic
 .text          0x01f23360        0x0 uspi/libuspi.a(usbkeyboard.o)
 .text.USBKeyboardDeviceConfigure
                0x01f23360      0x2bc uspi/libuspi.a(usbkeyboard.o)
                0x01f23360                USBKeyboardDeviceConfigure
 .text.USBKeyboardDeviceCompletionRoutine
                0x01f2361c      0x208 uspi/libuspi.a(usbkeyboard.o)
 .text.USBKeyboardDevice
                0x01f23824       0x58 uspi/libuspi.a(usbkeyboard.o)
                0x01f23824                USBKeyboardDevice
 .text._CUSBKeyboardDevice
                0x01f2387c       0x54 uspi/libuspi.a(usbkeyboard.o)
                0x01f2387c                _CUSBKeyboardDevice
 .text.USBKeyboardDeviceRegisterKeyPressedHandler
                0x01f238d0        0x8 uspi/libuspi.a(usbkeyboard.o)
                0x01f238d0                USBKeyboardDeviceRegisterKeyPressedHandler
 .text.USBKeyboardDeviceRegisterSelectConsoleHandler
                0x01f238d8        0x8 uspi/libuspi.a(usbkeyboard.o)
                0x01f238d8                USBKeyboardDeviceRegisterSelectConsoleHandler
 .text.USBKeyboardDeviceRegisterShutdownHandler
                0x01f238e0        0x8 uspi/libuspi.a(usbkeyboard.o)
                0x01f238e0                USBKeyboardDeviceRegisterShutdownHandler
 .text.USBKeyboardDeviceRegisterKeyStatusHandlerRaw
                0x01f238e8        0x8 uspi/libuspi.a(usbkeyboard.o)
                0x01f238e8                USBKeyboardDeviceRegisterKeyStatusHandlerRaw
 .text          0x01f238f0        0x0 uspi/libuspi.a(dwhcirootport.o)
 .text.DWHCIRootPort
                0x01f238f0        0xc uspi/libuspi.a(dwhcirootport.o)
                0x01f238f0                DWHCIRootPort
 .text._DWHCIRootPort
                0x01f238fc       0x34 uspi/libuspi.a(dwhcirootport.o)
                0x01f238fc                _DWHCIRootPort
 .text.DWHCIRootPortInitialize
                0x01f23930      0x1d0 uspi/libuspi.a(dwhcirootport.o)
                0x01f23930                DWHCIRootPortInitialize
 .text          0x01f23b00        0x0 uspi/libuspi.a(usbmouse.o)
 .text.USBMouseDeviceConfigure
                0x01f23b00      0x2bc uspi/libuspi.a(usbmouse.o)
                0x01f23b00                USBMouseDeviceConfigure
 .text.USBMouseDeviceCompletionRoutine
                0x01f23dbc       0xd4 uspi/libuspi.a(usbmouse.o)
 .text.USBMouseDevice
                0x01f23e90       0x3c uspi/libuspi.a(usbmouse.o)
                0x01f23e90                USBMouseDevice
 .text._CUSBMouseDevice
                0x01f23ecc       0x4c uspi/libuspi.a(usbmouse.o)
                0x01f23ecc                _CUSBMouseDevice
 .text.USBMouseDeviceRegisterStatusHandler
                0x01f23f18        0x8 uspi/libuspi.a(usbmouse.o)
                0x01f23f18                USBMouseDeviceRegisterStatusHandler
 .text          0x01f23f20        0x0 uspi/libuspi.a(dwhciframeschednsplit.o)
 .text.DWHCIFrameSchedulerNoSplitStartSplit
                0x01f23f20        0x4 uspi/libuspi.a(dwhciframeschednsplit.o)
                0x01f23f20                DWHCIFrameSchedulerNoSplitStartSplit
 .text.DWHCIFrameSchedulerNoSplitCompleteSplit
                0x01f23f24        0x8 uspi/libuspi.a(dwhciframeschednsplit.o)
                0x01f23f24                DWHCIFrameSchedulerNoSplitCompleteSplit
 .text.DWHCIFrameSchedulerNoSplitTransactionComplete
                0x01f23f2c        0x4 uspi/libuspi.a(dwhciframeschednsplit.o)
                0x01f23f2c                DWHCIFrameSchedulerNoSplitTransactionComplete
 .text.DWHCIFrameSchedulerNoSplitIsOddFrame
                0x01f23f30        0xc uspi/libuspi.a(dwhciframeschednsplit.o)
                0x01f23f30                DWHCIFrameSchedulerNoSplitIsOddFrame
 .text.DWHCIFrameSchedulerNoSplitWaitForFrame
                0x01f23f3c       0x64 uspi/libuspi.a(dwhciframeschednsplit.o)
                0x01f23f3c                DWHCIFrameSchedulerNoSplitWaitForFrame
 .text._DWHCIFrameSchedulerNoSplit
                0x01f23fa0        0x4 uspi/libuspi.a(dwhciframeschednsplit.o)
                0x01f23fa0                _DWHCIFrameSchedulerNoSplit
 .text.DWHCIFrameSchedulerNoSplit
                0x01f23fa4       0x58 uspi/libuspi.a(dwhciframeschednsplit.o)
                0x01f23fa4                DWHCIFrameSchedulerNoSplit
 .text          0x01f23ffc        0x0 uspi/libuspi.a(usbgamepad.o)
 .text.BitGetUnsigned
                0x01f23ffc      0x104 uspi/libuspi.a(usbgamepad.o)
 .text.USBGamePadDeviceDecodeReport
                0x01f24100      0x89c uspi/libuspi.a(usbgamepad.o)
 .text.USBGamePadDeviceConfigure
                0x01f2499c      0x434 uspi/libuspi.a(usbgamepad.o)
                0x01f2499c                USBGamePadDeviceConfigure
 .text.USBGamePadDeviceCompletionRoutine
                0x01f24dd0       0xcc uspi/libuspi.a(usbgamepad.o)
 .text.USBGamePadDevice
                0x01f24e9c       0x9c uspi/libuspi.a(usbgamepad.o)
                0x01f24e9c                USBGamePadDevice
 .text._CUSBGamePadDevice
                0x01f24f38       0x84 uspi/libuspi.a(usbgamepad.o)
                0x01f24f38                _CUSBGamePadDevice
 .text.USBGamePadDeviceRegisterStatusHandler
                0x01f24fbc        0x8 uspi/libuspi.a(usbgamepad.o)
                0x01f24fbc                USBGamePadDeviceRegisterStatusHandler
 .text.USBGamePadDeviceGetReport
                0x01f24fc4       0x70 uspi/libuspi.a(usbgamepad.o)
                0x01f24fc4                USBGamePadDeviceGetReport
 .text          0x01f25034        0x0 uspi/libuspi.a(synchronize.o)
 .text.uspi_EnterCritical
                0x01f25034       0x3c uspi/libuspi.a(synchronize.o)
                0x01f25034                uspi_EnterCritical
 .text.uspi_LeaveCritical
                0x01f25070       0x3c uspi/libuspi.a(synchronize.o)
                0x01f25070                uspi_LeaveCritical
 .text.uspi_CleanAndInvalidateDataCacheRange
                0x01f250ac       0x30 uspi/libuspi.a(synchronize.o)
                0x01f250ac                uspi_CleanAndInvalidateDataCacheRange
 .text          0x01f250dc        0x0 uspi/libuspi.a(usbstring.o)
 .text.USBString
                0x01f250dc       0x24 uspi/libuspi.a(usbstring.o)
                0x01f250dc                USBString
 .text.USBStringCopy
                0x01f25100       0x6c uspi/libuspi.a(usbstring.o)
                0x01f25100                USBStringCopy
 .text._USBString
                0x01f2516c       0x40 uspi/libuspi.a(usbstring.o)
                0x01f2516c                _USBString
 .text.USBStringGetFromDescriptor
                0x01f251ac      0x474 uspi/libuspi.a(usbstring.o)
                0x01f251ac                USBStringGetFromDescriptor
 .text.USBStringGet
                0x01f25620        0x8 uspi/libuspi.a(usbstring.o)
                0x01f25620                USBStringGet
 .text.USBStringGetLanguageID
                0x01f25628      0x154 uspi/libuspi.a(usbstring.o)
                0x01f25628                USBStringGetLanguageID
 .text          0x01f2577c        0x0 uspi/libuspi.a(usbmidi.o)
 .text.USBMIDIDeviceConfigure
                0x01f2577c      0x218 uspi/libuspi.a(usbmidi.o)
                0x01f2577c                USBMIDIDeviceConfigure
 .text.USBMIDIDeviceCompletionRoutine
                0x01f25994       0xfc uspi/libuspi.a(usbmidi.o)
 .text.USBMIDIDevice
                0x01f25a90       0x30 uspi/libuspi.a(usbmidi.o)
                0x01f25a90                USBMIDIDevice
 .text._CUSBMIDIDevice
                0x01f25ac0       0x4c uspi/libuspi.a(usbmidi.o)
                0x01f25ac0                _CUSBMIDIDevice
 .text.USBMIDIDeviceRegisterPacketHandler
                0x01f25b0c        0x8 uspi/libuspi.a(usbmidi.o)
                0x01f25b0c                USBMIDIDeviceRegisterPacketHandler
 .text          0x01f25b14        0x0 uspi/libuspi.a(usbconfigparser.o)
 .text.USBConfigurationParser
                0x01f25b14      0x110 uspi/libuspi.a(usbconfigparser.o)
                0x01f25b14                USBConfigurationParser
 .text._USBConfigurationParser
                0x01f25c24        0xc uspi/libuspi.a(usbconfigparser.o)
                0x01f25c24                _USBConfigurationParser
 .text.USBConfigurationParserIsValid
                0x01f25c30        0x8 uspi/libuspi.a(usbconfigparser.o)
                0x01f25c30                USBConfigurationParserIsValid
 .text.USBConfigurationParserGetDescriptor
                0x01f25c38       0xa4 uspi/libuspi.a(usbconfigparser.o)
                0x01f25c38                USBConfigurationParserGetDescriptor
 .text.USBConfigurationParserError
                0x01f25cdc       0x2c uspi/libuspi.a(usbconfigparser.o)
                0x01f25cdc                USBConfigurationParserError
 .text          0x01f25d08        0x0 uspi/libuspi.a(usbdevicefactory.o)
 .text.GetDevice
                0x01f25d08      0x1d0 uspi/libuspi.a(usbdevicefactory.o)
                0x01f25d08                GetDevice
 .text.USBDeviceFactoryGetDevice
                0x01f25ed8      0x224 uspi/libuspi.a(usbdevicefactory.o)
                0x01f25ed8                USBDeviceFactoryGetDevice
 .text          0x01f260fc        0x0 uspi/libuspi.a(usbstandardhub.o)
 .text.USBStandardHub
                0x01f260fc       0x68 uspi/libuspi.a(usbstandardhub.o)
                0x01f260fc                USBStandardHub
 .text._USBStandardHub
                0x01f26164       0x8c uspi/libuspi.a(usbstandardhub.o)
                0x01f26164                _USBStandardHub
 .text.USBStandardHubInitialize
                0x01f261f0        0x4 uspi/libuspi.a(usbstandardhub.o)
                0x01f261f0                USBStandardHubInitialize
 .text.USBStandardHubGetDeviceNames
                0x01f261f4       0xc0 uspi/libuspi.a(usbstandardhub.o)
                0x01f261f4                USBStandardHubGetDeviceNames
 .text.USBStandardHubEnumeratePorts
                0x01f262b4      0x584 uspi/libuspi.a(usbstandardhub.o)
                0x01f262b4                USBStandardHubEnumeratePorts
 .text.USBStandardHubConfigure
                0x01f26838      0x2bc uspi/libuspi.a(usbstandardhub.o)
                0x01f26838                USBStandardHubConfigure
 .text          0x01f26af4        0x0 uspi/libuspi.a(keymap.o)
 .text.KeyMap   0x01f26af4       0x24 uspi/libuspi.a(keymap.o)
                0x01f26af4                KeyMap
 .text._KeyMap  0x01f26b18        0x4 uspi/libuspi.a(keymap.o)
                0x01f26b18                _KeyMap
 .text.KeyMapClearTable
                0x01f26b1c       0x34 uspi/libuspi.a(keymap.o)
                0x01f26b1c                KeyMapClearTable
 .text.KeyMapSetEntry
                0x01f26b50       0x50 uspi/libuspi.a(keymap.o)
                0x01f26b50                KeyMapSetEntry
 .text.KeyMapTranslate
                0x01f26ba0      0x118 uspi/libuspi.a(keymap.o)
                0x01f26ba0                KeyMapTranslate
 .text.KeyMapGetString
                0x01f26cb8       0xbc uspi/libuspi.a(keymap.o)
                0x01f26cb8                KeyMapGetString
 .text.KeyMapGetLEDStatus
                0x01f26d74       0x34 uspi/libuspi.a(keymap.o)
                0x01f26d74                KeyMapGetLEDStatus
 .text          0x01f26da8       0x3c i:/development/arm/gnu tools arm embedded/5.4 2016q2/bin/../lib/gcc/arm-none-eabi/5.4.1/fpu\libgcc.a(_aeabi_uldivmod.o)
                0x01f26da8                __aeabi_uldivmod
 .text          0x01f26de4      0x12c i:/development/arm/gnu tools arm embedded/5.4 2016q2/bin/../lib/gcc/arm-none-eabi/5.4.1/fpu\libgcc.a(_udivmoddi4.o)
                0x01f26de4                __udivmoddi4
 .text          0x01f26f10        0x4 i:/development/arm/gnu tools arm embedded/5.4 2016q2/bin/../lib/gcc/arm-none-eabi/5.4.1/fpu\libgcc.a(_dvmd_tls.o)
                0x01f26f10                __aeabi_idiv0
                0x01f26f10                __aeabi_ldiv0
 .text          0x01f26f14       0x28 i:/development/arm/gnu tools arm embedded/5.4 2016q2/bin/../lib/gcc/arm-none-eabi/5.4.1/fpu\libgcc.a(_clzdi2.o)
                0x01f26f14                __clzdi2
 .text          0x01f26f3c       0x48 i:/development/arm/gnu tools arm embedded/5.4 2016q2/bin/../lib/gcc/arm-none-eabi/5.4.1/fpu\libgcc.a(_clzsi2.o)
                0x01f26f3c                __clzsi2
 .text          0x01f26f84        0x0 i:/development/arm/gnu tools arm embedded/5.4 2016q2/bin/../lib/gcc/arm-none-eabi/5.4.1/../../../../arm-none-eabi/lib/fpu\libc.a(lib_a-abs.o)
 .text.abs      0x01f26f84        0xc i:/development/arm/gnu tools arm embedded/5.4 2016q2/bin/../lib/gcc/arm-none-eabi/5.4.1/../../../../arm-none-eabi/lib/fpu\libc.a(lib_a-abs.o)
                0x01f26f84                abs
 .text          0x01f26f90        0x0 i:/development/arm/gnu tools arm embedded/5.4 2016q2/bin/../lib/gcc/arm-none-eabi/5.4.1/../../../../arm-none-eabi/lib/fpu\libc.a(lib_a-aeabi_atexit.o)
 .text.__aeabi_atexit
                0x01f26f90       0x1c i:/development/arm/gnu tools arm embedded/5.4 2016q2/bin/../lib/gcc/arm-none-eabi/5.4.1/../../../../arm-none-eabi/lib/fpu\libc.a(lib_a-aeabi_atexit.o)
                0x01f26f90                __aeabi_atexit
 .text          0x01f26fac        0x0 i:/development/arm/gnu tools arm embedded/5.4 2016q2/bin/../lib/gcc/arm-none-eabi/5.4.1/../../../../arm-none-eabi/lib/fpu\libc.a(lib_a-cxa_atexit.o)
 .text.__cxa_atexit
                0x01f26fac       0x20 i:/development/arm/gnu tools arm embedded/5.4 2016q2/bin/../lib/gcc/arm-none-eabi/5.4.1/../../../../arm-none-eabi/lib/fpu\libc.a(lib_a-cxa_atexit.o)
                0x01f26fac                __cxa_atexit
 .text          0x01f26fcc        0x0 i:/development/arm/gnu tools arm embedded/5.4 2016q2/bin/../lib/gcc/arm-none-eabi/5.4.1/../../../../arm-none-eabi/lib/fpu\libc.a(lib_a-init.o)
 .text.__libc_init_array
                0x01f26fcc       0x80 i:/development/arm/gnu tools arm embedded/5.4 2016q2/bin/../lib/gcc/arm-none-eabi/5.4.1/../../../../arm-none-eabi/lib/fpu\libc.a(lib_a-init.o)
                0x01f26fcc                __libc_init_array
 .text          0x01f2704c        0x0 i:/development/arm/gnu tools arm embedded/5.4 2016q2/bin/../lib/gcc/arm-none-eabi/5.4.1/../../../../arm-none-eabi/lib/fpu\libc.a(lib_a-malloc.o)
 .text.malloc   0x01f2704c       0x20 i:/development/arm/gnu tools arm embedded/5.4 2016q2/bin/../lib/gcc/arm-none-eabi/5.4.1/../../../../arm-none-eabi/lib/fpu\libc.a(lib_a-malloc.o)
                0x01f2704c                malloc
 .text.free     0x01f2706c       0x20 i:/development/arm/gnu tools arm embedded/5.4 2016q2/bin/../lib/gcc/arm-none-eabi/5.4.1/../../../../arm-none-eabi/lib/fpu\libc.a(lib_a-malloc.o)
                0x01f2706c                free
 .text          0x01f2708c        0x0 i:/development/arm/gnu tools arm embedded/5.4 2016q2/bin/../lib/gcc/arm-none-eabi/5.4.1/../../../../arm-none-eabi/lib/fpu\libc.a(lib_a-mallocr.o)
 .text._malloc_r
                0x01f2708c      0x7a8 i:/development/arm/gnu tools arm embedded/5.4 2016q2/bin/../lib/gcc/arm-none-eabi/5.4.1/../../../../arm-none-eabi/lib/fpu\libc.a(lib_a-mallocr.o)
                0x01f2708c                _malloc_r
 .text          0x01f27834        0x0 i:/development/arm/gnu tools arm embedded/5.4 2016q2/bin/../lib/gcc/arm-none-eabi/5.4.1/../../../../arm-none-eabi/lib/fpu\libc.a(lib_a-memcpy-stub.o)
 .text.memcpy   0x01f27834       0xf0 i:/development/arm/gnu tools arm embedded/5.4 2016q2/bin/../lib/gcc/arm-none-eabi/5.4.1/../../../../arm-none-eabi/lib/fpu\libc.a(lib_a-memcpy-stub.o)
                0x01f27834                memcpy
 .text          0x01f27924        0x0 i:/development/arm/gnu tools arm embedded/5.4 2016q2/bin/../lib/gcc/arm-none-eabi/5.4.1/../../../../arm-none-eabi/lib/fpu\libc.a(lib_a-memset.o)
 .text.memset   0x01f27924       0xf4 i:/development/arm/gnu tools arm embedded/5.4 2016q2/bin/../lib/gcc/arm-none-eabi/5.4.1/../../../../arm-none-eabi/lib/fpu\libc.a(lib_a-memset.o)
                0x01f27924                memset
 .text          0x01f27a18        0x0 i:/development/arm/gnu tools arm embedded/5.4 2016q2/bin/../lib/gcc/arm-none-eabi/5.4.1/../../../../arm-none-eabi/lib/fpu\libc.a(lib_a-mlock.o)
 .text.__malloc_lock
                0x01f27a18        0x4 i:/development/arm/gnu tools arm embedded/5.4 2016q2/bin/../lib/gcc/arm-none-eabi/5.4.1/../../../../arm-none-eabi/lib/fpu\libc.a(lib_a-mlock.o)
                0x01f27a18                __malloc_lock
 .text.__malloc_unlock
                0x01f27a1c        0x4 i:/development/arm/gnu tools arm embedded/5.4 2016q2/bin/../lib/gcc/arm-none-eabi/5.4.1/../../../../arm-none-eabi/lib/fpu\libc.a(lib_a-mlock.o)
                0x01f27a1c                __malloc_unlock
 .text          0x01f27a20        0x0 i:/development/arm/gnu tools arm embedded/5.4 2016q2/bin/../lib/gcc/arm-none-eabi/5.4.1/../../../../arm-none-eabi/lib/fpu\libc.a(lib_a-printf.o)
 .text._printf_r
                0x01f27a20       0x34 i:/development/arm/gnu tools arm embedded/5.4 2016q2/bin/../lib/gcc/arm-none-eabi/5.4.1/../../../../arm-none-eabi/lib/fpu\libc.a(lib_a-printf.o)
                0x01f27a20                _printf_r
 .text.printf   0x01f27a54       0x40 i:/development/arm/gnu tools arm embedded/5.4 2016q2/bin/../lib/gcc/arm-none-eabi/5.4.1/../../../../arm-none-eabi/lib/fpu\libc.a(lib_a-printf.o)
                0x01f27a54                printf
 .text          0x01f27a94        0x0 i:/development/arm/gnu tools arm embedded/5.4 2016q2/bin/../lib/gcc/arm-none-eabi/5.4.1/../../../../arm-none-eabi/lib/fpu\libc.a(lib_a-reent.o)
 .text.cleanup_glue
                0x01f27a94       0x2c i:/development/arm/gnu tools arm embedded/5.4 2016q2/bin/../lib/gcc/arm-none-eabi/5.4.1/../../../../arm-none-eabi/lib/fpu\libc.a(lib_a-reent.o)
                0x01f27a94                cleanup_glue
 .text._reclaim_reent
                0x01f27ac0       0xf4 i:/development/arm/gnu tools arm embedded/5.4 2016q2/bin/../lib/gcc/arm-none-eabi/5.4.1/../../../../arm-none-eabi/lib/fpu\libc.a(lib_a-reent.o)
                0x01f27ac0                _reclaim_reent
 .text          0x01f27bb4        0x0 i:/development/arm/gnu tools arm embedded/5.4 2016q2/bin/../lib/gcc/arm-none-eabi/5.4.1/../../../../arm-none-eabi/lib/fpu\libc.a(lib_a-sbrkr.o)
 .text._sbrk_r  0x01f27bb4       0x44 i:/development/arm/gnu tools arm embedded/5.4 2016q2/bin/../lib/gcc/arm-none-eabi/5.4.1/../../../../arm-none-eabi/lib/fpu\libc.a(lib_a-sbrkr.o)
                0x01f27bb4                _sbrk_r
 .text          0x01f27bf8        0x0 i:/development/arm/gnu tools arm embedded/5.4 2016q2/bin/../lib/gcc/arm-none-eabi/5.4.1/../../../../arm-none-eabi/lib/fpu\libc.a(lib_a-snprintf.o)
 .text._snprintf_r
                0x01f27bf8       0xd8 i:/development/arm/gnu tools arm embedded/5.4 2016q2/bin/../lib/gcc/arm-none-eabi/5.4.1/../../../../arm-none-eabi/lib/fpu\libc.a(lib_a-snprintf.o)
                0x01f27bf8                _snprintf_r
 .text.snprintf
                0x01f27cd0       0xe8 i:/development/arm/gnu tools arm embedded/5.4 2016q2/bin/../lib/gcc/arm-none-eabi/5.4.1/../../../../arm-none-eabi/lib/fpu\libc.a(lib_a-snprintf.o)
                0x01f27cd0                snprintf
 .text          0x01f27db8        0x0 i:/development/arm/gnu tools arm embedded/5.4 2016q2/bin/../lib/gcc/arm-none-eabi/5.4.1/../../../../arm-none-eabi/lib/fpu\libc.a(lib_a-strcpy.o)
 .text.strcpy   0x01f27db8       0xf0 i:/development/arm/gnu tools arm embedded/5.4 2016q2/bin/../lib/gcc/arm-none-eabi/5.4.1/../../../../arm-none-eabi/lib/fpu\libc.a(lib_a-strcpy.o)
                0x01f27db8                strcpy
 .text          0x01f27ea8        0x0 i:/development/arm/gnu tools arm embedded/5.4 2016q2/bin/../lib/gcc/arm-none-eabi/5.4.1/../../../../arm-none-eabi/lib/fpu\libc.a(lib_a-strlen-stub.o)
 .text.strlen   0x01f27ea8       0x60 i:/development/arm/gnu tools arm embedded/5.4 2016q2/bin/../lib/gcc/arm-none-eabi/5.4.1/../../../../arm-none-eabi/lib/fpu\libc.a(lib_a-strlen-stub.o)
                0x01f27ea8                strlen
 .text          0x01f27f08        0x0 i:/development/arm/gnu tools arm embedded/5.4 2016q2/bin/../lib/gcc/arm-none-eabi/5.4.1/../../../../arm-none-eabi/lib/fpu\libc.a(lib_a-strncmp.o)
 .text.strncmp  0x01f27f08      0x124 i:/development/arm/gnu tools arm embedded/5.4 2016q2/bin/../lib/gcc/arm-none-eabi/5.4.1/../../../../arm-none-eabi/lib/fpu\libc.a(lib_a-strncmp.o)
                0x01f27f08                strncmp
 .text          0x01f2802c        0x0 i:/development/arm/gnu tools arm embedded/5.4 2016q2/bin/../lib/gcc/arm-none-eabi/5.4.1/../../../../arm-none-eabi/lib/fpu\libc.a(lib_a-strrchr.o)
 .text.strrchr  0x01f2802c       0x54 i:/development/arm/gnu tools arm embedded/5.4 2016q2/bin/../lib/gcc/arm-none-eabi/5.4.1/../../../../arm-none-eabi/lib/fpu\libc.a(lib_a-strrchr.o)
                0x01f2802c                strrchr
 .text          0x01f28080        0x0 i:/development/arm/gnu tools arm embedded/5.4 2016q2/bin/../lib/gcc/arm-none-eabi/5.4.1/../../../../arm-none-eabi/lib/fpu\libc.a(lib_a-svfprintf.o)
 .text._svfprintf_r
                0x01f28080     0x2268 i:/development/arm/gnu tools arm embedded/5.4 2016q2/bin/../lib/gcc/arm-none-eabi/5.4.1/../../../../arm-none-eabi/lib/fpu\libc.a(lib_a-svfprintf.o)
                0x01f28080                _svfprintf_r
 .text          0x01f2a2e8        0x0 i:/development/arm/gnu tools arm embedded/5.4 2016q2/bin/../lib/gcc/arm-none-eabi/5.4.1/../../../../arm-none-eabi/lib/fpu\libc.a(lib_a-vfprintf.o)
 .text._vfprintf_r
                0x01f2a2e8     0x222c i:/development/arm/gnu tools arm embedded/5.4 2016q2/bin/../lib/gcc/arm-none-eabi/5.4.1/../../../../arm-none-eabi/lib/fpu\libc.a(lib_a-vfprintf.o)
                0x01f2a2e8                _vfprintf_r
 .text.vfprintf
                0x01f2c514       0x1c i:/development/arm/gnu tools arm embedded/5.4 2016q2/bin/../lib/gcc/arm-none-eabi/5.4.1/../../../../arm-none-eabi/lib/fpu\libc.a(lib_a-vfprintf.o)
                0x01f2c514                vfprintf
 .text.__sbprintf
                0x01f2c530       0xac i:/development/arm/gnu tools arm embedded/5.4 2016q2/bin/../lib/gcc/arm-none-eabi/5.4.1/../../../../arm-none-eabi/lib/fpu\libc.a(lib_a-vfprintf.o)
 .text          0x01f2c5dc        0x0 i:/development/arm/gnu tools arm embedded/5.4 2016q2/bin/../lib/gcc/arm-none-eabi/5.4.1/../../../../arm-none-eabi/lib/fpu\libc.a(lib_a-vprintf.o)
 .text.vprintf  0x01f2c5dc       0x2c i:/development/arm/gnu tools arm embedded/5.4 2016q2/bin/../lib/gcc/arm-none-eabi/5.4.1/../../../../arm-none-eabi/lib/fpu\libc.a(lib_a-vprintf.o)
                0x01f2c5dc                vprintf
 .text._vprintf_r
                0x01f2c608       0x1c i:/development/arm/gnu tools arm embedded/5.4 2016q2/bin/../lib/gcc/arm-none-eabi/5.4.1/../../../../arm-none-eabi/lib/fpu\libc.a(lib_a-vprintf.o)
                0x01f2c608                _vprintf_r
 .text          0x01f2c624        0x0 i:/development/arm/gnu tools arm embedded/5.4 2016q2/bin/../lib/gcc/arm-none-eabi/5.4.1/../../../../arm-none-eabi/lib/fpu\libc.a(lib_a-wsetup.o)
 .text.__swsetup_r
                0x01f2c624      0x164 i:/development/arm/gnu tools arm embedded/5.4 2016q2/bin/../lib/gcc/arm-none-eabi/5.4.1/../../../../arm-none-eabi/lib/fpu\libc.a(lib_a-wsetup.o)
                0x01f2c624                __swsetup_r
 .text          0x01f2c788        0x0 i:/development/arm/gnu tools arm embedded/5.4 2016q2/bin/../lib/gcc/arm-none-eabi/5.4.1/../../../../arm-none-eabi/lib/fpu\libc.a(lib_a-__atexit.o)
 .text.__register_exitproc