Archive member included to satisfy reference by file (symbol)

uspi/libuspi.a(uspilibrary.o)
                              src/main.o (USPiInitialize)
uspi/libuspi.a(dwhcidevice.o)
                              uspi/libuspi.a(uspilibrary.o) (DWHCIDevice)
uspi/libuspi.a(dwhciregister.o)
                              uspi/libuspi.a(dwhcidevice.o) (DWHCIRegister)
uspi/libuspi.a(dwhcixferstagedata.o)
                              uspi/libuspi.a(dwhcidevice.o) (DWHCITransferStageData)
uspi/libuspi.a(usbdevice.o)   uspi/libuspi.a(dwhcixferstagedata.o) (USBDeviceGetAddress)
uspi/libuspi.a(usbendpoint.o)
                              uspi/libuspi.a(usbdevice.o) (USBEndpoint)
uspi/libuspi.a(usbrequest.o)  uspi/libuspi.a(dwhcidevice.o) (USBRequest)
uspi/libuspi.a(devicenameservice.o)
                              uspi/libuspi.a(uspilibrary.o) (DeviceNameService)
uspi/libuspi.a(macaddress.o)  uspi/libuspi.a(uspilibrary.o) (MACAddressCopyTo)
uspi/libuspi.a(smsc951x.o)    uspi/libuspi.a(uspilibrary.o) (SMSC951xDeviceGetMACAddress)
uspi/libuspi.a(lan7800.o)     uspi/libuspi.a(uspilibrary.o) (LAN7800DeviceGetMACAddress)
uspi/libuspi.a(string.o)      uspi/libuspi.a(uspilibrary.o) (String)
uspi/libuspi.a(util.o)        uspi/libuspi.a(macaddress.o) (uspi_memset)
uspi/libuspi.a(usbmassdevice.o)
                              uspi/libuspi.a(uspilibrary.o) (USBBulkOnlyMassStorageDeviceSeek)
uspi/libuspi.a(dwhciframeschednper.o)
                              uspi/libuspi.a(dwhcixferstagedata.o) (DWHCIFrameSchedulerNonPeriodic)
uspi/libuspi.a(dwhciframeschedper.o)
                              uspi/libuspi.a(dwhcixferstagedata.o) (DWHCIFrameSchedulerPeriodic)
uspi/libuspi.a(usbkeyboard.o)
                              uspi/libuspi.a(uspilibrary.o) (USBKeyboardDeviceRegisterKeyPressedHandler)
uspi/libuspi.a(dwhcirootport.o)
                              uspi/libuspi.a(dwhcidevice.o) (DWHCIRootPort)
uspi/libuspi.a(usbmouse.o)    uspi/libuspi.a(uspilibrary.o) (USBMouseDeviceRegisterStatusHandler)
uspi/libuspi.a(dwhciframeschednsplit.o)
                              uspi/libuspi.a(dwhcixferstagedata.o) (DWHCIFrameSchedulerNoSplit)
uspi/libuspi.a(usbgamepad.o)  uspi/libuspi.a(uspilibrary.o) (USBGamePadDeviceRegisterStatusHandler)
uspi/libuspi.a(synchronize.o)
                              uspi/libuspi.a(dwhcidevice.o) (uspi_EnterCritical)
uspi/libuspi.a(usbstring.o)   uspi/libuspi.a(usbdevice.o) (USBString)
uspi/libuspi.a(usbmidi.o)     uspi/libuspi.a(uspilibrary.o) (USBMIDIDeviceRegisterPacketHandler)
uspi/libuspi.a(usbconfigparser.o)
                              uspi/libuspi.a(usbdevice.o) (USBConfigurationParser)
uspi/libuspi.a(usbdevicefactory.o)
                              uspi/libuspi.a(dwhcirootport.o) (USBDeviceFactoryGetDevice)
uspi/libuspi.a(usbstandardhub.o)
                              uspi/libuspi.a(usbdevicefactory.o) (USBStandardHub)
uspi/libuspi.a(keymap.o)      uspi/libuspi.a(usbkeyboard.o) (KeyMap)
i:/development/arm/gnu tools arm embedded/5.4 2016q2/bin/../lib/gcc/arm-none-eabi/5.4.1/fpu\libgcc.a(_aeabi_uldivmod.o)
                              src/ff.o (__aeabi_uldivmod)
i:/development/arm/gnu tools arm embedded/5.4 2016q2/bin/../lib/gcc/arm-none-eabi/5.4.1/fpu\libgcc.a(_udivmoddi4.o)
                              i:/development/arm/gnu tools arm embedded/5.4 2016q2/bin/../lib/gcc/arm-none-eabi/5.4.1/fpu\libgcc.a(_aeabi_uldivmod.o) (__udivmoddi4)
i:/development/arm/gnu tools arm embedded/5.4 2016q2/bin/../lib/gcc/arm-none-eabi/5.4.1/fpu\libgcc.a(_dvmd_tls.o)
                              i:/development/arm/gnu tools arm embedded/5.4 2016q2/bin/../lib/gcc/arm-none-eabi/5.4.1/fpu\libgcc.a(_aeabi_uldivmod.o) (__aeabi_ldiv0)
i:/development/arm/gnu tools arm embedded/5.4 2016q2/bin/../lib/gcc/arm-none-eabi/5.4.1/fpu\libgcc.a(_clzdi2.o)
                              i:/development/arm/gnu tools arm embedded/5.4 2016q2/bin/../lib/gcc/arm-none-eabi/5.4.1/fpu\libgcc.a(_udivmoddi4.o) (__clzdi2)
i:/development/arm/gnu tools arm embedded/5.4 2016q2/bin/../lib/gcc/arm-none-eabi/5.4.1/fpu\libgcc.a(_clzsi2.o)
                              i:/development/arm/gnu tools arm embedded/5.4 2016q2/bin/../lib/gcc/arm-none-eabi/5.4.1/fpu\libgcc.a(_clzdi2.o) (__clzsi2)
i:/development/arm/gnu tools arm embedded/5.4 2016q2/bin/../lib/gcc/arm-none-eabi/5.4.1/../../../../arm-none-eabi/lib/fpu\libc.a(lib_a-abs.o)
                              src/vga.o (abs)
i:/development/arm/gnu tools arm embedded/5.4 2016q2/bin/../lib/gcc/arm-none-eabi/5.4.1/../../../../arm-none-eabi/lib/fpu\libc.a(lib_a-aeabi_atexit.o)
                              src/main.o (__aeabi_atexit)
i:/development/arm/gnu tools arm embedded/5.4 2016q2/bin/../lib/gcc/arm-none-eabi/5.4.1/../../../../arm-none-eabi/lib/fpu\libc.a(lib_a-atof.o)
                              src/expr.o (atof)
i:/development/arm/gnu tools arm embedded/5.4 2016q2/bin/../lib/gcc/arm-none-eabi/5.4.1/../../../../arm-none-eabi/lib/fpu\libc.a(lib_a-cxa_atexit.o)
[...]
Memory Configuration

Name             Origin             Length             Attributes
*default*        0x00000000         0xffffffff

Linker script and memory map

LOAD i:/development/arm/gnu tools arm embedded/5.4 2016q2/bin/../lib/gcc/arm-none-eabi/5.4.1/../../../../arm-none-eabi/lib/fpu\libm.a
LOAD i:/development/arm/gnu tools arm embedded/5.4 2016q2/bin/../lib/gcc/arm-none-eabi/5.4.1/../../../../arm-none-eabi/lib/fpu\libm.a
LOAD src/armc-start.o
LOAD src/armc-cstartup.o
LOAD src/armc-cstubs.o
LOAD src/armc-cppstubs.o
LOAD src/exception.o
LOAD src/main.o
LOAD src/rpi-aux.o
LOAD src/rpi-i2c.o
LOAD src/rpi-mailbox-interface.o
LOAD src/rpi-mailbox.o
LOAD src/rpi-gpio.o
LOAD src/rpi-interrupts.o
LOAD src/cache.o
LOAD src/ff.o
LOAD src/interrupt.o
LOAD src/Keyboard.o
LOAD src/emmc.o
LOAD src/diskio.o
LOAD src/vga.o
LOAD src/terminal.o
LOAD src/timer.o
LOAD src/font_data.o
LOAD src/basic.o
LOAD src/linkedlist.o
LOAD src/expr.o
LOAD uspi/libuspi.a
START GROUP
LOAD i:/development/arm/gnu tools arm embedded/5.4 2016q2/bin/../lib/gcc/arm-none-eabi/5.4.1/fpu\libgcc.a
LOAD i:/development/arm/gnu tools arm embedded/5.4 2016q2/bin/../lib/gcc/arm-none-eabi/5.4.1/../../../../arm-none-eabi/lib/fpu\libc.a
END GROUP
                [!provide]                PROVIDE (__executable_start, 0x1f00000)
                0x01f00000                . = 0x1f00000

.interp
 *(.interp)

.note.gnu.build-id
 *(.note.gnu.build-id)

.hash
 *(.hash)

.gnu.hash
 *(.gnu.hash)

.dynsym
 *(.dynsym)

.dynstr
 *(.dynstr)

.gnu.version
 *(.gnu.version)

.gnu.version_d
 *(.gnu.version_d)

.gnu.version_r
 *(.gnu.version_r)

.rel.init
 *(.rel.init)

.rela.init
 *(.rela.init)

.rel.text
 *(.rel.text .rel.text.* .rel.gnu.linkonce.t.*)

.rela.text
 *(.rela.text .rela.text.* .rela.gnu.linkonce.t.*)

.rel.fini
 *(.rel.fini)

.rela.fini
 *(.rela.fini)

.rel.rodata
 *(.rel.rodata .rel.rodata.* .rel.gnu.linkonce.r.*)

.rela.rodata
 *(.rela.rodata .rela.rodata.* .rela.gnu.linkonce.r.*)

.rel.data.rel.ro
 *(.rel.data.rel.ro* .rel.gnu.linkonce.d.rel.ro.*)

.rela.data.rel.ro
 *(.rela.data.rel.ro* .rela.gnu.linkonce.d.rel.ro.*)

.rel.data
 *(.rel.data .rel.data.* .rel.gnu.linkonce.d.*)

.rela.data
 *(.rela.data .rela.data.* .rela.gnu.linkonce.d.*)

.rel.tdata
 *(.rel.tdata .rel.tdata.* .rel.gnu.linkonce.td.*)

.rela.tdata
 *(.rela.tdata .rela.tdata.* .rela.gnu.linkonce.td.*)

.rel.tbss
 *(.rel.tbss .rel.tbss.* .rel.gnu.linkonce.tb.*)

.rela.tbss
 *(.rela.tbss .rela.tbss.* .rela.gnu.linkonce.tb.*)

.rel.ctors
 *(.rel.ctors)

.rela.ctors
 *(.rela.ctors)

.rel.dtors
 *(.rel.dtors)

.rela.dtors
 *(.rela.dtors)

.rel.got
 *(.rel.got)

.rela.got
 *(.rela.got)

.rel.bss
 *(.rel.bss .rel.bss.* .rel.gnu.linkonce.b.*)

.rela.bss
 *(.rela.bss .rela.bss.* .rela.gnu.linkonce.b.*)

.rel.iplt       0x01f00000        0x0
                [!provide]                PROVIDE (__rel_iplt_start, .)
 *(.rel.iplt)
 .rel.iplt      0x01f00000        0x0 src/armc-start.o
                [!provide]                PROVIDE (__rel_iplt_end, .)

.rela.iplt      0x01f00000        0x0
                [!provide]                PROVIDE (__rela_iplt_start, .)
 *(.rela.iplt)
                [!provide]                PROVIDE (__rela_iplt_end, .)

.rel.plt
 *(.rel.plt)

.rela.plt
 *(.rela.plt)

.init
 *(.init)

.plt
 *(.plt)

.iplt           0x01f00000        0x0
 *(.iplt)
 .iplt          0x01f00000        0x0 src/armc-start.o

.text           0x01f00000    0x388ac
 *(.text.startup .text.startup.*)
 .text.startup  0x01f00000       0x40 src/armc-start.o
                0x01f00000                _start
 .text.startup  0x01f00040       0x30 src/main.o
 *(.text.unlikely .text.*_unlikely)
 .text.unlikely
                0x01f00070      0x14c src/ff.o
 *(.text.exit .text.exit.*)
 *(.text.hot .text.hot.*)
 *(.text .stub .text.* .gnu.linkonce.t.*)
 .text          0x01f001bc        0x0 src/armc-start.o
 .text._reset_  0x01f001bc       0xc0 src/armc-start.o
 .text._get_stack_pointer
                0x01f0027c        0x8 src/armc-start.o
                0x01f0027c                _get_stack_pointer
 .text._get_cpsr
                0x01f00284        0x8 src/armc-start.o
                0x01f00284                _get_cpsr
 .text._enable_interrupts
                0x01f0028c       0x10 src/armc-start.o
                0x01f0028c                _enable_interrupts
 .text._disable_interrupts
                0x01f0029c       0x10 src/armc-start.o
                0x01f0029c                _disable_interrupts
 .text._undefined_instruction_handler_
                0x01f002ac       0x14 src/armc-start.o
 .text._prefetch_abort_handler_
                0x01f002c0       0x14 src/armc-start.o
 .text._data_abort_handler_
                0x01f002d4       0x14 src/armc-start.o
 .text._swi_handler_
                0x01f002e8       0x14 src/armc-start.o
 .text._enable_unaligned_access
                0x01f002fc       0x14 src/armc-start.o
                0x01f002fc                _enable_unaligned_access
 .text._enable_l1_cache
                0x01f00310       0x18 src/armc-start.o
                0x01f00310                _enable_l1_cache
 .text._invalidate_icache
                0x01f00328        0xc src/armc-start.o
                0x01f00328                _invalidate_icache
 .text._invalidate_dcache
                0x01f00334        0xc src/armc-start.o
                0x01f00334                _invalidate_dcache
 .text._clean_invalidate_dcache
                0x01f00340        0xc src/armc-start.o
                0x01f00340                _clean_invalidate_dcache
 .text._invalidate_dcache_mva
                0x01f0034c        0x8 src/armc-start.o
                0x01f0034c                _invalidate_dcache_mva
 .text._clean_invalidate_dcache_mva
                0x01f00354        0x8 src/armc-start.o
                0x01f00354                _clean_invalidate_dcache_mva
 .text._invalidate_dtlb
                0x01f0035c        0xc src/armc-start.o
                0x01f0035c                _invalidate_dtlb
 .text._invalidate_dtlb_mva
                0x01f00368        0x8 src/armc-start.o
                0x01f00368                _invalidate_dtlb_mva
 .text._data_memory_barrier
                0x01f00370       0xb0 src/armc-start.o
                0x01f00370                _data_memory_barrier
                0x01f00378                _init_core
                0x01f00408                _spin_core
                0x01f00410                _get_core
 .text._toggle_test_pin
                0x01f00420       0x28 src/armc-start.o
                0x01f00420                _toggle_test_pin
 .text          0x01f00448        0x0 src/armc-cstartup.o
 .text._init    0x01f00448        0x4 src/armc-cstartup.o
                0x01f00448                _init
 .text._cstartup
                0x01f0044c      0x174 src/armc-cstartup.o
                0x01f0044c                _cstartup
 .text          0x01f005c0        0x0 src/armc-cstubs.o
 .text._exit    0x01f005c0        0x4 src/armc-cstubs.o
                0x01f005c0                _exit
 .text._fini    0x01f005c4        0x4 src/armc-cstubs.o
                0x01f005c4                _fini
 .text._close   0x01f005c8        0x8 src/armc-cstubs.o
                0x01f005c8                _close
 .text.execve   0x01f005d0       0x18 src/armc-cstubs.o
                0x01f005d0                execve
 .text.fork     0x01f005e8       0x18 src/armc-cstubs.o
                0x01f005e8                fork
 .text._fstat   0x01f00600       0x10 src/armc-cstubs.o
                0x01f00600                _fstat
 .text.getpid   0x01f00610        0x8 src/armc-cstubs.o
                0x01f00610                getpid
 .text._getpid  0x01f00618        0x8 src/armc-cstubs.o
                0x01f00618                _getpid
 .text._isatty  0x01f00620        0x8 src/armc-cstubs.o
                0x01f00620                _isatty
 .text.kill     0x01f00628       0x18 src/armc-cstubs.o
                0x01f00628                kill
 .text._kill    0x01f00640       0x18 src/armc-cstubs.o
                0x01f00640                _kill
 .text.link     0x01f00658       0x18 src/armc-cstubs.o
                0x01f00658                link
 .text._lseek   0x01f00670        0x8 src/armc-cstubs.o
                0x01f00670                _lseek
 .text.open     0x01f00678        0x8 src/armc-cstubs.o
                0x01f00678                open
 .text._read    0x01f00680        0x8 src/armc-cstubs.o
                0x01f00680                _read
 .text._sbrk    0x01f00688       0x2c src/armc-cstubs.o
                0x01f00688                _sbrk
 .text.stat     0x01f006b4       0x10 src/armc-cstubs.o
                0x01f006b4                stat
 .text.times    0x01f006c4        0x8 src/armc-cstubs.o
                0x01f006c4                times
 .text.unlink   0x01f006cc       0x18 src/armc-cstubs.o
                0x01f006cc                unlink
 .text.wait     0x01f006e4       0x18 src/armc-cstubs.o
                0x01f006e4                wait
 .text.outbyte  0x01f006fc        0x4 src/armc-cstubs.o
                0x01f006fc                outbyte
 .text._write   0x01f00700       0x2c src/armc-cstubs.o
                0x01f00700                _write
 .text          0x01f0072c       0x10 src/armc-cppstubs.o
                0x01f0072c                operator new(unsigned int)
                0x01f00730                operator delete(void*)
                0x01f00734                std::__throw_bad_alloc()
                0x01f00738                std::__throw_length_error(char const*)
 .text          0x01f0073c        0x0 src/exception.o
 .text.reboot_now
                0x01f0073c       0x24 src/exception.o
                0x01f0073c                reboot_now
 .text.dump_digit
                0x01f00760       0x14 src/exception.o
                0x01f00760                dump_digit
 .text.dump_hex
                0x01f00774       0x30 src/exception.o
                0x01f00774                dump_hex
 .text.dump_binary
                0x01f007a4       0x28 src/exception.o
                0x01f007a4                dump_binary
 .text.dump_string
                0x01f007cc       0x28 src/exception.o
                0x01f007cc                dump_string
 .text.dump_info
                0x01f007f4      0x464 src/exception.o
                0x01f007f4                dump_info
 .text.undefined_instruction_handler
                0x01f00c58       0x10 src/exception.o
                0x01f00c58                undefined_instruction_handler
 .text.prefetch_abort_handler
                0x01f00c68       0x10 src/exception.o
                0x01f00c68                prefetch_abort_handler
 .text.data_abort_handler
                0x01f00c78       0x10 src/exception.o
                0x01f00c78                data_abort_handler
 .text.swi_handler
                0x01f00c88       0x10 src/exception.o
                0x01f00c88                swi_handler
 .text          0x01f00c98      0x30c src/main.o
                0x01f00c98                LogWrite
                0x01f00cc8                GetMACAddress
                0x01f00d38                SetPowerStateOn
                0x01f00d8c                usDelay
                0x01f00dc0                MsDelay
                0x01f00dfc                StartKernelTimer
                0x01f00e00                CancelKernelTimer
                0x01f00e04                ConnectInterrupt
                0x01f00e08                get_fattime
                0x01f00e10                InitializeHardware()
                0x01f00e84                core0
                0x01f00ea4                kernel_main
                0x01f00f90                core1
                0x01f00f94                run_core
 .text          0x01f00fa4        0x0 src/rpi-aux.o
 .text.RPI_GetAux
                0x01f00fa4        0xc src/rpi-aux.o
                0x01f00fa4                RPI_GetAux
 .text.RPI_AuxMiniUartInit
                0x01f00fb0      0x17c src/rpi-aux.o
                0x01f00fb0                RPI_AuxMiniUartInit
 .text.RPI_AuxMiniUartWrite
                0x01f0112c       0x24 src/rpi-aux.o
                0x01f0112c                RPI_AuxMiniUartWrite
 .text.RPI_EnableUart
                0x01f01150       0x24 src/rpi-aux.o
                0x01f01150                RPI_EnableUart
 .text          0x01f01174        0x0 src/rpi-i2c.o
 .text.RPI_I2CSetClock
                0x01f01174       0x88 src/rpi-i2c.o
                0x01f01174                RPI_I2CSetClock
 .text.RPI_I2CInit
                0x01f011fc       0xd4 src/rpi-i2c.o
                0x01f011fc                RPI_I2CInit
 .text.RPI_I2CRead
                0x01f012d0      0x144 src/rpi-i2c.o
                0x01f012d0                RPI_I2CRead
 .text.RPI_I2CWrite
                0x01f01414      0x150 src/rpi-i2c.o
                0x01f01414                RPI_I2CWrite
 .text.RPI_I2CScan
                0x01f01564       0xb4 src/rpi-i2c.o
                0x01f01564                RPI_I2CScan
 .text          0x01f01618        0x0 src/rpi-mailbox-interface.o
 .text.RPI_PropertyInit
                0x01f01618       0x30 src/rpi-mailbox-interface.o
                0x01f01618                RPI_PropertyInit
 .text.RPI_PropertyAddTag
                0x01f01648      0x678 src/rpi-mailbox-interface.o
                0x01f01648                RPI_PropertyAddTag
 .text.RPI_PropertyProcess
                0x01f01cc0       0x44 src/rpi-mailbox-interface.o
                0x01f01cc0                RPI_PropertyProcess
 .text.RPI_PropertyProcessNoCheck
                0x01f01d04       0x34 src/rpi-mailbox-interface.o
                0x01f01d04                RPI_PropertyProcessNoCheck
 .text.RPI_PropertyGet
                0x01f01d38       0x94 src/rpi-mailbox-interface.o
                0x01f01d38                RPI_PropertyGet
 .text          0x01f01dcc        0x0 src/rpi-mailbox.o
 .text.RPI_Mailbox0Write
                0x01f01dcc       0x2c src/rpi-mailbox.o
                0x01f01dcc                RPI_Mailbox0Write
 .text.RPI_Mailbox0Read
                0x01f01df8       0x40 src/rpi-mailbox.o
                0x01f01df8                RPI_Mailbox0Read
 .text.RPI_Mailbox0Flush
                0x01f01e38       0x34 src/rpi-mailbox.o
                0x01f01e38                RPI_Mailbox0Flush
 .text          0x01f01e6c        0x0 src/rpi-gpio.o
 .text.RPI_SetGpioPinFunction
                0x01f01e6c       0x70 src/rpi-gpio.o
                0x01f01e6c                RPI_SetGpioPinFunction
 .text.RPI_SetGpioOutput
                0x01f01edc       0x74 src/rpi-gpio.o
                0x01f01edc                RPI_SetGpioOutput
 .text.RPI_SetGpioInput
                0x01f01f50       0x6c src/rpi-gpio.o
                0x01f01f50                RPI_SetGpioInput
 .text.RPI_GetGpioValue
                0x01f01fbc       0x70 src/rpi-gpio.o
                0x01f01fbc                RPI_GetGpioValue
 .text.RPI_ToggleGpio
                0x01f0202c       0xb8 src/rpi-gpio.o
                0x01f0202c                RPI_ToggleGpio
 .text.RPI_SetGpioHi
                0x01f020e4       0x4c src/rpi-gpio.o
                0x01f020e4                RPI_SetGpioHi
 .text.RPI_SetGpioLo
                0x01f02130       0x4c src/rpi-gpio.o
                0x01f02130                RPI_SetGpioLo
 .text.RPI_SetGpioValue
                0x01f0217c       0xb0 src/rpi-gpio.o
                0x01f0217c                RPI_SetGpioValue
 .text.EnableGpioDetect
                0x01f0222c      0x1d8 src/rpi-gpio.o
                0x01f0222c                EnableGpioDetect
 .text.DisableGpioDetect
                0x01f02404      0x1dc src/rpi-gpio.o
                0x01f02404                DisableGpioDetect
 .text.ClearGpioEvent
                0x01f025e0       0x30 src/rpi-gpio.o
                0x01f025e0                ClearGpioEvent
 .text.SetACTLed
                0x01f02610       0x78 src/rpi-gpio.o
                0x01f02610                SetACTLed
 .text.RPI_TouchInit
                0x01f02688       0x44 src/rpi-gpio.o
                0x01f02688                RPI_TouchInit
 .text.RPI_UpdateTouch
                0x01f026cc       0x18 src/rpi-gpio.o
                0x01f026cc                RPI_UpdateTouch
 .text.RPI_GpioVirtGetAddress
                0x01f026e4       0x10 src/rpi-gpio.o
                0x01f026e4                RPI_GpioVirtGetAddress
 .text.RPI_GpioVirtInit
                0x01f026f4       0x44 src/rpi-gpio.o
                0x01f026f4                RPI_GpioVirtInit
 .text.RPI_GpioVirtSetLed
                0x01f02738       0x78 src/rpi-gpio.o
                0x01f02738                RPI_GpioVirtSetLed
 .text          0x01f027b0        0x0 src/rpi-interrupts.o
 .text.RPI_GetIrqController
                0x01f027b0        0xc src/rpi-interrupts.o
                0x01f027b0                RPI_GetIrqController
 .text          0x01f027bc        0x0 src/cache.o
 .text.InvalidateDataCache
                0x01f027bc       0xc8 src/cache.o
                0x01f027bc                InvalidateDataCache
 .text.CleanDataCache
                0x01f02884       0xc8 src/cache.o
                0x01f02884                CleanDataCache
 .text.map_4k_page
                0x01f0294c       0x2c src/cache.o
                0x01f0294c                map_4k_page
 .text.enable_MMU_and_IDCaches
                0x01f02978      0x1fc src/cache.o
                0x01f02978                enable_MMU_and_IDCaches
 .text          0x01f02b74     0xf434 src/ff.o
                0x01f0a808                f_mount
                0x01f0a8d4                f_open
                0x01f0b148                f_read
                0x01f0bb24                f_write
                0x01f0c514                f_sync
                0x01f0c968                f_close
                0x01f0cdfc                f_chdir
                0x01f0cf24                f_getcwd
                0x01f0d2ec                f_lseek
                0x01f0d6b4                f_opendir
                0x01f0d880                f_closedir
                0x01f0d8d8                f_readdir
                0x01f0da54                f_findnext
                0x01f0dbdc                f_findfirst
                0x01f0dda4                f_stat
                0x01f0de1c                f_getfree
                0x01f0e1b4                f_truncate
                0x01f0e334                f_unlink
                0x01f0e540                f_mkdir
                0x01f0f204                f_rename
                0x01f0f624                f_chmod
                0x01f0f6f0                f_utime
                0x01f0f7e0                f_gets
                0x01f0f9dc                f_putc
                0x01f10390                f_puts
                0x01f10e68                f_printf
                0x01f11fa0                ff_convert
                0x01f11fa4                ff_wtoupper
 .text          0x01f11fa8        0x0 src/interrupt.o
 .text.InterruptSystemInitialize
                0x01f11fa8       0x4c src/interrupt.o
                0x01f11fa8                InterruptSystemInitialize
 .text.InterruptSystemConnectIRQ
                0x01f11ff4       0x5c src/interrupt.o
                0x01f11ff4                InterruptSystemConnectIRQ
 .text.InterruptSystemDisconnectIRQ
                0x01f12050       0x60 src/interrupt.o
                0x01f12050                InterruptSystemDisconnectIRQ
 .text.InterruptSystemEnableIRQ
                0x01f120b0       0x44 src/interrupt.o
                0x01f120b0                InterruptSystemEnableIRQ
 .text.InterruptSystemDisableIRQ
                0x01f120f4       0x44 src/interrupt.o
                0x01f120f4                InterruptSystemDisableIRQ
 .text.InterruptHandler
                0x01f12138      0x160 src/interrupt.o
                0x01f12138                InterruptHandler
 .text          0x01f12298      0x838 src/Keyboard.o
                0x01f12298                Keyboard::USBKeyboardDeviceTimerHandler(unsigned int, void*, void*)
                0x01f12420                Keyboard::KeyPressedHandlerRaw(TUSBKeyboardDevice*, unsigned char, unsigned char const*)
                0x01f127b8                Keyboard::Keyboard()
                0x01f127b8                Keyboard::Keyboard()
                0x01f12840                Keyboard::GetChar()
 .text._ZN9SingletonI8KeyboardED2Ev
                0x01f12ad0        0x4 src/Keyboard.o
                0x01f12ad0                Singleton<Keyboard>::~Singleton()
                0x01f12ad0                Singleton<Keyboard>::~Singleton()
 .text._ZN8KeyboardD2Ev
                0x01f12ad4        0x4 src/Keyboard.o
                0x01f12ad4                Keyboard::~Keyboard()
                0x01f12ad4                Keyboard::~Keyboard()
 .text._ZN8KeyboardD0Ev
                0x01f12ad8       0x14 src/Keyboard.o
                0x01f12ad8                Keyboard::~Keyboard()
 .text._ZN9SingletonI8KeyboardED0Ev
                0x01f12aec       0x14 src/Keyboard.o
                0x01f12aec                Singleton<Keyboard>::~Singleton()
 .text          0x01f12b00     0x1aec src/emmc.o
                0x01f12b00                CEMMCDevice::CEMMCDevice()
                0x01f12b00                CEMMCDevice::CEMMCDevice()
                0x01f12b14                CEMMCDevice::~CEMMCDevice()
                0x01f12b14                CEMMCDevice::~CEMMCDevice()
                0x01f12b18                CEMMCDevice::Seek(unsigned long long)
                0x01f12b28                CEMMCDevice::PowerOn()
                0x01f12b70                CEMMCDevice::PowerOff()
                0x01f12b88                CEMMCDevice::GetClockDivider(unsigned int, unsigned int)
                0x01f12c2c                CEMMCDevice::SwitchClockRate(unsigned int, unsigned int)
                0x01f12dc4                CEMMCDevice::ResetCmd()
                0x01f12e3c                CEMMCDevice::ResetDat()
                0x01f12eb4                CEMMCDevice::IssueCommandInt(unsigned int, unsigned int, int)
                0x01f131ac                CEMMCDevice::HandleCardInterrupt()
                0x01f131d0                CEMMCDevice::HandleInterrupts()
                0x01f13420                CEMMCDevice::IssueCommand(unsigned int, unsigned int, int)
                0x01f134fc                CEMMCDevice::CardReset()
                0x01f13e08                CEMMCDevice::Initialize()
                0x01f13e70                CEMMCDevice::EnsureDataMode()
                0x01f1408c                CEMMCDevice::Read(void*, unsigned int)
                0x01f141ac                CEMMCDevice::Write(void const*, unsigned int)
                0x01f142cc                CEMMCDevice::DoDataCommand(int, unsigned char*, unsigned int, unsigned int)
                0x01f143a8                CEMMCDevice::DoRead(unsigned char*, unsigned int, unsigned int)
                0x01f14484                CEMMCDevice::DoWrite(unsigned char*, unsigned int, unsigned int)
                0x01f14560                CEMMCDevice::TimeoutWait(unsigned int, unsigned int, int, unsigned int)
 .text          0x01f145ec      0x158 src/diskio.o
                0x01f145ec                disk_setEMM
                0x01f145fc                sd_card_init(block_device**)
                0x01f14604                sd_read(unsigned char*, unsigned int, unsigned long)
                0x01f14620                sd_write(unsigned char*, unsigned int, unsigned long)
                0x01f1463c                disk_status
                0x01f14644                disk_initialize
                0x01f1464c                disk_read
                0x01f146c4                disk_write
                0x01f1473c                disk_ioctl
 .text          0x01f14744        0x0 src/vga.o
 .text.vga_plotpixel32
                0x01f14744       0x20 src/vga.o
                0x01f14744                vga_plotpixel32
 .text.vga_plotpixel24
                0x01f14764       0x44 src/vga.o
                0x01f14764                vga_plotpixel24
 .text.vga_plotpixel16
                0x01f147a8       0x3c src/vga.o
                0x01f147a8                vga_plotpixel16
 .text.vga_plotpixel8
                0x01f147e4       0x20 src/vga.o
                0x01f147e4                vga_plotpixel8
 .text.vga_init
                0x01f14804      0x1d8 src/vga.o
                0x01f14804                vga_init
 .text.vga_release
                0x01f149dc       0x30 src/vga.o
                0x01f149dc                vga_release
 .text.vga_setforecolor
                0x01f14a0c       0x10 src/vga.o
                0x01f14a0c                vga_setforecolor
 .text.vga_setbackcolor
                0x01f14a1c       0x10 src/vga.o
                0x01f14a1c                vga_setbackcolor
 .text.vga_cursor_on
                0x01f14a2c        0x4 src/vga.o
                0x01f14a2c                vga_cursor_on
 .text.vga_cursor_off
                0x01f14a30        0x4 src/vga.o
                0x01f14a30                vga_cursor_off
 .text.vga_plotpixel
                0x01f14a34       0x68 src/vga.o
                0x01f14a34                vga_plotpixel
 .text.vga_clear
                0x01f14a9c       0xb8 src/vga.o
                0x01f14a9c                vga_clear
 .text.vga_swapcolors
                0x01f14b54       0x24 src/vga.o
                0x01f14b54                vga_swapcolors
 .text.vga_cleararea
                0x01f14b78       0xc4 src/vga.o
                0x01f14b78                vga_cleararea
 .text.vga_scroll
                0x01f14c3c      0x148 src/vga.o
                0x01f14c3c                vga_scroll
 .text.vga_drawchar
                0x01f14d84      0x398 src/vga.o
                0x01f14d84                vga_drawchar
 .text.vga_drawtext
                0x01f1511c      0x47c src/vga.o
                0x01f1511c                vga_drawtext
 .text.vga_drawcursor
                0x01f15598       0xb8 src/vga.o
                0x01f15598                vga_drawcursor
 .text.vga_erasecursor
                0x01f15650       0xc8 src/vga.o
                0x01f15650                vga_erasecursor
 .text.vga_drawline
                0x01f15718       0xdc src/vga.o
                0x01f15718                vga_drawline
 .text.vga_drawlinev
                0x01f157f4       0x5c src/vga.o
                0x01f157f4                vga_drawlinev
 .text.vga_drawrect
                0x01f15850      0x2e0 src/vga.o
                0x01f15850                vga_drawrect
 .text.vga_drawcircle
                0x01f15b30      0x390 src/vga.o
                0x01f15b30                vga_drawcircle
 .text.vga_cliprect
                0x01f15ec0        0x4 src/vga.o
                0x01f15ec0                vga_cliprect
 .text          0x01f15ec4     0x1204 src/terminal.o
                0x01f15ec4                term_cursorblink_handler
                0x01f15f94                term_init
                0x01f16084                term_clear
                0x01f160a4                term_putchar
                0x01f1647c                term_puts
                0x01f16898                term_printf
                0x01f16e10                term_getchar
                0x01f16e44                term_getcharat
                0x01f16e70                term_putcharat
                0x01f16eb0                term_rc2xy
                0x01f16ec4                term_scroll
                0x01f16f58                term_showcursor
                0x01f16fc8                term_hidecursor
                0x01f17010                term_toggle_cursor
 .text          0x01f170c8        0x0 src/timer.o
 .text.TimerInterruptHandler
                0x01f170c8       0xd0 src/timer.o
 .text.TimerSystemInitialize
                0x01f17198       0x68 src/timer.o
                0x01f17198                TimerSystemInitialize
 .text.TimerStartKernelTimer
                0x01f17200       0x6c src/timer.o
                0x01f17200                TimerStartKernelTimer
 .text.TimerCancelKernelTimer
                0x01f1726c       0x18 src/timer.o
                0x01f1726c                TimerCancelKernelTimer
 .text          0x01f17284        0x0 src/font_data.o
 *fill*         0x01f17284        0x4 00000000
 .text          0x01f17288     0x5014 src/basic.o
                0x01f17288                exec_cmd_end
                0x01f17294                exec_cmd_rem
                0x01f172a0                exec_cmd_then
                0x01f172a4                exec_cmd_list
                0x01f1732c                exec_cmd_dir
                0x01f173d0                exec_cmd_new
                0x01f178d0                exec_cmd_save
                0x01f17d28                exec_cmd_load
                0x01f1819c                exec_init
                0x01f18568                handle_error
                0x01f18668                var_clear_all
                0x01f186b8                var_add_update_int
                0x01f187e4                var_add_update_float
                0x01f1891c                var_add_update_string
                0x01f18acc                get_symbol
                0x01f18ba4                exec_expr
                0x01f18fb0                exec_cmd_for
                0x01f19504                exec_cmd_gosub
                0x01f196ac                exec_cmd_goto
                0x01f197e0                exec_cmd_dim
                0x01f1984c                exec_strexpr
                0x01f19da8                exec_cmd_let
                0x01f1a100                exec_line
                0x01f1a214                exec_cmd_print
                0x01f1a440                get_token
                0x01f1a7f0                exec_cmd_if
                0x01f1ab04                get_int
                0x01f1ab6c                get_float
                0x01f1ac18                exec_cmd_input
                0x01f1b004                ignore_space
                0x01f1b044                to_uppercase
                0x01f1b0b0                isemptyline
                0x01f1b128                compare
                0x01f1b1c4                clear
                0x01f1b33c                length
                0x01f1b364                join
                0x01f1b384                get_input
                0x01f1b3d8                next_statement
                0x01f1b434                tokenize
                0x01f1b95c                exec_cmd_next
                0x01f1bcf8                exec_cmd_return
                0x01f1bd9c                basic_main
                0x01f1c0d0                exec_program
                0x01f1c210                exec_cmd_run
                0x01f1c228                ensure_token
 .text          0x01f1c29c      0x268 src/linkedlist.o
                0x01f1c29c                ll_gethead
                0x01f1c2ac                ll_insertFirst
                0x01f1c2e0                ll_deleteFirst
                0x01f1c30c                ll_isEmpty
                0x01f1c324                ll_length
                0x01f1c358                ll_find
                0x01f1c390                ll_delete
                0x01f1c418                ll_sort
                0x01f1c4d0                ll_reverse
 *fill*         0x01f1c504        0x4 00000000
 .text          0x01f1c508     0x12e8 src/expr.o
                0x01f1c508                expr_isalnum
                0x01f1c56c                expr_spush
                0x01f1c6b4                expr_spop
                0x01f1c6e8                expr_priority
                0x01f1c87c                expr_infix_to_postfix
                0x01f1ce78                expr_eval_postfix
                0x01f1d7a4                expr_eval
 .text          0x01f1d7f0        0x0 uspi/libuspi.a(uspilibrary.o)
 .text.USPiInitialize
                0x01f1d7f0      0x214 uspi/libuspi.a(uspilibrary.o)
                0x01f1d7f0                USPiInitialize
 .text.USPiKeyboardAvailable
                0x01f1da04       0x1c uspi/libuspi.a(uspilibrary.o)
                0x01f1da04                USPiKeyboardAvailable
 .text.USPiKeyboardRegisterKeyPressedHandler
                0x01f1da20       0x18 uspi/libuspi.a(uspilibrary.o)
                0x01f1da20                USPiKeyboardRegisterKeyPressedHandler
 .text.USPiKeyboardRegisterShutdownHandler
                0x01f1da38       0x18 uspi/libuspi.a(uspilibrary.o)
                0x01f1da38                USPiKeyboardRegisterShutdownHandler
 .text.USPiKeyboardRegisterKeyStatusHandlerRaw
                0x01f1da50       0x18 uspi/libuspi.a(uspilibrary.o)
                0x01f1da50                USPiKeyboardRegisterKeyStatusHandlerRaw
 .text.USPiMouseAvailable
                0x01f1da68       0x1c uspi/libuspi.a(uspilibrary.o)
                0x01f1da68                USPiMouseAvailable
 .text.USPiMouseRegisterStatusHandler
                0x01f1da84       0x18 uspi/libuspi.a(uspilibrary.o)
                0x01f1da84                USPiMouseRegisterStatusHandler
 .text.USPiMassStorageDeviceAvailable
                0x01f1da9c       0x5c uspi/libuspi.a(uspilibrary.o)
                0x01f1da9c                USPiMassStorageDeviceAvailable
 .text.USPiMassStorageDeviceRead
                0x01f1daf8       0x74 uspi/libuspi.a(uspilibrary.o)
                0x01f1daf8                USPiMassStorageDeviceRead
 .text.USPiMassStorageDeviceWrite
                0x01f1db6c       0x74 uspi/libuspi.a(uspilibrary.o)
                0x01f1db6c                USPiMassStorageDeviceWrite
 .text.USPiMassStorageDeviceGetCapacity
                0x01f1dbe0       0x30 uspi/libuspi.a(uspilibrary.o)
                0x01f1dbe0                USPiMassStorageDeviceGetCapacity
 .text.USPiEthernetAvailable
                0x01f1dc10       0x30 uspi/libuspi.a(uspilibrary.o)
                0x01f1dc10                USPiEthernetAvailable
 .text.USPiGetMACAddress
                0x01f1dc40       0x44 uspi/libuspi.a(uspilibrary.o)
                0x01f1dc40                USPiGetMACAddress
 .text.USPiSendFrame
                0x01f1dc84       0x4c uspi/libuspi.a(uspilibrary.o)
                0x01f1dc84                USPiSendFrame
 .text.USPiReceiveFrame
                0x01f1dcd0       0x4c uspi/libuspi.a(uspilibrary.o)
                0x01f1dcd0                USPiReceiveFrame
 .text.USPiGamePadAvailable
                0x01f1dd1c       0x5c uspi/libuspi.a(uspilibrary.o)
                0x01f1dd1c                USPiGamePadAvailable
 .text.USPiGamePadRegisterStatusHandler
                0x01f1dd78       0x40 uspi/libuspi.a(uspilibrary.o)
                0x01f1dd78                USPiGamePadRegisterStatusHandler
 .text.USPiGamePadGetStatus
                0x01f1ddb8       0x44 uspi/libuspi.a(uspilibrary.o)
                0x01f1ddb8                USPiGamePadGetStatus
 .text.USPiMIDIAvailable
                0x01f1ddfc       0x1c uspi/libuspi.a(uspilibrary.o)
                0x01f1ddfc                USPiMIDIAvailable
 .text.USPiMIDIRegisterPacketHandler
                0x01f1de18       0x18 uspi/libuspi.a(uspilibrary.o)
                0x01f1de18                USPiMIDIRegisterPacketHandler
 .text.USPiDeviceGetInformation
                0x01f1de30      0x15c uspi/libuspi.a(uspilibrary.o)
                0x01f1de30                USPiDeviceGetInformation
 .text          0x01f1df8c        0x0 uspi/libuspi.a(dwhcidevice.o)
 .text.DWHCIDeviceCompletionRoutine
                0x01f1df8c        0xc uspi/libuspi.a(dwhcidevice.o)
                0x01f1df8c                DWHCIDeviceCompletionRoutine
 .text.DWHCIDevice
                0x01f1df98       0x68 uspi/libuspi.a(dwhcidevice.o)
                0x01f1df98                DWHCIDevice
 .text._DWHCIDevice
                0x01f1e000        0x8 uspi/libuspi.a(dwhcidevice.o)
                0x01f1e000                _DWHCIDevice
 .text.DWHCIDeviceInitHost
                0x01f1e008      0x314 uspi/libuspi.a(dwhcidevice.o)
                0x01f1e008                DWHCIDeviceInitHost
 .text.DWHCIDeviceEnableRootPort
                0x01f1e31c       0xcc uspi/libuspi.a(dwhcidevice.o)
                0x01f1e31c                DWHCIDeviceEnableRootPort
 .text.DWHCIDeviceReset
                0x01f1e3e8       0xb8 uspi/libuspi.a(dwhcidevice.o)
                0x01f1e3e8                DWHCIDeviceReset
 .text.DWHCIDeviceInitCore
                0x01f1e4a0      0x1f4 uspi/libuspi.a(dwhcidevice.o)
                0x01f1e4a0                DWHCIDeviceInitCore
 .text.DWHCIDeviceInitialize
                0x01f1e694      0x1f4 uspi/libuspi.a(dwhcidevice.o)
                0x01f1e694                DWHCIDeviceInitialize
 .text.DWHCIDeviceEnableGlobalInterrupts
                0x01f1e888       0x44 uspi/libuspi.a(dwhcidevice.o)
                0x01f1e888                DWHCIDeviceEnableGlobalInterrupts
 .text.DWHCIDeviceEnableCommonInterrupts
                0x01f1e8cc       0x38 uspi/libuspi.a(dwhcidevice.o)
                0x01f1e8cc                DWHCIDeviceEnableCommonInterrupts
 .text.DWHCIDeviceEnableHostInterrupts
                0x01f1e904       0x78 uspi/libuspi.a(dwhcidevice.o)
                0x01f1e904                DWHCIDeviceEnableHostInterrupts
 .text.DWHCIDeviceEnableChannelInterrupt
                0x01f1e97c       0x54 uspi/libuspi.a(dwhcidevice.o)
                0x01f1e97c                DWHCIDeviceEnableChannelInterrupt
 .text.DWHCIDeviceDisableChannelInterrupt
                0x01f1e9d0       0x54 uspi/libuspi.a(dwhcidevice.o)
                0x01f1e9d0                DWHCIDeviceDisableChannelInterrupt
 .text.DWHCIDeviceFlushTxFIFO
                0x01f1ea24       0x94 uspi/libuspi.a(dwhcidevice.o)
                0x01f1ea24                DWHCIDeviceFlushTxFIFO
 .text.DWHCIDeviceFlushRxFIFO
                0x01f1eab8       0x78 uspi/libuspi.a(dwhcidevice.o)
                0x01f1eab8                DWHCIDeviceFlushRxFIFO
 .text.DWHCIDeviceStartChannel
                0x01f1eb30      0x37c uspi/libuspi.a(dwhcidevice.o)
                0x01f1eb30                DWHCIDeviceStartChannel
 .text.DWHCIDeviceStartTransaction
                0x01f1eeac       0xd0 uspi/libuspi.a(dwhcidevice.o)
                0x01f1eeac                DWHCIDeviceStartTransaction
 .text.DWHCIDeviceTimerHandler
                0x01f1ef7c       0x68 uspi/libuspi.a(dwhcidevice.o)
                0x01f1ef7c                DWHCIDeviceTimerHandler
 .text.DWHCIDeviceTransferStageAsync
                0x01f1efe4      0x1ec uspi/libuspi.a(dwhcidevice.o)
                0x01f1efe4                DWHCIDeviceTransferStageAsync
 .text.DWHCIDeviceSubmitAsyncRequest
                0x01f1f1d0       0x44 uspi/libuspi.a(dwhcidevice.o)
                0x01f1f1d0                DWHCIDeviceSubmitAsyncRequest
 .text.DWHCIDeviceTransferStage
                0x01f1f214       0x70 uspi/libuspi.a(dwhcidevice.o)
                0x01f1f214                DWHCIDeviceTransferStage
 .text.DWHCIDeviceSubmitBlockingRequest
                0x01f1f284      0x360 uspi/libuspi.a(dwhcidevice.o)
                0x01f1f284                DWHCIDeviceSubmitBlockingRequest
 .text.DWHCIDeviceControlMessage
                0x01f1f5e4       0xa0 uspi/libuspi.a(dwhcidevice.o)
                0x01f1f5e4                DWHCIDeviceControlMessage
 .text.DWHCIDeviceTransfer
                0x01f1f684       0x58 uspi/libuspi.a(dwhcidevice.o)
                0x01f1f684                DWHCIDeviceTransfer
 .text.DWHCIDeviceGetDescriptor
                0x01f1f6dc       0xac uspi/libuspi.a(dwhcidevice.o)
                0x01f1f6dc                DWHCIDeviceGetDescriptor
 .text.DWHCIDeviceSetAddress
                0x01f1f788       0xc4 uspi/libuspi.a(dwhcidevice.o)
                0x01f1f788                DWHCIDeviceSetAddress
 .text.DWHCIDeviceSetConfiguration
                0x01f1f84c       0xc4 uspi/libuspi.a(dwhcidevice.o)
                0x01f1f84c                DWHCIDeviceSetConfiguration
 .text.DWHCIDeviceChannelInterruptHandler
                0x01f1f910      0x4d8 uspi/libuspi.a(dwhcidevice.o)
                0x01f1f910                DWHCIDeviceChannelInterruptHandler
 .text.DWHCIDeviceInterruptHandler
                0x01f1fde8       0xf8 uspi/libuspi.a(dwhcidevice.o)
                0x01f1fde8                DWHCIDeviceInterruptHandler
 .text.DWHCIDeviceAllocateChannel
                0x01f1fee0       0x74 uspi/libuspi.a(dwhcidevice.o)
                0x01f1fee0                DWHCIDeviceAllocateChannel
 .text.DWHCIDeviceFreeChannel
                0x01f1ff54       0x28 uspi/libuspi.a(dwhcidevice.o)
                0x01f1ff54                DWHCIDeviceFreeChannel
 .text.DWHCIDeviceWaitForBit
                0x01f1ff7c       0x5c uspi/libuspi.a(dwhcidevice.o)
                0x01f1ff7c                DWHCIDeviceWaitForBit
 .text.DWHCIDeviceGetPortSpeed
                0x01f1ffd8       0x4c uspi/libuspi.a(dwhcidevice.o)
                0x01f1ffd8                DWHCIDeviceGetPortSpeed
 .text.DWHCIDeviceOvercurrentDetected
                0x01f20024       0x4c uspi/libuspi.a(dwhcidevice.o)
                0x01f20024                DWHCIDeviceOvercurrentDetected
 .text.DWHCIDeviceDisableRootPort
                0x01f20070       0x44 uspi/libuspi.a(dwhcidevice.o)
                0x01f20070                DWHCIDeviceDisableRootPort
 .text          0x01f200b4        0x0 uspi/libuspi.a(dwhciregister.o)
 .text.DWHCIRegister
                0x01f200b4       0x10 uspi/libuspi.a(dwhciregister.o)
                0x01f200b4                DWHCIRegister
 .text.DWHCIRegister2
                0x01f200c4       0x10 uspi/libuspi.a(dwhciregister.o)
                0x01f200c4                DWHCIRegister2
 .text._DWHCIRegister
                0x01f200d4        0xc uspi/libuspi.a(dwhciregister.o)
                0x01f200d4                _DWHCIRegister
 .text.DWHCIRegisterRead
                0x01f200e0       0x1c uspi/libuspi.a(dwhciregister.o)
                0x01f200e0                DWHCIRegisterRead
 .text.DWHCIRegisterWrite
                0x01f200fc       0x10 uspi/libuspi.a(dwhciregister.o)
                0x01f200fc                DWHCIRegisterWrite
 .text.DWHCIRegisterGet
                0x01f2010c        0x8 uspi/libuspi.a(dwhciregister.o)
                0x01f2010c                DWHCIRegisterGet
 .text.DWHCIRegisterSet
                0x01f20114       0x10 uspi/libuspi.a(dwhciregister.o)
                0x01f20114                DWHCIRegisterSet
 .text.DWHCIRegisterIsSet
                0x01f20124       0x14 uspi/libuspi.a(dwhciregister.o)
                0x01f20124                DWHCIRegisterIsSet
 .text.DWHCIRegisterAnd
                0x01f20138       0x10 uspi/libuspi.a(dwhciregister.o)
                0x01f20138                DWHCIRegisterAnd
 .text.DWHCIRegisterOr
                0x01f20148       0x10 uspi/libuspi.a(dwhciregister.o)
                0x01f20148                DWHCIRegisterOr
 .text.DWHCIRegisterClearBit
                0x01f20158       0x14 uspi/libuspi.a(dwhciregister.o)
                0x01f20158                DWHCIRegisterClearBit
 .text.DWHCIRegisterSetBit
                0x01f2016c       0x14 uspi/libuspi.a(dwhciregister.o)
                0x01f2016c                DWHCIRegisterSetBit
 .text.DWHCIRegisterClearAll
                0x01f20180       0x14 uspi/libuspi.a(dwhciregister.o)
                0x01f20180                DWHCIRegisterClearAll
 .text.DWHCIRegisterSetAll
                0x01f20194       0x14 uspi/libuspi.a(dwhciregister.o)
                0x01f20194                DWHCIRegisterSetAll
 .text          0x01f201a8        0x0 uspi/libuspi.a(dwhcixferstagedata.o)
 .text.DWHCITransferStageData
                0x01f201a8      0x1d0 uspi/libuspi.a(dwhcixferstagedata.o)
                0x01f201a8                DWHCITransferStageData
 .text._DWHCITransferStageData
                0x01f20378       0x5c uspi/libuspi.a(dwhcixferstagedata.o)
                0x01f20378                _DWHCITransferStageData
 .text.DWHCITransferStageDataTransactionComplete
                0x01f203d4       0xf0 uspi/libuspi.a(dwhcixferstagedata.o)
                0x01f203d4                DWHCITransferStageDataTransactionComplete
 .text.DWHCITransferStageDataSetSplitComplete
                0x01f204c4        0x8 uspi/libuspi.a(dwhcixferstagedata.o)
                0x01f204c4                DWHCITransferStageDataSetSplitComplete
 .text.DWHCITransferStageDataSetState
                0x01f204cc        0x8 uspi/libuspi.a(dwhcixferstagedata.o)
                0x01f204cc                DWHCITransferStageDataSetState
 .text.DWHCITransferStageDataGetState
                0x01f204d4        0x8 uspi/libuspi.a(dwhcixferstagedata.o)
                0x01f204d4                DWHCITransferStageDataGetState
 .text.DWHCITransferStageDataSetSubState
                0x01f204dc        0x8 uspi/libuspi.a(dwhcixferstagedata.o)
                0x01f204dc                DWHCITransferStageDataSetSubState
 .text.DWHCITransferStageDataGetSubState
                0x01f204e4        0x8 uspi/libuspi.a(dwhcixferstagedata.o)
                0x01f204e4                DWHCITransferStageDataGetSubState
 .text.DWHCITransferStageDataBeginSplitCycle
                0x01f204ec        0x8 uspi/libuspi.a(dwhcixferstagedata.o)
                0x01f204ec                DWHCITransferStageDataBeginSplitCycle
 .text.DWHCITransferStageDataGetChannelNumber
                0x01f204f4        0x8 uspi/libuspi.a(dwhcixferstagedata.o)
                0x01f204f4                DWHCITransferStageDataGetChannelNumber
 .text.DWHCITransferStageDataIsPeriodic
                0x01f204fc       0x24 uspi/libuspi.a(dwhcixferstagedata.o)
                0x01f204fc                DWHCITransferStageDataIsPeriodic
 .text.DWHCITransferStageDataGetDeviceAddress
                0x01f20520        0x8 uspi/libuspi.a(dwhcixferstagedata.o)
                0x01f20520                DWHCITransferStageDataGetDeviceAddress
 .text.DWHCITransferStageDataGetEndpointType
                0x01f20528       0x2c uspi/libuspi.a(dwhcixferstagedata.o)
                0x01f20528                DWHCITransferStageDataGetEndpointType
 .text.DWHCITransferStageDataGetEndpointNumber
                0x01f20554        0x8 uspi/libuspi.a(dwhcixferstagedata.o)
                0x01f20554                DWHCITransferStageDataGetEndpointNumber
 .text.DWHCITransferStageDataGetMaxPacketSize
                0x01f2055c        0x8 uspi/libuspi.a(dwhcixferstagedata.o)
                0x01f2055c                DWHCITransferStageDataGetMaxPacketSize
 .text.DWHCITransferStageDataGetSpeed
                0x01f20564        0x8 uspi/libuspi.a(dwhcixferstagedata.o)
                0x01f20564                DWHCITransferStageDataGetSpeed
 .text.DWHCITransferStageDataGetPID
                0x01f2056c       0x30 uspi/libuspi.a(dwhcixferstagedata.o)
                0x01f2056c                DWHCITransferStageDataGetPID
 .text.DWHCITransferStageDataIsDirectionIn
                0x01f2059c        0x8 uspi/libuspi.a(dwhcixferstagedata.o)
                0x01f2059c                DWHCITransferStageDataIsDirectionIn
 .text.DWHCITransferStageDataIsStatusStage
                0x01f205a4        0x8 uspi/libuspi.a(dwhcixferstagedata.o)
                0x01f205a4                DWHCITransferStageDataIsStatusStage
 .text.DWHCITransferStageDataGetDMAAddress
                0x01f205ac        0x8 uspi/libuspi.a(dwhcixferstagedata.o)
                0x01f205ac                DWHCITransferStageDataGetDMAAddress
 .text.DWHCITransferStageDataGetBytesToTransfer
                0x01f205b4        0x8 uspi/libuspi.a(dwhcixferstagedata.o)
                0x01f205b4                DWHCITransferStageDataGetBytesToTransfer
 .text.DWHCITransferStageDataGetPacketsToTransfer
                0x01f205bc        0x8 uspi/libuspi.a(dwhcixferstagedata.o)
                0x01f205bc                DWHCITransferStageDataGetPacketsToTransfer
 .text.DWHCITransferStageDataIsSplit
                0x01f205c4        0x8 uspi/libuspi.a(dwhcixferstagedata.o)
                0x01f205c4                DWHCITransferStageDataIsSplit
 .text.DWHCITransferStageDataIsSplitComplete
                0x01f205cc        0x8 uspi/libuspi.a(dwhcixferstagedata.o)
                0x01f205cc                DWHCITransferStageDataIsSplitComplete
 .text.DWHCITransferStageDataGetHubAddress
                0x01f205d4        0x8 uspi/libuspi.a(dwhcixferstagedata.o)
                0x01f205d4                DWHCITransferStageDataGetHubAddress
 .text.DWHCITransferStageDataGetHubPortAddress
                0x01f205dc        0x8 uspi/libuspi.a(dwhcixferstagedata.o)
                0x01f205dc                DWHCITransferStageDataGetHubPortAddress
 .text.DWHCITransferStageDataGetSplitPosition
                0x01f205e4        0x8 uspi/libuspi.a(dwhcixferstagedata.o)
                0x01f205e4                DWHCITransferStageDataGetSplitPosition
 .text.DWHCITransferStageDataGetStatusMask
                0x01f205ec       0x38 uspi/libuspi.a(dwhcixferstagedata.o)
                0x01f205ec                DWHCITransferStageDataGetStatusMask
 .text.DWHCITransferStageDataGetTransactionStatus
                0x01f20624        0x8 uspi/libuspi.a(dwhcixferstagedata.o)
                0x01f20624                DWHCITransferStageDataGetTransactionStatus
 .text.DWHCITransferStageDataIsStageComplete
                0x01f2062c       0x10 uspi/libuspi.a(dwhcixferstagedata.o)
                0x01f2062c                DWHCITransferStageDataIsStageComplete
 .text.DWHCITransferStageDataGetResultLen
                0x01f2063c       0x14 uspi/libuspi.a(dwhcixferstagedata.o)
                0x01f2063c                DWHCITransferStageDataGetResultLen
 .text.DWHCITransferStageDataGetURB
                0x01f20650        0x8 uspi/libuspi.a(dwhcixferstagedata.o)
                0x01f20650                DWHCITransferStageDataGetURB
 .text.DWHCITransferStageDataGetFrameScheduler
                0x01f20658        0x8 uspi/libuspi.a(dwhcixferstagedata.o)
                0x01f20658                DWHCITransferStageDataGetFrameScheduler
 .text          0x01f20660        0x0 uspi/libuspi.a(usbdevice.o)
 .text.USBDeviceConfigure
                0x01f20660       0x64 uspi/libuspi.a(usbdevice.o)
                0x01f20660                USBDeviceConfigure
 .text.USBDevice
                0x01f206c4       0x70 uspi/libuspi.a(usbdevice.o)
                0x01f206c4                USBDevice
 .text.USBDeviceCopy
                0x01f20734       0xf4 uspi/libuspi.a(usbdevice.o)
                0x01f20734                USBDeviceCopy
 .text._USBDevice
                0x01f20828       0x98 uspi/libuspi.a(usbdevice.o)
                0x01f20828                _USBDevice
 .text.USBDeviceInitialize
                0x01f208c0      0x304 uspi/libuspi.a(usbdevice.o)
                0x01f208c0                USBDeviceInitialize
 .text.USBDeviceGetName
                0x01f20bc4       0xf4 uspi/libuspi.a(usbdevice.o)
                0x01f20bc4                USBDeviceGetName
 .text.USBDeviceGetAddress
                0x01f20cb8        0x8 uspi/libuspi.a(usbdevice.o)
                0x01f20cb8                USBDeviceGetAddress
 .text.USBDeviceGetSpeed
                0x01f20cc0        0x8 uspi/libuspi.a(usbdevice.o)
                0x01f20cc0                USBDeviceGetSpeed
 .text.USBDeviceGetHubAddress
                0x01f20cc8        0x8 uspi/libuspi.a(usbdevice.o)
                0x01f20cc8                USBDeviceGetHubAddress
 .text.USBDeviceGetHubPortNumber
                0x01f20cd0        0x8 uspi/libuspi.a(usbdevice.o)
                0x01f20cd0                USBDeviceGetHubPortNumber
 .text.USBDeviceGetEndpoint0
                0x01f20cd8        0x8 uspi/libuspi.a(usbdevice.o)
                0x01f20cd8                USBDeviceGetEndpoint0
 .text.USBDeviceGetHost
                0x01f20ce0        0x8 uspi/libuspi.a(usbdevice.o)
                0x01f20ce0                USBDeviceGetHost
 .text.USBDeviceGetDeviceDescriptor
                0x01f20ce8        0x8 uspi/libuspi.a(usbdevice.o)
                0x01f20ce8                USBDeviceGetDeviceDescriptor
 .text.USBDeviceGetConfigurationDescriptor
                0x01f20cf0        0x8 uspi/libuspi.a(usbdevice.o)
                0x01f20cf0                USBDeviceGetConfigurationDescriptor
 .text.USBDeviceGetDescriptor
                0x01f20cf8        0x8 uspi/libuspi.a(usbdevice.o)
                0x01f20cf8                USBDeviceGetDescriptor
 .text.USBDeviceConfigurationError
                0x01f20d00        0x8 uspi/libuspi.a(usbdevice.o)
                0x01f20d00                USBDeviceConfigurationError
 .text.USBDeviceSetAddress
                0x01f20d08        0x8 uspi/libuspi.a(usbdevice.o)
                0x01f20d08                USBDeviceSetAddress
 .text          0x01f20d10        0x0 uspi/libuspi.a(usbendpoint.o)
 .text.USBEndpoint
                0x01f20d10       0x2c uspi/libuspi.a(usbendpoint.o)
                0x01f20d10                USBEndpoint
 .text.USBEndpoint2
                0x01f20d3c       0xf8 uspi/libuspi.a(usbendpoint.o)
                0x01f20d3c                USBEndpoint2
 .text.USBEndpointCopy
                0x01f20e34       0x3c uspi/libuspi.a(usbendpoint.o)
                0x01f20e34                USBEndpointCopy
 .text._USBEndpoint
                0x01f20e70        0xc uspi/libuspi.a(usbendpoint.o)
                0x01f20e70                _USBEndpoint
 .text.USBEndpointGetDevice
                0x01f20e7c        0x8 uspi/libuspi.a(usbendpoint.o)
                0x01f20e7c                USBEndpointGetDevice
 .text.USBEndpointGetNumber
                0x01f20e84        0x8 uspi/libuspi.a(usbendpoint.o)
                0x01f20e84                USBEndpointGetNumber
 .text.USBEndpointGetType
                0x01f20e8c        0x8 uspi/libuspi.a(usbendpoint.o)
                0x01f20e8c                USBEndpointGetType
 .text.USBEndpointIsDirectionIn
                0x01f20e94        0x8 uspi/libuspi.a(usbendpoint.o)
                0x01f20e94                USBEndpointIsDirectionIn
 .text.USBEndpointSetMaxPacketSize
                0x01f20e9c        0x8 uspi/libuspi.a(usbendpoint.o)
                0x01f20e9c                USBEndpointSetMaxPacketSize
 .text.USBEndpointGetMaxPacketSize
                0x01f20ea4        0x8 uspi/libuspi.a(usbendpoint.o)
                0x01f20ea4                USBEndpointGetMaxPacketSize
 .text.USBEndpointGetInterval
                0x01f20eac        0x8 uspi/libuspi.a(usbendpoint.o)
                0x01f20eac                USBEndpointGetInterval
 .text.USBEndpointGetNextPID
                0x01f20eb4       0x10 uspi/libuspi.a(usbendpoint.o)
                0x01f20eb4                USBEndpointGetNextPID
 .text.USBEndpointSkipPID
                0x01f20ec4       0x54 uspi/libuspi.a(usbendpoint.o)
                0x01f20ec4                USBEndpointSkipPID
 .text.USBEndpointResetPID
                0x01f20f18        0xc uspi/libuspi.a(usbendpoint.o)
                0x01f20f18                USBEndpointResetPID
 .text          0x01f20f24        0x0 uspi/libuspi.a(usbrequest.o)
 .text.USBRequest
                0x01f20f24       0x34 uspi/libuspi.a(usbrequest.o)
                0x01f20f24                USBRequest
 .text._USBRequest
                0x01f20f58       0x18 uspi/libuspi.a(usbrequest.o)
                0x01f20f58                _USBRequest
 .text.USBRequestGetEndpoint
                0x01f20f70        0x8 uspi/libuspi.a(usbrequest.o)
                0x01f20f70                USBRequestGetEndpoint
 .text.USBRequestSetStatus
                0x01f20f78        0x8 uspi/libuspi.a(usbrequest.o)
                0x01f20f78                USBRequestSetStatus
 .text.USBRequestSetResultLen
                0x01f20f80        0x8 uspi/libuspi.a(usbrequest.o)
                0x01f20f80                USBRequestSetResultLen
 .text.USBRequestGetStatus
                0x01f20f88        0x8 uspi/libuspi.a(usbrequest.o)
                0x01f20f88                USBRequestGetStatus
 .text.USBRequestGetResultLength
                0x01f20f90        0x8 uspi/libuspi.a(usbrequest.o)
                0x01f20f90                USBRequestGetResultLength
 .text.USBRequestGetSetupData
                0x01f20f98        0x8 uspi/libuspi.a(usbrequest.o)
                0x01f20f98                USBRequestGetSetupData
 .text.USBRequestGetBuffer
                0x01f20fa0        0x8 uspi/libuspi.a(usbrequest.o)
                0x01f20fa0                USBRequestGetBuffer
 .text.USBRequestGetBufLen
                0x01f20fa8        0x8 uspi/libuspi.a(usbrequest.o)
                0x01f20fa8                USBRequestGetBufLen
 .text.USBRequestSetCompletionRoutine
                0x01f20fb0       0x10 uspi/libuspi.a(usbrequest.o)
                0x01f20fb0                USBRequestSetCompletionRoutine
 .text.USBRequestCallCompletionRoutine
                0x01f20fc0       0x1c uspi/libuspi.a(usbrequest.o)
                0x01f20fc0                USBRequestCallCompletionRoutine
 .text          0x01f20fdc        0x0 uspi/libuspi.a(devicenameservice.o)
 .text.DeviceNameService
                0x01f20fdc       0x18 uspi/libuspi.a(devicenameservice.o)
                0x01f20fdc                DeviceNameService
 .text._DeviceNameService
                0x01f20ff4       0x58 uspi/libuspi.a(devicenameservice.o)
                0x01f20ff4                _DeviceNameService
 .text.DeviceNameServiceAddDevice
                0x01f2104c       0x54 uspi/libuspi.a(devicenameservice.o)
                0x01f2104c                DeviceNameServiceAddDevice
 .text.DeviceNameServiceGetDevice
                0x01f210a0       0x54 uspi/libuspi.a(devicenameservice.o)
                0x01f210a0                DeviceNameServiceGetDevice
 .text.DeviceNameServiceGet
                0x01f210f4       0x10 uspi/libuspi.a(devicenameservice.o)
                0x01f210f4                DeviceNameServiceGet
 .text          0x01f21104        0x0 uspi/libuspi.a(macaddress.o)
 .text.MACAddress
                0x01f21104        0xc uspi/libuspi.a(macaddress.o)
                0x01f21104                MACAddress
 .text.MACAddress2
                0x01f21110       0x20 uspi/libuspi.a(macaddress.o)
                0x01f21110                MACAddress2
 .text._MACAddress
                0x01f21130        0xc uspi/libuspi.a(macaddress.o)
                0x01f21130                _MACAddress
 .text.MACAddressIsEqual
                0x01f2113c       0x20 uspi/libuspi.a(macaddress.o)
                0x01f2113c                MACAddressIsEqual
 .text.MACAddressSet
                0x01f2115c       0x20 uspi/libuspi.a(macaddress.o)
                0x01f2115c                MACAddressSet
 .text.MACAddressSetBroadcast
                0x01f2117c       0x24 uspi/libuspi.a(macaddress.o)
                0x01f2117c                MACAddressSetBroadcast
 .text.MACAddressGet
                0x01f211a0        0x8 uspi/libuspi.a(macaddress.o)
                0x01f211a0                MACAddressGet
 .text.MACAddressCopyTo
                0x01f211a8       0x14 uspi/libuspi.a(macaddress.o)
                0x01f211a8                MACAddressCopyTo
 .text.MACAddressIsBroadcast
                0x01f211bc       0x58 uspi/libuspi.a(macaddress.o)
                0x01f211bc                MACAddressIsBroadcast
 .text.MACAddressGetSize
                0x01f21214        0x8 uspi/libuspi.a(macaddress.o)
                0x01f21214                MACAddressGetSize
 .text.MACAddressFormat
                0x01f2121c       0x48 uspi/libuspi.a(macaddress.o)
                0x01f2121c                MACAddressFormat
 .text          0x01f21264        0x0 uspi/libuspi.a(smsc951x.o)
 .text.SMSC951xDevice
                0x01f21264       0x38 uspi/libuspi.a(smsc951x.o)
                0x01f21264                SMSC951xDevice
 .text._SMSC951xDevice
                0x01f2129c       0x6c uspi/libuspi.a(smsc951x.o)
                0x01f2129c                _SMSC951xDevice
 .text.SMSC951xDeviceGetMACAddress
                0x01f21308        0x8 uspi/libuspi.a(smsc951x.o)
                0x01f21308                SMSC951xDeviceGetMACAddress
 .text.SMSC951xDeviceSendFrame
                0x01f21310       0x5c uspi/libuspi.a(smsc951x.o)
                0x01f21310                SMSC951xDeviceSendFrame
 .text.SMSC951xDeviceReceiveFrame
                0x01f2136c       0xe8 uspi/libuspi.a(smsc951x.o)
                0x01f2136c                SMSC951xDeviceReceiveFrame
 .text.SMSC951xDeviceWriteReg
                0x01f21454       0x68 uspi/libuspi.a(smsc951x.o)
                0x01f21454                SMSC951xDeviceWriteReg
 .text.SMSC951xDeviceConfigure
                0x01f214bc      0x378 uspi/libuspi.a(smsc951x.o)
                0x01f214bc                SMSC951xDeviceConfigure
 .text.SMSC951xDeviceReadReg
                0x01f21834       0x68 uspi/libuspi.a(smsc951x.o)
                0x01f21834                SMSC951xDeviceReadReg
 .text          0x01f2189c        0x0 uspi/libuspi.a(lan7800.o)
 .text.LAN7800Device
                0x01f2189c       0x38 uspi/libuspi.a(lan7800.o)
                0x01f2189c                LAN7800Device
 .text._LAN7800Device
                0x01f218d4       0x6c uspi/libuspi.a(lan7800.o)
                0x01f218d4                _LAN7800Device
 .text.LAN7800DeviceGetMACAddress
                0x01f21940        0x8 uspi/libuspi.a(lan7800.o)
                0x01f21940                LAN7800DeviceGetMACAddress
 .text.LAN7800DeviceSendFrame
                0x01f21948       0x60 uspi/libuspi.a(lan7800.o)
                0x01f21948                LAN7800DeviceSendFrame
 .text.LAN7800DeviceReceiveFrame
                0x01f219a8       0xdc uspi/libuspi.a(lan7800.o)
                0x01f219a8                LAN7800DeviceReceiveFrame
 .text.LAN7800DeviceIsLinkUp
                0x01f21a84      0x210 uspi/libuspi.a(lan7800.o)
                0x01f21a84                LAN7800DeviceIsLinkUp
 .text.LAN7800DeviceInitMACAddress
                0x01f21c94      0x1ec uspi/libuspi.a(lan7800.o)
                0x01f21c94                LAN7800DeviceInitMACAddress
 .text.LAN7800DeviceInitPHY
                0x01f21e80      0x3d8 uspi/libuspi.a(lan7800.o)
                0x01f21e80                LAN7800DeviceInitPHY
 .text.LAN7800DevicePHYWrite
                0x01f22258      0x218 uspi/libuspi.a(lan7800.o)
                0x01f22258                LAN7800DevicePHYWrite
 .text.LAN7800DevicePHYRead
                0x01f22470      0x218 uspi/libuspi.a(lan7800.o)
                0x01f22470                LAN7800DevicePHYRead
 .text.LAN7800DeviceWaitReg
                0x01f22688       0xc0 uspi/libuspi.a(lan7800.o)
                0x01f22688                LAN7800DeviceWaitReg
 .text.LAN7800DeviceReadWriteReg
                0x01f22748      0x100 uspi/libuspi.a(lan7800.o)
                0x01f22748                LAN7800DeviceReadWriteReg
 .text.LAN7800DeviceWriteReg
                0x01f22848       0x94 uspi/libuspi.a(lan7800.o)
                0x01f22848                LAN7800DeviceWriteReg
 .text.LAN7800DeviceConfigure
                0x01f228dc      0x4f0 uspi/libuspi.a(lan7800.o)
                0x01f228dc                LAN7800DeviceConfigure
 .text.LAN7800DeviceReadReg
                0x01f22dcc       0x88 uspi/libuspi.a(lan7800.o)
                0x01f22dcc                LAN7800DeviceReadReg
 .text          0x01f22e54        0x0 uspi/libuspi.a(string.o)
 .text.String   0x01f22e54       0x10 uspi/libuspi.a(string.o)
                0x01f22e54                String
 .text.String2  0x01f22e64       0x34 uspi/libuspi.a(string.o)
                0x01f22e64                String2
 .text._String  0x01f22e98       0x28 uspi/libuspi.a(string.o)
                0x01f22e98                _String
 .text.StringGet
                0x01f22ec0       0x18 uspi/libuspi.a(string.o)
                0x01f22ec0                StringGet
 .text.StringSet
                0x01f22ed8       0x48 uspi/libuspi.a(string.o)
                0x01f22ed8                StringSet
 .text.StringGetLength
                0x01f22f20       0x10 uspi/libuspi.a(string.o)
                0x01f22f20                StringGetLength
 .text.StringAppend
                0x01f22f30       0x7c uspi/libuspi.a(string.o)
                0x01f22f30                StringAppend
 .text.StringCompare
                0x01f22fac        0x8 uspi/libuspi.a(string.o)
                0x01f22fac                StringCompare
 .text.StringFind
                0x01f22fb4       0x44 uspi/libuspi.a(string.o)
                0x01f22fb4                StringFind
 .text.StringFormatV
                0x01f22ff8      0xe40 uspi/libuspi.a(string.o)
                0x01f22ff8                StringFormatV
 .text.StringFormat
                0x01f23e38       0x30 uspi/libuspi.a(string.o)
                0x01f23e38                StringFormat
 .text.StringPutChar
                0x01f23e68       0x98 uspi/libuspi.a(string.o)
                0x01f23e68                StringPutChar
 .text.StringPutString
                0x01f23f00       0x94 uspi/libuspi.a(string.o)
                0x01f23f00                StringPutString
 .text.StringReserveSpace
                0x01f23f94       0x68 uspi/libuspi.a(string.o)
                0x01f23f94                StringReserveSpace
 .text.ntoa     0x01f23ffc       0x84 uspi/libuspi.a(string.o)
                0x01f23ffc                ntoa
 .text          0x01f24080        0x0 uspi/libuspi.a(util.o)
 .text.uspi_memset
                0x01f24080      0x174 uspi/libuspi.a(util.o)
                0x01f24080                uspi_memset
 .text.uspi_memcpy
                0x01f241f4      0x36c uspi/libuspi.a(util.o)
                0x01f241f4                uspi_memcpy
 .text.uspi_memcmp
                0x01f24560       0x5c uspi/libuspi.a(util.o)
                0x01f24560                uspi_memcmp
 .text.uspi_strlen
                0x01f245bc       0x28 uspi/libuspi.a(util.o)
                0x01f245bc                uspi_strlen
 .text.uspi_strcmp
                0x01f245e4       0x74 uspi/libuspi.a(util.o)
                0x01f245e4                uspi_strcmp
 .text.uspi_strcpy
                0x01f24658       0x2c uspi/libuspi.a(util.o)
                0x01f24658                uspi_strcpy
 .text.uspi_strncpy
                0x01f24684       0x50 uspi/libuspi.a(util.o)
                0x01f24684                uspi_strncpy
 .text.uspi_strcat
                0x01f246d4       0x44 uspi/libuspi.a(util.o)
                0x01f246d4                uspi_strcat
 .text.uspi_char2int
                0x01f24718        0x4 uspi/libuspi.a(util.o)
                0x01f24718                uspi_char2int
 .text.uspi_le2be16
                0x01f2471c        0xc uspi/libuspi.a(util.o)
                0x01f2471c                uspi_le2be16
 .text.uspi_le2be32
                0x01f24728        0x8 uspi/libuspi.a(util.o)
                0x01f24728                uspi_le2be32
 .text          0x01f24730        0x0 uspi/libuspi.a(usbmassdevice.o)
 .text.USBBulkOnlyMassStorageDevice
                0x01f24730       0x38 uspi/libuspi.a(usbmassdevice.o)
                0x01f24730                USBBulkOnlyMassStorageDevice
 .text._USBBulkOnlyMassStorageDevice
                0x01f24768       0x54 uspi/libuspi.a(usbmassdevice.o)
                0x01f24768                _USBBulkOnlyMassStorageDevice
 .text.USBBulkOnlyMassStorageDeviceSeek
                0x01f247bc       0x10 uspi/libuspi.a(usbmassdevice.o)
                0x01f247bc                USBBulkOnlyMassStorageDeviceSeek
 .text.USBBulkOnlyMassStorageDeviceGetCapacity
                0x01f247cc        0x8 uspi/libuspi.a(usbmassdevice.o)
                0x01f247cc                USBBulkOnlyMassStorageDeviceGetCapacity
 .text.USBBulkOnlyMassStorageDeviceTryRead
                0x01f247d4      0x280 uspi/libuspi.a(usbmassdevice.o)
                0x01f247d4                USBBulkOnlyMassStorageDeviceTryRead
 .text.USBBulkOnlyMassStorageDeviceTryWrite
                0x01f24a54      0x264 uspi/libuspi.a(usbmassdevice.o)
                0x01f24a54                USBBulkOnlyMassStorageDeviceTryWrite
 .text.USBBulkOnlyMassStorageDeviceCommand
                0x01f24cb8      0x18c uspi/libuspi.a(usbmassdevice.o)
                0x01f24cb8                USBBulkOnlyMassStorageDeviceCommand
 .text.USBBulkOnlyMassStorageDeviceConfigure
                0x01f24e44      0x45c uspi/libuspi.a(usbmassdevice.o)
                0x01f24e44                USBBulkOnlyMassStorageDeviceConfigure
 .text.USBBulkOnlyMassStorageDeviceReset
                0x01f252a0      0x104 uspi/libuspi.a(usbmassdevice.o)
                0x01f252a0                USBBulkOnlyMassStorageDeviceReset
 .text.USBBulkOnlyMassStorageDeviceRead
                0x01f253a4      0x2a4 uspi/libuspi.a(usbmassdevice.o)
                0x01f253a4                USBBulkOnlyMassStorageDeviceRead
 .text.USBBulkOnlyMassStorageDeviceWrite
                0x01f25648      0x294 uspi/libuspi.a(usbmassdevice.o)
                0x01f25648                USBBulkOnlyMassStorageDeviceWrite
 .text          0x01f258dc        0x0 uspi/libuspi.a(dwhciframeschednper.o)
 .text._DWHCIFrameSchedulerNonPeriodic
                0x01f258dc        0xc uspi/libuspi.a(dwhciframeschednper.o)
                0x01f258dc                _DWHCIFrameSchedulerNonPeriodic
 .text.DWHCIFrameSchedulerNonPeriodicStartSplit
                0x01f258e8        0xc uspi/libuspi.a(dwhciframeschednper.o)
                0x01f258e8                DWHCIFrameSchedulerNonPeriodicStartSplit
 .text.DWHCIFrameSchedulerNonPeriodicWaitForFrame
                0x01f258f4        0x4 uspi/libuspi.a(dwhciframeschednper.o)
                0x01f258f4                DWHCIFrameSchedulerNonPeriodicWaitForFrame
 .text.DWHCIFrameSchedulerNonPeriodicIsOddFrame
                0x01f258f8        0x8 uspi/libuspi.a(dwhciframeschednper.o)
                0x01f258f8                DWHCIFrameSchedulerNonPeriodicIsOddFrame
 .text.DWHCIFrameSchedulerNonPeriodicCompleteSplit
                0x01f25900       0x54 uspi/libuspi.a(dwhciframeschednper.o)
                0x01f25900                DWHCIFrameSchedulerNonPeriodicCompleteSplit
 .text.DWHCIFrameSchedulerNonPeriodicTransactionComplete
                0x01f25954       0xc0 uspi/libuspi.a(dwhciframeschednper.o)
                0x01f25954                DWHCIFrameSchedulerNonPeriodicTransactionComplete
 .text.DWHCIFrameSchedulerNonPeriodic
                0x01f25a14       0x54 uspi/libuspi.a(dwhciframeschednper.o)
                0x01f25a14                DWHCIFrameSchedulerNonPeriodic
 .text          0x01f25a68        0x0 uspi/libuspi.a(dwhciframeschedper.o)
 .text._DWHCIFrameSchedulerPeriodic
                0x01f25a68        0xc uspi/libuspi.a(dwhciframeschedper.o)
                0x01f25a68                _DWHCIFrameSchedulerPeriodic
 .text.DWHCIFrameSchedulerPeriodicStartSplit
                0x01f25a74       0x14 uspi/libuspi.a(dwhciframeschedper.o)
                0x01f25a74                DWHCIFrameSchedulerPeriodicStartSplit
 .text.DWHCIFrameSchedulerPeriodicIsOddFrame
                0x01f25a88        0xc uspi/libuspi.a(dwhciframeschedper.o)
                0x01f25a88                DWHCIFrameSchedulerPeriodicIsOddFrame
 .text.DWHCIFrameSchedulerPeriodicWaitForFrame
                0x01f25a94       0x70 uspi/libuspi.a(dwhciframeschedper.o)
                0x01f25a94                DWHCIFrameSchedulerPeriodicWaitForFrame
 .text.DWHCIFrameSchedulerPeriodicCompleteSplit
                0x01f25b04       0x68 uspi/libuspi.a(dwhciframeschedper.o)
                0x01f25b04                DWHCIFrameSchedulerPeriodicCompleteSplit
 .text.DWHCIFrameSchedulerPeriodicTransactionComplete
                0x01f25b6c       0xb4 uspi/libuspi.a(dwhciframeschedper.o)
                0x01f25b6c                DWHCIFrameSchedulerPeriodicTransactionComplete
 .text.DWHCIFrameSchedulerPeriodic
                0x01f25c20       0x5c uspi/libuspi.a(dwhciframeschedper.o)
                0x01f25c20                DWHCIFrameSchedulerPeriodic
 .text          0x01f25c7c        0x0 uspi/libuspi.a(usbkeyboard.o)
 .text.USBKeyboardDeviceConfigure
                0x01f25c7c      0x2bc uspi/libuspi.a(usbkeyboard.o)
                0x01f25c7c                USBKeyboardDeviceConfigure
 .text.USBKeyboardDeviceCompletionRoutine
                0x01f25f38      0x208 uspi/libuspi.a(usbkeyboard.o)
 .text.USBKeyboardDevice
                0x01f26140       0x58 uspi/libuspi.a(usbkeyboard.o)
                0x01f26140                USBKeyboardDevice
 .text._CUSBKeyboardDevice
                0x01f26198       0x54 uspi/libuspi.a(usbkeyboard.o)
                0x01f26198                _CUSBKeyboardDevice
 .text.USBKeyboardDeviceRegisterKeyPressedHandler
                0x01f261ec        0x8 uspi/libuspi.a(usbkeyboard.o)
                0x01f261ec                USBKeyboardDeviceRegisterKeyPressedHandler
 .text.USBKeyboardDeviceRegisterSelectConsoleHandler
                0x01f261f4        0x8 uspi/libuspi.a(usbkeyboard.o)
                0x01f261f4                USBKeyboardDeviceRegisterSelectConsoleHandler
 .text.USBKeyboardDeviceRegisterShutdownHandler
                0x01f261fc        0x8 uspi/libuspi.a(usbkeyboard.o)
                0x01f261fc                USBKeyboardDeviceRegisterShutdownHandler
 .text.USBKeyboardDeviceRegisterKeyStatusHandlerRaw
                0x01f26204        0x8 uspi/libuspi.a(usbkeyboard.o)
                0x01f26204                USBKeyboardDeviceRegisterKeyStatusHandlerRaw
 .text          0x01f2620c        0x0 uspi/libuspi.a(dwhcirootport.o)
 .text.DWHCIRootPort
                0x01f2620c        0xc uspi/libuspi.a(dwhcirootport.o)
                0x01f2620c                DWHCIRootPort
 .text._DWHCIRootPort
                0x01f26218       0x34 uspi/libuspi.a(dwhcirootport.o)
                0x01f26218                _DWHCIRootPort
 .text.DWHCIRootPortInitialize
                0x01f2624c      0x1d0 uspi/libuspi.a(dwhcirootport.o)
                0x01f2624c                DWHCIRootPortInitialize
 .text          0x01f2641c        0x0 uspi/libuspi.a(usbmouse.o)
 .text.USBMouseDeviceConfigure
                0x01f2641c      0x2bc uspi/libuspi.a(usbmouse.o)
                0x01f2641c                USBMouseDeviceConfigure
 .text.USBMouseDeviceCompletionRoutine
                0x01f266d8       0xd4 uspi/libuspi.a(usbmouse.o)
 .text.USBMouseDevice
                0x01f267ac       0x3c uspi/libuspi.a(usbmouse.o)
                0x01f267ac                USBMouseDevice
 .text._CUSBMouseDevice
                0x01f267e8       0x4c uspi/libuspi.a(usbmouse.o)
                0x01f267e8                _CUSBMouseDevice
 .text.USBMouseDeviceRegisterStatusHandler
                0x01f26834        0x8 uspi/libuspi.a(usbmouse.o)
                0x01f26834                USBMouseDeviceRegisterStatusHandler
 .text          0x01f2683c        0x0 uspi/libuspi.a(dwhciframeschednsplit.o)
 .text.DWHCIFrameSchedulerNoSplitStartSplit
                0x01f2683c        0x4 uspi/libuspi.a(dwhciframeschednsplit.o)
                0x01f2683c                DWHCIFrameSchedulerNoSplitStartSplit
 .text.DWHCIFrameSchedulerNoSplitCompleteSplit
                0x01f26840        0x8 uspi/libuspi.a(dwhciframeschednsplit.o)
                0x01f26840                DWHCIFrameSchedulerNoSplitCompleteSplit
 .text.DWHCIFrameSchedulerNoSplitTransactionComplete
                0x01f26848        0x4 uspi/libuspi.a(dwhciframeschednsplit.o)
                0x01f26848                DWHCIFrameSchedulerNoSplitTransactionComplete
 .text.DWHCIFrameSchedulerNoSplitIsOddFrame
                0x01f2684c        0xc uspi/libuspi.a(dwhciframeschednsplit.o)
                0x01f2684c                DWHCIFrameSchedulerNoSplitIsOddFrame
 .text.DWHCIFrameSchedulerNoSplitWaitForFrame
                0x01f26858       0x64 uspi/libuspi.a(dwhciframeschednsplit.o)
                0x01f26858                DWHCIFrameSchedulerNoSplitWaitForFrame
 .text._DWHCIFrameSchedulerNoSplit
                0x01f268bc        0x4 uspi/libuspi.a(dwhciframeschednsplit.o)
                0x01f268bc                _DWHCIFrameSchedulerNoSplit
 .text.DWHCIFrameSchedulerNoSplit
                0x01f268c0       0x58 uspi/libuspi.a(dwhciframeschednsplit.o)
                0x01f268c0                DWHCIFrameSchedulerNoSplit
 .text          0x01f26918        0x0 uspi/libuspi.a(usbgamepad.o)
 .text.BitGetUnsigned
                0x01f26918      0x104 uspi/libuspi.a(usbgamepad.o)
 .text.USBGamePadDeviceDecodeReport
                0x01f26a1c      0x89c uspi/libuspi.a(usbgamepad.o)
 .text.USBGamePadDeviceConfigure
                0x01f272b8      0x434 uspi/libuspi.a(usbgamepad.o)
                0x01f272b8                USBGamePadDeviceConfigure
 .text.USBGamePadDeviceCompletionRoutine
                0x01f276ec       0xcc uspi/libuspi.a(usbgamepad.o)
 .text.USBGamePadDevice
                0x01f277b8       0x9c uspi/libuspi.a(usbgamepad.o)
                0x01f277b8                USBGamePadDevice
 .text._CUSBGamePadDevice
                0x01f27854       0x84 uspi/libuspi.a(usbgamepad.o)
                0x01f27854                _CUSBGamePadDevice
 .text.USBGamePadDeviceRegisterStatusHandler
                0x01f278d8        0x8 uspi/libuspi.a(usbgamepad.o)
                0x01f278d8                USBGamePadDeviceRegisterStatusHandler
 .text.USBGamePadDeviceGetReport
                0x01f278e0       0x70 uspi/libuspi.a(usbgamepad.o)
                0x01f278e0                USBGamePadDeviceGetReport
 .text          0x01f27950        0x0 uspi/libuspi.a(synchronize.o)
 .text.uspi_EnterCritical
                0x01f27950       0x3c uspi/libuspi.a(synchronize.o)
                0x01f27950                uspi_EnterCritical
 .text.uspi_LeaveCritical
                0x01f2798c       0x3c uspi/libuspi.a(synchronize.o)
                0x01f2798c                uspi_LeaveCritical
 .text.uspi_CleanAndInvalidateDataCacheRange
                0x01f279c8       0x30 uspi/libuspi.a(synchronize.o)
                0x01f279c8                uspi_CleanAndInvalidateDataCacheRange
 .text          0x01f279f8        0x0 uspi/libuspi.a(usbstring.o)
 .text.USBString
                0x01f279f8       0x24 uspi/libuspi.a(usbstring.o)
                0x01f279f8                USBString
 .text.USBStringCopy
                0x01f27a1c       0x6c uspi/libuspi.a(usbstring.o)
                0x01f27a1c                USBStringCopy
 .text._USBString
                0x01f27a88       0x40 uspi/libuspi.a(usbstring.o)
                0x01f27a88                _USBString
 .text.USBStringGetFromDescriptor
                0x01f27ac8      0x474 uspi/libuspi.a(usbstring.o)
                0x01f27ac8                USBStringGetFromDescriptor
 .text.USBStringGet
                0x01f27f3c        0x8 uspi/libuspi.a(usbstring.o)
                0x01f27f3c                USBStringGet
 .text.USBStringGetLanguageID
                0x01f27f44      0x154 uspi/libuspi.a(usbstring.o)
                0x01f27f44                USBStringGetLanguageID
 .text          0x01f28098        0x0 uspi/libuspi.a(usbmidi.o)
 .text.USBMIDIDeviceConfigure
                0x01f28098      0x218 uspi/libuspi.a(usbmidi.o)
                0x01f28098                USBMIDIDeviceConfigure
 .text.USBMIDIDeviceCompletionRoutine
                0x01f282b0       0xfc uspi/libuspi.a(usbmidi.o)
 .text.USBMIDIDevice
                0x01f283ac       0x30 uspi/libuspi.a(usbmidi.o)
                0x01f283ac                USBMIDIDevice
 .text._CUSBMIDIDevice
                0x01f283dc       0x4c uspi/libuspi.a(usbmidi.o)
                0x01f283dc                _CUSBMIDIDevice
 .text.USBMIDIDeviceRegisterPacketHandler
                0x01f28428        0x8 uspi/libuspi.a(usbmidi.o)
                0x01f28428                USBMIDIDeviceRegisterPacketHandler
 .text          0x01f28430        0x0 uspi/libuspi.a(usbconfigparser.o)
 .text.USBConfigurationParser
                0x01f28430      0x110 uspi/libuspi.a(usbconfigparser.o)
                0x01f28430                USBConfigurationParser
 .text._USBConfigurationParser
                0x01f28540        0xc uspi/libuspi.a(usbconfigparser.o)
                0x01f28540                _USBConfigurationParser
 .text.USBConfigurationParserIsValid
                0x01f2854c        0x8 uspi/libuspi.a(usbconfigparser.o)
                0x01f2854c                USBConfigurationParserIsValid
 .text.USBConfigurationParserGetDescriptor
                0x01f28554       0xa4 uspi/libuspi.a(usbconfigparser.o)
                0x01f28554                USBConfigurationParserGetDescriptor
 .text.USBConfigurationParserError
                0x01f285f8       0x2c uspi/libuspi.a(usbconfigparser.o)
                0x01f285f8                USBConfigurationParserError
 .text          0x01f28624        0x0 uspi/libuspi.a(usbdevicefactory.o)
 .text.GetDevice
                0x01f28624      0x1d0 uspi/libuspi.a(usbdevicefactory.o)
                0x01f28624                GetDevice
 .text.USBDeviceFactoryGetDevice
                0x01f287f4      0x224 uspi/libuspi.a(usbdevicefactory.o)
                0x01f287f4                USBDeviceFactoryGetDevice
 .text          0x01f28a18        0x0 uspi/libuspi.a(usbstandardhub.o)
 .text.USBStandardHub
                0x01f28a18       0x68 uspi/libuspi.a(usbstandardhub.o)
                0x01f28a18                USBStandardHub
 .text._USBStandardHub
                0x01f28a80       0x8c uspi/libuspi.a(usbstandardhub.o)
                0x01f28a80                _USBStandardHub
 .text.USBStandardHubInitialize
                0x01f28b0c        0x4 uspi/libuspi.a(usbstandardhub.o)
                0x01f28b0c                USBStandardHubInitialize
 .text.USBStandardHubGetDeviceNames
                0x01f28b10       0xc0 uspi/libuspi.a(usbstandardhub.o)
                0x01f28b10                USBStandardHubGetDeviceNames
 .text.USBStandardHubEnumeratePorts
                0x01f28bd0      0x584 uspi/libuspi.a(usbstandardhub.o)
                0x01f28bd0                USBStandardHubEnumeratePorts
 .text.USBStandardHubConfigure
                0x01f29154      0x2bc uspi/libuspi.a(usbstandardhub.o)
                0x01f29154                USBStandardHubConfigure
 .text          0x01f29410        0x0 uspi/libuspi.a(keymap.o)
 .text.KeyMap   0x01f29410       0x24 uspi/libuspi.a(keymap.o)
                0x01f29410                KeyMap
 .text._KeyMap  0x01f29434        0x4 uspi/libuspi.a(keymap.o)
                0x01f29434                _KeyMap
 .text.KeyMapClearTable
                0x01f29438       0x34 uspi/libuspi.a(keymap.o)
                0x01f29438                KeyMapClearTable
 .text.KeyMapSetEntry
                0x01f2946c       0x50 uspi/libuspi.a(keymap.o)
                0x01f2946c                KeyMapSetEntry
 .text.KeyMapTranslate
                0x01f294bc      0x118 uspi/libuspi.a(keymap.o)
                0x01f294bc                KeyMapTranslate
 .text.KeyMapGetString
                0x01f295d4       0xbc uspi/libuspi.a(keymap.o)
                0x01f295d4                KeyMapGetString
 .text.KeyMapGetLEDStatus
                0x01f29690       0x34 uspi/libuspi.a(keymap.o)
                0x01f29690                KeyMapGetLEDStatus
 .text          0x01f296c4       0x3c i:/development/arm/gnu tools arm embedded/5.4 2016q2/bin/../lib/gcc/arm-none-eabi/5.4.1/fpu\libgcc.a(_aeabi_uldivmod.o)
                0x01f296c4                __aeabi_uldivmod
 .text          0x01f29700      0x12c i:/development/arm/gnu tools arm embedded/5.4 2016q2/bin/../lib/gcc/arm-none-eabi/5.4.1/fpu\libgcc.a(_udivmoddi4.o)
                0x01f29700                __udivmoddi4
 .text          0x01f2982c        0x4 i:/development/arm/gnu tools arm embedded/5.4 2016q2/bin/../lib/gcc/arm-none-eabi/5.4.1/fpu\libgcc.a(_dvmd_tls.o)
                0x01f2982c                __aeabi_idiv0
                0x01f2982c                __aeabi_ldiv0
 .text          0x01f29830       0x28 i:/development/arm/gnu tools arm embedded/5.4 2016q2/bin/../lib/gcc/arm-none-eabi/5.4.1/fpu\libgcc.a(_clzdi2.o)
                0x01f29830                __clzdi2
 .text          0x01f29858       0x48 i:/development/arm/gnu tools arm embedded/5.4 2016q2/bin/../lib/gcc/arm-none-eabi/5.4.1/fpu\libgcc.a(_clzsi2.o)
                0x01f29858                __clzsi2
 .text          0x01f298a0        0x0 i:/development/arm/gnu tools arm embedded/5.4 2016q2/bin/../lib/gcc/arm-none-eabi/5.4.1/../../../../arm-none-eabi/lib/fpu\libc.a(lib_a-abs.o)
 .text.abs      0x01f298a0        0xc i:/development/arm/gnu tools arm embedded/5.4 2016q2/bin/../lib/gcc/arm-none-eabi/5.4.1/../../../../arm-none-eabi/lib/fpu\libc.a(lib_a-abs.o)
                0x01f298a0                abs
 .text          0x01f298ac        0x0 i:/development/arm/gnu tools arm embedded/5.4 2016q2/bin/../lib/gcc/arm-none-eabi/5.4.1/../../../../arm-none-eabi/lib/fpu\libc.a(lib_a-aeabi_atexit.o)
 .text.__aeabi_atexit
                0x01f298ac       0x1c i:/development/arm/gnu tools arm embedded/5.4 2016q2/bin/../lib/gcc/arm-none-eabi/5.4.1/../../../../arm-none-eabi/lib/fpu\libc.a(lib_a-aeabi_atexit.o)
                0x01f298ac                __aeabi_atexit
 .text          0x01f298c8        0x0 i:/development/arm/gnu tools arm embedded/5.4 2016q2/bin/../lib/gcc/arm-none-eabi/5.4.1/../../../../arm-none-eabi/lib/fpu\libc.a(lib_a-atof.o)
 .text.atof     0x01f298c8       0x14 i:/development/arm/gnu tools arm embedded/5.4 2016q2/bin/../lib/gcc/arm-none-eabi/5.4.1/../../../../arm-none-eabi/lib/fpu\libc.a(lib_a-atof.o)
                0x01f298c8                atof
 .text          0x01f298dc        0x0 i:/development/arm/gnu tools arm embedded/5.4 2016q2/bin/../lib/gcc/arm-none-eabi/5.4.1/../../../../arm-none-eabi/lib/fpu\libc.a(lib_a-cxa_atexit.o)
 .text.__cxa_atexit
                0x01f298dc       0x20 i:/development/arm/gnu tools arm embedded/5.4 2016q2/bin/../lib/gcc/arm-none-eabi/5.4.1/../../../../arm-none-eabi/lib/fpu\libc.a(lib_a-cxa_atexit.o)
                0x01f298dc                __cxa_atexit
 .text          0x01f298fc        0x0 i:/development/arm/gnu tools arm embedded/5.4 2016q2/bin/../lib/gcc/arm-none-eabi/5.4.1/../../../../arm-none-eabi/lib/fpu\libc.a(lib_a-init.o)
 .text.__libc_init_array
                0x01f298fc       0x80 i:/development/arm/gnu tools arm embedded/5.4 2016q2/bin/../lib/gcc/arm-none-eabi/5.4.1/../../../../arm-none-eabi/lib/fpu\libc.a(lib_a-init.o)
                0x01f298fc                __libc_init_array
 .text          0x01f2997c        0x0 i:/development/arm/gnu tools arm embedded/5.4 2016q2/bin/../lib/gcc/arm-none-eabi/5.4.1/../../../../arm-none-eabi/lib/fpu\libc.a(lib_a-malloc.o)
 .text.malloc   0x01f2997c       0x20 i:/development/arm/gnu tools arm embedded/5.4 2016q2/bin/../lib/gcc/arm-none-eabi/5.4.1/../../../../arm-none-eabi/lib/fpu\libc.a(lib_a-malloc.o)
                0x01f2997c                malloc
 .text.free     0x01f2999c       0x20 i:/development/arm/gnu tools arm embedded/5.4 2016q2/bin/../lib/gcc/arm-none-eabi/5.4.1/../../../../arm-none-eabi/lib/fpu\libc.a(lib_a-malloc.o)
                0x01f2999c                free
 .text          0x01f299bc        0x0 i:/development/arm/gnu tools arm embedded/5.4 2016q2/bin/../lib/gcc/arm-none-eabi/5.4.1/../../../../arm-none-eabi/lib/fpu\libc.a(lib_a-mallocr.o)
 .text._malloc_r
                0x01f299bc      0x7a8 i:/development/arm/gnu tools arm embedded/5.4 2016q2/bin/../lib/gcc/arm-none-eabi/5.4.1/../../../../arm-none-eabi/lib/fpu\libc.a(lib_a-mallocr.o)
                0x01f299bc                _malloc_r
 .text          0x01f2a164        0x0 i:/development/arm/gnu tools arm embedded/5.4 2016q2/bin/../lib/gcc/arm-none-eabi/5.4.1/../../../../arm-none-eabi/lib/fpu\libc.a(lib_a-memcpy-stub.o)
 .text.memcpy   0x01f2a164       0xf0 i:/development/arm/gnu tools arm embedded/5.4 2016q2/bin/../lib/gcc/arm-none-eabi/5.4.1/../../../../arm-none-eabi/lib/fpu\libc.a(lib_a-memcpy-stub.o)
                0x01f2a164                memcpy
 .text          0x01f2a254        0x0 i:/development/arm/gnu tools arm embedded/5.4 2016q2/bin/../lib/gcc/arm-none-eabi/5.4.1/../../../../arm-none-eabi/lib/fpu\libc.a(lib_a-memset.o)
 .text.memset   0x01f2a254       0xf4 i:/development/arm/gnu tools arm embedded/5.4 2016q2/bin/../lib/gcc/arm-none-eabi/5.4.1/../../../../arm-none-eabi/lib/fpu\libc.a(lib_a-memset.o)
                0x01f2a254                memset
 .text          0x01f2a348        0x0 i:/development/arm/gnu tools arm embedded/5.4 2016q2/bin/../lib/gcc/arm-none-eabi/5.4.1/../../../../arm-none-eabi/lib/fpu\libc.a(lib_a-mlock.o)
 .text.__malloc_lock
                0x01f2a348        0x4 i:/development/arm/gnu tools arm embedded/5.4 2016q2/bin/../lib/gcc/arm-none-eabi/5.4.1/../../../../arm-none-eabi/lib/fpu\libc.a(lib_a-mlock.o)
                0x01f2a348                __malloc_lock
 .text.__malloc_unlock
                0x01f2a34c        0x4 i:/development/arm/gnu tools arm embedded/5.4 2016q2/bin/../lib/gcc/arm-none-eabi/5.4.1/../../../../arm-none-eabi/lib/fpu\libc.a(lib_a-mlock.o)
                0x01f2a34c                __malloc_unlock
 .text          0x01f2a350        0x0 i:/development/arm/gnu tools arm embedded/5.4 2016q2/bin/../lib/gcc/arm-none-eabi/5.4.1/../../../../arm-none-eabi/lib/fpu\libc.a(lib_a-printf.o)
 .text._printf_r
                0x01f2a350       0x34 i:/development/arm/gnu tools arm embedded/5.4 2016q2/bin/../lib/gcc/arm-none-eabi/5.4.1/../../../../arm-none-eabi/lib/fpu\libc.a(lib_a-printf.o)
                0x01f2a350                _printf_r
 .text.printf   0x01f2a384       0x40 i:/development/arm/gnu tools arm embedded/5.4 2016q2/bin/../lib/gcc/arm-none-eabi/5.4.1/../../../../arm-none-eabi/lib/fpu\libc.a(lib_a-printf.o)
                0x01f2a384                printf
 .text          0x01f2a3c4        0x0 i:/development/arm/gnu tools arm embedded/5.4 2016q2/bin/../lib/gcc/arm-none-eabi/5.4.1/../../../../arm-none-eabi/lib/fpu\libc.a(lib_a-reent.o)
 .text.cleanup_glue
                0x01f2a3c4       0x2c i:/development/arm/gnu tools arm embedded/5.4 2016q2/bin/../lib/gcc/arm-none-eabi/5.4.1/../../../../arm-none-eabi/lib/fpu\libc.a(lib_a-reent.o)
                0x01f2a3c4                cleanup_glue
 .text._reclaim_reent
                0x01f2a3f0       0xf4 i:/development/arm/gnu tools arm embedded/5.4 2016q2/bin/../lib/gcc/arm-none-eabi/5.4.1/../../../../arm-none-eabi/lib/fpu\libc.a(lib_a-reent.o)
                0x01f2a3f0                _reclaim_reent
 .text          0x01f2a4e4        0x0 i:/development/arm/gnu tools arm embedded/5.4 2016q2/bin/../lib/gcc/arm-none-eabi/5.4.1/../../../../arm-none-eabi/lib/fpu\libc.a(lib_a-sbrkr.o)
 .text._sbrk_r  0x01f2a4e4       0x44 i:/development/arm/gnu tools arm embedded/5.4 2016q2/bin/../lib/gcc/arm-none-eabi/5.4.1/../../../../arm-none-eabi/lib/fpu\libc.a(lib_a-sbrkr.o)
                0x01f2a4e4                _sbrk_r
 .text          0x01f2a528        0x0 i:/development/arm/gnu tools arm embedded/5.4 2016q2/bin/../lib/gcc/arm-none-eabi/5.4.1/../../../../arm-none-eabi/lib/fpu\libc.a(lib_a-snprintf.o)
 .text._snprintf_r
                0x01f2a528       0xd8 i:/development/arm/gnu tools arm embedded/5.4 2016q2/bin/../lib/gcc/arm-none-eabi/5.4.1/../../../../arm-none-eabi/lib/fpu\libc.a(lib_a-snprintf.o)
                0x01f2a528                _snprintf_r
 .text.snprintf
                0x01f2a600       0xe8 i:/development/arm/gnu tools arm embedded/5.4 2016q2/bin/../lib/gcc/arm-none-eabi/5.4.1/../../../../arm-none-eabi/lib/fpu\libc.a(lib_a-snprintf.o)
                0x01f2a600                snprintf
 .text          0x01f2a6e8        0x0 i:/development/arm/gnu tools arm embedded/5.4 2016q2/bin/../lib/gcc/arm-none-eabi/5.4.1/../../../../arm-none-eabi/lib/fpu\libc.a(lib_a-strcat.o)
 .text.strcat   0x01f2a6e8       0x84 i:/development/arm/gnu tools arm embedded/5.4 2016q2/bin/../lib/gcc/arm-none-eabi/5.4.1/../../../../arm-none-eabi/lib/fpu\libc.a(lib_a-strcat.o)
                0x01f2a6e8                strcat
 .text          0x01f2a76c      0x224 i:/development/arm/gnu tools arm embedded/5.4 2016q2/bin/../lib/gcc/arm-none-eabi/5.4.1/../../../../arm-none-eabi/lib/fpu\libc.a(lib_a-strcmp.o)
                0x01f2a76c                strcmp
 .text          0x01f2a990        0x0 i:/development/arm/gnu tools arm embedded/5.4 2016q2/bin/../lib/gcc/arm-none-eabi/5.4.1/../../../../arm-none-eabi/lib/fpu\libc.a(lib_a-strcpy.o)
 .text.strcpy   0x01f2a990       0xf0 i:/development/arm/gnu tools arm embedded/5.4 2016q2/bin/../lib/gcc/arm-none-eabi/5.4.1/../../../../arm-none-eabi/lib/fpu\libc.a(lib_a-strcpy.o)
                0x01f2a990                strcpy
 .text          0x01f2aa80        0x0 i:/development/arm/gnu tools arm embedded/5.4 2016q2/bin/../lib/gcc/arm-none-eabi/5.4.1/../../../../arm-none-eabi/lib/fpu\libc.a(lib_a-strlen-stub.o)
 .text.strlen   0x01f2aa80       0x60 i:/development/arm/gnu tools arm embedded/5.4 2016q2/bin/../lib/gcc/arm-none-eabi/5.4.1/../../../../arm-none-eabi/lib/fpu\libc.a(lib_a-strlen-stub.o)
                0x01f2aa80                strlen
 .text          0x01f2aae0        0x0 i:/development/arm/gnu tools arm embedded/5.4 2016q2/bin/../lib/gcc/arm-none-eabi/5.4.1/../../../../arm-none-eabi/lib/fpu\libc.a(lib_a-strrchr.o)
 .text.strrchr  0x01f2aae0       0x54 i:/development/arm/gnu tools arm embedded/5.4 2016q2/bin/../lib/gcc/arm-none-eabi/5.4.1/../../../../arm-none-eabi/lib/fpu\libc.a(lib_a-strrchr.o)
                0x01f2aae0                strrchr
 .text          0x01f2ab34        0x0 i:/development/arm/gnu tools arm embedded/5.4 2016q2/bin/../lib/gcc/arm-none-eabi/5.4.1/../../../../arm-none-eabi/lib/fpu\libc.a(lib_a-strtod.o)
 .text.unlikely.sulp
                0x01f2ab34       0x54 i:/development/arm/gnu tools arm embedded/5.4 2016q2/bin/../lib/gcc/arm-none-eabi/5.4.1/../../../../arm-none-eabi/lib/fpu\libc.a(lib_a-strtod.o)
 .text._strtod_r
                0x01f2ab88     0x1434 i:/development/arm/gnu tools arm embedded/5.4 2016q2/bin/../lib/gcc/arm-none-eabi/5.4.1/../../../../arm-none-eabi/lib/fpu\libc.a(lib_a-strtod.o)
                0x01f2ab88                _strtod_r
 .text.strtod   0x01f2bfbc       0x18 i:/development/arm/gnu tools arm embedded/5.4 2016q2/bin/../lib/gcc/arm-none-eabi/5.4.1/../../../../arm-none-eabi/lib/fpu\libc.a(lib_a-strtod.o)
                0x01f2bfbc                strtod
 .text.strtof   0x01f2bfd4       0x40 i:/development/arm/gnu tools arm embedded/5.4 2016q2/bin/../lib/gcc/arm-none-eabi/5.4.1/../../../../arm-none-eabi/lib/fpu\libc.a(lib_a-strtod.o)
                0x01f2bfd4                strtof